2025-08-19 11:44:24,540 - INFO - 加载配置文件: /home/hypnosis/data/quant_base/backend/strategies_config.json
2025-08-19 11:44:24,541 - INFO - 通用筛选器初始化完成
2025-08-19 11:44:24,541 - INFO - ===== 开始执行通用股票筛选 =====
2025-08-19 11:44:24,542 - INFO - 配置保存成功
2025-08-19 11:44:24,542 - INFO - 启用策略: MACD零轴启动_v1.0
2025-08-19 11:44:24,542 - INFO - 启用策略: MACD零轴启动_v1.0
2025-08-19 11:44:24,551 - INFO - 共找到 11839 个股票文件
2025-08-19 11:44:24,551 - INFO - 启用的策略: ['深渊筑底策略_v2.0', '临界金叉_v1.0', '三重金叉_v1.0', 'MACD零轴启动_v1.0', '周线金叉+日线MA_v1.0']
2025-08-19 11:44:35,840 - INFO - 对 339 个信号结果进行回测摘要分析...
2025-08-19 11:44:35,840 - INFO - 回测分析 [1/339]: 31#01660
2025-08-19 11:44:35,848 - INFO - 回测分析 [2/339]: 31#02199
2025-08-19 11:44:35,852 - INFO - 回测分析 [3/339]: 31#02135
2025-08-19 11:44:35,856 - INFO - 回测分析 [4/339]: sz002789
2025-08-19 11:44:35,861 - INFO - 回测分析 [5/339]: 31#01495
2025-08-19 11:44:35,864 - INFO - 回测分析 [6/339]: 31#01645
2025-08-19 11:44:35,868 - INFO - 回测分析 [7/339]: 31#02482
2025-08-19 11:44:35,871 - INFO - 回测分析 [8/339]: 31#01845
2025-08-19 11:44:35,874 - INFO - 回测分析 [9/339]: 31#06163
2025-08-19 11:44:35,877 - INFO - 回测分析 [10/339]: 31#00126
2025-08-19 11:44:35,880 - INFO - 回测分析 [11/339]: 31#00186
2025-08-19 11:44:35,882 - INFO - 回测分析 [12/339]: 31#00663
2025-08-19 11:44:35,886 - INFO - 回测分析 [13/339]: 31#01231
2025-08-19 11:44:35,888 - INFO - 回测分析 [14/339]: 31#02231
2025-08-19 11:44:35,891 - INFO - 回测分析 [15/339]: 31#00093
2025-08-19 11:44:35,894 - INFO - 回测分析 [16/339]: 31#03683
2025-08-19 11:44:35,897 - INFO - 回测分析 [17/339]: 31#01034
2025-08-19 11:44:35,901 - INFO - 回测分析 [18/339]: 31#06958
2025-08-19 11:44:35,904 - INFO - 回测分析 [19/339]: 31#00214
2025-08-19 11:44:35,907 - INFO - 回测分析 [20/339]: 31#06833
2025-08-19 11:44:35,911 - INFO - 回测分析 [21/339]: 31#06918
2025-08-19 11:44:35,914 - INFO - 回测分析 [22/339]: 31#01161
2025-08-19 11:44:35,918 - INFO - 回测分析 [23/339]: 31#01707
2025-08-19 11:44:35,921 - INFO - 回测分析 [24/339]: 31#01622
2025-08-19 11:44:35,924 - INFO - 回测分析 [25/339]: 31#00007
2025-08-19 11:44:35,928 - INFO - 回测分析 [26/339]: sz300175
2025-08-19 11:44:35,932 - INFO - 回测分析 [27/339]: 31#00831
2025-08-19 11:44:35,936 - INFO - 回测分析 [28/339]: sz000595
2025-08-19 11:44:35,941 - INFO - 回测分析 [29/339]: 31#00122
2025-08-19 11:44:35,944 - INFO - 回测分析 [30/339]: 31#09938
2025-08-19 11:44:35,947 - INFO - 回测分析 [31/339]: 31#06606
2025-08-19 11:44:35,950 - INFO - 回测分析 [32/339]: 31#00997
2025-08-19 11:44:35,954 - INFO - 回测分析 [33/339]: 31#03309
2025-08-19 11:44:35,958 - INFO - 回测分析 [34/339]: sz002455
2025-08-19 11:44:35,984 - INFO - 回测分析 [35/339]: 31#02370
2025-08-19 11:44:35,987 - INFO - 回测分析 [36/339]: 31#01399
2025-08-19 11:44:35,990 - INFO - 回测分析 [37/339]: sh603178
2025-08-19 11:44:35,995 - INFO - 回测分析 [38/339]: 31#00253
2025-08-19 11:44:35,998 - INFO - 回测分析 [39/339]: 31#01937
2025-08-19 11:44:36,001 - INFO - 回测分析 [40/339]: sh603348
2025-08-19 11:44:36,006 - INFO - 回测分析 [41/339]: 31#01983
2025-08-19 11:44:36,009 - INFO - 回测分析 [42/339]: 31#02222
2025-08-19 11:44:36,012 - INFO - 回测分析 [43/339]: 31#06036
2025-08-19 11:44:36,016 - INFO - 回测分析 [44/339]: 31#01978
2025-08-19 11:44:36,020 - INFO - 回测分析 [45/339]: 31#01224
2025-08-19 11:44:36,023 - INFO - 回测分析 [46/339]: 31#01317
2025-08-19 11:44:36,026 - INFO - 回测分析 [47/339]: 31#01429
2025-08-19 11:44:36,030 - INFO - 回测分析 [48/339]: 31#02101
2025-08-19 11:44:36,033 - INFO - 回测分析 [49/339]: 31#01959
2025-08-19 11:44:36,037 - INFO - 回测分析 [50/339]: 31#03363
2025-08-19 11:44:36,039 - INFO - 回测分析 [51/339]: 31#01922
2025-08-19 11:44:36,042 - INFO - 回测分析 [52/339]: 31#01897
2025-08-19 11:44:36,046 - INFO - 回测分析 [53/339]: 31#09686
2025-08-19 11:44:36,049 - INFO - 回测分析 [54/339]: 31#01832
2025-08-19 11:44:36,052 - INFO - 回测分析 [55/339]: sh600026
2025-08-19 11:44:36,056 - INFO - 回测分析 [56/339]: 31#02340
2025-08-19 11:44:36,060 - INFO - 回测分析 [57/339]: 31#01965
2025-08-19 11:44:36,063 - INFO - 回测分析 [58/339]: 31#01909
2025-08-19 11:44:36,066 - INFO - 回测分析 [59/339]: 31#00459
2025-08-19 11:44:36,070 - INFO - 回测分析 [60/339]: 31#00750
2025-08-19 11:44:36,073 - INFO - 回测分析 [61/339]: 31#01543
2025-08-19 11:44:36,077 - INFO - 回测分析 [62/339]: 31#00102
2025-08-19 11:44:36,080 - INFO - 回测分析 [63/339]: sh600123
2025-08-19 11:44:36,084 - INFO - 回测分析 [64/339]: 31#02399
2025-08-19 11:44:36,087 - INFO - 回测分析 [65/339]: 31#02427
2025-08-19 11:44:36,090 - INFO - 回测分析 [66/339]: 31#00599
2025-08-19 11:44:36,093 - INFO - 回测分析 [67/339]: 31#01058
2025-08-19 11:44:36,097 - INFO - 回测分析 [68/339]: 31#06689
2025-08-19 11:44:36,099 - INFO - 回测分析 [69/339]: sz001378
2025-08-19 11:44:36,102 - INFO - 回测分析 [70/339]: 31#01262
2025-08-19 11:44:36,106 - INFO - 回测分析 [71/339]: 31#06812
2025-08-19 11:44:36,109 - INFO - 回测分析 [72/339]: 31#01701
2025-08-19 11:44:36,113 - INFO - 回测分析 [73/339]: 31#06968
2025-08-19 11:44:36,116 - INFO - 回测分析 [74/339]: 31#00606
2025-08-19 11:44:36,119 - INFO - 回测分析 [75/339]: 31#02187
2025-08-19 11:44:36,123 - INFO - 回测分析 [76/339]: 31#01490
2025-08-19 11:44:36,126 - INFO - 回测分析 [77/339]: 31#03773
2025-08-19 11:44:36,130 - INFO - 回测分析 [78/339]: 31#01343
2025-08-19 11:44:36,134 - INFO - 回测分析 [79/339]: 31#00185
2025-08-19 11:44:36,137 - INFO - 回测分析 [80/339]: 31#01820
2025-08-19 11:44:36,141 - INFO - 回测分析 [81/339]: 31#01936
2025-08-19 11:44:36,144 - INFO - 回测分析 [82/339]: sz300338
2025-08-19 11:44:36,148 - INFO - 回测分析 [83/339]: 31#01598
2025-08-19 11:44:36,152 - INFO - 回测分析 [84/339]: 31#01765
2025-08-19 11:44:36,156 - INFO - 回测分析 [85/339]: sz002224
2025-08-19 11:44:36,166 - INFO - 回测分析 [86/339]: sz300208
2025-08-19 11:44:36,169 - INFO - 回测分析 [87/339]: 31#00302
2025-08-19 11:44:36,173 - INFO - 回测分析 [88/339]: 31#06063
2025-08-19 11:44:36,177 - INFO - 回测分析 [89/339]: 31#01284
2025-08-19 11:44:36,179 - INFO - 回测分析 [90/339]: 31#00162
2025-08-19 11:44:36,182 - INFO - 回测分析 [91/339]: 31#01703
2025-08-19 11:44:36,186 - INFO - 回测分析 [92/339]: 31#00431
2025-08-19 11:44:36,189 - INFO - 回测分析 [93/339]: 31#02212
2025-08-19 11:44:36,192 - INFO - 回测分析 [94/339]: 31#01111
2025-08-19 11:44:36,195 - INFO - 回测分析 [95/339]: 31#01206
2025-08-19 11:44:36,198 - INFO - 回测分析 [96/339]: 31#01569
2025-08-19 11:44:36,202 - INFO - 回测分析 [97/339]: 31#01575
2025-08-19 11:44:36,206 - INFO - 回测分析 [98/339]: 31#01566
2025-08-19 11:44:36,209 - INFO - 回测分析 [99/339]: sz002529
2025-08-19 11:44:36,214 - INFO - 回测分析 [100/339]: 31#01849
2025-08-19 11:44:36,217 - INFO - 回测分析 [101/339]: 31#00556
2025-08-19 11:44:36,220 - INFO - 回测分析 [102/339]: 31#00110
2025-08-19 11:44:36,223 - INFO - 回测分析 [103/339]: 31#00936
2025-08-19 11:44:36,226 - INFO - 回测分析 [104/339]: 31#02416
2025-08-19 11:44:36,228 - INFO - 回测分析 [105/339]: 31#02708
2025-08-19 11:44:36,232 - INFO - 回测分析 [106/339]: 31#02260
2025-08-19 11:44:36,235 - INFO - 回测分析 [107/339]: 31#01987
2025-08-19 11:44:36,238 - INFO - 回测分析 [108/339]: 31#00410
2025-08-19 11:44:36,242 - INFO - 回测分析 [109/339]: 31#09983
2025-08-19 11:44:36,246 - INFO - 回测分析 [110/339]: 31#00726
2025-08-19 11:44:36,249 - INFO - 回测分析 [111/339]: 31#01830
2025-08-19 11:44:36,253 - INFO - 回测分析 [112/339]: 31#09869
2025-08-19 11:44:36,257 - INFO - 回测分析 [113/339]: 31#00488
2025-08-19 11:44:36,260 - INFO - 回测分析 [114/339]: 31#01846
2025-08-19 11:44:36,264 - INFO - 回测分析 [115/339]: 31#01107
2025-08-19 11:44:36,267 - INFO - 回测分析 [116/339]: 31#01854
2025-08-19 11:44:36,270 - INFO - 回测分析 [117/339]: 31#03662
2025-08-19 11:44:36,274 - INFO - 回测分析 [118/339]: 31#02439
2025-08-19 11:44:36,277 - INFO - 回测分析 [119/339]: 31#01417
2025-08-19 11:44:36,280 - INFO - 回测分析 [120/339]: 31#02383
2025-08-19 11:44:36,283 - INFO - 回测分析 [121/339]: 31#01348
2025-08-19 11:44:36,287 - INFO - 回测分析 [122/339]: 31#01383
2025-08-19 11:44:36,290 - INFO - 回测分析 [123/339]: 31#06939
2025-08-19 11:44:36,293 - INFO - 回测分析 [124/339]: 31#02422
2025-08-19 11:44:36,296 - INFO - 回测分析 [125/339]: 31#00137
2025-08-19 11:44:36,299 - INFO - 回测分析 [126/339]: 31#06199
2025-08-19 11:44:36,302 - INFO - 回测分析 [127/339]: 31#06830
2025-08-19 11:44:36,306 - INFO - 回测分析 [128/339]: 31#00894
2025-08-19 11:44:36,310 - INFO - 回测分析 [129/339]: 31#01121
2025-08-19 11:44:36,313 - INFO - 回测分析 [130/339]: 31#00587
2025-08-19 11:44:36,317 - INFO - 回测分析 [131/339]: 31#01489
2025-08-19 11:44:36,319 - INFO - 回测分析 [132/339]: 31#00802
2025-08-19 11:44:36,322 - INFO - 回测分析 [133/339]: 31#02127
2025-08-19 11:44:36,326 - INFO - 回测分析 [134/339]: 31#06190
2025-08-19 11:44:36,329 - INFO - 回测分析 [135/339]: 31#02226
2025-08-19 11:44:36,332 - INFO - 回测分析 [136/339]: 31#01953
2025-08-19 11:44:36,335 - INFO - 回测分析 [137/339]: 31#01650
2025-08-19 11:44:36,339 - INFO - 回测分析 [138/339]: 31#01332
2025-08-19 11:44:36,342 - INFO - 回测分析 [139/339]: 31#01719
2025-08-19 11:44:36,345 - INFO - 回测分析 [140/339]: 31#00834
2025-08-19 11:44:36,348 - INFO - 回测分析 [141/339]: 31#09689
2025-08-19 11:44:36,350 - INFO - 回测分析 [142/339]: 31#00852
2025-08-19 11:44:36,354 - INFO - 回测分析 [143/339]: 31#01955
2025-08-19 11:44:36,357 - INFO - 回测分析 [144/339]: 31#06913
2025-08-19 11:44:36,360 - INFO - 回测分析 [145/339]: 31#00082
2025-08-19 11:44:36,364 - INFO - 回测分析 [146/339]: 31#06900
2025-08-19 11:44:36,367 - INFO - 回测分析 [147/339]: sz002521
2025-08-19 11:44:36,372 - INFO - 回测分析 [148/339]: 31#01002
2025-08-19 11:44:36,375 - INFO - 回测分析 [149/339]: 31#01699
2025-08-19 11:44:36,378 - INFO - 回测分析 [150/339]: 31#02448
2025-08-19 11:44:36,382 - INFO - 回测分析 [151/339]: 31#01143
2025-08-19 11:44:36,385 - INFO - 回测分析 [152/339]: 31#03300
2025-08-19 11:44:36,389 - INFO - 回测分析 [153/339]: 31#02372
2025-08-19 11:44:36,392 - INFO - 回测分析 [154/339]: 31#09977
2025-08-19 11:44:36,395 - INFO - 回测分析 [155/339]: 31#01498
2025-08-19 11:44:36,399 - INFO - 回测分析 [156/339]: 31#03389
2025-08-19 11:44:36,403 - INFO - 回测分析 [157/339]: 31#06610
2025-08-19 11:44:36,405 - INFO - 回测分析 [158/339]: sz300268
2025-08-19 11:44:36,409 - INFO - 回测分析 [159/339]: 31#01360
2025-08-19 11:44:36,413 - INFO - 回测分析 [160/339]: 31#09857
2025-08-19 11:44:36,416 - INFO - 回测分析 [161/339]: 31#01960
2025-08-19 11:44:36,419 - INFO - 回测分析 [162/339]: 31#01351
2025-08-19 11:44:36,423 - INFO - 回测分析 [163/339]: 31#01655
2025-08-19 11:44:36,426 - INFO - 回测分析 [164/339]: sz002531
2025-08-19 11:44:36,431 - INFO - 回测分析 [165/339]: 31#00174
2025-08-19 11:44:36,433 - INFO - 回测分析 [166/339]: 31#01246
2025-08-19 11:44:36,436 - INFO - 回测分析 [167/339]: 31#09663
2025-08-19 11:44:36,439 - INFO - 回测分析 [168/339]: 31#00079
2025-08-19 11:44:36,442 - INFO - 回测分析 [169/339]: 31#06988
2025-08-19 11:44:36,445 - INFO - 回测分析 [170/339]: 31#00810
2025-08-19 11:44:36,449 - INFO - 回测分析 [171/339]: 31#00361
2025-08-19 11:44:36,452 - INFO - 回测分析 [172/339]: 31#01198
2025-08-19 11:44:36,456 - INFO - 回测分析 [173/339]: 31#03390
2025-08-19 11:44:36,459 - INFO - 回测分析 [174/339]: 31#01416
2025-08-19 11:44:36,463 - INFO - 回测分析 [175/339]: 31#01222
2025-08-19 11:44:36,467 - INFO - 回测分析 [176/339]: 31#00918
2025-08-19 11:44:36,470 - INFO - 回测分析 [177/339]: 31#00438
2025-08-19 11:44:36,474 - INFO - 回测分析 [178/339]: 31#00030
2025-08-19 11:44:36,478 - INFO - 回测分析 [179/339]: 31#09929
2025-08-19 11:44:36,482 - INFO - 回测分析 [180/339]: 31#00738
2025-08-19 11:44:36,485 - INFO - 回测分析 [181/339]: sz000420
2025-08-19 11:44:36,496 - INFO - 回测分析 [182/339]: 31#09982
2025-08-19 11:44:36,499 - INFO - 回测分析 [183/339]: 31#03628
2025-08-19 11:44:36,502 - INFO - 回测分析 [184/339]: 31#02060
2025-08-19 11:44:36,506 - INFO - 回测分析 [185/339]: 31#00195
2025-08-19 11:44:36,510 - INFO - 回测分析 [186/339]: 31#00171
2025-08-19 11:44:36,514 - INFO - 回测分析 [187/339]: sh600199
2025-08-19 11:44:36,519 - INFO - 回测分析 [188/339]: 31#00389
2025-08-19 11:44:36,523 - INFO - 回测分析 [189/339]: 31#01869
2025-08-19 11:44:36,526 - INFO - 回测分析 [190/339]: 31#01532
2025-08-19 11:44:36,532 - INFO - 回测分析 [191/339]: 31#00929
2025-08-19 11:44:36,535 - INFO - 回测分析 [192/339]: 31#00382
2025-08-19 11:44:36,540 - INFO - 回测分析 [193/339]: 31#02078
2025-08-19 11:44:36,544 - INFO - 回测分析 [194/339]: 31#00550
2025-08-19 11:44:36,547 - INFO - 回测分析 [195/339]: 31#02019
2025-08-19 11:44:36,551 - INFO - 回测分析 [196/339]: 31#02237
2025-08-19 11:44:36,554 - INFO - 回测分析 [197/339]: 31#02180
2025-08-19 11:44:36,557 - INFO - 回测分析 [198/339]: sh600546
2025-08-19 11:44:36,562 - INFO - 回测分析 [199/339]: 31#01597
2025-08-19 11:44:36,565 - INFO - 回测分析 [200/339]: 31#00822
2025-08-19 11:44:36,568 - INFO - 回测分析 [201/339]: 31#06108
2025-08-19 11:44:36,571 - INFO - 回测分析 [202/339]: 31#02017
2025-08-19 11:44:36,574 - INFO - 回测分析 [203/339]: 31#01029
2025-08-19 11:44:36,578 - INFO - 回测分析 [204/339]: 31#00720
2025-08-19 11:44:36,581 - INFO - 回测分析 [205/339]: 31#02215
2025-08-19 11:44:36,584 - INFO - 回测分析 [206/339]: 31#01827
2025-08-19 11:44:36,587 - INFO - 回测分析 [207/339]: 31#06093
2025-08-19 11:44:36,591 - INFO - 回测分析 [208/339]: 31#01472
2025-08-19 11:44:36,594 - INFO - 回测分析 [209/339]: 31#01975
2025-08-19 11:44:36,597 - INFO - 回测分析 [210/339]: 31#01560
2025-08-19 11:44:36,600 - INFO - 回测分析 [211/339]: 31#00333
2025-08-19 11:44:36,603 - INFO - 回测分析 [212/339]: 31#09963
2025-08-19 11:44:36,606 - INFO - 回测分析 [213/339]: 31#00483
2025-08-19 11:44:36,609 - INFO - 回测分析 [214/339]: 31#02385
2025-08-19 11:44:36,612 - INFO - 回测分析 [215/339]: 31#03650
2025-08-19 11:44:36,615 - INFO - 回测分析 [216/339]: 31#01008
2025-08-19 11:44:36,618 - INFO - 回测分析 [217/339]: sh605108
2025-08-19 11:44:36,622 - INFO - 回测分析 [218/339]: 31#00310
2025-08-19 11:44:36,625 - INFO - 回测分析 [219/339]: 31#00685
2025-08-19 11:44:36,628 - INFO - 回测分析 [220/339]: 31#01563
2025-08-19 11:44:36,631 - INFO - 回测分析 [221/339]: 31#01204
2025-08-19 11:44:36,634 - INFO - 回测分析 [222/339]: 31#02223
2025-08-19 11:44:36,637 - INFO - 回测分析 [223/339]: 31#00603
2025-08-19 11:44:36,641 - INFO - 回测分析 [224/339]: 31#00542
2025-08-19 11:44:36,644 - INFO - 回测分析 [225/339]: 31#02486
2025-08-19 11:44:36,647 - INFO - 回测分析 [226/339]: 31#01004
2025-08-19 11:44:36,650 - INFO - 回测分析 [227/339]: 31#01185
2025-08-19 11:44:36,652 - INFO - 回测分析 [228/339]: 31#01271
2025-08-19 11:44:36,656 - INFO - 回测分析 [229/339]: 31#00286
2025-08-19 11:44:36,660 - INFO - 回测分析 [230/339]: 31#02193
2025-08-19 11:44:36,663 - INFO - 回测分析 [231/339]: sz002581
2025-08-19 11:44:36,667 - INFO - 回测分析 [232/339]: 31#01028
2025-08-19 11:44:36,671 - INFO - 回测分析 [233/339]: 31#06966
2025-08-19 11:44:36,673 - INFO - 回测分析 [234/339]: sz003004
2025-08-19 11:44:36,678 - INFO - 回测分析 [235/339]: 31#00593
2025-08-19 11:44:36,680 - INFO - 回测分析 [236/339]: 31#06899
2025-08-19 11:44:36,684 - INFO - 回测分析 [237/339]: 31#01865
2025-08-19 11:44:36,687 - INFO - 回测分析 [238/339]: 31#06698
2025-08-19 11:44:36,690 - INFO - 回测分析 [239/339]: 31#03798
2025-08-19 11:44:36,694 - INFO - 回测分析 [240/339]: 31#00201
2025-08-19 11:44:36,697 - INFO - 回测分析 [241/339]: 31#03997
2025-08-19 11:44:36,700 - INFO - 回测分析 [242/339]: 31#01547
2025-08-19 11:44:36,703 - INFO - 回测分析 [243/339]: sz002762
2025-08-19 11:44:36,708 - INFO - 回测分析 [244/339]: 31#02175
2025-08-19 11:44:36,710 - INFO - 回测分析 [245/339]: 31#00368
2025-08-19 11:44:36,713 - INFO - 回测分析 [246/339]: 31#00830
2025-08-19 11:44:36,717 - INFO - 回测分析 [247/339]: 31#00812
2025-08-19 11:44:36,720 - INFO - 回测分析 [248/339]: 31#01817
2025-08-19 11:44:36,724 - INFO - 回测分析 [249/339]: sh605577
2025-08-19 11:44:36,728 - INFO - 回测分析 [250/339]: sh603366
2025-08-19 11:44:36,733 - INFO - 回测分析 [251/339]: sz000521
2025-08-19 11:44:36,737 - INFO - 回测分析 [252/339]: 31#01183
2025-08-19 11:44:36,741 - INFO - 回测分析 [253/339]: sz003032
2025-08-19 11:44:36,745 - INFO - 回测分析 [254/339]: 31#01542
2025-08-19 11:44:36,748 - INFO - 回测分析 [255/339]: 31#00251
2025-08-19 11:44:36,751 - INFO - 回测分析 [256/339]: sh603609
2025-08-19 11:44:36,759 - INFO - 回测分析 [257/339]: 31#01406
2025-08-19 11:44:36,762 - INFO - 回测分析 [258/339]: 31#01652
2025-08-19 11:44:36,766 - INFO - 回测分析 [259/339]: 31#01463
2025-08-19 11:44:36,769 - INFO - 回测分析 [260/339]: 31#01739
2025-08-19 11:44:36,772 - INFO - 回测分析 [261/339]: sz000736
2025-08-19 11:44:36,777 - INFO - 回测分析 [262/339]: 31#02798
2025-08-19 11:44:36,781 - INFO - 回测分析 [263/339]: sh603261
2025-08-19 11:44:36,785 - INFO - 回测分析 [264/339]: sh688526
2025-08-19 11:44:36,791 - INFO - 回测分析 [265/339]: 31#06677
2025-08-19 11:44:36,795 - INFO - 回测分析 [266/339]: 31#00589
2025-08-19 11:44:36,798 - INFO - 回测分析 [267/339]: 31#01156
2025-08-19 11:44:36,801 - INFO - 回测分析 [268/339]: 31#00674
2025-08-19 11:44:36,804 - INFO - 回测分析 [269/339]: 31#00018
2025-08-19 11:44:36,808 - INFO - 回测分析 [270/339]: 31#00724
2025-08-19 11:44:36,811 - INFO - 回测分析 [271/339]: 31#01323
2025-08-19 11:44:36,814 - INFO - 回测分析 [272/339]: sz002630
2025-08-19 11:44:36,819 - INFO - 回测分析 [273/339]: 31#03616
2025-08-19 11:44:36,822 - INFO - 回测分析 [274/339]: 31#09916
2025-08-19 11:44:36,826 - INFO - 回测分析 [275/339]: 31#02258
2025-08-19 11:44:36,829 - INFO - 回测分析 [276/339]: 31#00765
2025-08-19 11:44:36,831 - INFO - 回测分析 [277/339]: 31#01727
2025-08-19 11:44:36,835 - INFO - 回测分析 [278/339]: 31#03333
2025-08-19 11:44:36,838 - INFO - 回测分析 [279/339]: 31#00052
2025-08-19 11:44:36,842 - INFO - 回测分析 [280/339]: 31#01410
2025-08-19 11:44:36,846 - INFO - 回测分析 [281/339]: 31#01771
2025-08-19 11:44:36,849 - INFO - 回测分析 [282/339]: 31#02325
2025-08-19 11:44:36,852 - INFO - 回测分析 [283/339]: 31#02459
2025-08-19 11:44:36,855 - INFO - 回测分析 [284/339]: 31#01163
2025-08-19 11:44:36,858 - INFO - 回测分析 [285/339]: 31#00034
2025-08-19 11:44:36,862 - INFO - 回测分析 [286/339]: 31#02405
2025-08-19 11:44:36,864 - INFO - 回测分析 [287/339]: 31#00037
2025-08-19 11:44:36,868 - INFO - 回测分析 [288/339]: 31#06878
2025-08-19 11:44:36,871 - INFO - 回测分析 [289/339]: 31#01894
2025-08-19 11:44:36,874 - INFO - 回测分析 [290/339]: 31#01996
2025-08-19 11:44:36,878 - INFO - 回测分析 [291/339]: 31#02098
2025-08-19 11:44:36,882 - INFO - 回测分析 [292/339]: 31#01408
2025-08-19 11:44:36,885 - INFO - 回测分析 [293/339]: 31#00520
2025-08-19 11:44:36,889 - INFO - 回测分析 [294/339]: 31#00827
2025-08-19 11:44:36,893 - INFO - 回测分析 [295/339]: 31#01442
2025-08-19 11:44:36,896 - INFO - 回测分析 [296/339]: 31#00118
2025-08-19 11:44:36,899 - INFO - 回测分析 [297/339]: sz000518
2025-08-19 11:44:36,903 - INFO - 回测分析 [298/339]: 31#01638
2025-08-19 11:44:36,907 - INFO - 回测分析 [299/339]: sh600702
2025-08-19 11:44:36,912 - INFO - 回测分析 [300/339]: 31#01692
2025-08-19 11:44:36,915 - INFO - 回测分析 [301/339]: sh600054
2025-08-19 11:44:36,924 - INFO - 回测分析 [302/339]: 31#06999
2025-08-19 11:44:36,927 - INFO - 回测分析 [303/339]: 31#02147
2025-08-19 11:44:36,930 - INFO - 回测分析 [304/339]: 31#01733
2025-08-19 11:44:36,934 - INFO - 回测分析 [305/339]: 31#01082
2025-08-19 11:44:36,937 - INFO - 回测分析 [306/339]: sz001300
2025-08-19 11:44:36,941 - INFO - 回测分析 [307/339]: 31#01362
2025-08-19 11:44:36,943 - INFO - 回测分析 [308/339]: 31#02623
2025-08-19 11:44:36,947 - INFO - 回测分析 [309/339]: 31#02168
2025-08-19 11:44:36,951 - INFO - 回测分析 [310/339]: 31#00733
2025-08-19 11:44:36,954 - INFO - 回测分析 [311/339]: 31#02153
2025-08-19 11:44:36,957 - INFO - 回测分析 [312/339]: 31#02521
2025-08-19 11:44:36,960 - INFO - 回测分析 [313/339]: 31#03336
2025-08-19 11:44:36,963 - INFO - 回测分析 [314/339]: sz001358
2025-08-19 11:44:36,967 - INFO - 回测分析 [315/339]: 31#00442
2025-08-19 11:44:36,969 - INFO - 回测分析 [316/339]: 31#01255
2025-08-19 11:44:36,972 - INFO - 回测分析 [317/339]: 31#01790
2025-08-19 11:44:36,975 - INFO - 回测分析 [318/339]: 31#03603
2025-08-19 11:44:36,978 - INFO - 回测分析 [319/339]: 31#09998
2025-08-19 11:44:36,982 - INFO - 回测分析 [320/339]: 31#00422
2025-08-19 11:44:36,985 - INFO - 回测分析 [321/339]: 31#06633
2025-08-19 11:44:36,988 - INFO - 回测分析 [322/339]: 31#01895
2025-08-19 11:44:36,991 - INFO - 回测分析 [323/339]: 31#02361
2025-08-19 11:44:36,993 - INFO - 回测分析 [324/339]: 31#03913
2025-08-19 11:44:36,997 - INFO - 回测分析 [325/339]: 31#00191
2025-08-19 11:44:37,000 - INFO - 回测分析 [326/339]: 31#02120
2025-08-19 11:44:37,003 - INFO - 回测分析 [327/339]: 31#00383
2025-08-19 11:44:37,006 - INFO - 回测分析 [328/339]: 31#01245
2025-08-19 11:44:37,010 - INFO - 回测分析 [329/339]: 31#00873
2025-08-19 11:44:37,013 - INFO - 回测分析 [330/339]: 31#03718
2025-08-19 11:44:37,017 - INFO - 回测分析 [331/339]: sh603721
2025-08-19 11:44:37,021 - INFO - 回测分析 [332/339]: 31#01708
2025-08-19 11:44:37,025 - INFO - 回测分析 [333/339]: sz000820
2025-08-19 11:44:37,029 - INFO - 回测分析 [334/339]: sh600810
2025-08-19 11:44:37,037 - INFO - 回测分析 [335/339]: 31#01971
2025-08-19 11:44:37,041 - INFO - 回测分析 [336/339]: 31#02436
2025-08-19 11:44:37,043 - INFO - 回测分析 [337/339]: 31#01189
2025-08-19 11:44:37,046 - INFO - 回测分析 [338/339]: 31#02182
2025-08-19 11:44:37,049 - INFO - 回测分析 [339/339]: 31#00009
2025-08-19 11:44:37,053 - INFO - 筛选完成，发现 339 个信号，耗时 12.51 秒
2025-08-19 11:44:37,053 - INFO - 配置保存成功
2025-08-19 11:44:37,053 - INFO - 禁用策略: 周线金叉+日线MA_v1.0
2025-08-19 11:44:37,053 - INFO - 禁用策略: 周线金叉+日线MA_v1.0
2025-08-19 11:44:37,053 - INFO - 禁用策略: WEEKLY_GOLDEN_CROSS_MA_v1.0
2025-08-19 11:44:37,060 - INFO - 配置保存成功
2025-08-19 11:44:37,060 - INFO - 禁用策略: MACD零轴启动_v1.0
2025-08-19 11:44:37,060 - INFO - 禁用策略: MACD零轴启动_v1.0
2025-08-19 11:44:37,060 - INFO - 禁用策略: MACD_ZERO_AXIS_v1.0
2025-08-19 11:44:37,060 - INFO - 配置保存成功
2025-08-19 11:44:37,060 - INFO - 禁用策略: 深渊筑底策略_v2.0
2025-08-19 11:44:37,060 - INFO - 禁用策略: 深渊筑底策略_v2.0
2025-08-19 11:44:37,061 - INFO - 禁用策略: ABYSS_BOTTOMING_v2.0
2025-08-19 11:44:37,061 - INFO - 配置保存成功
2025-08-19 11:44:37,061 - INFO - 禁用策略: 临界金叉_v1.0
2025-08-19 11:44:37,061 - INFO - 禁用策略: 临界金叉_v1.0
2025-08-19 11:44:37,061 - INFO - 禁用策略: PRE_CROSS_v1.0
2025-08-19 11:44:37,061 - INFO - 配置保存成功
2025-08-19 11:44:37,061 - INFO - 禁用策略: 三重金叉_v1.0
2025-08-19 11:44:37,061 - INFO - 禁用策略: 三重金叉_v1.0
2025-08-19 11:44:37,061 - INFO - 禁用策略: TRIPLE_CROSS_v1.0
2025-08-19 11:44:37,061 - INFO - 配置保存成功
2025-08-19 11:44:37,061 - INFO - 启用策略: 深渊筑底策略_v2.0
2025-08-19 11:44:37,061 - INFO - 启用策略: 深渊筑底策略_v2.0
2025-08-19 11:44:37,061 - INFO - 配置保存成功
2025-08-19 11:44:37,061 - INFO - 启用策略: 临界金叉_v1.0
2025-08-19 11:44:37,061 - INFO - 启用策略: 临界金叉_v1.0
2025-08-19 11:44:37,061 - INFO - 配置保存成功
2025-08-19 11:44:37,061 - INFO - 启用策略: 三重金叉_v1.0
2025-08-19 11:44:37,061 - INFO - 启用策略: 三重金叉_v1.0
2025-08-19 11:44:37,061 - INFO - 配置保存成功
2025-08-19 11:44:37,061 - INFO - 启用策略: MACD零轴启动_v1.0
2025-08-19 11:44:37,061 - INFO - 启用策略: MACD零轴启动_v1.0
2025-08-19 11:44:37,062 - INFO - 配置保存成功
2025-08-19 11:44:37,062 - INFO - 启用策略: 周线金叉+日线MA_v1.0
2025-08-19 11:44:37,062 - INFO - 启用策略: 周线金叉+日线MA_v1.0
2025-08-19 11:44:37,063 - INFO - 数据库初始化完成
2025-08-19 11:44:37,086 - INFO - 127.0.0.1 - - [19/Aug/2025 11:44:37] "GET /api/strategies/MACD零轴启动_v1.0/stocks HTTP/1.1" 200 -
2025-08-19 11:44:43,862 - INFO - 统一分析请求: sh688526, 策略: MACD零轴启动_v1.0
2025-08-19 11:44:43,863 - WARNING - 策略映射失败，使用原名: MACD零轴启动_v1.0
2025-08-19 11:44:47,252 - INFO - 数据库初始化完成
2025-08-19 11:44:47,252 - INFO - 统一分析成功: sh688526, 缓存状态: False
2025-08-19 11:44:47,269 - INFO - 127.0.0.1 - - [19/Aug/2025 11:44:47] "GET /api/unified_analysis/sh688526?strategy=MACD零轴启动_v1.0 HTTP/1.1" 200 -
2025-08-19 11:46:39,310 - INFO - 加载配置文件: /home/hypnosis/data/quant_base/backend/strategies_config.json
2025-08-19 11:46:39,311 - INFO - 通用筛选器初始化完成
2025-08-19 11:46:39,312 - INFO - ===== 开始执行通用股票筛选 =====
2025-08-19 11:46:39,312 - INFO - 配置保存成功
2025-08-19 11:46:39,312 - INFO - 启用策略: 三重金叉_v1.0
2025-08-19 11:46:39,312 - INFO - 启用策略: 三重金叉_v1.0
2025-08-19 11:46:39,321 - INFO - 共找到 11839 个股票文件
2025-08-19 11:46:39,321 - INFO - 启用的策略: ['深渊筑底策略_v2.0', '临界金叉_v1.0', '三重金叉_v1.0', 'MACD零轴启动_v1.0', '周线金叉+日线MA_v1.0']
2025-08-19 11:46:50,600 - INFO - 对 339 个信号结果进行回测摘要分析...
2025-08-19 11:46:50,600 - INFO - 回测分析 [1/339]: 31#01660
2025-08-19 11:46:50,606 - INFO - 回测分析 [2/339]: 31#02199
2025-08-19 11:46:50,610 - INFO - 回测分析 [3/339]: 31#02135
2025-08-19 11:46:50,613 - INFO - 回测分析 [4/339]: sz002789
2025-08-19 11:46:50,618 - INFO - 回测分析 [5/339]: 31#01495
2025-08-19 11:46:50,622 - INFO - 回测分析 [6/339]: 31#01645
2025-08-19 11:46:50,625 - INFO - 回测分析 [7/339]: 31#02482
2025-08-19 11:46:50,628 - INFO - 回测分析 [8/339]: 31#01845
2025-08-19 11:46:50,631 - INFO - 回测分析 [9/339]: 31#06163
2025-08-19 11:46:50,633 - INFO - 回测分析 [10/339]: 31#00126
2025-08-19 11:46:50,637 - INFO - 回测分析 [11/339]: 31#00186
2025-08-19 11:46:50,639 - INFO - 回测分析 [12/339]: 31#00663
2025-08-19 11:46:50,642 - INFO - 回测分析 [13/339]: 31#01231
2025-08-19 11:46:50,645 - INFO - 回测分析 [14/339]: 31#02231
2025-08-19 11:46:50,648 - INFO - 回测分析 [15/339]: 31#00093
2025-08-19 11:46:50,651 - INFO - 回测分析 [16/339]: 31#03683
2025-08-19 11:46:50,654 - INFO - 回测分析 [17/339]: 31#01034
2025-08-19 11:46:50,658 - INFO - 回测分析 [18/339]: 31#06958
2025-08-19 11:46:50,661 - INFO - 回测分析 [19/339]: 31#00214
2025-08-19 11:46:50,664 - INFO - 回测分析 [20/339]: 31#06833
2025-08-19 11:46:50,668 - INFO - 回测分析 [21/339]: 31#06918
2025-08-19 11:46:50,671 - INFO - 回测分析 [22/339]: 31#01161
2025-08-19 11:46:50,675 - INFO - 回测分析 [23/339]: 31#01707
2025-08-19 11:46:50,678 - INFO - 回测分析 [24/339]: 31#01622
2025-08-19 11:46:50,681 - INFO - 回测分析 [25/339]: 31#00007
2025-08-19 11:46:50,684 - INFO - 回测分析 [26/339]: sz300175
2025-08-19 11:46:50,689 - INFO - 回测分析 [27/339]: 31#00831
2025-08-19 11:46:50,693 - INFO - 回测分析 [28/339]: sz000595
2025-08-19 11:46:50,697 - INFO - 回测分析 [29/339]: 31#00122
2025-08-19 11:46:50,701 - INFO - 回测分析 [30/339]: 31#09938
2025-08-19 11:46:50,704 - INFO - 回测分析 [31/339]: 31#06606
2025-08-19 11:46:50,707 - INFO - 回测分析 [32/339]: 31#00997
2025-08-19 11:46:50,710 - INFO - 回测分析 [33/339]: 31#03309
2025-08-19 11:46:50,714 - INFO - 回测分析 [34/339]: sz002455
2025-08-19 11:46:50,719 - INFO - 回测分析 [35/339]: 31#02370
2025-08-19 11:46:50,721 - INFO - 回测分析 [36/339]: 31#01399
2025-08-19 11:46:50,725 - INFO - 回测分析 [37/339]: sh603178
2025-08-19 11:46:50,730 - INFO - 回测分析 [38/339]: 31#00253
2025-08-19 11:46:50,732 - INFO - 回测分析 [39/339]: 31#01937
2025-08-19 11:46:50,736 - INFO - 回测分析 [40/339]: sh603348
2025-08-19 11:46:50,741 - INFO - 回测分析 [41/339]: 31#01983
2025-08-19 11:46:50,743 - INFO - 回测分析 [42/339]: 31#02222
2025-08-19 11:46:50,747 - INFO - 回测分析 [43/339]: 31#06036
2025-08-19 11:46:50,750 - INFO - 回测分析 [44/339]: 31#01978
2025-08-19 11:46:50,754 - INFO - 回测分析 [45/339]: 31#01224
2025-08-19 11:46:50,758 - INFO - 回测分析 [46/339]: 31#01317
2025-08-19 11:46:50,761 - INFO - 回测分析 [47/339]: 31#01429
2025-08-19 11:46:50,764 - INFO - 回测分析 [48/339]: 31#02101
2025-08-19 11:46:50,768 - INFO - 回测分析 [49/339]: 31#01959
2025-08-19 11:46:50,771 - INFO - 回测分析 [50/339]: 31#03363
2025-08-19 11:46:50,773 - INFO - 回测分析 [51/339]: 31#01922
2025-08-19 11:46:50,777 - INFO - 回测分析 [52/339]: 31#01897
2025-08-19 11:46:50,780 - INFO - 回测分析 [53/339]: 31#09686
2025-08-19 11:46:50,782 - INFO - 回测分析 [54/339]: 31#01832
2025-08-19 11:46:50,785 - INFO - 回测分析 [55/339]: sh600026
2025-08-19 11:46:50,790 - INFO - 回测分析 [56/339]: 31#02340
2025-08-19 11:46:50,793 - INFO - 回测分析 [57/339]: 31#01965
2025-08-19 11:46:50,796 - INFO - 回测分析 [58/339]: 31#01909
2025-08-19 11:46:50,799 - INFO - 回测分析 [59/339]: 31#00459
2025-08-19 11:46:50,803 - INFO - 回测分析 [60/339]: 31#00750
2025-08-19 11:46:50,806 - INFO - 回测分析 [61/339]: 31#01543
2025-08-19 11:46:50,809 - INFO - 回测分析 [62/339]: 31#00102
2025-08-19 11:46:50,813 - INFO - 回测分析 [63/339]: sh600123
2025-08-19 11:46:50,816 - INFO - 回测分析 [64/339]: 31#02399
2025-08-19 11:46:50,820 - INFO - 回测分析 [65/339]: 31#02427
2025-08-19 11:46:50,823 - INFO - 回测分析 [66/339]: 31#00599
2025-08-19 11:46:50,825 - INFO - 回测分析 [67/339]: 31#01058
2025-08-19 11:46:50,829 - INFO - 回测分析 [68/339]: 31#06689
2025-08-19 11:46:50,831 - INFO - 回测分析 [69/339]: sz001378
2025-08-19 11:46:50,834 - INFO - 回测分析 [70/339]: 31#01262
2025-08-19 11:46:50,838 - INFO - 回测分析 [71/339]: 31#06812
2025-08-19 11:46:50,841 - INFO - 回测分析 [72/339]: 31#01701
2025-08-19 11:46:50,844 - INFO - 回测分析 [73/339]: 31#06968
2025-08-19 11:46:50,848 - INFO - 回测分析 [74/339]: 31#00606
2025-08-19 11:46:50,851 - INFO - 回测分析 [75/339]: 31#02187
2025-08-19 11:46:50,855 - INFO - 回测分析 [76/339]: 31#01490
2025-08-19 11:46:50,858 - INFO - 回测分析 [77/339]: 31#03773
2025-08-19 11:46:50,862 - INFO - 回测分析 [78/339]: 31#01343
2025-08-19 11:46:50,865 - INFO - 回测分析 [79/339]: 31#00185
2025-08-19 11:46:50,869 - INFO - 回测分析 [80/339]: 31#01820
2025-08-19 11:46:50,872 - INFO - 回测分析 [81/339]: 31#01936
2025-08-19 11:46:50,876 - INFO - 回测分析 [82/339]: sz300338
2025-08-19 11:46:50,880 - INFO - 回测分析 [83/339]: 31#01598
2025-08-19 11:46:50,883 - INFO - 回测分析 [84/339]: 31#01765
2025-08-19 11:46:50,887 - INFO - 回测分析 [85/339]: sz002224
2025-08-19 11:46:50,897 - INFO - 回测分析 [86/339]: sz300208
2025-08-19 11:46:50,900 - INFO - 回测分析 [87/339]: 31#00302
2025-08-19 11:46:50,904 - INFO - 回测分析 [88/339]: 31#06063
2025-08-19 11:46:50,907 - INFO - 回测分析 [89/339]: 31#01284
2025-08-19 11:46:50,910 - INFO - 回测分析 [90/339]: 31#00162
2025-08-19 11:46:50,913 - INFO - 回测分析 [91/339]: 31#01703
2025-08-19 11:46:50,916 - INFO - 回测分析 [92/339]: 31#00431
2025-08-19 11:46:50,920 - INFO - 回测分析 [93/339]: 31#02212
2025-08-19 11:46:50,923 - INFO - 回测分析 [94/339]: 31#01111
2025-08-19 11:46:50,926 - INFO - 回测分析 [95/339]: 31#01206
2025-08-19 11:46:50,929 - INFO - 回测分析 [96/339]: 31#01569
2025-08-19 11:46:50,933 - INFO - 回测分析 [97/339]: 31#01575
2025-08-19 11:46:50,936 - INFO - 回测分析 [98/339]: 31#01566
2025-08-19 11:46:50,939 - INFO - 回测分析 [99/339]: sz002529
2025-08-19 11:46:50,944 - INFO - 回测分析 [100/339]: 31#01849
2025-08-19 11:46:50,947 - INFO - 回测分析 [101/339]: 31#00556
2025-08-19 11:46:50,951 - INFO - 回测分析 [102/339]: 31#00110
2025-08-19 11:46:50,954 - INFO - 回测分析 [103/339]: 31#00936
2025-08-19 11:46:50,956 - INFO - 回测分析 [104/339]: 31#02416
2025-08-19 11:46:50,959 - INFO - 回测分析 [105/339]: 31#02708
2025-08-19 11:46:50,962 - INFO - 回测分析 [106/339]: 31#02260
2025-08-19 11:46:50,965 - INFO - 回测分析 [107/339]: 31#01987
2025-08-19 11:46:50,969 - INFO - 回测分析 [108/339]: 31#00410
2025-08-19 11:46:50,973 - INFO - 回测分析 [109/339]: 31#09983
2025-08-19 11:46:50,976 - INFO - 回测分析 [110/339]: 31#00726
2025-08-19 11:46:50,980 - INFO - 回测分析 [111/339]: 31#01830
2025-08-19 11:46:50,984 - INFO - 回测分析 [112/339]: 31#09869
2025-08-19 11:46:50,987 - INFO - 回测分析 [113/339]: 31#00488
2025-08-19 11:46:50,991 - INFO - 回测分析 [114/339]: 31#01846
2025-08-19 11:46:50,995 - INFO - 回测分析 [115/339]: 31#01107
2025-08-19 11:46:50,997 - INFO - 回测分析 [116/339]: 31#01854
2025-08-19 11:46:51,001 - INFO - 回测分析 [117/339]: 31#03662
2025-08-19 11:46:51,004 - INFO - 回测分析 [118/339]: 31#02439
2025-08-19 11:46:51,007 - INFO - 回测分析 [119/339]: 31#01417
2025-08-19 11:46:51,010 - INFO - 回测分析 [120/339]: 31#02383
2025-08-19 11:46:51,013 - INFO - 回测分析 [121/339]: 31#01348
2025-08-19 11:46:51,017 - INFO - 回测分析 [122/339]: 31#01383
2025-08-19 11:46:51,020 - INFO - 回测分析 [123/339]: 31#06939
2025-08-19 11:46:51,023 - INFO - 回测分析 [124/339]: 31#02422
2025-08-19 11:46:51,026 - INFO - 回测分析 [125/339]: 31#00137
2025-08-19 11:46:51,029 - INFO - 回测分析 [126/339]: 31#06199
2025-08-19 11:46:51,032 - INFO - 回测分析 [127/339]: 31#06830
2025-08-19 11:46:51,036 - INFO - 回测分析 [128/339]: 31#00894
2025-08-19 11:46:51,040 - INFO - 回测分析 [129/339]: 31#01121
2025-08-19 11:46:51,044 - INFO - 回测分析 [130/339]: 31#00587
2025-08-19 11:46:51,048 - INFO - 回测分析 [131/339]: 31#01489
2025-08-19 11:46:51,051 - INFO - 回测分析 [132/339]: 31#00802
2025-08-19 11:46:51,054 - INFO - 回测分析 [133/339]: 31#02127
2025-08-19 11:46:51,058 - INFO - 回测分析 [134/339]: 31#06190
2025-08-19 11:46:51,061 - INFO - 回测分析 [135/339]: 31#02226
2025-08-19 11:46:51,064 - INFO - 回测分析 [136/339]: 31#01953
2025-08-19 11:46:51,068 - INFO - 回测分析 [137/339]: 31#01650
2025-08-19 11:46:51,071 - INFO - 回测分析 [138/339]: 31#01332
2025-08-19 11:46:51,075 - INFO - 回测分析 [139/339]: 31#01719
2025-08-19 11:46:51,079 - INFO - 回测分析 [140/339]: 31#00834
2025-08-19 11:46:51,081 - INFO - 回测分析 [141/339]: 31#09689
2025-08-19 11:46:51,084 - INFO - 回测分析 [142/339]: 31#00852
2025-08-19 11:46:51,087 - INFO - 回测分析 [143/339]: 31#01955
2025-08-19 11:46:51,091 - INFO - 回测分析 [144/339]: 31#06913
2025-08-19 11:46:51,094 - INFO - 回测分析 [145/339]: 31#00082
2025-08-19 11:46:51,099 - INFO - 回测分析 [146/339]: 31#06900
2025-08-19 11:46:51,102 - INFO - 回测分析 [147/339]: sz002521
2025-08-19 11:46:51,107 - INFO - 回测分析 [148/339]: 31#01002
2025-08-19 11:46:51,110 - INFO - 回测分析 [149/339]: 31#01699
2025-08-19 11:46:51,113 - INFO - 回测分析 [150/339]: 31#02448
2025-08-19 11:46:51,117 - INFO - 回测分析 [151/339]: 31#01143
2025-08-19 11:46:51,121 - INFO - 回测分析 [152/339]: 31#03300
2025-08-19 11:46:51,125 - INFO - 回测分析 [153/339]: 31#02372
2025-08-19 11:46:51,128 - INFO - 回测分析 [154/339]: 31#09977
2025-08-19 11:46:51,131 - INFO - 回测分析 [155/339]: 31#01498
2025-08-19 11:46:51,135 - INFO - 回测分析 [156/339]: 31#03389
2025-08-19 11:46:51,139 - INFO - 回测分析 [157/339]: 31#06610
2025-08-19 11:46:51,141 - INFO - 回测分析 [158/339]: sz300268
2025-08-19 11:46:51,145 - INFO - 回测分析 [159/339]: 31#01360
2025-08-19 11:46:51,148 - INFO - 回测分析 [160/339]: 31#09857
2025-08-19 11:46:51,151 - INFO - 回测分析 [161/339]: 31#01960
2025-08-19 11:46:51,155 - INFO - 回测分析 [162/339]: 31#01351
2025-08-19 11:46:51,158 - INFO - 回测分析 [163/339]: 31#01655
2025-08-19 11:46:51,161 - INFO - 回测分析 [164/339]: sz002531
2025-08-19 11:46:51,166 - INFO - 回测分析 [165/339]: 31#00174
2025-08-19 11:46:51,168 - INFO - 回测分析 [166/339]: 31#01246
2025-08-19 11:46:51,171 - INFO - 回测分析 [167/339]: 31#09663
2025-08-19 11:46:51,174 - INFO - 回测分析 [168/339]: 31#00079
2025-08-19 11:46:51,177 - INFO - 回测分析 [169/339]: 31#06988
2025-08-19 11:46:51,180 - INFO - 回测分析 [170/339]: 31#00810
2025-08-19 11:46:51,184 - INFO - 回测分析 [171/339]: 31#00361
2025-08-19 11:46:51,187 - INFO - 回测分析 [172/339]: 31#01198
2025-08-19 11:46:51,190 - INFO - 回测分析 [173/339]: 31#03390
2025-08-19 11:46:51,194 - INFO - 回测分析 [174/339]: 31#01416
2025-08-19 11:46:51,197 - INFO - 回测分析 [175/339]: 31#01222
2025-08-19 11:46:51,201 - INFO - 回测分析 [176/339]: 31#00918
2025-08-19 11:46:51,204 - INFO - 回测分析 [177/339]: 31#00438
2025-08-19 11:46:51,208 - INFO - 回测分析 [178/339]: 31#00030
2025-08-19 11:46:51,211 - INFO - 回测分析 [179/339]: 31#09929
2025-08-19 11:46:51,215 - INFO - 回测分析 [180/339]: 31#00738
2025-08-19 11:46:51,218 - INFO - 回测分析 [181/339]: sz000420
2025-08-19 11:46:51,227 - INFO - 回测分析 [182/339]: 31#09982
2025-08-19 11:46:51,230 - INFO - 回测分析 [183/339]: 31#03628
2025-08-19 11:46:51,233 - INFO - 回测分析 [184/339]: 31#02060
2025-08-19 11:46:51,236 - INFO - 回测分析 [185/339]: 31#00195
2025-08-19 11:46:51,239 - INFO - 回测分析 [186/339]: 31#00171
2025-08-19 11:46:51,243 - INFO - 回测分析 [187/339]: sh600199
2025-08-19 11:46:51,248 - INFO - 回测分析 [188/339]: 31#00389
2025-08-19 11:46:51,251 - INFO - 回测分析 [189/339]: 31#01869
2025-08-19 11:46:51,255 - INFO - 回测分析 [190/339]: 31#01532
2025-08-19 11:46:51,258 - INFO - 回测分析 [191/339]: 31#00929
2025-08-19 11:46:51,261 - INFO - 回测分析 [192/339]: 31#00382
2025-08-19 11:46:51,265 - INFO - 回测分析 [193/339]: 31#02078
2025-08-19 11:46:51,268 - INFO - 回测分析 [194/339]: 31#00550
2025-08-19 11:46:51,271 - INFO - 回测分析 [195/339]: 31#02019
2025-08-19 11:46:51,275 - INFO - 回测分析 [196/339]: 31#02237
2025-08-19 11:46:51,278 - INFO - 回测分析 [197/339]: 31#02180
2025-08-19 11:46:51,281 - INFO - 回测分析 [198/339]: sh600546
2025-08-19 11:46:51,286 - INFO - 回测分析 [199/339]: 31#01597
2025-08-19 11:46:51,289 - INFO - 回测分析 [200/339]: 31#00822
2025-08-19 11:46:51,292 - INFO - 回测分析 [201/339]: 31#06108
2025-08-19 11:46:51,295 - INFO - 回测分析 [202/339]: 31#02017
2025-08-19 11:46:51,298 - INFO - 回测分析 [203/339]: 31#01029
2025-08-19 11:46:51,302 - INFO - 回测分析 [204/339]: 31#00720
2025-08-19 11:46:51,305 - INFO - 回测分析 [205/339]: 31#02215
2025-08-19 11:46:51,308 - INFO - 回测分析 [206/339]: 31#01827
2025-08-19 11:46:51,311 - INFO - 回测分析 [207/339]: 31#06093
2025-08-19 11:46:51,315 - INFO - 回测分析 [208/339]: 31#01472
2025-08-19 11:46:51,318 - INFO - 回测分析 [209/339]: 31#01975
2025-08-19 11:46:51,321 - INFO - 回测分析 [210/339]: 31#01560
2025-08-19 11:46:51,325 - INFO - 回测分析 [211/339]: 31#00333
2025-08-19 11:46:51,328 - INFO - 回测分析 [212/339]: 31#09963
2025-08-19 11:46:51,330 - INFO - 回测分析 [213/339]: 31#00483
2025-08-19 11:46:51,334 - INFO - 回测分析 [214/339]: 31#02385
2025-08-19 11:46:51,337 - INFO - 回测分析 [215/339]: 31#03650
2025-08-19 11:46:51,339 - INFO - 回测分析 [216/339]: 31#01008
2025-08-19 11:46:51,342 - INFO - 回测分析 [217/339]: sh605108
2025-08-19 11:46:51,346 - INFO - 回测分析 [218/339]: 31#00310
2025-08-19 11:46:51,349 - INFO - 回测分析 [219/339]: 31#00685
2025-08-19 11:46:51,352 - INFO - 回测分析 [220/339]: 31#01563
2025-08-19 11:46:51,355 - INFO - 回测分析 [221/339]: 31#01204
2025-08-19 11:46:51,358 - INFO - 回测分析 [222/339]: 31#02223
2025-08-19 11:46:51,361 - INFO - 回测分析 [223/339]: 31#00603
2025-08-19 11:46:51,365 - INFO - 回测分析 [224/339]: 31#00542
2025-08-19 11:46:51,368 - INFO - 回测分析 [225/339]: 31#02486
2025-08-19 11:46:51,371 - INFO - 回测分析 [226/339]: 31#01004
2025-08-19 11:46:51,373 - INFO - 回测分析 [227/339]: 31#01185
2025-08-19 11:46:51,376 - INFO - 回测分析 [228/339]: 31#01271
2025-08-19 11:46:51,380 - INFO - 回测分析 [229/339]: 31#00286
2025-08-19 11:46:51,384 - INFO - 回测分析 [230/339]: 31#02193
2025-08-19 11:46:51,387 - INFO - 回测分析 [231/339]: sz002581
2025-08-19 11:46:51,391 - INFO - 回测分析 [232/339]: 31#01028
2025-08-19 11:46:51,394 - INFO - 回测分析 [233/339]: 31#06966
2025-08-19 11:46:51,397 - INFO - 回测分析 [234/339]: sz003004
2025-08-19 11:46:51,401 - INFO - 回测分析 [235/339]: 31#00593
2025-08-19 11:46:51,404 - INFO - 回测分析 [236/339]: 31#06899
2025-08-19 11:46:51,407 - INFO - 回测分析 [237/339]: 31#01865
2025-08-19 11:46:51,411 - INFO - 回测分析 [238/339]: 31#06698
2025-08-19 11:46:51,414 - INFO - 回测分析 [239/339]: 31#03798
2025-08-19 11:46:51,417 - INFO - 回测分析 [240/339]: 31#00201
2025-08-19 11:46:51,421 - INFO - 回测分析 [241/339]: 31#03997
2025-08-19 11:46:51,424 - INFO - 回测分析 [242/339]: 31#01547
2025-08-19 11:46:51,426 - INFO - 回测分析 [243/339]: sz002762
2025-08-19 11:46:51,431 - INFO - 回测分析 [244/339]: 31#02175
2025-08-19 11:46:51,434 - INFO - 回测分析 [245/339]: 31#00368
2025-08-19 11:46:51,437 - INFO - 回测分析 [246/339]: 31#00830
2025-08-19 11:46:51,440 - INFO - 回测分析 [247/339]: 31#00812
2025-08-19 11:46:51,444 - INFO - 回测分析 [248/339]: 31#01817
2025-08-19 11:46:51,447 - INFO - 回测分析 [249/339]: sh605577
2025-08-19 11:46:51,451 - INFO - 回测分析 [250/339]: sh603366
2025-08-19 11:46:51,456 - INFO - 回测分析 [251/339]: sz000521
2025-08-19 11:46:51,460 - INFO - 回测分析 [252/339]: 31#01183
2025-08-19 11:46:51,464 - INFO - 回测分析 [253/339]: sz003032
2025-08-19 11:46:51,468 - INFO - 回测分析 [254/339]: 31#01542
2025-08-19 11:46:51,471 - INFO - 回测分析 [255/339]: 31#00251
2025-08-19 11:46:51,474 - INFO - 回测分析 [256/339]: sh603609
2025-08-19 11:46:51,482 - INFO - 回测分析 [257/339]: 31#01406
2025-08-19 11:46:51,485 - INFO - 回测分析 [258/339]: 31#01652
2025-08-19 11:46:51,489 - INFO - 回测分析 [259/339]: 31#01463
2025-08-19 11:46:51,492 - INFO - 回测分析 [260/339]: 31#01739
2025-08-19 11:46:51,495 - INFO - 回测分析 [261/339]: sz000736
2025-08-19 11:46:51,500 - INFO - 回测分析 [262/339]: 31#02798
2025-08-19 11:46:51,504 - INFO - 回测分析 [263/339]: sh603261
2025-08-19 11:46:51,508 - INFO - 回测分析 [264/339]: sh688526
2025-08-19 11:46:51,514 - INFO - 回测分析 [265/339]: 31#06677
2025-08-19 11:46:51,518 - INFO - 回测分析 [266/339]: 31#00589
2025-08-19 11:46:51,521 - INFO - 回测分析 [267/339]: 31#01156
2025-08-19 11:46:51,524 - INFO - 回测分析 [268/339]: 31#00674
2025-08-19 11:46:51,527 - INFO - 回测分析 [269/339]: 31#00018
2025-08-19 11:46:51,530 - INFO - 回测分析 [270/339]: 31#00724
2025-08-19 11:46:51,533 - INFO - 回测分析 [271/339]: 31#01323
2025-08-19 11:46:51,537 - INFO - 回测分析 [272/339]: sz002630
2025-08-19 11:46:51,542 - INFO - 回测分析 [273/339]: 31#03616
2025-08-19 11:46:51,545 - INFO - 回测分析 [274/339]: 31#09916
2025-08-19 11:46:51,548 - INFO - 回测分析 [275/339]: 31#02258
2025-08-19 11:46:51,551 - INFO - 回测分析 [276/339]: 31#00765
2025-08-19 11:46:51,554 - INFO - 回测分析 [277/339]: 31#01727
2025-08-19 11:46:51,558 - INFO - 回测分析 [278/339]: 31#03333
2025-08-19 11:46:51,561 - INFO - 回测分析 [279/339]: 31#00052
2025-08-19 11:46:51,565 - INFO - 回测分析 [280/339]: 31#01410
2025-08-19 11:46:51,568 - INFO - 回测分析 [281/339]: 31#01771
2025-08-19 11:46:51,571 - INFO - 回测分析 [282/339]: 31#02325
2025-08-19 11:46:51,574 - INFO - 回测分析 [283/339]: 31#02459
2025-08-19 11:46:51,577 - INFO - 回测分析 [284/339]: 31#01163
2025-08-19 11:46:51,581 - INFO - 回测分析 [285/339]: 31#00034
2025-08-19 11:46:51,584 - INFO - 回测分析 [286/339]: 31#02405
2025-08-19 11:46:51,587 - INFO - 回测分析 [287/339]: 31#00037
2025-08-19 11:46:51,591 - INFO - 回测分析 [288/339]: 31#06878
2025-08-19 11:46:51,594 - INFO - 回测分析 [289/339]: 31#01894
2025-08-19 11:46:51,597 - INFO - 回测分析 [290/339]: 31#01996
2025-08-19 11:46:51,601 - INFO - 回测分析 [291/339]: 31#02098
2025-08-19 11:46:51,605 - INFO - 回测分析 [292/339]: 31#01408
2025-08-19 11:46:51,608 - INFO - 回测分析 [293/339]: 31#00520
2025-08-19 11:46:51,612 - INFO - 回测分析 [294/339]: 31#00827
2025-08-19 11:46:51,615 - INFO - 回测分析 [295/339]: 31#01442
2025-08-19 11:46:51,619 - INFO - 回测分析 [296/339]: 31#00118
2025-08-19 11:46:51,621 - INFO - 回测分析 [297/339]: sz000518
2025-08-19 11:46:51,626 - INFO - 回测分析 [298/339]: 31#01638
2025-08-19 11:46:51,630 - INFO - 回测分析 [299/339]: sh600702
2025-08-19 11:46:51,634 - INFO - 回测分析 [300/339]: 31#01692
2025-08-19 11:46:51,638 - INFO - 回测分析 [301/339]: sh600054
2025-08-19 11:46:51,645 - INFO - 回测分析 [302/339]: 31#06999
2025-08-19 11:46:51,649 - INFO - 回测分析 [303/339]: 31#02147
2025-08-19 11:46:51,651 - INFO - 回测分析 [304/339]: 31#01733
2025-08-19 11:46:51,655 - INFO - 回测分析 [305/339]: 31#01082
2025-08-19 11:46:51,659 - INFO - 回测分析 [306/339]: sz001300
2025-08-19 11:46:51,662 - INFO - 回测分析 [307/339]: 31#01362
2025-08-19 11:46:51,665 - INFO - 回测分析 [308/339]: 31#02623
2025-08-19 11:46:51,668 - INFO - 回测分析 [309/339]: 31#02168
2025-08-19 11:46:51,672 - INFO - 回测分析 [310/339]: 31#00733
2025-08-19 11:46:51,676 - INFO - 回测分析 [311/339]: 31#02153
2025-08-19 11:46:51,679 - INFO - 回测分析 [312/339]: 31#02521
2025-08-19 11:46:51,681 - INFO - 回测分析 [313/339]: 31#03336
2025-08-19 11:46:51,685 - INFO - 回测分析 [314/339]: sz001358
2025-08-19 11:46:51,688 - INFO - 回测分析 [315/339]: 31#00442
2025-08-19 11:46:51,691 - INFO - 回测分析 [316/339]: 31#01255
2025-08-19 11:46:51,694 - INFO - 回测分析 [317/339]: 31#01790
2025-08-19 11:46:51,696 - INFO - 回测分析 [318/339]: 31#03603
2025-08-19 11:46:51,700 - INFO - 回测分析 [319/339]: 31#09998
2025-08-19 11:46:51,703 - INFO - 回测分析 [320/339]: 31#00422
2025-08-19 11:46:51,706 - INFO - 回测分析 [321/339]: 31#06633
2025-08-19 11:46:51,709 - INFO - 回测分析 [322/339]: 31#01895
2025-08-19 11:46:51,712 - INFO - 回测分析 [323/339]: 31#02361
2025-08-19 11:46:51,715 - INFO - 回测分析 [324/339]: 31#03913
2025-08-19 11:46:51,718 - INFO - 回测分析 [325/339]: 31#00191
2025-08-19 11:46:51,721 - INFO - 回测分析 [326/339]: 31#02120
2025-08-19 11:46:51,725 - INFO - 回测分析 [327/339]: 31#00383
2025-08-19 11:46:51,728 - INFO - 回测分析 [328/339]: 31#01245
2025-08-19 11:46:51,731 - INFO - 回测分析 [329/339]: 31#00873
2025-08-19 11:46:51,735 - INFO - 回测分析 [330/339]: 31#03718
2025-08-19 11:46:51,738 - INFO - 回测分析 [331/339]: sh603721
2025-08-19 11:46:51,743 - INFO - 回测分析 [332/339]: 31#01708
2025-08-19 11:46:51,746 - INFO - 回测分析 [333/339]: sz000820
2025-08-19 11:46:51,751 - INFO - 回测分析 [334/339]: sh600810
2025-08-19 11:46:51,759 - INFO - 回测分析 [335/339]: 31#01971
2025-08-19 11:46:51,762 - INFO - 回测分析 [336/339]: 31#02436
2025-08-19 11:46:51,765 - INFO - 回测分析 [337/339]: 31#01189
2025-08-19 11:46:51,768 - INFO - 回测分析 [338/339]: 31#02182
2025-08-19 11:46:51,771 - INFO - 回测分析 [339/339]: 31#00009
2025-08-19 11:46:51,774 - INFO - 筛选完成，发现 339 个信号，耗时 12.46 秒
2025-08-19 11:46:51,774 - INFO - 配置保存成功
2025-08-19 11:46:51,774 - INFO - 禁用策略: 周线金叉+日线MA_v1.0
2025-08-19 11:46:51,774 - INFO - 禁用策略: 周线金叉+日线MA_v1.0
2025-08-19 11:46:51,774 - INFO - 禁用策略: WEEKLY_GOLDEN_CROSS_MA_v1.0
2025-08-19 11:46:51,782 - INFO - 配置保存成功
2025-08-19 11:46:51,782 - INFO - 禁用策略: MACD零轴启动_v1.0
2025-08-19 11:46:51,782 - INFO - 禁用策略: MACD零轴启动_v1.0
2025-08-19 11:46:51,782 - INFO - 禁用策略: MACD_ZERO_AXIS_v1.0
2025-08-19 11:46:51,782 - INFO - 配置保存成功
2025-08-19 11:46:51,782 - INFO - 禁用策略: 深渊筑底策略_v2.0
2025-08-19 11:46:51,782 - INFO - 禁用策略: 深渊筑底策略_v2.0
2025-08-19 11:46:51,782 - INFO - 禁用策略: ABYSS_BOTTOMING_v2.0
2025-08-19 11:46:51,782 - INFO - 配置保存成功
2025-08-19 11:46:51,782 - INFO - 禁用策略: 临界金叉_v1.0
2025-08-19 11:46:51,782 - INFO - 禁用策略: 临界金叉_v1.0
2025-08-19 11:46:51,782 - INFO - 禁用策略: PRE_CROSS_v1.0
2025-08-19 11:46:51,782 - INFO - 配置保存成功
2025-08-19 11:46:51,782 - INFO - 禁用策略: 三重金叉_v1.0
2025-08-19 11:46:51,782 - INFO - 禁用策略: 三重金叉_v1.0
2025-08-19 11:46:51,782 - INFO - 禁用策略: TRIPLE_CROSS_v1.0
2025-08-19 11:46:51,782 - INFO - 配置保存成功
2025-08-19 11:46:51,782 - INFO - 启用策略: 深渊筑底策略_v2.0
2025-08-19 11:46:51,782 - INFO - 启用策略: 深渊筑底策略_v2.0
2025-08-19 11:46:51,783 - INFO - 配置保存成功
2025-08-19 11:46:51,783 - INFO - 启用策略: 临界金叉_v1.0
2025-08-19 11:46:51,783 - INFO - 启用策略: 临界金叉_v1.0
2025-08-19 11:46:51,783 - INFO - 配置保存成功
2025-08-19 11:46:51,783 - INFO - 启用策略: 三重金叉_v1.0
2025-08-19 11:46:51,783 - INFO - 启用策略: 三重金叉_v1.0
2025-08-19 11:46:51,783 - INFO - 配置保存成功
2025-08-19 11:46:51,783 - INFO - 启用策略: MACD零轴启动_v1.0
2025-08-19 11:46:51,783 - INFO - 启用策略: MACD零轴启动_v1.0
2025-08-19 11:46:51,783 - INFO - 配置保存成功
2025-08-19 11:46:51,783 - INFO - 启用策略: 周线金叉+日线MA_v1.0
2025-08-19 11:46:51,783 - INFO - 启用策略: 周线金叉+日线MA_v1.0
2025-08-19 11:46:51,785 - INFO - 数据库初始化完成
2025-08-19 11:46:51,808 - INFO - 127.0.0.1 - - [19/Aug/2025 11:46:51] "GET /api/strategies/三重金叉_v1.0/stocks HTTP/1.1" 200 -
2025-08-19 11:47:25,413 - INFO - 统一分析请求: sh600123, 策略: 三重金叉_v1.0
2025-08-19 11:47:25,414 - WARNING - 策略映射失败，使用原名: 三重金叉_v1.0
2025-08-19 11:47:29,378 - INFO - 数据库初始化完成
2025-08-19 11:47:29,378 - INFO - 统一分析成功: sh600123, 缓存状态: False
2025-08-19 11:47:29,395 - INFO - 127.0.0.1 - - [19/Aug/2025 11:47:29] "GET /api/unified_analysis/sh600123?strategy=三重金叉_v1.0 HTTP/1.1" 200 -
2025-08-19 11:47:40,862 - INFO - 统一分析请求: sh603192, 策略: 三重金叉_v1.0
2025-08-19 11:47:40,862 - WARNING - 策略映射失败，使用原名: 三重金叉_v1.0
2025-08-19 11:47:44,810 - INFO - 数据库初始化完成
2025-08-19 11:47:44,811 - INFO - 统一分析成功: sh603192, 缓存状态: False
2025-08-19 11:47:44,828 - INFO - 127.0.0.1 - - [19/Aug/2025 11:47:44] "GET /api/unified_analysis/sh603192?strategy=三重金叉_v1.0 HTTP/1.1" 200 -
2025-08-19 12:08:49,767 - INFO -  * Detected change in '/home/hypnosis/data/quant_base/backend/universal_screener.py', reloading
