2025-08-18 15:23:34,032 - INFO - 加载配置文件: /home/hypnosis/data/quant_base/backend/strategies_config.json
2025-08-18 15:23:34,032 - INFO - 配置加载成功: 5 个策略
2025-08-18 15:23:34,032 - INFO - 配置管理器初始化完成，配置文件: /home/hypnosis/data/quant_base/config/unified_strategy_config.json
2025-08-18 15:23:34,034 - INFO - 通用筛选器初始化完成
2025-08-18 15:23:34,034 - INFO - ===== 开始执行通用股票筛选 =====
2025-08-18 15:23:34,054 - INFO - 共找到 11839 个股票文件
2025-08-18 15:23:34,054 - INFO - 启用的策略: ['深渊筑底策略_v2.0', '临界金叉_v1.0', '三重金叉_v1.0', 'MACD零轴启动_v1.0', '周线金叉+日线MA_v1.0']
2025-08-18 15:23:47,353 - INFO - 对 339 个信号结果进行回测摘要分析...
2025-08-18 15:23:47,353 - INFO - 回测分析 [1/339]: 31#02019
2025-08-18 15:23:47,361 - INFO - 回测分析 [2/339]: 31#01849
2025-08-18 15:23:47,365 - INFO - 回测分析 [3/339]: 31#06939
2025-08-18 15:23:47,371 - INFO - 回测分析 [4/339]: 31#01622
2025-08-18 15:23:47,375 - INFO - 回测分析 [5/339]: 31#00812
2025-08-18 15:23:47,379 - INFO - 回测分析 [6/339]: 31#09689
2025-08-18 15:23:47,383 - INFO - 回测分析 [7/339]: sh603609
2025-08-18 15:23:47,396 - INFO - 回测分析 [8/339]: 31#03718
2025-08-18 15:23:47,401 - INFO - 回测分析 [9/339]: 31#01082
2025-08-18 15:23:47,405 - INFO - 回测分析 [10/339]: 31#06830
2025-08-18 15:23:47,410 - INFO - 回测分析 [11/339]: sh603721
2025-08-18 15:23:47,418 - INFO - 回测分析 [12/339]: 31#01107
2025-08-18 15:23:47,421 - INFO - 回测分析 [13/339]: 31#02127
2025-08-18 15:23:47,425 - INFO - 回测分析 [14/339]: 31#00929
2025-08-18 15:23:47,429 - INFO - 回测分析 [15/339]: 31#01442
2025-08-18 15:23:47,434 - INFO - 回测分析 [16/339]: 31#02448
2025-08-18 15:23:47,438 - INFO - 回测分析 [17/339]: 31#00079
2025-08-18 15:23:47,440 - INFO - 回测分析 [18/339]: 31#01845
2025-08-18 15:23:47,443 - INFO - 回测分析 [19/339]: 31#00556
2025-08-18 15:23:47,447 - INFO - 回测分析 [20/339]: 31#02060
2025-08-18 15:23:47,451 - INFO - 回测分析 [21/339]: sz000736
2025-08-18 15:23:47,456 - INFO - 回测分析 [22/339]: 31#01971
2025-08-18 15:23:47,459 - INFO - 回测分析 [23/339]: 31#01143
2025-08-18 15:23:47,463 - INFO - 回测分析 [24/339]: 31#01351
2025-08-18 15:23:47,466 - INFO - 回测分析 [25/339]: 31#00118
2025-08-18 15:23:47,469 - INFO - 回测分析 [26/339]: 31#02212
2025-08-18 15:23:47,473 - INFO - 回测分析 [27/339]: 31#06988
2025-08-18 15:23:47,476 - INFO - 回测分析 [28/339]: 31#00122
2025-08-18 15:23:47,480 - INFO - 回测分析 [29/339]: 31#02486
2025-08-18 15:23:47,483 - INFO - 回测分析 [30/339]: 31#00052
2025-08-18 15:23:47,487 - INFO - 回测分析 [31/339]: 31#01406
2025-08-18 15:23:47,490 - INFO - 回测分析 [32/339]: 31#03300
2025-08-18 15:23:47,493 - INFO - 回测分析 [33/339]: 31#00802
2025-08-18 15:23:47,497 - INFO - 回测分析 [34/339]: 31#01262
2025-08-18 15:23:47,500 - INFO - 回测分析 [35/339]: 31#01869
2025-08-18 15:23:47,504 - INFO - 回测分析 [36/339]: 31#00286
2025-08-18 15:23:47,507 - INFO - 回测分析 [37/339]: 31#06063
2025-08-18 15:23:47,511 - INFO - 回测分析 [38/339]: 31#09977
2025-08-18 15:23:47,514 - INFO - 回测分析 [39/339]: sz002789
2025-08-18 15:23:47,519 - INFO - 回测分析 [40/339]: 31#01163
2025-08-18 15:23:47,522 - INFO - 回测分析 [41/339]: 31#00093
2025-08-18 15:23:47,525 - INFO - 回测分析 [42/339]: 31#00720
2025-08-18 15:23:47,529 - INFO - 回测分析 [43/339]: 31#00733
2025-08-18 15:23:47,532 - INFO - 回测分析 [44/339]: sz002581
2025-08-18 15:23:47,537 - INFO - 回测分析 [45/339]: 31#03363
2025-08-18 15:23:47,540 - INFO - 回测分析 [46/339]: 31#01498
2025-08-18 15:23:47,544 - INFO - 回测分析 [47/339]: 31#00831
2025-08-18 15:23:47,548 - INFO - 回测分析 [48/339]: 31#02215
2025-08-18 15:23:47,551 - INFO - 回测分析 [49/339]: sh603348
2025-08-18 15:23:47,556 - INFO - 回测分析 [50/339]: 31#01703
2025-08-18 15:23:47,559 - INFO - 回测分析 [51/339]: 31#00765
2025-08-18 15:23:47,562 - INFO - 回测分析 [52/339]: sh605577
2025-08-18 15:23:47,567 - INFO - 回测分析 [53/339]: 31#02416
2025-08-18 15:23:47,569 - INFO - 回测分析 [54/339]: 31#01343
2025-08-18 15:23:47,573 - INFO - 回测分析 [55/339]: 31#01959
2025-08-18 15:23:47,577 - INFO - 回测分析 [56/339]: sz001358
2025-08-18 15:23:47,580 - INFO - 回测分析 [57/339]: 31#01362
2025-08-18 15:23:47,583 - INFO - 回测分析 [58/339]: 31#06199
2025-08-18 15:23:47,586 - INFO - 回测分析 [59/339]: 31#03650
2025-08-18 15:23:47,589 - INFO - 回测分析 [60/339]: 31#03662
2025-08-18 15:23:47,592 - INFO - 回测分析 [61/339]: 31#01271
2025-08-18 15:23:47,596 - INFO - 回测分析 [62/339]: 31#00918
2025-08-18 15:23:47,600 - INFO - 回测分析 [63/339]: sh600123
2025-08-18 15:23:47,604 - INFO - 回测分析 [64/339]: sz001300
2025-08-18 15:23:47,607 - INFO - 回测分析 [65/339]: sz002224
2025-08-18 15:23:47,617 - INFO - 回测分析 [66/339]: 31#01255
2025-08-18 15:23:47,621 - INFO - 回测分析 [67/339]: 31#01198
2025-08-18 15:23:47,624 - INFO - 回测分析 [68/339]: 31#01708
2025-08-18 15:23:47,628 - INFO - 回测分析 [69/339]: 31#00126
2025-08-18 15:23:47,632 - INFO - 回测分析 [70/339]: 31#02258
2025-08-18 15:23:47,635 - INFO - 回测分析 [71/339]: 31#01560
2025-08-18 15:23:47,659 - INFO - 回测分析 [72/339]: sh600810
2025-08-18 15:23:47,668 - INFO - 回测分析 [73/339]: 31#01733
2025-08-18 15:23:47,672 - INFO - 回测分析 [74/339]: 31#00483
2025-08-18 15:23:47,675 - INFO - 回测分析 [75/339]: 31#09686
2025-08-18 15:23:47,678 - INFO - 回测分析 [76/339]: 31#06833
2025-08-18 15:23:47,682 - INFO - 回测分析 [77/339]: 31#02226
2025-08-18 15:23:47,685 - INFO - 回测分析 [78/339]: 31#06190
2025-08-18 15:23:47,688 - INFO - 回测分析 [79/339]: 31#00674
2025-08-18 15:23:47,691 - INFO - 回测分析 [80/339]: 31#00018
2025-08-18 15:23:47,695 - INFO - 回测分析 [81/339]: 31#00593
2025-08-18 15:23:47,698 - INFO - 回测分析 [82/339]: 31#03773
2025-08-18 15:23:47,701 - INFO - 回测分析 [83/339]: 31#01002
2025-08-18 15:23:47,704 - INFO - 回测分析 [84/339]: 31#02193
2025-08-18 15:23:47,708 - INFO - 回测分析 [85/339]: 31#02180
2025-08-18 15:23:47,711 - INFO - 回测分析 [86/339]: sz000521
2025-08-18 15:23:47,716 - INFO - 回测分析 [87/339]: 31#01246
2025-08-18 15:23:47,719 - INFO - 回测分析 [88/339]: 31#02439
2025-08-18 15:23:47,722 - INFO - 回测分析 [89/339]: 31#01543
2025-08-18 15:23:47,732 - INFO - 回测分析 [90/339]: 31#02422
2025-08-18 15:23:47,735 - INFO - 回测分析 [91/339]: sh605108
2025-08-18 15:23:47,739 - INFO - 回测分析 [92/339]: 31#01189
2025-08-18 15:23:47,742 - INFO - 回测分析 [93/339]: 31#06999
2025-08-18 15:23:47,746 - INFO - 回测分析 [94/339]: 31#01410
2025-08-18 15:23:47,750 - INFO - 回测分析 [95/339]: 31#06918
2025-08-18 15:23:47,754 - INFO - 回测分析 [96/339]: 31#01323
2025-08-18 15:23:47,759 - INFO - 回测分析 [97/339]: sh600054
2025-08-18 15:23:47,768 - INFO - 回测分析 [98/339]: 31#00488
2025-08-18 15:23:47,772 - INFO - 回测分析 [99/339]: 31#00185
2025-08-18 15:23:47,776 - INFO - 回测分析 [100/339]: 31#01348
2025-08-18 15:23:47,780 - INFO - 回测分析 [101/339]: 31#01771
2025-08-18 15:23:47,783 - INFO - 回测分析 [102/339]: 31#00442
2025-08-18 15:23:47,786 - INFO - 回测分析 [103/339]: sz003004
2025-08-18 15:23:47,790 - INFO - 回测分析 [104/339]: 31#00253
2025-08-18 15:23:47,793 - INFO - 回测分析 [105/339]: 31#01978
2025-08-18 15:23:47,797 - INFO - 回测分析 [106/339]: 31#06812
2025-08-18 15:23:47,800 - INFO - 回测分析 [107/339]: 31#00726
2025-08-18 15:23:47,804 - INFO - 回测分析 [108/339]: 31#00201
2025-08-18 15:23:47,807 - INFO - 回测分析 [109/339]: 31#06093
2025-08-18 15:23:47,811 - INFO - 回测分析 [110/339]: 31#03616
2025-08-18 15:23:47,814 - INFO - 回测分析 [111/339]: 31#00542
2025-08-18 15:23:47,818 - INFO - 回测分析 [112/339]: 31#00852
2025-08-18 15:23:47,822 - INFO - 回测分析 [113/339]: 31#01895
2025-08-18 15:23:47,825 - INFO - 回测分析 [114/339]: 31#01897
2025-08-18 15:23:47,832 - INFO - 回测分析 [115/339]: 31#01429
2025-08-18 15:23:47,835 - INFO - 回测分析 [116/339]: 31#02231
2025-08-18 15:23:47,839 - INFO - 回测分析 [117/339]: 31#01206
2025-08-18 15:23:47,843 - INFO - 回测分析 [118/339]: 31#09963
2025-08-18 15:23:47,847 - INFO - 回测分析 [119/339]: 31#09938
2025-08-18 15:23:47,850 - INFO - 回测分析 [120/339]: 31#01832
2025-08-18 15:23:47,854 - INFO - 回测分析 [121/339]: 31#01008
2025-08-18 15:23:47,857 - INFO - 回测分析 [122/339]: 31#02623
2025-08-18 15:23:47,861 - INFO - 回测分析 [123/339]: 31#01034
2025-08-18 15:23:47,864 - INFO - 回测分析 [124/339]: 31#02101
2025-08-18 15:23:47,868 - INFO - 回测分析 [125/339]: 31#01707
2025-08-18 15:23:47,871 - INFO - 回测分析 [126/339]: sz000518
2025-08-18 15:23:47,876 - INFO - 回测分析 [127/339]: 31#00186
2025-08-18 15:23:47,879 - INFO - 回测分析 [128/339]: sz300175
2025-08-18 15:23:47,884 - INFO - 回测分析 [129/339]: 31#01317
2025-08-18 15:23:47,887 - INFO - 回测分析 [130/339]: 31#02361
2025-08-18 15:23:47,890 - INFO - 回测分析 [131/339]: 31#00382
2025-08-18 15:23:47,894 - INFO - 回测分析 [132/339]: 31#02340
2025-08-18 15:23:47,897 - INFO - 回测分析 [133/339]: 31#00599
2025-08-18 15:23:47,900 - INFO - 回测分析 [134/339]: 31#03913
2025-08-18 15:23:47,904 - INFO - 回测分析 [135/339]: 31#02223
2025-08-18 15:23:47,907 - INFO - 回测分析 [136/339]: sz000595
2025-08-18 15:23:47,912 - INFO - 回测分析 [137/339]: 31#00997
2025-08-18 15:23:47,916 - INFO - 回测分析 [138/339]: 31#00438
2025-08-18 15:23:47,920 - INFO - 回测分析 [139/339]: 31#01820
2025-08-18 15:23:47,923 - INFO - 回测分析 [140/339]: 31#06913
2025-08-18 15:23:47,927 - INFO - 回测分析 [141/339]: sh603366
2025-08-18 15:23:47,932 - INFO - 回测分析 [142/339]: sz002529
2025-08-18 15:23:47,937 - INFO - 回测分析 [143/339]: 31#01161
2025-08-18 15:23:47,941 - INFO - 回测分析 [144/339]: 31#01727
2025-08-18 15:23:47,945 - INFO - 回测分析 [145/339]: sh600546
2025-08-18 15:23:47,950 - INFO - 回测分析 [146/339]: 31#01987
2025-08-18 15:23:47,954 - INFO - 回测分析 [147/339]: 31#01922
2025-08-18 15:23:47,958 - INFO - 回测分析 [148/339]: 31#02798
2025-08-18 15:23:47,962 - INFO - 回测分析 [149/339]: sz003032
2025-08-18 15:23:47,966 - INFO - 回测分析 [150/339]: 31#02521
2025-08-18 15:23:47,969 - INFO - 回测分析 [151/339]: 31#09998
2025-08-18 15:23:47,972 - INFO - 回测分析 [152/339]: 31#00936
2025-08-18 15:23:47,975 - INFO - 回测分析 [153/339]: 31#00834
2025-08-18 15:23:47,978 - INFO - 回测分析 [154/339]: 31#01909
2025-08-18 15:23:47,981 - INFO - 回测分析 [155/339]: 31#01865
2025-08-18 15:23:47,985 - INFO - 回测分析 [156/339]: 31#06878
2025-08-18 15:23:47,989 - INFO - 回测分析 [157/339]: sz300208
2025-08-18 15:23:47,993 - INFO - 回测分析 [158/339]: sz300268
2025-08-18 15:23:47,997 - INFO - 回测分析 [159/339]: sh688526
2025-08-18 15:23:48,005 - INFO - 回测分析 [160/339]: 31#02459
2025-08-18 15:23:48,008 - INFO - 回测分析 [161/339]: 31#02187
2025-08-18 15:23:48,012 - INFO - 回测分析 [162/339]: 31#01332
2025-08-18 15:23:48,016 - INFO - 回测分析 [163/339]: 31#02405
2025-08-18 15:23:48,019 - INFO - 回测分析 [164/339]: 31#01830
2025-08-18 15:23:48,023 - INFO - 回测分析 [165/339]: 31#00587
2025-08-18 15:23:48,026 - INFO - 回测分析 [166/339]: 31#03390
2025-08-18 15:23:48,030 - INFO - 回测分析 [167/339]: 31#01245
2025-08-18 15:23:48,034 - INFO - 回测分析 [168/339]: 31#02199
2025-08-18 15:23:48,038 - INFO - 回测分析 [169/339]: 31#00162
2025-08-18 15:23:48,041 - INFO - 回测分析 [170/339]: 31#09929
2025-08-18 15:23:48,045 - INFO - 回测分析 [171/339]: 31#01490
2025-08-18 15:23:48,048 - INFO - 回测分析 [172/339]: 31#01029
2025-08-18 15:23:48,052 - INFO - 回测分析 [173/339]: 31#01739
2025-08-18 15:23:48,056 - INFO - 回测分析 [174/339]: 31#06899
2025-08-18 15:23:48,060 - INFO - 回测分析 [175/339]: 31#06900
2025-08-18 15:23:48,063 - INFO - 回测分析 [176/339]: 31#01004
2025-08-18 15:23:48,067 - INFO - 回测分析 [177/339]: 31#00827
2025-08-18 15:23:48,071 - INFO - 回测分析 [178/339]: 31#06633
2025-08-18 15:23:48,074 - INFO - 回测分析 [179/339]: 31#01222
2025-08-18 15:23:48,078 - INFO - 回测分析 [180/339]: 31#01719
2025-08-18 15:23:48,081 - INFO - 回测分析 [181/339]: 31#00137
2025-08-18 15:23:48,084 - INFO - 回测分析 [182/339]: 31#00171
2025-08-18 15:23:48,088 - INFO - 回测分析 [183/339]: 31#00102
2025-08-18 15:23:48,091 - INFO - 回测分析 [184/339]: sz001378
2025-08-18 15:23:48,095 - INFO - 回测分析 [185/339]: 31#00830
2025-08-18 15:23:48,099 - INFO - 回测分析 [186/339]: 31#03603
2025-08-18 15:23:48,102 - INFO - 回测分析 [187/339]: 31#01953
2025-08-18 15:23:48,106 - INFO - 回测分析 [188/339]: sz300338
2025-08-18 15:23:48,110 - INFO - 回测分析 [189/339]: 31#02427
2025-08-18 15:23:48,113 - INFO - 回测分析 [190/339]: 31#01660
2025-08-18 15:23:48,117 - INFO - 回测分析 [191/339]: 31#01975
2025-08-18 15:23:48,120 - INFO - 回测分析 [192/339]: 31#00195
2025-08-18 15:23:48,123 - INFO - 回测分析 [193/339]: 31#00383
2025-08-18 15:23:48,127 - INFO - 回测分析 [194/339]: 31#00082
2025-08-18 15:23:48,131 - INFO - 回测分析 [195/339]: sz002531
2025-08-18 15:23:48,136 - INFO - 回测分析 [196/339]: 31#00738
2025-08-18 15:23:48,139 - INFO - 回测分析 [197/339]: 31#01383
2025-08-18 15:23:48,142 - INFO - 回测分析 [198/339]: 31#03628
2025-08-18 15:23:48,145 - INFO - 回测分析 [199/339]: 31#01638
2025-08-18 15:23:48,149 - INFO - 回测分析 [200/339]: 31#01185
2025-08-18 15:23:48,152 - INFO - 回测分析 [201/339]: sh603261
2025-08-18 15:23:48,156 - INFO - 回测分析 [202/339]: 31#01360
2025-08-18 15:23:48,159 - INFO - 回测分析 [203/339]: 31#01224
2025-08-18 15:23:48,163 - INFO - 回测分析 [204/339]: 31#00009
2025-08-18 15:23:48,166 - INFO - 回测分析 [205/339]: 31#00361
2025-08-18 15:23:48,170 - INFO - 回测分析 [206/339]: 31#01569
2025-08-18 15:23:48,174 - INFO - 回测分析 [207/339]: sh600199
2025-08-18 15:23:48,179 - INFO - 回测分析 [208/339]: 31#03333
2025-08-18 15:23:48,182 - INFO - 回测分析 [209/339]: 31#00251
2025-08-18 15:23:48,185 - INFO - 回测分析 [210/339]: 31#00410
2025-08-18 15:23:48,190 - INFO - 回测分析 [211/339]: 31#06698
2025-08-18 15:23:48,193 - INFO - 回测分析 [212/339]: 31#06677
2025-08-18 15:23:48,196 - INFO - 回测分析 [213/339]: 31#06163
2025-08-18 15:23:48,199 - INFO - 回测分析 [214/339]: 31#02078
2025-08-18 15:23:48,203 - INFO - 回测分析 [215/339]: 31#09983
2025-08-18 15:23:48,207 - INFO - 回测分析 [216/339]: 31#01156
2025-08-18 15:23:48,211 - INFO - 回测分析 [217/339]: 31#01111
2025-08-18 15:23:48,213 - INFO - 回测分析 [218/339]: 31#01284
2025-08-18 15:23:48,216 - INFO - 回测分析 [219/339]: 31#01598
2025-08-18 15:23:48,220 - INFO - 回测分析 [220/339]: 31#06036
2025-08-18 15:23:48,224 - INFO - 回测分析 [221/339]: 31#01489
2025-08-18 15:23:48,227 - INFO - 回测分析 [222/339]: 31#03389
2025-08-18 15:23:48,231 - INFO - 回测分析 [223/339]: 31#01399
2025-08-18 15:23:48,236 - INFO - 回测分析 [224/339]: 31#02708
2025-08-18 15:23:48,240 - INFO - 回测分析 [225/339]: 31#00589
2025-08-18 15:23:48,243 - INFO - 回测分析 [226/339]: 31#09869
2025-08-18 15:23:48,247 - INFO - 回测分析 [227/339]: 31#00191
2025-08-18 15:23:48,251 - INFO - 回测分析 [228/339]: 31#00389
2025-08-18 15:23:48,255 - INFO - 回测分析 [229/339]: 31#01121
2025-08-18 15:23:48,259 - INFO - 回测分析 [230/339]: 31#00310
2025-08-18 15:23:48,265 - INFO - 回测分析 [231/339]: 31#01655
2025-08-18 15:23:48,268 - INFO - 回测分析 [232/339]: 31#01955
2025-08-18 15:23:48,273 - INFO - 回测分析 [233/339]: 31#06966
2025-08-18 15:23:48,277 - INFO - 回测分析 [234/339]: 31#01827
2025-08-18 15:23:48,280 - INFO - 回测分析 [235/339]: 31#02153
2025-08-18 15:23:48,284 - INFO - 回测分析 [236/339]: 31#01983
2025-08-18 15:23:48,287 - INFO - 回测分析 [237/339]: sh600026
2025-08-18 15:23:48,293 - INFO - 回测分析 [238/339]: 31#01937
2025-08-18 15:23:48,299 - INFO - 回测分析 [239/339]: 31#01183
2025-08-18 15:23:48,304 - INFO - 回测分析 [240/339]: 31#01650
2025-08-18 15:23:48,308 - INFO - 回测分析 [241/339]: 31#00422
2025-08-18 15:23:48,311 - INFO - 回测分析 [242/339]: 31#00431
2025-08-18 15:23:48,315 - INFO - 回测分析 [243/339]: sz002630
2025-08-18 15:23:48,320 - INFO - 回测分析 [244/339]: 31#01960
2025-08-18 15:23:48,324 - INFO - 回测分析 [245/339]: 31#02372
2025-08-18 15:23:48,327 - INFO - 回测分析 [246/339]: 31#00603
2025-08-18 15:23:48,332 - INFO - 回测分析 [247/339]: 31#00034
2025-08-18 15:23:48,336 - INFO - 回测分析 [248/339]: sz000420
2025-08-18 15:23:48,346 - INFO - 回测分析 [249/339]: 31#00822
2025-08-18 15:23:48,350 - INFO - 回测分析 [250/339]: 31#02383
2025-08-18 15:23:48,354 - INFO - 回测分析 [251/339]: 31#01542
2025-08-18 15:23:48,357 - INFO - 回测分析 [252/339]: 31#01575
2025-08-18 15:23:48,360 - INFO - 回测分析 [253/339]: sz000820
2025-08-18 15:23:48,366 - INFO - 回测分析 [254/339]: 31#00750
2025-08-18 15:23:48,370 - INFO - 回测分析 [255/339]: 31#06606
2025-08-18 15:23:48,373 - INFO - 回测分析 [256/339]: 31#09982
2025-08-18 15:23:48,376 - INFO - 回测分析 [257/339]: 31#01894
2025-08-18 15:23:48,380 - INFO - 回测分析 [258/339]: 31#01563
2025-08-18 15:23:48,384 - INFO - 回测分析 [259/339]: 31#03683
2025-08-18 15:23:48,387 - INFO - 回测分析 [260/339]: 31#00894
2025-08-18 15:23:48,391 - INFO - 回测分析 [261/339]: 31#00110
2025-08-18 15:23:48,394 - INFO - 回测分析 [262/339]: 31#02147
2025-08-18 15:23:48,397 - INFO - 回测分析 [263/339]: 31#01408
2025-08-18 15:23:48,400 - INFO - 回测分析 [264/339]: 31#00663
2025-08-18 15:23:48,405 - INFO - 回测分析 [265/339]: 31#01854
2025-08-18 15:23:48,409 - INFO - 回测分析 [266/339]: 31#00037
2025-08-18 15:23:48,413 - INFO - 回测分析 [267/339]: 31#01965
2025-08-18 15:23:48,416 - INFO - 回测分析 [268/339]: 31#01028
2025-08-18 15:23:48,420 - INFO - 回测分析 [269/339]: sh600702
2025-08-18 15:23:48,425 - INFO - 回测分析 [270/339]: 31#00685
2025-08-18 15:23:48,428 - INFO - 回测分析 [271/339]: 31#03336
2025-08-18 15:23:48,432 - INFO - 回测分析 [272/339]: sh603178
2025-08-18 15:23:48,437 - INFO - 回测分析 [273/339]: 31#06689
2025-08-18 15:23:48,440 - INFO - 回测分析 [274/339]: 31#01417
2025-08-18 15:23:48,443 - INFO - 回测分析 [275/339]: 31#09857
2025-08-18 15:23:48,446 - INFO - 回测分析 [276/339]: 31#01699
2025-08-18 15:23:48,449 - INFO - 回测分析 [277/339]: sz002521
2025-08-18 15:23:48,454 - INFO - 回测分析 [278/339]: 31#01645
2025-08-18 15:23:48,458 - INFO - 回测分析 [279/339]: 31#01547
2025-08-18 15:23:48,462 - INFO - 回测分析 [280/339]: 31#02182
2025-08-18 15:23:48,465 - INFO - 回测分析 [281/339]: 31#00550
2025-08-18 15:23:48,469 - INFO - 回测分析 [282/339]: 31#00007
2025-08-18 15:23:48,473 - INFO - 回测分析 [283/339]: 31#02436
2025-08-18 15:23:48,476 - INFO - 回测分析 [284/339]: 31#01566
2025-08-18 15:23:48,482 - INFO - 回测分析 [285/339]: 31#01652
2025-08-18 15:23:48,486 - INFO - 回测分析 [286/339]: 31#02098
2025-08-18 15:23:48,491 - INFO - 回测分析 [287/339]: 31#02175
2025-08-18 15:23:48,494 - INFO - 回测分析 [288/339]: 31#03997
2025-08-18 15:23:48,498 - INFO - 回测分析 [289/339]: 31#01701
2025-08-18 15:23:48,502 - INFO - 回测分析 [290/339]: 31#02120
2025-08-18 15:23:48,505 - INFO - 回测分析 [291/339]: 31#02325
2025-08-18 15:23:48,508 - INFO - 回测分析 [292/339]: 31#01058
2025-08-18 15:23:48,512 - INFO - 回测分析 [293/339]: 31#01692
2025-08-18 15:23:48,516 - INFO - 回测分析 [294/339]: 31#00368
2025-08-18 15:23:48,519 - INFO - 回测分析 [295/339]: 31#00810
2025-08-18 15:23:48,523 - INFO - 回测分析 [296/339]: 31#00873
2025-08-18 15:23:48,528 - INFO - 回测分析 [297/339]: 31#06610
2025-08-18 15:23:48,531 - INFO - 回测分析 [298/339]: 31#00333
2025-08-18 15:23:48,534 - INFO - 回测分析 [299/339]: 31#02399
2025-08-18 15:23:48,538 - INFO - 回测分析 [300/339]: 31#00459
2025-08-18 15:23:48,542 - INFO - 回测分析 [301/339]: 31#02385
2025-08-18 15:23:48,546 - INFO - 回测分析 [302/339]: 31#00520
2025-08-18 15:23:48,550 - INFO - 回测分析 [303/339]: 31#02222
2025-08-18 15:23:48,554 - INFO - 回测分析 [304/339]: 31#01597
2025-08-18 15:23:48,559 - INFO - 回测分析 [305/339]: 31#01846
2025-08-18 15:23:48,565 - INFO - 回测分析 [306/339]: 31#03798
2025-08-18 15:23:48,572 - INFO - 回测分析 [307/339]: 31#01416
2025-08-18 15:23:48,577 - INFO - 回测分析 [308/339]: 31#01463
2025-08-18 15:23:48,583 - INFO - 回测分析 [309/339]: 31#09916
2025-08-18 15:23:48,588 - INFO - 回测分析 [310/339]: sz002762
2025-08-18 15:23:48,597 - INFO - 回测分析 [311/339]: 31#00724
2025-08-18 15:23:48,601 - INFO - 回测分析 [312/339]: 31#00606
2025-08-18 15:23:48,605 - INFO - 回测分析 [313/339]: 31#02370
2025-08-18 15:23:48,609 - INFO - 回测分析 [314/339]: 31#02260
2025-08-18 15:23:48,614 - INFO - 回测分析 [315/339]: 31#06958
2025-08-18 15:23:48,621 - INFO - 回测分析 [316/339]: 31#06968
2025-08-18 15:23:48,628 - INFO - 回测分析 [317/339]: sz002455
2025-08-18 15:23:48,636 - INFO - 回测分析 [318/339]: 31#01817
2025-08-18 15:23:48,644 - INFO - 回测分析 [319/339]: 31#09663
2025-08-18 15:23:48,648 - INFO - 回测分析 [320/339]: 31#06108
2025-08-18 15:23:48,654 - INFO - 回测分析 [321/339]: 31#01936
2025-08-18 15:23:48,661 - INFO - 回测分析 [322/339]: 31#02168
2025-08-18 15:23:48,669 - INFO - 回测分析 [323/339]: 31#01765
2025-08-18 15:23:48,676 - INFO - 回测分析 [324/339]: 31#01231
2025-08-18 15:23:48,681 - INFO - 回测分析 [325/339]: 31#01996
2025-08-18 15:23:48,688 - INFO - 回测分析 [326/339]: 31#01495
2025-08-18 15:23:48,694 - INFO - 回测分析 [327/339]: 31#02237
2025-08-18 15:23:48,699 - INFO - 回测分析 [328/339]: 31#00030
2025-08-18 15:23:48,704 - INFO - 回测分析 [329/339]: 31#01472
2025-08-18 15:23:48,711 - INFO - 回测分析 [330/339]: 31#02135
2025-08-18 15:23:48,715 - INFO - 回测分析 [331/339]: 31#00302
2025-08-18 15:23:48,720 - INFO - 回测分析 [332/339]: 31#03309
2025-08-18 15:23:48,724 - INFO - 回测分析 [333/339]: 31#00214
2025-08-18 15:23:48,728 - INFO - 回测分析 [334/339]: 31#01204
2025-08-18 15:23:48,734 - INFO - 回测分析 [335/339]: 31#01790
2025-08-18 15:23:48,738 - INFO - 回测分析 [336/339]: 31#00174
2025-08-18 15:23:48,743 - INFO - 回测分析 [337/339]: 31#02482
2025-08-18 15:23:48,747 - INFO - 回测分析 [338/339]: 31#02017
2025-08-18 15:23:48,753 - INFO - 回测分析 [339/339]: 31#01532
2025-08-18 15:23:48,760 - INFO - 筛选完成，发现 339 个信号，耗时 14.73 秒
2025-08-18 15:23:48,814 - INFO - 结果已保存至: /home/hypnosis/data/quant_base/data/result/UNIVERSAL_SCREENING
