2025-08-25 13:56:06,750 - INFO - 加载配置文件: /home/hypnosis/data/git/quant_base/backend/strategies_config.json
2025-08-25 13:56:06,751 - INFO - 通用筛选器初始化完成
2025-08-25 13:56:06,751 - INFO - ===== 开始执行通用股票筛选 =====
2025-08-25 13:56:06,752 - INFO - 配置保存成功
2025-08-25 13:56:06,752 - INFO - 启用策略: 三重金叉_v1.0
2025-08-25 13:56:06,752 - INFO - 启用策略: 三重金叉_v1.0
2025-08-25 13:56:06,760 - INFO - 共找到 11848 个股票文件
2025-08-25 13:56:06,760 - INFO - 启用的策略: ['深渊筑底策略_v2.0', '临界金叉_v1.0', '三重金叉_v1.0', 'MACD零轴启动_v1.0', '周线金叉+日线MA_v1.0', '价值反转策略（最终版）_v1.0', '反转做多策略（优化版）_v1.0', '年度见底机会策略_v1.0', '强势股MA13回调策略_v1.0', '长周期横盘突破策略_v1.0']
2025-08-25 13:56:17,703 - INFO - 对 47 个信号结果进行回测摘要分析...
2025-08-25 13:56:17,703 - INFO - 回测分析 [1/41]: sh688522
2025-08-25 13:56:17,709 - INFO - 回测分析 [2/41]: sz002541
2025-08-25 13:56:17,713 - INFO - 回测分析 [3/41]: sz000627
2025-08-25 13:56:17,716 - INFO - 回测分析 [4/41]: sz001323
2025-08-25 13:56:17,719 - INFO - 回测分析 [5/41]: sz002531
2025-08-25 13:56:17,724 - INFO - 回测分析 [6/41]: sz002563
2025-08-25 13:56:17,733 - INFO - 回测分析 [7/41]: sz002526
2025-08-25 13:56:17,742 - INFO - 回测分析 [8/41]: sh603111
2025-08-25 13:56:17,751 - INFO - 回测分析 [9/41]: sh603004
2025-08-25 13:56:17,755 - INFO - 回测分析 [10/41]: sz002455
2025-08-25 13:56:17,760 - INFO - 回测分析 [11/41]: sz002039
2025-08-25 13:56:17,764 - INFO - 回测分析 [12/41]: sz000820
2025-08-25 13:56:17,770 - INFO - 回测分析 [13/41]: sz002290
2025-08-25 13:56:17,774 - INFO - 回测分析 [14/41]: sz000595
2025-08-25 13:56:17,780 - INFO - 回测分析 [15/41]: sz300268
2025-08-25 13:56:17,812 - INFO - 回测分析 [16/41]: sz002892
2025-08-25 13:56:17,820 - INFO - 回测分析 [17/41]: sz002789
2025-08-25 13:56:17,825 - INFO - 回测分析 [18/41]: sz300859
2025-08-25 13:56:17,828 - INFO - 回测分析 [19/41]: sz002479
2025-08-25 13:56:17,837 - INFO - 回测分析 [20/41]: sh600123
2025-08-25 13:56:17,841 - INFO - 回测分析 [21/41]: sz002762
2025-08-25 13:56:17,846 - INFO - 回测分析 [22/41]: bj430476
2025-08-25 13:56:17,849 - INFO - 回测分析 [23/41]: bj836699
2025-08-25 13:56:17,851 - INFO - 回测分析 [24/41]: sz300208
2025-08-25 13:56:17,854 - INFO - 回测分析 [25/41]: sh603721
2025-08-25 13:56:17,859 - INFO - 回测分析 [26/41]: sh603261
2025-08-25 13:56:17,863 - INFO - 回测分析 [27/41]: sz002529
2025-08-25 13:56:17,868 - INFO - 回测分析 [28/41]: sh688141
2025-08-25 13:56:17,870 - INFO - 回测分析 [29/41]: sh600199
2025-08-25 13:56:17,875 - INFO - 回测分析 [30/41]: sh603348
2025-08-25 13:56:17,879 - INFO - 回测分析 [31/41]: sz300175
2025-08-25 13:56:17,884 - INFO - 回测分析 [32/41]: sh605577
2025-08-25 13:56:17,888 - INFO - 回测分析 [33/41]: sz000651
2025-08-25 13:56:17,891 - INFO - 回测分析 [34/41]: sz002627
2025-08-25 13:56:17,901 - INFO - 回测分析 [35/41]: sz003032
2025-08-25 13:56:17,905 - INFO - 回测分析 [36/41]: sz002766
2025-08-25 13:56:17,913 - INFO - 回测分析 [37/41]: sh600546
2025-08-25 13:56:17,918 - INFO - 回测分析 [38/41]: sz002581
2025-08-25 13:56:17,923 - INFO - 回测分析 [39/41]: sz000518
2025-08-25 13:56:17,927 - INFO - 回测分析 [40/41]: sz000736
2025-08-25 13:56:17,932 - INFO - 回测分析 [41/41]: sz001378
2025-08-25 13:56:17,935 - INFO - 筛选完成，发现 47 个信号，耗时 11.18 秒
2025-08-25 13:56:17,936 - INFO - 配置保存成功
2025-08-25 13:56:17,936 - INFO - 禁用策略: 强势股MA13回调策略_v1.0
2025-08-25 13:56:17,936 - INFO - 禁用策略: 强势股MA13回调策略_v1.0
2025-08-25 13:56:17,936 - INFO - 禁用策略: STRONG_STOCK_MA13_PULLBACK_v1.0
2025-08-25 13:56:17,943 - INFO - 配置保存成功
2025-08-25 13:56:17,943 - INFO - 禁用策略: 周线金叉+日线MA_v1.0
2025-08-25 13:56:17,943 - INFO - 禁用策略: 周线金叉+日线MA_v1.0
2025-08-25 13:56:17,943 - INFO - 禁用策略: WEEKLY_GOLDEN_CROSS_MA_v1.0
2025-08-25 13:56:17,944 - INFO - 配置保存成功
2025-08-25 13:56:17,944 - INFO - 禁用策略: 年度见底机会策略_v1.0
2025-08-25 13:56:17,944 - INFO - 禁用策略: 年度见底机会策略_v1.0
2025-08-25 13:56:17,944 - INFO - 禁用策略: ANNUAL_BOTTOM_OPPORTUNITY_v1.0
2025-08-25 13:56:17,944 - INFO - 配置保存成功
2025-08-25 13:56:17,944 - INFO - 禁用策略: MACD零轴启动_v1.0
2025-08-25 13:56:17,944 - INFO - 禁用策略: MACD零轴启动_v1.0
2025-08-25 13:56:17,944 - INFO - 禁用策略: MACD_ZERO_AXIS_v1.0
2025-08-25 13:56:17,944 - INFO - 配置保存成功
2025-08-25 13:56:17,944 - INFO - 禁用策略: 价值反转策略（最终版）_v1.0
2025-08-25 13:56:17,944 - INFO - 禁用策略: 价值反转策略（最终版）_v1.0
2025-08-25 13:56:17,944 - INFO - 配置保存成功
2025-08-25 13:56:17,944 - INFO - 禁用策略: 长周期横盘突破策略_v1.0
2025-08-25 13:56:17,944 - INFO - 禁用策略: 长周期横盘突破策略_v1.0
2025-08-25 13:56:17,945 - INFO - 禁用策略: LONG_TERM_CONSOLIDATION_BREAKOUT_v1.0
2025-08-25 13:56:17,945 - INFO - 配置保存成功
2025-08-25 13:56:17,945 - INFO - 禁用策略: 深渊筑底策略_v2.0
2025-08-25 13:56:17,945 - INFO - 禁用策略: 深渊筑底策略_v2.0
2025-08-25 13:56:17,945 - INFO - 禁用策略: ABYSS_BOTTOMING_v2.0
2025-08-25 13:56:17,945 - INFO - 配置保存成功
2025-08-25 13:56:17,945 - INFO - 禁用策略: 临界金叉_v1.0
2025-08-25 13:56:17,945 - INFO - 禁用策略: 临界金叉_v1.0
2025-08-25 13:56:17,945 - INFO - 禁用策略: PRE_CROSS_v1.0
2025-08-25 13:56:17,945 - INFO - 配置保存成功
2025-08-25 13:56:17,945 - INFO - 禁用策略: 反转做多策略（优化版）_v1.0
2025-08-25 13:56:17,945 - INFO - 禁用策略: 反转做多策略（优化版）_v1.0
2025-08-25 13:56:17,945 - INFO - 配置保存成功
2025-08-25 13:56:17,945 - INFO - 禁用策略: 三重金叉_v1.0
2025-08-25 13:56:17,945 - INFO - 禁用策略: 三重金叉_v1.0
2025-08-25 13:56:17,945 - INFO - 禁用策略: TRIPLE_CROSS_v1.0
2025-08-25 13:56:17,946 - INFO - 配置保存成功
2025-08-25 13:56:17,946 - INFO - 启用策略: 深渊筑底策略_v2.0
2025-08-25 13:56:17,946 - INFO - 启用策略: 深渊筑底策略_v2.0
2025-08-25 13:56:17,946 - INFO - 配置保存成功
2025-08-25 13:56:17,946 - INFO - 启用策略: 临界金叉_v1.0
2025-08-25 13:56:17,946 - INFO - 启用策略: 临界金叉_v1.0
2025-08-25 13:56:17,946 - INFO - 配置保存成功
2025-08-25 13:56:17,946 - INFO - 启用策略: 三重金叉_v1.0
2025-08-25 13:56:17,946 - INFO - 启用策略: 三重金叉_v1.0
2025-08-25 13:56:17,946 - INFO - 配置保存成功
2025-08-25 13:56:17,946 - INFO - 启用策略: MACD零轴启动_v1.0
2025-08-25 13:56:17,946 - INFO - 启用策略: MACD零轴启动_v1.0
2025-08-25 13:56:17,947 - INFO - 配置保存成功
2025-08-25 13:56:17,947 - INFO - 启用策略: 周线金叉+日线MA_v1.0
2025-08-25 13:56:17,947 - INFO - 启用策略: 周线金叉+日线MA_v1.0
2025-08-25 13:56:17,947 - INFO - 配置保存成功
2025-08-25 13:56:17,947 - INFO - 启用策略: 价值反转策略（最终版）_v1.0
2025-08-25 13:56:17,947 - INFO - 启用策略: 价值反转策略（最终版）_v1.0
2025-08-25 13:56:17,947 - INFO - 配置保存成功
2025-08-25 13:56:17,947 - INFO - 启用策略: 反转做多策略（优化版）_v1.0
2025-08-25 13:56:17,947 - INFO - 启用策略: 反转做多策略（优化版）_v1.0
2025-08-25 13:56:17,947 - INFO - 配置保存成功
2025-08-25 13:56:17,947 - INFO - 启用策略: 年度见底机会策略_v1.0
2025-08-25 13:56:17,947 - INFO - 启用策略: 年度见底机会策略_v1.0
2025-08-25 13:56:17,948 - INFO - 配置保存成功
2025-08-25 13:56:17,948 - INFO - 启用策略: 强势股MA13回调策略_v1.0
2025-08-25 13:56:17,948 - INFO - 启用策略: 强势股MA13回调策略_v1.0
2025-08-25 13:56:17,948 - INFO - 配置保存成功
2025-08-25 13:56:17,948 - INFO - 启用策略: 长周期横盘突破策略_v1.0
2025-08-25 13:56:17,948 - INFO - 启用策略: 长周期横盘突破策略_v1.0
2025-08-25 13:56:35,035 - INFO - 172.27.28.139 - - [25/Aug/2025 13:56:35] "GET /api/strategies/三重金叉_v1.0/stocks HTTP/1.1" 200 -
2025-08-25 13:57:13,224 - INFO - 172.27.28.139 - - [25/Aug/2025 13:57:13] "[36mGET / HTTP/1.1[0m" 304 -
2025-08-25 13:57:13,231 - INFO - 172.27.28.139 - - [25/Aug/2025 13:57:13] "[36mGET /js/strategy-config.js HTTP/1.1[0m" 304 -
2025-08-25 13:57:13,232 - INFO - 172.27.28.139 - - [25/Aug/2025 13:57:13] "[36mGET /js/app.js HTTP/1.1[0m" 304 -
2025-08-25 13:57:13,257 - INFO - 172.27.28.139 - - [25/Aug/2025 13:57:13] "GET /api/config/unified HTTP/1.1" 200 -
2025-08-25 13:57:13,265 - INFO - 172.27.28.139 - - [25/Aug/2025 13:57:13] "GET /api/deep_scan_results HTTP/1.1" 200 -
2025-08-25 13:57:15,709 - INFO - 加载配置文件: /home/hypnosis/data/git/quant_base/backend/strategies_config.json
2025-08-25 13:57:15,710 - INFO - 通用筛选器初始化完成
2025-08-25 13:57:15,710 - INFO - ===== 开始执行通用股票筛选 =====
2025-08-25 13:57:15,711 - INFO - 配置保存成功
2025-08-25 13:57:15,711 - INFO - 启用策略: MACD零轴启动_v1.0
2025-08-25 13:57:15,711 - INFO - 启用策略: MACD零轴启动_v1.0
2025-08-25 13:57:15,720 - INFO - 共找到 11848 个股票文件
2025-08-25 13:57:15,720 - INFO - 启用的策略: ['深渊筑底策略_v2.0', '临界金叉_v1.0', '三重金叉_v1.0', 'MACD零轴启动_v1.0', '周线金叉+日线MA_v1.0', '价值反转策略（最终版）_v1.0', '反转做多策略（优化版）_v1.0', '年度见底机会策略_v1.0', '强势股MA13回调策略_v1.0', '长周期横盘突破策略_v1.0']
2025-08-25 13:57:26,141 - INFO - 对 47 个信号结果进行回测摘要分析...
2025-08-25 13:57:26,141 - INFO - 回测分析 [1/41]: sh688522
2025-08-25 13:57:26,146 - INFO - 回测分析 [2/41]: sz002541
2025-08-25 13:57:26,151 - INFO - 回测分析 [3/41]: sz000627
2025-08-25 13:57:26,155 - INFO - 回测分析 [4/41]: sz001323
2025-08-25 13:57:26,157 - INFO - 回测分析 [5/41]: sz002531
2025-08-25 13:57:26,162 - INFO - 回测分析 [6/41]: sz002563
2025-08-25 13:57:26,170 - INFO - 回测分析 [7/41]: sz002526
2025-08-25 13:57:26,179 - INFO - 回测分析 [8/41]: sh603111
2025-08-25 13:57:26,187 - INFO - 回测分析 [9/41]: sh603004
2025-08-25 13:57:26,191 - INFO - 回测分析 [10/41]: sz002455
2025-08-25 13:57:26,195 - INFO - 回测分析 [11/41]: sz002039
2025-08-25 13:57:26,199 - INFO - 回测分析 [12/41]: sz000820
2025-08-25 13:57:26,203 - INFO - 回测分析 [13/41]: sz002290
2025-08-25 13:57:26,207 - INFO - 回测分析 [14/41]: sz000595
2025-08-25 13:57:26,211 - INFO - 回测分析 [15/41]: sz300268
2025-08-25 13:57:26,215 - INFO - 回测分析 [16/41]: sz002892
2025-08-25 13:57:26,222 - INFO - 回测分析 [17/41]: sz002789
2025-08-25 13:57:26,227 - INFO - 回测分析 [18/41]: sz300859
2025-08-25 13:57:26,229 - INFO - 回测分析 [19/41]: sz002479
2025-08-25 13:57:26,238 - INFO - 回测分析 [20/41]: sh600123
2025-08-25 13:57:26,242 - INFO - 回测分析 [21/41]: sz002762
2025-08-25 13:57:26,247 - INFO - 回测分析 [22/41]: bj430476
2025-08-25 13:57:26,249 - INFO - 回测分析 [23/41]: bj836699
2025-08-25 13:57:26,251 - INFO - 回测分析 [24/41]: sz300208
2025-08-25 13:57:26,255 - INFO - 回测分析 [25/41]: sh603721
2025-08-25 13:57:26,285 - INFO - 回测分析 [26/41]: sh603261
2025-08-25 13:57:26,289 - INFO - 回测分析 [27/41]: sz002529
2025-08-25 13:57:26,294 - INFO - 回测分析 [28/41]: sh688141
2025-08-25 13:57:26,296 - INFO - 回测分析 [29/41]: sh600199
2025-08-25 13:57:26,301 - INFO - 回测分析 [30/41]: sh603348
2025-08-25 13:57:26,305 - INFO - 回测分析 [31/41]: sz300175
2025-08-25 13:57:26,310 - INFO - 回测分析 [32/41]: sh605577
2025-08-25 13:57:26,314 - INFO - 回测分析 [33/41]: sz000651
2025-08-25 13:57:26,318 - INFO - 回测分析 [34/41]: sz002627
2025-08-25 13:57:26,327 - INFO - 回测分析 [35/41]: sz003032
2025-08-25 13:57:26,331 - INFO - 回测分析 [36/41]: sz002766
2025-08-25 13:57:26,340 - INFO - 回测分析 [37/41]: sh600546
2025-08-25 13:57:26,344 - INFO - 回测分析 [38/41]: sz002581
2025-08-25 13:57:26,349 - INFO - 回测分析 [39/41]: sz000518
2025-08-25 13:57:26,354 - INFO - 回测分析 [40/41]: sz000736
2025-08-25 13:57:26,358 - INFO - 回测分析 [41/41]: sz001378
2025-08-25 13:57:26,361 - INFO - 筛选完成，发现 47 个信号，耗时 10.65 秒
2025-08-25 13:57:26,362 - INFO - 配置保存成功
2025-08-25 13:57:26,362 - INFO - 禁用策略: 强势股MA13回调策略_v1.0
2025-08-25 13:57:26,362 - INFO - 禁用策略: 强势股MA13回调策略_v1.0
2025-08-25 13:57:26,362 - INFO - 禁用策略: STRONG_STOCK_MA13_PULLBACK_v1.0
2025-08-25 13:57:26,387 - INFO - 配置保存成功
2025-08-25 13:57:26,387 - INFO - 禁用策略: 周线金叉+日线MA_v1.0
2025-08-25 13:57:26,387 - INFO - 禁用策略: 周线金叉+日线MA_v1.0
2025-08-25 13:57:26,387 - INFO - 禁用策略: WEEKLY_GOLDEN_CROSS_MA_v1.0
2025-08-25 13:57:26,388 - INFO - 配置保存成功
2025-08-25 13:57:26,388 - INFO - 禁用策略: 年度见底机会策略_v1.0
2025-08-25 13:57:26,388 - INFO - 禁用策略: 年度见底机会策略_v1.0
2025-08-25 13:57:26,389 - INFO - 禁用策略: ANNUAL_BOTTOM_OPPORTUNITY_v1.0
2025-08-25 13:57:26,389 - INFO - 配置保存成功
2025-08-25 13:57:26,389 - INFO - 禁用策略: MACD零轴启动_v1.0
2025-08-25 13:57:26,389 - INFO - 禁用策略: MACD零轴启动_v1.0
2025-08-25 13:57:26,389 - INFO - 禁用策略: MACD_ZERO_AXIS_v1.0
2025-08-25 13:57:26,389 - INFO - 配置保存成功
2025-08-25 13:57:26,389 - INFO - 禁用策略: 价值反转策略（最终版）_v1.0
2025-08-25 13:57:26,389 - INFO - 禁用策略: 价值反转策略（最终版）_v1.0
2025-08-25 13:57:26,390 - INFO - 配置保存成功
2025-08-25 13:57:26,390 - INFO - 禁用策略: 长周期横盘突破策略_v1.0
2025-08-25 13:57:26,390 - INFO - 禁用策略: 长周期横盘突破策略_v1.0
2025-08-25 13:57:26,390 - INFO - 禁用策略: LONG_TERM_CONSOLIDATION_BREAKOUT_v1.0
2025-08-25 13:57:26,390 - INFO - 配置保存成功
2025-08-25 13:57:26,390 - INFO - 禁用策略: 深渊筑底策略_v2.0
2025-08-25 13:57:26,390 - INFO - 禁用策略: 深渊筑底策略_v2.0
2025-08-25 13:57:26,390 - INFO - 禁用策略: ABYSS_BOTTOMING_v2.0
2025-08-25 13:57:26,390 - INFO - 配置保存成功
2025-08-25 13:57:26,390 - INFO - 禁用策略: 临界金叉_v1.0
2025-08-25 13:57:26,390 - INFO - 禁用策略: 临界金叉_v1.0
2025-08-25 13:57:26,390 - INFO - 禁用策略: PRE_CROSS_v1.0
2025-08-25 13:57:26,390 - INFO - 配置保存成功
2025-08-25 13:57:26,390 - INFO - 禁用策略: 反转做多策略（优化版）_v1.0
2025-08-25 13:57:26,390 - INFO - 禁用策略: 反转做多策略（优化版）_v1.0
2025-08-25 13:57:26,391 - INFO - 配置保存成功
2025-08-25 13:57:26,391 - INFO - 禁用策略: 三重金叉_v1.0
2025-08-25 13:57:26,391 - INFO - 禁用策略: 三重金叉_v1.0
2025-08-25 13:57:26,391 - INFO - 禁用策略: TRIPLE_CROSS_v1.0
2025-08-25 13:57:26,391 - INFO - 配置保存成功
2025-08-25 13:57:26,391 - INFO - 启用策略: 深渊筑底策略_v2.0
2025-08-25 13:57:26,391 - INFO - 启用策略: 深渊筑底策略_v2.0
2025-08-25 13:57:26,391 - INFO - 配置保存成功
2025-08-25 13:57:26,391 - INFO - 启用策略: 临界金叉_v1.0
2025-08-25 13:57:26,391 - INFO - 启用策略: 临界金叉_v1.0
2025-08-25 13:57:26,391 - INFO - 配置保存成功
2025-08-25 13:57:26,391 - INFO - 启用策略: 三重金叉_v1.0
2025-08-25 13:57:26,391 - INFO - 启用策略: 三重金叉_v1.0
2025-08-25 13:57:26,392 - INFO - 配置保存成功
2025-08-25 13:57:26,392 - INFO - 启用策略: MACD零轴启动_v1.0
2025-08-25 13:57:26,392 - INFO - 启用策略: MACD零轴启动_v1.0
2025-08-25 13:57:26,392 - INFO - 配置保存成功
2025-08-25 13:57:26,392 - INFO - 启用策略: 周线金叉+日线MA_v1.0
2025-08-25 13:57:26,392 - INFO - 启用策略: 周线金叉+日线MA_v1.0
2025-08-25 13:57:26,392 - INFO - 配置保存成功
2025-08-25 13:57:26,392 - INFO - 启用策略: 价值反转策略（最终版）_v1.0
2025-08-25 13:57:26,392 - INFO - 启用策略: 价值反转策略（最终版）_v1.0
2025-08-25 13:57:26,392 - INFO - 配置保存成功
2025-08-25 13:57:26,392 - INFO - 启用策略: 反转做多策略（优化版）_v1.0
2025-08-25 13:57:26,392 - INFO - 启用策略: 反转做多策略（优化版）_v1.0
2025-08-25 13:57:26,393 - INFO - 配置保存成功
2025-08-25 13:57:26,393 - INFO - 启用策略: 年度见底机会策略_v1.0
2025-08-25 13:57:26,393 - INFO - 启用策略: 年度见底机会策略_v1.0
2025-08-25 13:57:26,393 - INFO - 配置保存成功
2025-08-25 13:57:26,393 - INFO - 启用策略: 强势股MA13回调策略_v1.0
2025-08-25 13:57:26,393 - INFO - 启用策略: 强势股MA13回调策略_v1.0
2025-08-25 13:57:26,393 - INFO - 配置保存成功
2025-08-25 13:57:26,393 - INFO - 启用策略: 长周期横盘突破策略_v1.0
2025-08-25 13:57:26,393 - INFO - 启用策略: 长周期横盘突破策略_v1.0
2025-08-25 13:57:44,971 - INFO - 172.27.28.139 - - [25/Aug/2025 13:57:44] "GET /api/strategies/MACD零轴启动_v1.0/stocks HTTP/1.1" 200 -
2025-08-25 14:00:18,613 - INFO -  * Detected change in '/home/hypnosis/data/git/quant_base/backend/app.py', reloading
