2025-08-25 13:52:05,069 - INFO - 加载配置文件: /home/hypnosis/data/git/quant_base/backend/strategies_config.json
2025-08-25 13:52:05,071 - INFO - 通用筛选器初始化完成
2025-08-25 13:52:05,071 - INFO - ===== 开始执行通用股票筛选 =====
2025-08-25 13:52:05,071 - INFO - 配置保存成功
2025-08-25 13:52:05,071 - INFO - 启用策略: MACD零轴启动_v1.0
2025-08-25 13:52:05,071 - INFO - 启用策略: MACD零轴启动_v1.0
2025-08-25 13:52:05,080 - INFO - 共找到 11848 个股票文件
2025-08-25 13:52:05,080 - INFO - 启用的策略: ['深渊筑底策略_v2.0', '临界金叉_v1.0', '三重金叉_v1.0', 'MACD零轴启动_v1.0', '周线金叉+日线MA_v1.0', '价值反转策略（最终版）_v1.0', '反转做多策略（优化版）_v1.0', '年度见底机会策略_v1.0', '强势股MA13回调策略_v1.0', '长周期横盘突破策略_v1.0']
2025-08-25 13:52:15,425 - INFO - 对 47 个信号结果进行回测摘要分析...
2025-08-25 13:52:15,425 - INFO - 回测分析 [1/41]: sz002892
2025-08-25 13:52:15,438 - INFO - 回测分析 [2/41]: sz002531
2025-08-25 13:52:15,445 - INFO - 回测分析 [3/41]: sz002541
2025-08-25 13:52:15,449 - INFO - 回测分析 [4/41]: sz003032
2025-08-25 13:52:15,453 - INFO - 回测分析 [5/41]: sz000595
2025-08-25 13:52:15,458 - INFO - 回测分析 [6/41]: sz300268
2025-08-25 13:52:15,462 - INFO - 回测分析 [7/41]: sz001378
2025-08-25 13:52:15,465 - INFO - 回测分析 [8/41]: sz002766
2025-08-25 13:52:15,474 - INFO - 回测分析 [9/41]: sz000518
2025-08-25 13:52:15,479 - INFO - 回测分析 [10/41]: bj430476
2025-08-25 13:52:15,481 - INFO - 回测分析 [11/41]: sz002529
2025-08-25 13:52:15,486 - INFO - 回测分析 [12/41]: sh688522
2025-08-25 13:52:15,488 - INFO - 回测分析 [13/41]: sz002290
2025-08-25 13:52:15,492 - INFO - 回测分析 [14/41]: sz002563
2025-08-25 13:52:15,520 - INFO - 回测分析 [15/41]: sz300859
2025-08-25 13:52:15,524 - INFO - 回测分析 [16/41]: sh603111
2025-08-25 13:52:15,532 - INFO - 回测分析 [17/41]: sz002762
2025-08-25 13:52:15,537 - INFO - 回测分析 [18/41]: sh603004
2025-08-25 13:52:15,541 - INFO - 回测分析 [19/41]: sz002455
2025-08-25 13:52:15,545 - INFO - 回测分析 [20/41]: sh603348
2025-08-25 13:52:15,550 - INFO - 回测分析 [21/41]: sh603721
2025-08-25 13:52:15,555 - INFO - 回测分析 [22/41]: sz300208
2025-08-25 13:52:15,558 - INFO - 回测分析 [23/41]: sz002039
2025-08-25 13:52:15,562 - INFO - 回测分析 [24/41]: sz000651
2025-08-25 13:52:15,565 - INFO - 回测分析 [25/41]: sz000820
2025-08-25 13:52:15,570 - INFO - 回测分析 [26/41]: sz002627
2025-08-25 13:52:15,578 - INFO - 回测分析 [27/41]: sz002581
2025-08-25 13:52:15,583 - INFO - 回测分析 [28/41]: bj836699
2025-08-25 13:52:15,585 - INFO - 回测分析 [29/41]: sh600123
2025-08-25 13:52:15,589 - INFO - 回测分析 [30/41]: sh688141
2025-08-25 13:52:15,591 - INFO - 回测分析 [31/41]: sz002789
2025-08-25 13:52:15,596 - INFO - 回测分析 [32/41]: sh600199
2025-08-25 13:52:15,601 - INFO - 回测分析 [33/41]: sz000736
2025-08-25 13:52:15,605 - INFO - 回测分析 [34/41]: sz000627
2025-08-25 13:52:15,609 - INFO - 回测分析 [35/41]: sz001323
2025-08-25 13:52:15,611 - INFO - 回测分析 [36/41]: sh600546
2025-08-25 13:52:15,616 - INFO - 回测分析 [37/41]: sh603261
2025-08-25 13:52:15,620 - INFO - 回测分析 [38/41]: sz300175
2025-08-25 13:52:15,625 - INFO - 回测分析 [39/41]: sz002479
2025-08-25 13:52:15,633 - INFO - 回测分析 [40/41]: sh605577
2025-08-25 13:52:15,638 - INFO - 回测分析 [41/41]: sz002526
2025-08-25 13:52:15,646 - INFO - 筛选完成，发现 47 个信号，耗时 10.58 秒
2025-08-25 13:52:15,647 - INFO - 配置保存成功
2025-08-25 13:52:15,647 - INFO - 禁用策略: 强势股MA13回调策略_v1.0
2025-08-25 13:52:15,647 - INFO - 禁用策略: 强势股MA13回调策略_v1.0
2025-08-25 13:52:15,647 - INFO - 禁用策略: STRONG_STOCK_MA13_PULLBACK_v1.0
2025-08-25 13:52:15,655 - INFO - 配置保存成功
2025-08-25 13:52:15,655 - INFO - 禁用策略: 周线金叉+日线MA_v1.0
2025-08-25 13:52:15,655 - INFO - 禁用策略: 周线金叉+日线MA_v1.0
2025-08-25 13:52:15,655 - INFO - 禁用策略: WEEKLY_GOLDEN_CROSS_MA_v1.0
2025-08-25 13:52:15,655 - INFO - 配置保存成功
2025-08-25 13:52:15,655 - INFO - 禁用策略: 年度见底机会策略_v1.0
2025-08-25 13:52:15,655 - INFO - 禁用策略: 年度见底机会策略_v1.0
2025-08-25 13:52:15,655 - INFO - 禁用策略: ANNUAL_BOTTOM_OPPORTUNITY_v1.0
2025-08-25 13:52:15,655 - INFO - 配置保存成功
2025-08-25 13:52:15,655 - INFO - 禁用策略: MACD零轴启动_v1.0
2025-08-25 13:52:15,655 - INFO - 禁用策略: MACD零轴启动_v1.0
2025-08-25 13:52:15,656 - INFO - 禁用策略: MACD_ZERO_AXIS_v1.0
2025-08-25 13:52:15,656 - INFO - 配置保存成功
2025-08-25 13:52:15,656 - INFO - 禁用策略: 价值反转策略（最终版）_v1.0
2025-08-25 13:52:15,656 - INFO - 禁用策略: 价值反转策略（最终版）_v1.0
2025-08-25 13:52:15,656 - INFO - 配置保存成功
2025-08-25 13:52:15,656 - INFO - 禁用策略: 长周期横盘突破策略_v1.0
2025-08-25 13:52:15,656 - INFO - 禁用策略: 长周期横盘突破策略_v1.0
2025-08-25 13:52:15,656 - INFO - 禁用策略: LONG_TERM_CONSOLIDATION_BREAKOUT_v1.0
2025-08-25 13:52:15,656 - INFO - 配置保存成功
2025-08-25 13:52:15,656 - INFO - 禁用策略: 深渊筑底策略_v2.0
2025-08-25 13:52:15,656 - INFO - 禁用策略: 深渊筑底策略_v2.0
2025-08-25 13:52:15,656 - INFO - 禁用策略: ABYSS_BOTTOMING_v2.0
2025-08-25 13:52:15,657 - INFO - 配置保存成功
2025-08-25 13:52:15,657 - INFO - 禁用策略: 临界金叉_v1.0
2025-08-25 13:52:15,657 - INFO - 禁用策略: 临界金叉_v1.0
2025-08-25 13:52:15,657 - INFO - 禁用策略: PRE_CROSS_v1.0
2025-08-25 13:52:15,657 - INFO - 配置保存成功
2025-08-25 13:52:15,657 - INFO - 禁用策略: 反转做多策略（优化版）_v1.0
2025-08-25 13:52:15,657 - INFO - 禁用策略: 反转做多策略（优化版）_v1.0
2025-08-25 13:52:15,657 - INFO - 配置保存成功
2025-08-25 13:52:15,657 - INFO - 禁用策略: 三重金叉_v1.0
2025-08-25 13:52:15,657 - INFO - 禁用策略: 三重金叉_v1.0
2025-08-25 13:52:15,657 - INFO - 禁用策略: TRIPLE_CROSS_v1.0
2025-08-25 13:52:15,657 - INFO - 配置保存成功
2025-08-25 13:52:15,657 - INFO - 启用策略: 深渊筑底策略_v2.0
2025-08-25 13:52:15,657 - INFO - 启用策略: 深渊筑底策略_v2.0
2025-08-25 13:52:15,658 - INFO - 配置保存成功
2025-08-25 13:52:15,658 - INFO - 启用策略: 临界金叉_v1.0
2025-08-25 13:52:15,658 - INFO - 启用策略: 临界金叉_v1.0
2025-08-25 13:52:15,658 - INFO - 配置保存成功
2025-08-25 13:52:15,658 - INFO - 启用策略: 三重金叉_v1.0
2025-08-25 13:52:15,658 - INFO - 启用策略: 三重金叉_v1.0
2025-08-25 13:52:15,658 - INFO - 配置保存成功
2025-08-25 13:52:15,658 - INFO - 启用策略: MACD零轴启动_v1.0
2025-08-25 13:52:15,658 - INFO - 启用策略: MACD零轴启动_v1.0
2025-08-25 13:52:15,658 - INFO - 配置保存成功
2025-08-25 13:52:15,658 - INFO - 启用策略: 周线金叉+日线MA_v1.0
2025-08-25 13:52:15,658 - INFO - 启用策略: 周线金叉+日线MA_v1.0
2025-08-25 13:52:15,659 - INFO - 配置保存成功
2025-08-25 13:52:15,659 - INFO - 启用策略: 价值反转策略（最终版）_v1.0
2025-08-25 13:52:15,659 - INFO - 启用策略: 价值反转策略（最终版）_v1.0
2025-08-25 13:52:15,659 - INFO - 配置保存成功
2025-08-25 13:52:15,659 - INFO - 启用策略: 反转做多策略（优化版）_v1.0
2025-08-25 13:52:15,659 - INFO - 启用策略: 反转做多策略（优化版）_v1.0
2025-08-25 13:52:15,659 - INFO - 配置保存成功
2025-08-25 13:52:15,659 - INFO - 启用策略: 年度见底机会策略_v1.0
2025-08-25 13:52:15,659 - INFO - 启用策略: 年度见底机会策略_v1.0
2025-08-25 13:52:15,659 - INFO - 配置保存成功
2025-08-25 13:52:15,659 - INFO - 启用策略: 强势股MA13回调策略_v1.0
2025-08-25 13:52:15,659 - INFO - 启用策略: 强势股MA13回调策略_v1.0
2025-08-25 13:52:15,660 - INFO - 配置保存成功
2025-08-25 13:52:15,660 - INFO - 启用策略: 长周期横盘突破策略_v1.0
2025-08-25 13:52:15,660 - INFO - 启用策略: 长周期横盘突破策略_v1.0
2025-08-25 13:52:33,462 - INFO - 172.27.28.139 - - [25/Aug/2025 13:52:33] "GET /api/strategies/MACD零轴启动_v1.0/stocks HTTP/1.1" 200 -
2025-08-25 13:55:28,689 - INFO -  * Detected change in '/home/hypnosis/data/git/quant_base/backend/app.py', reloading
