2025-08-20 19:08:52,021 - INFO - 加载配置文件: /home/hypnosis/data/git/quant_base/backend/strategies_config.json
2025-08-20 19:08:52,021 - INFO - 配置加载成功: 5 个策略
2025-08-20 19:08:52,021 - INFO - 配置管理器初始化完成，配置文件: /home/hypnosis/data/git/quant_base/config/unified_strategy_config.json
2025-08-20 19:08:52,022 - INFO - 通用筛选器初始化完成
2025-08-20 19:08:52,022 - INFO - ===== 开始执行通用股票筛选 =====
2025-08-20 19:08:52,038 - INFO - 共找到 11845 个股票文件
2025-08-20 19:08:52,038 - INFO - 启用的策略: ['深渊筑底策略_v2.0', '临界金叉_v1.0', '三重金叉_v1.0', 'MACD零轴启动_v1.0', '周线金叉+日线MA_v1.0']
2025-08-20 19:08:59,893 - INFO - 对 27 个信号结果进行回测摘要分析...
2025-08-20 19:08:59,894 - INFO - 回测分析 [1/27]: sz002521
2025-08-20 19:08:59,903 - INFO - 回测分析 [2/27]: sz002762
2025-08-20 19:08:59,908 - INFO - 回测分析 [3/27]: sz002789
2025-08-20 19:08:59,914 - INFO - 回测分析 [4/27]: sz001378
2025-08-20 19:08:59,918 - INFO - 回测分析 [5/27]: sz300268
2025-08-20 19:08:59,921 - INFO - 回测分析 [6/27]: sh600123
2025-08-20 19:08:59,925 - INFO - 回测分析 [7/27]: sz300175
2025-08-20 19:08:59,930 - INFO - 回测分析 [8/27]: sh600026
2025-08-20 19:08:59,935 - INFO - 回测分析 [9/27]: sh603261
2025-08-20 19:08:59,939 - INFO - 回测分析 [10/27]: sz300208
2025-08-20 19:08:59,942 - INFO - 回测分析 [11/27]: sz000518
2025-08-20 19:08:59,947 - INFO - 回测分析 [12/27]: sz002529
2025-08-20 19:08:59,952 - INFO - 回测分析 [13/27]: sh603721
2025-08-20 19:08:59,957 - INFO - 回测分析 [14/27]: sz001300
2025-08-20 19:08:59,960 - INFO - 回测分析 [15/27]: sh600546
2025-08-20 19:08:59,965 - INFO - 回测分析 [16/27]: sh605577
2025-08-20 19:08:59,969 - INFO - 回测分析 [17/27]: sz000595
2025-08-20 19:08:59,975 - INFO - 回测分析 [18/27]: sz000736
2025-08-20 19:08:59,979 - INFO - 回测分析 [19/27]: sh603348
2025-08-20 19:08:59,984 - INFO - 回测分析 [20/27]: sz003004
2025-08-20 19:08:59,989 - INFO - 回测分析 [21/27]: sz000820
2025-08-20 19:08:59,994 - INFO - 回测分析 [22/27]: sz002581
2025-08-20 19:08:59,998 - INFO - 回测分析 [23/27]: sz002455
2025-08-20 19:09:00,003 - INFO - 回测分析 [24/27]: sz003032
2025-08-20 19:09:00,007 - INFO - 回测分析 [25/27]: sz000895
2025-08-20 19:09:00,015 - INFO - 回测分析 [26/27]: sz002630
2025-08-20 19:09:00,020 - INFO - 回测分析 [27/27]: sz300995
2025-08-20 19:09:00,026 - INFO - 筛选完成，发现 27 个信号，耗时 8.00 秒
2025-08-20 19:09:00,031 - INFO - 结果已保存至: /home/hypnosis/data/git/quant_base/data/result/UNIVERSAL_SCREENING
