2025-08-19 19:04:35,248 - INFO - 加载配置文件: /home/hypnosis/data/git/quant_base/backend/strategies_config.json
2025-08-19 19:04:35,248 - INFO - 配置加载成功: 5 个策略
2025-08-19 19:04:35,248 - INFO - 配置管理器初始化完成，配置文件: /home/hypnosis/data/git/quant_base/config/unified_strategy_config.json
2025-08-19 19:04:35,259 - INFO - 通用筛选器初始化完成
2025-08-19 19:04:35,259 - INFO - ===== 开始执行通用股票筛选 =====
2025-08-19 19:04:35,267 - INFO - 共找到 11843 个股票文件
2025-08-19 19:04:35,267 - INFO - 启用的策略: ['深渊筑底策略_v2.0', '临界金叉_v1.0', '三重金叉_v1.0', 'MACD零轴启动_v1.0', '周线金叉+日线MA_v1.0']
2025-08-19 19:04:42,816 - INFO - 对 39 个信号结果进行回测摘要分析...
2025-08-19 19:04:42,816 - INFO - 回测分析 [1/39]: sz000518
2025-08-19 19:04:42,826 - INFO - 回测分析 [2/39]: sz000820
2025-08-19 19:04:42,831 - INFO - 回测分析 [3/39]: sz000736
2025-08-19 19:04:42,836 - INFO - 回测分析 [4/39]: sz002531
2025-08-19 19:04:42,841 - INFO - 回测分析 [5/39]: sz000410
2025-08-19 19:04:42,850 - INFO - 回测分析 [6/39]: sz300338
2025-08-19 19:04:42,854 - INFO - 回测分析 [7/39]: sh603261
2025-08-19 19:04:42,858 - INFO - 回测分析 [8/39]: sz300175
2025-08-19 19:04:42,862 - INFO - 回测分析 [9/39]: sz001378
2025-08-19 19:04:42,866 - INFO - 回测分析 [10/39]: sh600054
2025-08-19 19:04:42,873 - INFO - 回测分析 [11/39]: sh603348
2025-08-19 19:04:42,878 - INFO - 回测分析 [12/39]: sh603721
2025-08-19 19:04:42,883 - INFO - 回测分析 [13/39]: sz300208
2025-08-19 19:04:42,886 - INFO - 回测分析 [14/39]: sh600546
2025-08-19 19:04:42,891 - INFO - 回测分析 [15/39]: sh600123
2025-08-19 19:04:42,895 - INFO - 回测分析 [16/39]: sh600026
2025-08-19 19:04:42,899 - INFO - 回测分析 [17/39]: sz002766
2025-08-19 19:04:42,907 - INFO - 回测分析 [18/39]: sz002762
2025-08-19 19:04:42,912 - INFO - 回测分析 [19/39]: sh603366
2025-08-19 19:04:42,917 - INFO - 回测分析 [20/39]: sz300237
2025-08-19 19:04:42,925 - INFO - 回测分析 [21/39]: sz003004
2025-08-19 19:04:42,929 - INFO - 回测分析 [22/39]: sh600199
2025-08-19 19:04:42,934 - INFO - 回测分析 [23/39]: sz002581
2025-08-19 19:04:42,938 - INFO - 回测分析 [24/39]: sz002526
2025-08-19 19:04:42,947 - INFO - 回测分析 [25/39]: sh603270
2025-08-19 19:04:42,951 - INFO - 回测分析 [26/39]: sz300193
2025-08-19 19:04:42,959 - INFO - 回测分析 [27/39]: sz300268
2025-08-19 19:04:42,963 - INFO - 回测分析 [28/39]: sz002529
2025-08-19 19:04:42,968 - INFO - 回测分析 [29/39]: sz002455
2025-08-19 19:04:42,972 - INFO - 回测分析 [30/39]: sh603656
2025-08-19 19:04:42,980 - INFO - 回测分析 [31/39]: sz002630
2025-08-19 19:04:42,984 - INFO - 回测分析 [32/39]: sz001300
2025-08-19 19:04:42,988 - INFO - 回测分析 [33/39]: sz002033
2025-08-19 19:04:42,995 - INFO - 回测分析 [34/39]: sz002521
2025-08-19 19:04:43,000 - INFO - 回测分析 [35/39]: sz002789
2025-08-19 19:04:43,005 - INFO - 回测分析 [36/39]: sz003032
2025-08-19 19:04:43,009 - INFO - 回测分析 [37/39]: sz000595
2025-08-19 19:04:43,013 - INFO - 回测分析 [38/39]: sh601811
2025-08-19 19:04:43,022 - INFO - 回测分析 [39/39]: sh605577
2025-08-19 19:04:43,026 - INFO - 筛选完成，发现 39 个信号，耗时 7.77 秒
2025-08-19 19:04:43,031 - INFO - 结果已保存至: /home/hypnosis/data/git/quant_base/data/result/UNIVERSAL_SCREENING
