2025-08-25 12:05:24,856 - INFO - 加载配置文件: /home/hypnosis/data/git/quant_base/backend/strategies_config.json
2025-08-25 12:05:24,868 - INFO - 配置加载成功: 10 个策略
2025-08-25 12:05:24,868 - INFO - 配置管理器初始化完成，配置文件: /home/hypnosis/data/git/quant_base/config/unified_strategy_config.json
2025-08-25 12:05:24,871 - INFO - 通用筛选器初始化完成
2025-08-25 12:05:24,871 - INFO - ===== 开始执行通用股票筛选 =====
2025-08-25 12:05:24,879 - INFO - 共找到 11848 个股票文件
2025-08-25 12:05:24,879 - INFO - 启用的策略: ['深渊筑底策略_v2.0', '临界金叉_v1.0', '三重金叉_v1.0', 'MACD零轴启动_v1.0', '周线金叉+日线MA_v1.0', '价值反转策略（最终版）_v1.0', '反转做多策略（优化版）_v1.0', '年度见底机会策略_v1.0', '强势股MA13回调策略_v1.0', '长周期横盘突破策略_v1.0']
2025-08-25 12:05:35,636 - INFO - 对 47 个信号结果进行回测摘要分析...
2025-08-25 12:05:35,636 - INFO - 回测分析 [1/41]: sh688141
2025-08-25 12:05:35,643 - INFO - 回测分析 [2/41]: sz002563
2025-08-25 12:05:35,654 - INFO - 回测分析 [3/41]: sh600123
2025-08-25 12:05:35,659 - INFO - 回测分析 [4/41]: sz002892
2025-08-25 12:05:35,666 - INFO - 回测分析 [5/41]: sz000736
2025-08-25 12:05:35,672 - INFO - 回测分析 [6/41]: sz002039
2025-08-25 12:05:35,676 - INFO - 回测分析 [7/41]: sz002479
2025-08-25 12:05:35,687 - INFO - 回测分析 [8/41]: sz002627
2025-08-25 12:05:35,697 - INFO - 回测分析 [9/41]: sz002531
2025-08-25 12:05:35,702 - INFO - 回测分析 [10/41]: sh603261
2025-08-25 12:05:35,706 - INFO - 回测分析 [11/41]: sh600199
2025-08-25 12:05:35,711 - INFO - 回测分析 [12/41]: sz002581
2025-08-25 12:05:35,716 - INFO - 回测分析 [13/41]: sz300208
2025-08-25 12:05:35,719 - INFO - 回测分析 [14/41]: sh603004
2025-08-25 12:05:35,723 - INFO - 回测分析 [15/41]: bj430476
2025-08-25 12:05:35,725 - INFO - 回测分析 [16/41]: sh603348
2025-08-25 12:05:35,730 - INFO - 回测分析 [17/41]: sz001323
2025-08-25 12:05:35,733 - INFO - 回测分析 [18/41]: sz000595
2025-08-25 12:05:35,738 - INFO - 回测分析 [19/41]: sz300859
2025-08-25 12:05:35,740 - INFO - 回测分析 [20/41]: sz002541
2025-08-25 12:05:35,744 - INFO - 回测分析 [21/41]: sz002789
2025-08-25 12:05:35,749 - INFO - 回测分析 [22/41]: sz000651
2025-08-25 12:05:35,752 - INFO - 回测分析 [23/41]: sz002455
2025-08-25 12:05:35,757 - INFO - 回测分析 [24/41]: sz002526
2025-08-25 12:05:35,766 - INFO - 回测分析 [25/41]: sz000627
2025-08-25 12:05:35,770 - INFO - 回测分析 [26/41]: sz000518
2025-08-25 12:05:35,774 - INFO - 回测分析 [27/41]: sh603111
2025-08-25 12:05:35,783 - INFO - 回测分析 [28/41]: sz001378
2025-08-25 12:05:35,787 - INFO - 回测分析 [29/41]: sz002290
2025-08-25 12:05:35,790 - INFO - 回测分析 [30/41]: sz300268
2025-08-25 12:05:35,794 - INFO - 回测分析 [31/41]: sh600546
2025-08-25 12:05:35,799 - INFO - 回测分析 [32/41]: sh605577
2025-08-25 12:05:35,803 - INFO - 回测分析 [33/41]: sh603721
2025-08-25 12:05:35,808 - INFO - 回测分析 [34/41]: sz003032
2025-08-25 12:05:35,812 - INFO - 回测分析 [35/41]: bj836699
2025-08-25 12:05:35,815 - INFO - 回测分析 [36/41]: sz002529
2025-08-25 12:05:35,819 - INFO - 回测分析 [37/41]: sz002766
2025-08-25 12:05:35,828 - INFO - 回测分析 [38/41]: sz300175
2025-08-25 12:05:35,833 - INFO - 回测分析 [39/41]: sh688522
2025-08-25 12:05:35,836 - INFO - 回测分析 [40/41]: sz000820
2025-08-25 12:05:35,841 - INFO - 回测分析 [41/41]: sz002762
2025-08-25 12:05:35,846 - INFO - 筛选完成，发现 47 个信号，耗时 10.98 秒
2025-08-25 12:05:35,854 - INFO - 结果已保存至: /home/hypnosis/data/git/quant_base/data/result/UNIVERSAL_SCREENING
