2025-08-25 12:15:46,180 - INFO - 加载配置文件: /home/hypnosis/data/git/quant_base/backend/strategies_config.json
2025-08-25 12:15:46,181 - INFO - 通用筛选器初始化完成
2025-08-25 12:15:46,181 - INFO - ===== 开始执行通用股票筛选 =====
2025-08-25 12:15:46,182 - INFO - 配置保存成功
2025-08-25 12:15:46,182 - INFO - 启用策略: 强势股MA13回调策略_v1.0
2025-08-25 12:15:46,182 - INFO - 启用策略: 强势股MA13回调策略_v1.0
2025-08-25 12:15:46,190 - INFO - 共找到 11848 个股票文件
2025-08-25 12:15:46,190 - INFO - 启用的策略: ['深渊筑底策略_v2.0', '临界金叉_v1.0', '三重金叉_v1.0', 'MACD零轴启动_v1.0', '周线金叉+日线MA_v1.0', '价值反转策略（最终版）_v1.0', '反转做多策略（优化版）_v1.0', '年度见底机会策略_v1.0', '强势股MA13回调策略_v1.0', '长周期横盘突破策略_v1.0']
2025-08-25 12:15:57,452 - INFO - 对 47 个信号结果进行回测摘要分析...
2025-08-25 12:15:57,452 - INFO - 回测分析 [1/41]: sh603004
2025-08-25 12:15:57,460 - INFO - 回测分析 [2/41]: sh603261
2025-08-25 12:15:57,465 - INFO - 回测分析 [3/41]: sz300175
2025-08-25 12:15:57,469 - INFO - 回测分析 [4/41]: sz002039
2025-08-25 12:15:57,473 - INFO - 回测分析 [5/41]: sz002290
2025-08-25 12:15:57,476 - INFO - 回测分析 [6/41]: sz001378
2025-08-25 12:15:57,480 - INFO - 回测分析 [7/41]: sz002479
2025-08-25 12:15:57,490 - INFO - 回测分析 [8/41]: sh603721
2025-08-25 12:15:57,494 - INFO - 回测分析 [9/41]: sz002762
2025-08-25 12:15:57,499 - INFO - 回测分析 [10/41]: sz002529
2025-08-25 12:15:57,504 - INFO - 回测分析 [11/41]: sh688141
2025-08-25 12:15:57,506 - INFO - 回测分析 [12/41]: sz000627
2025-08-25 12:15:57,509 - INFO - 回测分析 [13/41]: sz300859
2025-08-25 12:15:57,512 - INFO - 回测分析 [14/41]: sh688522
2025-08-25 12:15:57,514 - INFO - 回测分析 [15/41]: sz002892
2025-08-25 12:15:57,521 - INFO - 回测分析 [16/41]: bj430476
2025-08-25 12:15:57,524 - INFO - 回测分析 [17/41]: sh603348
2025-08-25 12:15:57,529 - INFO - 回测分析 [18/41]: sz002581
2025-08-25 12:15:57,559 - INFO - 回测分析 [19/41]: sz002627
2025-08-25 12:15:57,568 - INFO - 回测分析 [20/41]: sz001323
2025-08-25 12:15:57,570 - INFO - 回测分析 [21/41]: sh600123
2025-08-25 12:15:57,574 - INFO - 回测分析 [22/41]: sz002789
2025-08-25 12:15:57,579 - INFO - 回测分析 [23/41]: sz002531
2025-08-25 12:15:57,584 - INFO - 回测分析 [24/41]: sh600199
2025-08-25 12:15:57,589 - INFO - 回测分析 [25/41]: sz300208
2025-08-25 12:15:57,593 - INFO - 回测分析 [26/41]: sz002563
2025-08-25 12:15:57,601 - INFO - 回测分析 [27/41]: sz000595
2025-08-25 12:15:57,606 - INFO - 回测分析 [28/41]: sz000736
2025-08-25 12:15:57,610 - INFO - 回测分析 [29/41]: sz000518
2025-08-25 12:15:57,615 - INFO - 回测分析 [30/41]: sz000820
2025-08-25 12:15:57,620 - INFO - 回测分析 [31/41]: sh603111
2025-08-25 12:15:57,629 - INFO - 回测分析 [32/41]: sz300268
2025-08-25 12:15:57,632 - INFO - 回测分析 [33/41]: sz003032
2025-08-25 12:15:57,637 - INFO - 回测分析 [34/41]: sh605577
2025-08-25 12:15:57,641 - INFO - 回测分析 [35/41]: sz002766
2025-08-25 12:15:57,649 - INFO - 回测分析 [36/41]: sz002526
2025-08-25 12:15:57,658 - INFO - 回测分析 [37/41]: sz002541
2025-08-25 12:15:57,662 - INFO - 回测分析 [38/41]: sz002455
2025-08-25 12:15:57,667 - INFO - 回测分析 [39/41]: bj836699
2025-08-25 12:15:57,668 - INFO - 回测分析 [40/41]: sh600546
2025-08-25 12:15:57,673 - INFO - 回测分析 [41/41]: sz000651
2025-08-25 12:15:57,677 - INFO - 筛选完成，发现 47 个信号，耗时 11.50 秒
2025-08-25 12:15:57,677 - INFO - 配置保存成功
2025-08-25 12:15:57,677 - INFO - 禁用策略: 强势股MA13回调策略_v1.0
2025-08-25 12:15:57,677 - INFO - 禁用策略: 强势股MA13回调策略_v1.0
2025-08-25 12:15:57,677 - INFO - 禁用策略: STRONG_STOCK_MA13_PULLBACK_v1.0
2025-08-25 12:15:57,678 - INFO - 配置保存成功
2025-08-25 12:15:57,678 - INFO - 禁用策略: 周线金叉+日线MA_v1.0
2025-08-25 12:15:57,678 - INFO - 禁用策略: 周线金叉+日线MA_v1.0
2025-08-25 12:15:57,678 - INFO - 禁用策略: WEEKLY_GOLDEN_CROSS_MA_v1.0
2025-08-25 12:15:57,678 - INFO - 配置保存成功
2025-08-25 12:15:57,679 - INFO - 禁用策略: 年度见底机会策略_v1.0
2025-08-25 12:15:57,679 - INFO - 禁用策略: 年度见底机会策略_v1.0
2025-08-25 12:15:57,679 - INFO - 禁用策略: ANNUAL_BOTTOM_OPPORTUNITY_v1.0
2025-08-25 12:15:57,680 - INFO - 配置保存成功
2025-08-25 12:15:57,680 - INFO - 禁用策略: MACD零轴启动_v1.0
2025-08-25 12:15:57,680 - INFO - 禁用策略: MACD零轴启动_v1.0
2025-08-25 12:15:57,680 - INFO - 禁用策略: MACD_ZERO_AXIS_v1.0
2025-08-25 12:15:57,680 - INFO - 配置保存成功
2025-08-25 12:15:57,680 - INFO - 禁用策略: 价值反转策略（最终版）_v1.0
2025-08-25 12:15:57,680 - INFO - 禁用策略: 价值反转策略（最终版）_v1.0
2025-08-25 12:15:57,682 - INFO - 配置保存成功
2025-08-25 12:15:57,682 - INFO - 禁用策略: 长周期横盘突破策略_v1.0
2025-08-25 12:15:57,682 - INFO - 禁用策略: 长周期横盘突破策略_v1.0
2025-08-25 12:15:57,682 - INFO - 禁用策略: LONG_TERM_CONSOLIDATION_BREAKOUT_v1.0
2025-08-25 12:15:57,682 - INFO - 配置保存成功
2025-08-25 12:15:57,682 - INFO - 禁用策略: 深渊筑底策略_v2.0
2025-08-25 12:15:57,682 - INFO - 禁用策略: 深渊筑底策略_v2.0
2025-08-25 12:15:57,682 - INFO - 禁用策略: ABYSS_BOTTOMING_v2.0
2025-08-25 12:15:57,684 - INFO - 配置保存成功
2025-08-25 12:15:57,684 - INFO - 禁用策略: 临界金叉_v1.0
2025-08-25 12:15:57,684 - INFO - 禁用策略: 临界金叉_v1.0
2025-08-25 12:15:57,684 - INFO - 禁用策略: PRE_CROSS_v1.0
2025-08-25 12:15:57,685 - INFO - 配置保存成功
2025-08-25 12:15:57,685 - INFO - 禁用策略: 反转做多策略（优化版）_v1.0
2025-08-25 12:15:57,685 - INFO - 禁用策略: 反转做多策略（优化版）_v1.0
2025-08-25 12:15:57,686 - INFO - 配置保存成功
2025-08-25 12:15:57,686 - INFO - 禁用策略: 三重金叉_v1.0
2025-08-25 12:15:57,686 - INFO - 禁用策略: 三重金叉_v1.0
2025-08-25 12:15:57,686 - INFO - 禁用策略: TRIPLE_CROSS_v1.0
2025-08-25 12:15:57,687 - INFO - 配置保存成功
2025-08-25 12:15:57,687 - INFO - 启用策略: 深渊筑底策略_v2.0
2025-08-25 12:15:57,687 - INFO - 启用策略: 深渊筑底策略_v2.0
2025-08-25 12:15:57,688 - INFO - 配置保存成功
2025-08-25 12:15:57,688 - INFO - 启用策略: 临界金叉_v1.0
2025-08-25 12:15:57,688 - INFO - 启用策略: 临界金叉_v1.0
2025-08-25 12:15:57,688 - INFO - 配置保存成功
2025-08-25 12:15:57,688 - INFO - 启用策略: 三重金叉_v1.0
2025-08-25 12:15:57,688 - INFO - 启用策略: 三重金叉_v1.0
2025-08-25 12:15:57,688 - INFO - 配置保存成功
2025-08-25 12:15:57,688 - INFO - 启用策略: MACD零轴启动_v1.0
2025-08-25 12:15:57,688 - INFO - 启用策略: MACD零轴启动_v1.0
2025-08-25 12:15:57,690 - INFO - 配置保存成功
2025-08-25 12:15:57,690 - INFO - 启用策略: 周线金叉+日线MA_v1.0
2025-08-25 12:15:57,690 - INFO - 启用策略: 周线金叉+日线MA_v1.0
2025-08-25 12:15:57,690 - INFO - 配置保存成功
2025-08-25 12:15:57,690 - INFO - 启用策略: 价值反转策略（最终版）_v1.0
2025-08-25 12:15:57,690 - INFO - 启用策略: 价值反转策略（最终版）_v1.0
2025-08-25 12:15:57,692 - INFO - 配置保存成功
2025-08-25 12:15:57,692 - INFO - 启用策略: 反转做多策略（优化版）_v1.0
2025-08-25 12:15:57,692 - INFO - 启用策略: 反转做多策略（优化版）_v1.0
2025-08-25 12:15:57,692 - INFO - 配置保存成功
2025-08-25 12:15:57,692 - INFO - 启用策略: 年度见底机会策略_v1.0
2025-08-25 12:15:57,692 - INFO - 启用策略: 年度见底机会策略_v1.0
2025-08-25 12:15:57,692 - INFO - 配置保存成功
2025-08-25 12:15:57,692 - INFO - 启用策略: 强势股MA13回调策略_v1.0
2025-08-25 12:15:57,692 - INFO - 启用策略: 强势股MA13回调策略_v1.0
2025-08-25 12:15:57,694 - INFO - 配置保存成功
2025-08-25 12:15:57,694 - INFO - 启用策略: 长周期横盘突破策略_v1.0
2025-08-25 12:15:57,694 - INFO - 启用策略: 长周期横盘突破策略_v1.0
2025-08-25 12:15:59,880 - WARNING - 从网易财经获取股票 sh600123 信息失败: HTTPConnectionPool(host='api.money.126.net', port=80): Max retries exceeded with url: /data/feed/1sh600123 (Caused by NameResolutionError("<urllib3.connection.HTTPConnection object at 0x720d17318620>: Failed to resolve 'api.money.126.net' ([Errno -2] Name or service not known)"))
2025-08-25 12:16:00,868 - WARNING - 无法获取股票 sh600123 的详细信息，使用默认信息
2025-08-25 12:16:04,015 - WARNING - 从网易财经获取股票 sh603111 信息失败: HTTPConnectionPool(host='api.money.126.net', port=80): Max retries exceeded with url: /data/feed/1sh603111 (Caused by NameResolutionError("<urllib3.connection.HTTPConnection object at 0x720d173195e0>: Failed to resolve 'api.money.126.net' ([Errno -2] Name or service not known)"))
2025-08-25 12:16:05,360 - WARNING - 无法获取股票 sh603111 的详细信息，使用默认信息
2025-08-25 12:16:07,752 - WARNING - 从网易财经获取股票 sh600546 信息失败: HTTPConnectionPool(host='api.money.126.net', port=80): Max retries exceeded with url: /data/feed/1sh600546 (Caused by NameResolutionError("<urllib3.connection.HTTPConnection object at 0x720d17319130>: Failed to resolve 'api.money.126.net' ([Errno -2] Name or service not known)"))
2025-08-25 12:16:08,344 - WARNING - 无法获取股票 sh600546 的详细信息，使用默认信息
2025-08-25 12:16:10,487 - WARNING - 从网易财经获取股票 sh605577 信息失败: HTTPConnectionPool(host='api.money.126.net', port=80): Max retries exceeded with url: /data/feed/1sh605577 (Caused by NameResolutionError("<urllib3.connection.HTTPConnection object at 0x720d16194230>: Failed to resolve 'api.money.126.net' ([Errno -2] Name or service not known)"))
2025-08-25 12:16:11,414 - WARNING - 无法获取股票 sh605577 的详细信息，使用默认信息
2025-08-25 12:16:14,189 - WARNING - 从网易财经获取股票 sh603004 信息失败: HTTPConnectionPool(host='api.money.126.net', port=80): Max retries exceeded with url: /data/feed/1sh603004 (Caused by NameResolutionError("<urllib3.connection.HTTPConnection object at 0x720d1618f6b0>: Failed to resolve 'api.money.126.net' ([Errno -2] Name or service not known)"))
2025-08-25 12:16:15,383 - WARNING - 无法获取股票 sh603004 的详细信息，使用默认信息
2025-08-25 12:16:20,516 - WARNING - 从网易财经获取股票 sh603721 信息失败: HTTPConnectionPool(host='api.money.126.net', port=80): Max retries exceeded with url: /data/feed/1sh603721 (Caused by NameResolutionError("<urllib3.connection.HTTPConnection object at 0x720d1618eae0>: Failed to resolve 'api.money.126.net' ([Errno -2] Name or service not known)"))
2025-08-25 12:16:21,548 - WARNING - 无法获取股票 sh603721 的详细信息，使用默认信息
2025-08-25 12:16:25,587 - WARNING - 从网易财经获取股票 sh688141 信息失败: HTTPConnectionPool(host='api.money.126.net', port=80): Max retries exceeded with url: /data/feed/1sh688141 (Caused by NameResolutionError("<urllib3.connection.HTTPConnection object at 0x720d1618f230>: Failed to resolve 'api.money.126.net' ([Errno -2] Name or service not known)"))
2025-08-25 12:16:26,919 - WARNING - 无法获取股票 sh688141 的详细信息，使用默认信息
2025-08-25 12:16:30,009 - WARNING - 从网易财经获取股票 sh603261 信息失败: HTTPConnectionPool(host='api.money.126.net', port=80): Max retries exceeded with url: /data/feed/1sh603261 (Caused by NameResolutionError("<urllib3.connection.HTTPConnection object at 0x720d1618dd90>: Failed to resolve 'api.money.126.net' ([Errno -2] Name or service not known)"))
2025-08-25 12:16:30,764 - WARNING - 无法获取股票 sh603261 的详细信息，使用默认信息
2025-08-25 12:16:34,192 - WARNING - 从网易财经获取股票 sh603348 信息失败: HTTPConnectionPool(host='api.money.126.net', port=80): Max retries exceeded with url: /data/feed/1sh603348 (Caused by NameResolutionError("<urllib3.connection.HTTPConnection object at 0x720d1618c920>: Failed to resolve 'api.money.126.net' ([Errno -2] Name or service not known)"))
2025-08-25 12:16:35,520 - WARNING - 无法获取股票 sh603348 的详细信息，使用默认信息
2025-08-25 12:16:39,248 - WARNING - 从网易财经获取股票 sh688522 信息失败: HTTPConnectionPool(host='api.money.126.net', port=80): Max retries exceeded with url: /data/feed/1sh688522 (Caused by NameResolutionError("<urllib3.connection.HTTPConnection object at 0x720d1618cc20>: Failed to resolve 'api.money.126.net' ([Errno -2] Name or service not known)"))
2025-08-25 12:16:40,398 - WARNING - 无法获取股票 sh688522 的详细信息，使用默认信息
2025-08-25 12:16:41,987 - WARNING - 从网易财经获取股票 sh600199 信息失败: HTTPConnectionPool(host='api.money.126.net', port=80): Max retries exceeded with url: /data/feed/1sh600199 (Caused by NameResolutionError("<urllib3.connection.HTTPConnection object at 0x720d1734bbc0>: Failed to resolve 'api.money.126.net' ([Errno -2] Name or service not known)"))
2025-08-25 12:16:42,825 - WARNING - 无法获取股票 sh600199 的详细信息，使用默认信息
2025-08-25 12:16:46,818 - WARNING - 从网易财经获取股票 sz300208 信息失败: HTTPConnectionPool(host='api.money.126.net', port=80): Max retries exceeded with url: /data/feed/1sz300208 (Caused by NameResolutionError("<urllib3.connection.HTTPConnection object at 0x720d1618c500>: Failed to resolve 'api.money.126.net' ([Errno -2] Name or service not known)"))
2025-08-25 12:16:47,455 - WARNING - 无法获取股票 sz300208 的详细信息，使用默认信息
2025-08-25 12:16:50,365 - WARNING - 从网易财经获取股票 sz003032 信息失败: HTTPConnectionPool(host='api.money.126.net', port=80): Max retries exceeded with url: /data/feed/1sz003032 (Caused by NameResolutionError("<urllib3.connection.HTTPConnection object at 0x720d1618d970>: Failed to resolve 'api.money.126.net' ([Errno -2] Name or service not known)"))
2025-08-25 12:16:50,964 - WARNING - 无法获取股票 sz003032 的详细信息，使用默认信息
2025-08-25 12:16:54,976 - WARNING - 从网易财经获取股票 sz000595 信息失败: HTTPConnectionPool(host='api.money.126.net', port=80): Max retries exceeded with url: /data/feed/1sz000595 (Caused by NameResolutionError("<urllib3.connection.HTTPConnection object at 0x720d1618f2c0>: Failed to resolve 'api.money.126.net' ([Errno -2] Name or service not known)"))
2025-08-25 12:16:56,455 - WARNING - 无法获取股票 sz000595 的详细信息，使用默认信息
2025-08-25 12:16:59,099 - WARNING - 从网易财经获取股票 sz300268 信息失败: HTTPConnectionPool(host='api.money.126.net', port=80): Max retries exceeded with url: /data/feed/1sz300268 (Caused by NameResolutionError("<urllib3.connection.HTTPConnection object at 0x720d1618ec30>: Failed to resolve 'api.money.126.net' ([Errno -2] Name or service not known)"))
2025-08-25 12:16:59,832 - WARNING - 无法获取股票 sz300268 的详细信息，使用默认信息
2025-08-25 12:17:02,013 - WARNING - 从网易财经获取股票 sz002526 信息失败: HTTPConnectionPool(host='api.money.126.net', port=80): Max retries exceeded with url: /data/feed/1sz002526 (Caused by NameResolutionError("<urllib3.connection.HTTPConnection object at 0x720d1734b290>: Failed to resolve 'api.money.126.net' ([Errno -2] Name or service not known)"))
2025-08-25 12:17:02,580 - WARNING - 无法获取股票 sz002526 的详细信息，使用默认信息
2025-08-25 12:17:06,223 - WARNING - 从网易财经获取股票 sz001378 信息失败: HTTPConnectionPool(host='api.money.126.net', port=80): Max retries exceeded with url: /data/feed/1sz001378 (Caused by NameResolutionError("<urllib3.connection.HTTPConnection object at 0x720d1618de50>: Failed to resolve 'api.money.126.net' ([Errno -2] Name or service not known)"))
2025-08-25 12:17:07,286 - WARNING - 无法获取股票 sz001378 的详细信息，使用默认信息
2025-08-25 12:17:09,514 - WARNING - 从网易财经获取股票 sz000627 信息失败: HTTPConnectionPool(host='api.money.126.net', port=80): Max retries exceeded with url: /data/feed/1sz000627 (Caused by NameResolutionError("<urllib3.connection.HTTPConnection object at 0x720d1734be60>: Failed to resolve 'api.money.126.net' ([Errno -2] Name or service not known)"))
2025-08-25 12:17:10,064 - WARNING - 无法获取股票 sz000627 的详细信息，使用默认信息
2025-08-25 12:17:14,731 - WARNING - 从网易财经获取股票 sz000736 信息失败: HTTPConnectionPool(host='api.money.126.net', port=80): Max retries exceeded with url: /data/feed/1sz000736 (Caused by NameResolutionError("<urllib3.connection.HTTPConnection object at 0x720d1618ede0>: Failed to resolve 'api.money.126.net' ([Errno -2] Name or service not known)"))
2025-08-25 12:17:15,423 - WARNING - 无法获取股票 sz000736 的详细信息，使用默认信息
2025-08-25 12:17:16,982 - WARNING - 从网易财经获取股票 sz002479 信息失败: HTTPConnectionPool(host='api.money.126.net', port=80): Max retries exceeded with url: /data/feed/1sz002479 (Caused by NameResolutionError("<urllib3.connection.HTTPConnection object at 0x720d1618f140>: Failed to resolve 'api.money.126.net' ([Errno -2] Name or service not known)"))
2025-08-25 12:17:18,016 - WARNING - 无法获取股票 sz002479 的详细信息，使用默认信息
2025-08-25 12:17:19,253 - WARNING - 从网易财经获取股票 sz002581 信息失败: HTTPConnectionPool(host='api.money.126.net', port=80): Max retries exceeded with url: /data/feed/1sz002581 (Caused by NameResolutionError("<urllib3.connection.HTTPConnection object at 0x720d1734bb30>: Failed to resolve 'api.money.126.net' ([Errno -2] Name or service not known)"))
2025-08-25 12:17:20,169 - WARNING - 无法获取股票 sz002581 的详细信息，使用默认信息
2025-08-25 12:17:23,063 - WARNING - 从网易财经获取股票 sz002762 信息失败: HTTPConnectionPool(host='api.money.126.net', port=80): Max retries exceeded with url: /data/feed/1sz002762 (Caused by NameResolutionError("<urllib3.connection.HTTPConnection object at 0x720d17340860>: Failed to resolve 'api.money.126.net' ([Errno -2] Name or service not known)"))
2025-08-25 12:17:23,757 - WARNING - 无法获取股票 sz002762 的详细信息，使用默认信息
2025-08-25 12:17:27,590 - WARNING - 从网易财经获取股票 sz002627 信息失败: HTTPConnectionPool(host='api.money.126.net', port=80): Max retries exceeded with url: /data/feed/1sz002627 (Caused by NameResolutionError("<urllib3.connection.HTTPConnection object at 0x720d17318da0>: Failed to resolve 'api.money.126.net' ([Errno -2] Name or service not known)"))
2025-08-25 12:17:28,828 - WARNING - 无法获取股票 sz002627 的详细信息，使用默认信息
2025-08-25 12:17:32,844 - WARNING - 从网易财经获取股票 sz002563 信息失败: HTTPConnectionPool(host='api.money.126.net', port=80): Max retries exceeded with url: /data/feed/1sz002563 (Caused by NameResolutionError("<urllib3.connection.HTTPConnection object at 0x720d1734ac00>: Failed to resolve 'api.money.126.net' ([Errno -2] Name or service not known)"))
2025-08-25 12:17:33,607 - WARNING - 无法获取股票 sz002563 的详细信息，使用默认信息
2025-08-25 12:17:35,396 - WARNING - 从网易财经获取股票 sz002541 信息失败: HTTPConnectionPool(host='api.money.126.net', port=80): Max retries exceeded with url: /data/feed/1sz002541 (Caused by NameResolutionError("<urllib3.connection.HTTPConnection object at 0x720d17318560>: Failed to resolve 'api.money.126.net' ([Errno -2] Name or service not known)"))
2025-08-25 12:17:36,275 - WARNING - 无法获取股票 sz002541 的详细信息，使用默认信息
2025-08-25 12:17:37,565 - WARNING - 从网易财经获取股票 sz002892 信息失败: HTTPConnectionPool(host='api.money.126.net', port=80): Max retries exceeded with url: /data/feed/1sz002892 (Caused by NameResolutionError("<urllib3.connection.HTTPConnection object at 0x720d173412b0>: Failed to resolve 'api.money.126.net' ([Errno -2] Name or service not known)"))
2025-08-25 12:17:38,227 - WARNING - 无法获取股票 sz002892 的详细信息，使用默认信息
2025-08-25 12:17:39,535 - WARNING - 从网易财经获取股票 sz002455 信息失败: HTTPConnectionPool(host='api.money.126.net', port=80): Max retries exceeded with url: /data/feed/1sz002455 (Caused by NameResolutionError("<urllib3.connection.HTTPConnection object at 0x720d173180e0>: Failed to resolve 'api.money.126.net' ([Errno -2] Name or service not known)"))
2025-08-25 12:17:40,191 - WARNING - 无法获取股票 sz002455 的详细信息，使用默认信息
2025-08-25 12:17:44,347 - WARNING - 从网易财经获取股票 sz001323 信息失败: HTTPConnectionPool(host='api.money.126.net', port=80): Max retries exceeded with url: /data/feed/1sz001323 (Caused by NameResolutionError("<urllib3.connection.HTTPConnection object at 0x720d1734b740>: Failed to resolve 'api.money.126.net' ([Errno -2] Name or service not known)"))
2025-08-25 12:17:45,093 - WARNING - 无法获取股票 sz001323 的详细信息，使用默认信息
2025-08-25 12:17:49,902 - WARNING - 从网易财经获取股票 sz002531 信息失败: HTTPConnectionPool(host='api.money.126.net', port=80): Max retries exceeded with url: /data/feed/1sz002531 (Caused by NameResolutionError("<urllib3.connection.HTTPConnection object at 0x720d1618e840>: Failed to resolve 'api.money.126.net' ([Errno -2] Name or service not known)"))
2025-08-25 12:17:50,991 - WARNING - 无法获取股票 sz002531 的详细信息，使用默认信息
2025-08-25 12:17:53,885 - WARNING - 从网易财经获取股票 sz300859 信息失败: HTTPConnectionPool(host='api.money.126.net', port=80): Max retries exceeded with url: /data/feed/1sz300859 (Caused by NameResolutionError("<urllib3.connection.HTTPConnection object at 0x720d1618e9c0>: Failed to resolve 'api.money.126.net' ([Errno -2] Name or service not known)"))
2025-08-25 12:17:55,342 - WARNING - 无法获取股票 sz300859 的详细信息，使用默认信息
2025-08-25 12:17:58,988 - WARNING - 从网易财经获取股票 sz002039 信息失败: HTTPConnectionPool(host='api.money.126.net', port=80): Max retries exceeded with url: /data/feed/1sz002039 (Caused by NameResolutionError("<urllib3.connection.HTTPConnection object at 0x720d1618f560>: Failed to resolve 'api.money.126.net' ([Errno -2] Name or service not known)"))
2025-08-25 12:17:59,981 - WARNING - 无法获取股票 sz002039 的详细信息，使用默认信息
2025-08-25 12:18:04,845 - WARNING - 从网易财经获取股票 sz300175 信息失败: HTTPConnectionPool(host='api.money.126.net', port=80): Max retries exceeded with url: /data/feed/1sz300175 (Caused by NameResolutionError("<urllib3.connection.HTTPConnection object at 0x720d1618c650>: Failed to resolve 'api.money.126.net' ([Errno -2] Name or service not known)"))
2025-08-25 12:18:05,582 - WARNING - 无法获取股票 sz300175 的详细信息，使用默认信息
2025-08-25 12:18:12,501 - WARNING - 从网易财经获取股票 sz000518 信息失败: HTTPConnectionPool(host='api.money.126.net', port=80): Max retries exceeded with url: /data/feed/1sz000518 (Caused by NameResolutionError("<urllib3.connection.HTTPConnection object at 0x720d1618d970>: Failed to resolve 'api.money.126.net' ([Errno -2] Name or service not known)"))
2025-08-25 12:18:13,142 - WARNING - 无法获取股票 sz000518 的详细信息，使用默认信息
2025-08-25 12:18:14,863 - WARNING - 从网易财经获取股票 sz000820 信息失败: HTTPConnectionPool(host='api.money.126.net', port=80): Max retries exceeded with url: /data/feed/1sz000820 (Caused by NameResolutionError("<urllib3.connection.HTTPConnection object at 0x720d1734b740>: Failed to resolve 'api.money.126.net' ([Errno -2] Name or service not known)"))
2025-08-25 12:18:16,168 - WARNING - 无法获取股票 sz000820 的详细信息，使用默认信息
2025-08-25 12:18:20,343 - WARNING - 从网易财经获取股票 sz000651 信息失败: HTTPConnectionPool(host='api.money.126.net', port=80): Max retries exceeded with url: /data/feed/1sz000651 (Caused by NameResolutionError("<urllib3.connection.HTTPConnection object at 0x720d1734a1e0>: Failed to resolve 'api.money.126.net' ([Errno -2] Name or service not known)"))
2025-08-25 12:18:21,141 - WARNING - 无法获取股票 sz000651 的详细信息，使用默认信息
2025-08-25 12:18:26,675 - WARNING - 从网易财经获取股票 sz002290 信息失败: HTTPConnectionPool(host='api.money.126.net', port=80): Max retries exceeded with url: /data/feed/1sz002290 (Caused by NameResolutionError("<urllib3.connection.HTTPConnection object at 0x720d1618e0c0>: Failed to resolve 'api.money.126.net' ([Errno -2] Name or service not known)"))
2025-08-25 12:18:27,554 - WARNING - 无法获取股票 sz002290 的详细信息，使用默认信息
2025-08-25 12:18:35,450 - WARNING - 从网易财经获取股票 sz002789 信息失败: HTTPConnectionPool(host='api.money.126.net', port=80): Max retries exceeded with url: /data/feed/1sz002789 (Caused by NameResolutionError("<urllib3.connection.HTTPConnection object at 0x720d1618edb0>: Failed to resolve 'api.money.126.net' ([Errno -2] Name or service not known)"))
2025-08-25 12:18:36,257 - WARNING - 无法获取股票 sz002789 的详细信息，使用默认信息
2025-08-25 12:18:39,170 - WARNING - 从网易财经获取股票 sz002529 信息失败: HTTPConnectionPool(host='api.money.126.net', port=80): Max retries exceeded with url: /data/feed/1sz002529 (Caused by NameResolutionError("<urllib3.connection.HTTPConnection object at 0x720d1618c530>: Failed to resolve 'api.money.126.net' ([Errno -2] Name or service not known)"))
2025-08-25 12:18:40,535 - WARNING - 无法获取股票 sz002529 的详细信息，使用默认信息
2025-08-25 12:18:42,353 - WARNING - 从网易财经获取股票 sz002766 信息失败: HTTPConnectionPool(host='api.money.126.net', port=80): Max retries exceeded with url: /data/feed/1sz002766 (Caused by NameResolutionError("<urllib3.connection.HTTPConnection object at 0x720d1618dcd0>: Failed to resolve 'api.money.126.net' ([Errno -2] Name or service not known)"))
2025-08-25 12:18:43,508 - WARNING - 无法获取股票 sz002766 的详细信息，使用默认信息
2025-08-25 12:18:48,529 - WARNING - 从网易财经获取股票 bj430476 信息失败: HTTPConnectionPool(host='api.money.126.net', port=80): Max retries exceeded with url: /data/feed/1bj430476 (Caused by NameResolutionError("<urllib3.connection.HTTPConnection object at 0x720d17318da0>: Failed to resolve 'api.money.126.net' ([Errno -2] Name or service not known)"))
2025-08-25 12:18:49,463 - WARNING - 无法获取股票 bj430476 的详细信息，使用默认信息
2025-08-25 12:18:54,180 - WARNING - 从网易财经获取股票 bj836699 信息失败: HTTPConnectionPool(host='api.money.126.net', port=80): Max retries exceeded with url: /data/feed/1bj836699 (Caused by NameResolutionError("<urllib3.connection.HTTPConnection object at 0x720d1734ba10>: Failed to resolve 'api.money.126.net' ([Errno -2] Name or service not known)"))
2025-08-25 12:18:54,878 - WARNING - 无法获取股票 bj836699 的详细信息，使用默认信息
2025-08-25 12:18:54,880 - INFO - 127.0.0.1 - - [25/Aug/2025 12:18:54] "GET /api/strategies/STRONG_PULLBACK/stocks HTTP/1.1" 200 -
2025-08-25 12:19:16,947 - INFO - 127.0.0.1 - - [25/Aug/2025 12:19:16] "[33mGET /api/signals_summary?strategy=STRONG_PULLBACK HTTP/1.1[0m" 404 -
