2025-08-18 11:36:37,594 - INFO - 数据库初始化完成
2025-08-18 11:36:37,599 - INFO - 股票 sz300290 已添加到核心观察池
2025-08-18 11:36:37,605 - INFO - 股票 sh600036 已添加到核心观察池
2025-08-18 11:36:37,606 - INFO - 数据库初始化完成
2025-08-18 11:36:37,606 - INFO - 开始丰富数据: sz300290
2025-08-18 11:36:37,859 - WARNING - 获取 sz300290 龙虎榜数据失败: 'NoneType' object is not subscriptable
2025-08-18 11:36:44,444 - WARNING - 获取 sz300290 涨停原因失败: module 'craw.stock_limitup_reason' has no attribute 'get_limit_up_reason'
2025-08-18 11:36:44,450 - INFO - 股票 sz300290 画像数据已更新
2025-08-18 11:36:44,450 - INFO - 成功丰富 sz300290 数据，更新了 1 个字段
2025-08-18 11:36:44,451 - INFO - 数据库初始化完成
2025-08-18 11:36:44,451 - INFO - 开始为 sz300290 生成参数画像
2025-08-18 11:36:44,535 - ERROR - 验证参数时出错: calculate_rsi() got an unexpected keyword argument 'period'
2025-08-18 11:36:44,540 - INFO - 股票 sz300290 画像数据已更新
2025-08-18 11:36:44,540 - INFO - 成功为 sz300290 生成参数画像，验证分数: 0.000
2025-08-18 11:36:44,541 - INFO - 加载配置文件: /home/hypnosis/data/quant_base/backend/strategies_config.json
2025-08-18 11:36:44,541 - INFO - 配置加载成功: 5 个策略
2025-08-18 11:36:44,541 - INFO - 配置管理器初始化完成，配置文件: /home/hypnosis/data/quant_base/config/unified_strategy_config.json
2025-08-18 11:36:44,543 - INFO - 通用筛选器初始化完成
2025-08-18 11:36:44,543 - INFO - ===== 开始执行通用股票筛选 =====
2025-08-18 11:36:44,543 - INFO - 启用策略: abyss_strategy
2025-08-18 11:36:44,551 - INFO - 共找到 11839 个股票文件
2025-08-18 11:36:44,551 - INFO - 启用的策略: ['深渊筑底策略_v2.0', '临界金叉_v1.0', '三重金叉_v1.0', 'MACD零轴启动_v1.0', '周线金叉+日线MA_v1.0']
2025-08-18 11:36:56,220 - INFO - 对 401 个信号结果进行回测摘要分析...
2025-08-18 11:36:56,221 - INFO - 回测分析 [1/401]: 31#00488
2025-08-18 11:36:56,227 - INFO - 回测分析 [2/401]: 31#06689
2025-08-18 11:36:56,230 - INFO - 回测分析 [3/401]: 31#00251
2025-08-18 11:36:56,266 - INFO - 回测分析 [4/401]: 31#02361
2025-08-18 11:36:56,270 - INFO - 回测分析 [5/401]: sh601163
2025-08-18 11:36:56,279 - INFO - 回测分析 [6/401]: 31#01652
2025-08-18 11:36:56,283 - INFO - 回测分析 [7/401]: 31#01655
2025-08-18 11:36:56,286 - INFO - 回测分析 [8/401]: sh603348
2025-08-18 11:36:56,291 - INFO - 回测分析 [9/401]: 31#00191
2025-08-18 11:36:56,295 - INFO - 回测分析 [10/401]: 31#01183
2025-08-18 11:36:56,299 - INFO - 回测分析 [11/401]: 31#01597
2025-08-18 11:36:56,303 - INFO - 回测分析 [12/401]: 31#00266
2025-08-18 11:36:56,305 - INFO - 回测分析 [13/401]: 31#00333
2025-08-18 11:36:56,309 - INFO - 回测分析 [14/401]: 31#02199
2025-08-18 11:36:56,312 - INFO - 回测分析 [15/401]: sh600702
2025-08-18 11:36:56,317 - INFO - 回测分析 [16/401]: 31#02003
2025-08-18 11:36:56,321 - INFO - 回测分析 [17/401]: 31#00802
2025-08-18 11:36:56,324 - INFO - 回测分析 [18/401]: 31#01668
2025-08-18 11:36:56,328 - INFO - 回测分析 [19/401]: 31#02153
2025-08-18 11:36:56,331 - INFO - 回测分析 [20/401]: 31#02127
2025-08-18 11:36:56,335 - INFO - 回测分析 [21/401]: sz002603
2025-08-18 11:36:56,339 - INFO - 回测分析 [22/401]: 31#00606
2025-08-18 11:36:56,342 - INFO - 回测分析 [23/401]: 31#01163
2025-08-18 11:36:56,345 - INFO - 回测分析 [24/401]: sh600123
2025-08-18 11:36:56,349 - INFO - 回测分析 [25/401]: 31#00118
2025-08-18 11:36:56,352 - INFO - 回测分析 [26/401]: 31#01832
2025-08-18 11:36:56,355 - INFO - 回测分析 [27/401]: 31#06939
2025-08-18 11:36:56,358 - INFO - 回测分析 [28/401]: sz000060
2025-08-18 11:36:56,367 - INFO - 回测分析 [29/401]: 31#00459
2025-08-18 11:36:56,371 - INFO - 回测分析 [30/401]: 31#06033
2025-08-18 11:36:56,375 - INFO - 回测分析 [31/401]: 31#01909
2025-08-18 11:36:56,378 - INFO - 回测分析 [32/401]: 31#02168
2025-08-18 11:36:56,382 - INFO - 回测分析 [33/401]: 31#06968
2025-08-18 11:36:56,386 - INFO - 回测分析 [34/401]: 31#01399
2025-08-18 11:36:56,389 - INFO - 回测分析 [35/401]: 31#00974
2025-08-18 11:36:56,392 - INFO - 回测分析 [36/401]: 31#01204
2025-08-18 11:36:56,395 - INFO - 回测分析 [37/401]: sz300316
2025-08-18 11:36:56,399 - INFO - 回测分析 [38/401]: 31#00195
2025-08-18 11:36:56,402 - INFO - 回测分析 [39/401]: 31#00599
2025-08-18 11:36:56,405 - INFO - 回测分析 [40/401]: 31#01699
2025-08-18 11:36:56,408 - INFO - 回测分析 [41/401]: 31#01897
2025-08-18 11:36:56,411 - INFO - 回测分析 [42/401]: sh600199
2025-08-18 11:36:56,416 - INFO - 回测分析 [43/401]: 31#00894
2025-08-18 11:36:56,420 - INFO - 回测分析 [44/401]: 31#00954
2025-08-18 11:36:56,423 - INFO - 回测分析 [45/401]: 31#01105
2025-08-18 11:36:56,427 - INFO - 回测分析 [46/401]: 31#09686
2025-08-18 11:36:56,430 - INFO - 回测分析 [47/401]: 31#01408
2025-08-18 11:36:56,433 - INFO - 回测分析 [48/401]: 31#02372
2025-08-18 11:36:56,436 - INFO - 回测分析 [49/401]: 31#01206
2025-08-18 11:36:56,440 - INFO - 回测分析 [50/401]: 31#09977
2025-08-18 11:36:56,443 - INFO - 回测分析 [51/401]: 31#06999
2025-08-18 11:36:56,446 - INFO - 回测分析 [52/401]: 31#00726
2025-08-18 11:36:56,450 - INFO - 回测分析 [53/401]: 31#02028
2025-08-18 11:36:56,452 - INFO - 回测分析 [54/401]: sz300595
2025-08-18 11:36:56,456 - INFO - 回测分析 [55/401]: 31#01812
2025-08-18 11:36:56,460 - INFO - 回测分析 [56/401]: 31#00759
2025-08-18 11:36:56,464 - INFO - 回测分析 [57/401]: 31#00186
2025-08-18 11:36:56,466 - INFO - 回测分析 [58/401]: sz300208
2025-08-18 11:36:56,470 - INFO - 回测分析 [59/401]: 31#01231
2025-08-18 11:36:56,473 - INFO - 回测分析 [60/401]: 31#03628
2025-08-18 11:36:56,475 - INFO - 回测分析 [61/401]: 31#00733
2025-08-18 11:36:56,479 - INFO - 回测分析 [62/401]: 31#00110
2025-08-18 11:36:56,482 - INFO - 回测分析 [63/401]: 31#01663
2025-08-18 11:36:56,485 - INFO - 回测分析 [64/401]: 31#00310
2025-08-18 11:36:56,488 - INFO - 回测分析 [65/401]: sh600976
2025-08-18 11:36:56,492 - INFO - 回测分析 [66/401]: sz002022
2025-08-18 11:36:56,496 - INFO - 回测分析 [67/401]: 31#01622
2025-08-18 11:36:56,499 - INFO - 回测分析 [68/401]: 31#02008
2025-08-18 11:36:56,503 - INFO - 回测分析 [69/401]: 31#01082
2025-08-18 11:36:56,507 - INFO - 回测分析 [70/401]: 31#03878
2025-08-18 11:36:56,510 - INFO - 回测分析 [71/401]: 31#06878
2025-08-18 11:36:56,514 - INFO - 回测分析 [72/401]: 31#00361
2025-08-18 11:36:56,517 - INFO - 回测分析 [73/401]: sz300904
2025-08-18 11:36:56,520 - INFO - 回测分析 [74/401]: sz002030
2025-08-18 11:36:56,524 - INFO - 回测分析 [75/401]: 31#00030
2025-08-18 11:36:56,527 - INFO - 回测分析 [76/401]: 31#01224
2025-08-18 11:36:56,531 - INFO - 回测分析 [77/401]: 31#01246
2025-08-18 11:36:56,534 - INFO - 回测分析 [78/401]: 31#09608
2025-08-18 11:36:56,537 - INFO - 回测分析 [79/401]: 31#02060
2025-08-18 11:36:56,541 - INFO - 回测分析 [80/401]: sz001326
2025-08-18 11:36:56,544 - INFO - 回测分析 [81/401]: sh688283
2025-08-18 11:36:56,547 - INFO - 回测分析 [82/401]: 31#00574
2025-08-18 11:36:56,550 - INFO - 回测分析 [83/401]: 31#02427
2025-08-18 11:36:56,553 - INFO - 回测分析 [84/401]: 31#01201
2025-08-18 11:36:56,556 - INFO - 回测分析 [85/401]: 31#00174
2025-08-18 11:36:56,559 - INFO - 回测分析 [86/401]: 31#01645
2025-08-18 11:36:56,563 - INFO - 回测分析 [87/401]: sz002466
2025-08-18 11:36:56,567 - INFO - 回测分析 [88/401]: 31#01348
2025-08-18 11:36:56,570 - INFO - 回测分析 [89/401]: 31#01034
2025-08-18 11:36:56,574 - INFO - 回测分析 [90/401]: 31#01245
2025-08-18 11:36:56,577 - INFO - 回测分析 [91/401]: sz000595
2025-08-18 11:36:56,582 - INFO - 回测分析 [92/401]: sz300175
2025-08-18 11:36:56,587 - INFO - 回测分析 [93/401]: 31#09982
2025-08-18 11:36:56,590 - INFO - 回测分析 [94/401]: 31#09918
2025-08-18 11:36:56,593 - INFO - 回测分析 [95/401]: 31#01029
2025-08-18 11:36:56,597 - INFO - 回测分析 [96/401]: 31#01733
2025-08-18 11:36:56,601 - INFO - 回测分析 [97/401]: 31#00007
2025-08-18 11:36:56,604 - INFO - 回测分析 [98/401]: 31#02439
2025-08-18 11:36:56,607 - INFO - 回测分析 [99/401]: 31#01244
2025-08-18 11:36:56,610 - INFO - 回测分析 [100/401]: 31#02482
2025-08-18 11:36:56,612 - INFO - 回测分析 [101/401]: 31#06900
2025-08-18 11:36:56,615 - INFO - 回测分析 [102/401]: 31#01156
2025-08-18 11:36:56,619 - INFO - 回测分析 [103/401]: 31#03836
2025-08-18 11:36:56,622 - INFO - 回测分析 [104/401]: 31#01653
2025-08-18 11:36:56,626 - INFO - 回测分析 [105/401]: 31#06698
2025-08-18 11:36:56,628 - INFO - 回测分析 [106/401]: 31#00970
2025-08-18 11:36:56,632 - INFO - 回测分析 [107/401]: sh601666
2025-08-18 11:36:56,636 - INFO - 回测分析 [108/401]: 31#01987
2025-08-18 11:36:56,639 - INFO - 回测分析 [109/401]: 31#06108
2025-08-18 11:36:56,643 - INFO - 回测分析 [110/401]: 31#01765
2025-08-18 11:36:56,646 - INFO - 回测分析 [111/401]: 31#02110
2025-08-18 11:36:56,650 - INFO - 回测分析 [112/401]: 31#01870
2025-08-18 11:36:56,654 - INFO - 回测分析 [113/401]: 31#06909
2025-08-18 11:36:56,657 - INFO - 回测分析 [114/401]: sh688478
2025-08-18 11:36:56,659 - INFO - 回测分析 [115/401]: 31#03997
2025-08-18 11:36:56,662 - INFO - 回测分析 [116/401]: sh600238
2025-08-18 11:36:56,666 - INFO - 回测分析 [117/401]: 31#00171
2025-08-18 11:36:56,670 - INFO - 回测分析 [118/401]: 31#01575
2025-08-18 11:36:56,673 - INFO - 回测分析 [119/401]: 31#00589
2025-08-18 11:36:56,676 - INFO - 回测分析 [120/401]: 31#01790
2025-08-18 11:36:56,679 - INFO - 回测分析 [121/401]: 31#00102
2025-08-18 11:36:56,682 - INFO - 回测分析 [122/401]: 31#01667
2025-08-18 11:36:56,685 - INFO - 回测分析 [123/401]: sh600381
2025-08-18 11:36:56,689 - INFO - 回测分析 [124/401]: 31#01351
2025-08-18 11:36:56,692 - INFO - 回测分析 [125/401]: 31#06812
2025-08-18 11:36:56,696 - INFO - 回测分析 [126/401]: 31#06893
2025-08-18 11:36:56,699 - INFO - 回测分析 [127/401]: 31#09857
2025-08-18 11:36:56,702 - INFO - 回测分析 [128/401]: 31#00159
2025-08-18 11:36:56,705 - INFO - 回测分析 [129/401]: 31#01185
2025-08-18 11:36:56,708 - INFO - 回测分析 [130/401]: 31#01223
2025-08-18 11:36:56,712 - INFO - 回测分析 [131/401]: 31#01583
2025-08-18 11:36:56,715 - INFO - 回测分析 [132/401]: 31#01978
2025-08-18 11:36:56,719 - INFO - 回测分析 [133/401]: 31#00587
2025-08-18 11:36:56,722 - INFO - 回测分析 [134/401]: 31#01004
2025-08-18 11:36:56,724 - INFO - 回测分析 [135/401]: 31#02135
2025-08-18 11:36:56,728 - INFO - 回测分析 [136/401]: sz002176
2025-08-18 11:36:56,732 - INFO - 回测分析 [137/401]: 31#02237
2025-08-18 11:36:56,734 - INFO - 回测分析 [138/401]: 31#01750
2025-08-18 11:36:56,738 - INFO - 回测分析 [139/401]: 31#01895
2025-08-18 11:36:56,741 - INFO - 回测分析 [140/401]: 31#00936
2025-08-18 11:36:56,743 - INFO - 回测分析 [141/401]: 31#03333
2025-08-18 11:36:56,746 - INFO - 回测分析 [142/401]: 31#03683
2025-08-18 11:36:56,750 - INFO - 回测分析 [143/401]: sh688172
2025-08-18 11:36:56,753 - INFO - 回测分析 [144/401]: 31#02420
2025-08-18 11:36:56,755 - INFO - 回测分析 [145/401]: sh600266
2025-08-18 11:36:56,764 - INFO - 回测分析 [146/401]: 31#01727
2025-08-18 11:36:56,768 - INFO - 回测分析 [147/401]: 31#01543
2025-08-18 11:36:56,771 - INFO - 回测分析 [148/401]: 31#06158
2025-08-18 11:36:56,775 - INFO - 回测分析 [149/401]: 31#00593
2025-08-18 11:36:56,778 - INFO - 回测分析 [150/401]: 31#00542
2025-08-18 11:36:56,781 - INFO - 回测分析 [151/401]: 31#09983
2025-08-18 11:36:56,785 - INFO - 回测分析 [152/401]: 31#02078
2025-08-18 11:36:56,788 - INFO - 回测分析 [153/401]: 31#02325
2025-08-18 11:36:56,791 - INFO - 回测分析 [154/401]: 31#00822
2025-08-18 11:36:56,795 - INFO - 回测分析 [155/401]: 31#00831
2025-08-18 11:36:56,799 - INFO - 回测分析 [156/401]: 31#02798
2025-08-18 11:36:56,803 - INFO - 回测分析 [157/401]: sz000998
2025-08-18 11:36:56,807 - INFO - 回测分析 [158/401]: 31#02066
2025-08-18 11:36:56,811 - INFO - 回测分析 [159/401]: 31#00442
2025-08-18 11:36:56,814 - INFO - 回测分析 [160/401]: 31#01416
2025-08-18 11:36:56,817 - INFO - 回测分析 [161/401]: 31#00765
2025-08-18 11:36:56,821 - INFO - 回测分析 [162/401]: 31#06830
2025-08-18 11:36:56,825 - INFO - 回测分析 [163/401]: 31#00401
2025-08-18 11:36:56,828 - INFO - 回测分析 [164/401]: sz002706
2025-08-18 11:36:56,836 - INFO - 回测分析 [165/401]: 31#02215
2025-08-18 11:36:56,839 - INFO - 回测分析 [166/401]: 31#01975
2025-08-18 11:36:56,843 - INFO - 回测分析 [167/401]: 31#02226
2025-08-18 11:36:56,846 - INFO - 回测分析 [168/401]: 31#01959
2025-08-18 11:36:56,849 - INFO - 回测分析 [169/401]: sh603000
2025-08-18 11:36:56,857 - INFO - 回测分析 [170/401]: sz002234
2025-08-18 11:36:56,860 - INFO - 回测分析 [171/401]: 31#01189
2025-08-18 11:36:56,864 - INFO - 回测分析 [172/401]: 31#01922
2025-08-18 11:36:56,867 - INFO - 回测分析 [173/401]: 31#01965
2025-08-18 11:36:56,870 - INFO - 回测分析 [174/401]: 31#02147
2025-08-18 11:36:56,872 - INFO - 回测分析 [175/401]: 31#01983
2025-08-18 11:36:56,875 - INFO - 回测分析 [176/401]: 31#02181
2025-08-18 11:36:56,878 - INFO - 回测分析 [177/401]: 31#01402
2025-08-18 11:36:56,881 - INFO - 回测分析 [178/401]: 31#00810
2025-08-18 11:36:56,885 - INFO - 回测分析 [179/401]: 31#02175
2025-08-18 11:36:56,888 - INFO - 回测分析 [180/401]: 31#01846
2025-08-18 11:36:56,892 - INFO - 回测分析 [181/401]: 31#09963
2025-08-18 11:36:56,894 - INFO - 回测分析 [182/401]: 31#09938
2025-08-18 11:36:56,897 - INFO - 回测分析 [183/401]: 31#02270
2025-08-18 11:36:56,900 - INFO - 回测分析 [184/401]: 31#01960
2025-08-18 11:36:56,904 - INFO - 回测分析 [185/401]: 31#02459
2025-08-18 11:36:56,907 - INFO - 回测分析 [186/401]: 31#02193
2025-08-18 11:36:56,910 - INFO - 回测分析 [187/401]: 31#02017
2025-08-18 11:36:56,912 - INFO - 回测分析 [188/401]: 31#00034
2025-08-18 11:36:56,916 - INFO - 回测分析 [189/401]: 31#03773
2025-08-18 11:36:56,920 - INFO - 回测分析 [190/401]: sz002385
2025-08-18 11:36:56,924 - INFO - 回测分析 [191/401]: sz000820
2025-08-18 11:36:56,929 - INFO - 回测分析 [192/401]: 31#02501
2025-08-18 11:36:56,931 - INFO - 回测分析 [193/401]: 31#00368
2025-08-18 11:36:56,934 - INFO - 回测分析 [194/401]: 31#00550
2025-08-18 11:36:56,937 - INFO - 回测分析 [195/401]: 31#06163
2025-08-18 11:36:56,940 - INFO - 回测分析 [196/401]: 31#00286
2025-08-18 11:36:56,943 - INFO - 回测分析 [197/401]: 31#06063
2025-08-18 11:36:56,947 - INFO - 回测分析 [198/401]: 31#00812
2025-08-18 11:36:56,950 - INFO - 回测分析 [199/401]: 31#01703
2025-08-18 11:36:56,953 - INFO - 回测分析 [200/401]: 31#01817
2025-08-18 11:36:56,957 - INFO - 回测分析 [201/401]: 31#01793
2025-08-18 11:36:56,960 - INFO - 回测分析 [202/401]: sz000629
2025-08-18 11:36:56,969 - INFO - 回测分析 [203/401]: 31#01532
2025-08-18 11:36:56,972 - INFO - 回测分析 [204/401]: 31#02448
2025-08-18 11:36:56,976 - INFO - 回测分析 [205/401]: 31#00242
2025-08-18 11:36:56,980 - INFO - 回测分析 [206/401]: 31#00693
2025-08-18 11:36:56,983 - INFO - 回测分析 [207/401]: 31#02480
2025-08-18 11:36:56,985 - INFO - 回测分析 [208/401]: 31#02486
2025-08-18 11:36:56,988 - INFO - 回测分析 [209/401]: 31#00009
2025-08-18 11:36:56,991 - INFO - 回测分析 [210/401]: 31#02002
2025-08-18 11:36:56,995 - INFO - 回测分析 [211/401]: sz002531
2025-08-18 11:36:57,000 - INFO - 回测分析 [212/401]: sh603273
2025-08-18 11:36:57,003 - INFO - 回测分析 [213/401]: 31#02383
2025-08-18 11:36:57,006 - INFO - 回测分析 [214/401]: 31#00438
2025-08-18 11:36:57,010 - INFO - 回测分析 [215/401]: 31#01871
2025-08-18 11:36:57,014 - INFO - 回测分析 [216/401]: sh688699
2025-08-18 11:36:57,017 - INFO - 回测分析 [217/401]: sz300268
2025-08-18 11:36:57,021 - INFO - 回测分析 [218/401]: sz002529
2025-08-18 11:36:57,026 - INFO - 回测分析 [219/401]: 31#00607
2025-08-18 11:36:57,030 - INFO - 回测分析 [220/401]: 31#02680
2025-08-18 11:36:57,033 - INFO - 回测分析 [221/401]: 31#01028
2025-08-18 11:36:57,036 - INFO - 回测分析 [222/401]: sz002876
2025-08-18 11:36:57,043 - INFO - 回测分析 [223/401]: 31#06119
2025-08-18 11:36:57,046 - INFO - 回测分析 [224/401]: sh600888
2025-08-18 11:36:57,055 - INFO - 回测分析 [225/401]: 31#01317
2025-08-18 11:36:57,059 - INFO - 回测分析 [226/401]: 31#00567
2025-08-18 11:36:57,062 - INFO - 回测分析 [227/401]: 31#01284
2025-08-18 11:36:57,064 - INFO - 回测分析 [228/401]: 31#01153
2025-08-18 11:36:57,067 - INFO - 回测分析 [229/401]: sh600348
2025-08-18 11:36:57,071 - INFO - 回测分析 [230/401]: 31#02258
2025-08-18 11:36:57,074 - INFO - 回测分析 [231/401]: 31#00122
2025-08-18 11:36:57,078 - INFO - 回测分析 [232/401]: 31#03650
2025-08-18 11:36:57,080 - INFO - 回测分析 [233/401]: sz002159
2025-08-18 11:36:57,089 - INFO - 回测分析 [234/401]: sh600525
2025-08-18 11:36:57,092 - INFO - 回测分析 [235/401]: 31#01719
2025-08-18 11:36:57,095 - INFO - 回测分析 [236/401]: 31#02098
2025-08-18 11:36:57,099 - INFO - 回测分析 [237/401]: sz002047
2025-08-18 11:36:57,103 - INFO - 回测分析 [238/401]: 31#03389
2025-08-18 11:36:57,107 - INFO - 回测分析 [239/401]: 31#06958
2025-08-18 11:36:57,110 - INFO - 回测分析 [240/401]: 31#01429
2025-08-18 11:36:57,113 - INFO - 回测分析 [241/401]: 31#01198
2025-08-18 11:36:57,117 - INFO - 回测分析 [242/401]: 31#01996
2025-08-18 11:36:57,121 - INFO - 回测分析 [243/401]: 31#01143
2025-08-18 11:36:57,124 - INFO - 回测分析 [244/401]: 31#01953
2025-08-18 11:36:57,128 - INFO - 回测分析 [245/401]: 31#02385
2025-08-18 11:36:57,131 - INFO - 回测分析 [246/401]: sz002737
2025-08-18 11:36:57,135 - INFO - 回测分析 [247/401]: 31#01362
2025-08-18 11:36:57,137 - INFO - 回测分析 [248/401]: sh688671
2025-08-18 11:36:57,140 - INFO - 回测分析 [249/401]: sz000550
2025-08-18 11:36:57,144 - INFO - 回测分析 [250/401]: sz000516
2025-08-18 11:36:57,147 - INFO - 回测分析 [251/401]: 31#01376
2025-08-18 11:36:57,151 - INFO - 回测分析 [252/401]: 31#01708
2025-08-18 11:36:57,154 - INFO - 回测分析 [253/401]: 31#01410
2025-08-18 11:36:57,158 - INFO - 回测分析 [254/401]: 31#01222
2025-08-18 11:36:57,161 - INFO - 回测分析 [255/401]: 31#01489
2025-08-18 11:36:57,164 - INFO - 回测分析 [256/401]: sz000488
2025-08-18 11:36:57,168 - INFO - 回测分析 [257/401]: 31#00738
2025-08-18 11:36:57,171 - INFO - 回测分析 [258/401]: 31#03718
2025-08-18 11:36:57,175 - INFO - 回测分析 [259/401]: 31#06966
2025-08-18 11:36:57,178 - INFO - 回测分析 [260/401]: 31#01058
2025-08-18 11:36:57,181 - INFO - 回测分析 [261/401]: 31#02399
2025-08-18 11:36:57,185 - INFO - 回测分析 [262/401]: 31#01936
2025-08-18 11:36:57,188 - INFO - 回测分析 [263/401]: 31#06899
2025-08-18 11:36:57,191 - INFO - 回测分析 [264/401]: 31#00979
2025-08-18 11:36:57,195 - INFO - 回测分析 [265/401]: sh603721
2025-08-18 11:36:57,199 - INFO - 回测分析 [266/401]: sh605089
2025-08-18 11:36:57,203 - INFO - 回测分析 [267/401]: 31#02415
2025-08-18 11:36:57,206 - INFO - 回测分析 [268/401]: 31#01121
2025-08-18 11:36:57,209 - INFO - 回测分析 [269/401]: 31#06610
2025-08-18 11:36:57,212 - INFO - 回测分析 [270/401]: 31#01968
2025-08-18 11:36:57,215 - INFO - 回测分析 [271/401]: sh601699
2025-08-18 11:36:57,219 - INFO - 回测分析 [272/401]: sh605108
2025-08-18 11:36:57,223 - INFO - 回测分析 [273/401]: 31#01417
2025-08-18 11:36:57,226 - INFO - 回测分析 [274/401]: 31#01490
2025-08-18 11:36:57,229 - INFO - 回测分析 [275/401]: 31#01360
2025-08-18 11:36:57,233 - INFO - 回测分析 [276/401]: 31#01243
2025-08-18 11:36:57,236 - INFO - 回测分析 [277/401]: 31#03662
2025-08-18 11:36:57,240 - INFO - 回测分析 [278/401]: 31#00724
2025-08-18 11:36:57,243 - INFO - 回测分析 [279/401]: sh601801
2025-08-18 11:36:57,252 - INFO - 回测分析 [280/401]: 31#02708
2025-08-18 11:36:57,255 - INFO - 回测分析 [281/401]: 31#03680
2025-08-18 11:36:57,263 - INFO - 回测分析 [282/401]: 31#00947
2025-08-18 11:36:57,267 - INFO - 回测分析 [283/401]: 31#01845
2025-08-18 11:36:57,270 - INFO - 回测分析 [284/401]: 31#00685
2025-08-18 11:36:57,273 - INFO - 回测分析 [285/401]: 31#00199
2025-08-18 11:36:57,276 - INFO - 回测分析 [286/401]: 31#01598
2025-08-18 11:36:57,280 - INFO - 回测分析 [287/401]: sh600637
2025-08-18 11:36:57,288 - INFO - 回测分析 [288/401]: 31#00431
2025-08-18 11:36:57,292 - INFO - 回测分析 [289/401]: sz002521
2025-08-18 11:36:57,297 - INFO - 回测分析 [290/401]: 31#02101
2025-08-18 11:36:57,300 - INFO - 回测分析 [291/401]: 31#00311
2025-08-18 11:36:57,303 - INFO - 回测分析 [292/401]: 31#01650
2025-08-18 11:36:57,306 - INFO - 回测分析 [293/401]: 31#01323
2025-08-18 11:36:57,310 - INFO - 回测分析 [294/401]: sh600088
2025-08-18 11:36:57,314 - INFO - 回测分析 [295/401]: sz001378
2025-08-18 11:36:57,317 - INFO - 回测分析 [296/401]: 31#01319
2025-08-18 11:36:57,323 - INFO - 回测分析 [297/401]: 31#06190
2025-08-18 11:36:57,326 - INFO - 回测分析 [298/401]: 31#02120
2025-08-18 11:36:57,329 - INFO - 回测分析 [299/401]: 31#00351
2025-08-18 11:36:57,332 - INFO - 回测分析 [300/401]: 31#00951
2025-08-18 11:36:57,339 - INFO - 回测分析 [301/401]: 31#01002
2025-08-18 11:36:57,342 - INFO - 回测分析 [302/401]: 31#00410
2025-08-18 11:36:57,346 - INFO - 回测分析 [303/401]: 31#02187
2025-08-18 11:36:57,349 - INFO - 回测分析 [304/401]: 31#02019
2025-08-18 11:36:57,353 - INFO - 回测分析 [305/401]: 31#03616
2025-08-18 11:36:57,356 - INFO - 回测分析 [306/401]: 31#01847
2025-08-18 11:36:57,359 - INFO - 回测分析 [307/401]: 31#06199
2025-08-18 11:36:57,362 - INFO - 回测分析 [308/401]: 31#02223
2025-08-18 11:36:57,365 - INFO - 回测分析 [309/401]: 31#03300
2025-08-18 11:36:57,369 - INFO - 回测分析 [310/401]: 31#00253
2025-08-18 11:36:57,371 - INFO - 回测分析 [311/401]: 31#01463
2025-08-18 11:36:57,375 - INFO - 回测分析 [312/401]: 31#01865
2025-08-18 11:36:57,378 - INFO - 回测分析 [313/401]: 31#00674
2025-08-18 11:36:57,382 - INFO - 回测分析 [314/401]: 31#00830
2025-08-18 11:36:57,385 - INFO - 回测分析 [315/401]: 31#01560
2025-08-18 11:36:57,389 - INFO - 回测分析 [316/401]: 31#01542
2025-08-18 11:36:57,391 - INFO - 回测分析 [317/401]: 31#00852
2025-08-18 11:36:57,394 - INFO - 回测分析 [318/401]: sz002041
2025-08-18 11:36:57,398 - INFO - 回测分析 [319/401]: 31#01332
2025-08-18 11:36:57,402 - INFO - 回测分析 [320/401]: 31#01569
2025-08-18 11:36:57,405 - INFO - 回测分析 [321/401]: 31#00302
2025-08-18 11:36:57,409 - INFO - 回测分析 [322/401]: 31#02222
2025-08-18 11:36:57,413 - INFO - 回测分析 [323/401]: 31#03798
2025-08-18 11:36:57,417 - INFO - 回测分析 [324/401]: 31#02000
2025-08-18 11:36:57,420 - INFO - 回测分析 [325/401]: 31#01927
2025-08-18 11:36:57,424 - INFO - 回测分析 [326/401]: 31#02231
2025-08-18 11:36:57,427 - INFO - 回测分析 [327/401]: sh603869
2025-08-18 11:36:57,431 - INFO - 回测分析 [328/401]: 31#01894
2025-08-18 11:36:57,434 - INFO - 回测分析 [329/401]: sh603153
2025-08-18 11:36:57,436 - INFO - 回测分析 [330/401]: 31#01281
2025-08-18 11:36:57,439 - INFO - 回测分析 [331/401]: 31#01771
2025-08-18 11:36:57,442 - INFO - 回测分析 [332/401]: 31#00389
2025-08-18 11:36:57,446 - INFO - 回测分析 [333/401]: sh600546
2025-08-18 11:36:57,451 - INFO - 回测分析 [334/401]: 31#00018
2025-08-18 11:36:57,455 - INFO - 回测分析 [335/401]: 31#01701
2025-08-18 11:36:57,458 - INFO - 回测分析 [336/401]: sh688575
2025-08-18 11:36:57,461 - INFO - 回测分析 [337/401]: sz000400
2025-08-18 11:36:57,465 - INFO - 回测分析 [338/401]: 31#01271
2025-08-18 11:36:57,469 - INFO - 回测分析 [339/401]: 31#01967
2025-08-18 11:36:57,473 - INFO - 回测分析 [340/401]: 31#06606
2025-08-18 11:36:57,476 - INFO - 回测分析 [341/401]: 31#00150
2025-08-18 11:36:57,479 - INFO - 回测分析 [342/401]: 31#01608
2025-08-18 11:36:57,483 - INFO - 回测分析 [343/401]: 31#06918
2025-08-18 11:36:57,487 - INFO - 回测分析 [344/401]: 31#00983
2025-08-18 11:36:57,490 - INFO - 回测分析 [345/401]: 31#00929
2025-08-18 11:36:57,493 - INFO - 回测分析 [346/401]: 31#09916
2025-08-18 11:36:57,497 - INFO - 回测分析 [347/401]: 31#01170
2025-08-18 11:36:57,500 - INFO - 回测分析 [348/401]: sh603396
2025-08-18 11:36:57,504 - INFO - 回测分析 [349/401]: 31#01250
2025-08-18 11:36:57,507 - INFO - 回测分析 [350/401]: 31#01563
2025-08-18 11:36:57,511 - INFO - 回测分析 [351/401]: 31#01843
2025-08-18 11:36:57,515 - INFO - 回测分析 [352/401]: 31#01955
2025-08-18 11:36:57,518 - INFO - 回测分析 [353/401]: 31#00082
2025-08-18 11:36:57,522 - INFO - 回测分析 [354/401]: 31#00079
2025-08-18 11:36:57,525 - INFO - 回测分析 [355/401]: 31#03363
2025-08-18 11:36:57,527 - INFO - 回测分析 [356/401]: 31#02182
2025-08-18 11:36:57,530 - INFO - 回测分析 [357/401]: 31#00543
2025-08-18 11:36:57,534 - INFO - 回测分析 [358/401]: 31#00663
2025-08-18 11:36:57,537 - INFO - 回测分析 [359/401]: 31#01255
2025-08-18 11:36:57,541 - INFO - 回测分析 [360/401]: 31#06988
2025-08-18 11:36:57,544 - INFO - 回测分析 [361/401]: sh603107
2025-08-18 11:36:57,547 - INFO - 回测分析 [362/401]: sh603230
2025-08-18 11:36:57,550 - INFO - 回测分析 [363/401]: 31#01757
2025-08-18 11:36:57,553 - INFO - 回测分析 [364/401]: 31#00750
2025-08-18 11:36:57,556 - INFO - 回测分析 [365/401]: sh603658
2025-08-18 11:36:57,560 - INFO - 回测分析 [366/401]: 31#01566
2025-08-18 11:36:57,563 - INFO - 回测分析 [367/401]: 31#03603
2025-08-18 11:36:57,567 - INFO - 回测分析 [368/401]: 31#02289
2025-08-18 11:36:57,570 - INFO - 回测分析 [369/401]: 31#01849
2025-08-18 11:36:57,573 - INFO - 回测分析 [370/401]: 31#03913
2025-08-18 11:36:57,577 - INFO - 回测分析 [371/401]: 31#02122
2025-08-18 11:36:57,580 - INFO - 回测分析 [372/401]: 31#02436
2025-08-18 11:36:57,583 - INFO - 回测分析 [373/401]: 31#02442
2025-08-18 11:36:57,586 - INFO - 回测分析 [374/401]: 31#02370
2025-08-18 11:36:57,588 - INFO - 回测分析 [375/401]: sz000521
2025-08-18 11:36:57,593 - INFO - 回测分析 [376/401]: sh600971
2025-08-18 11:36:57,597 - INFO - 回测分析 [377/401]: 31#00126
2025-08-18 11:36:57,600 - INFO - 回测分析 [378/401]: 31#00214
2025-08-18 11:36:57,604 - INFO - 回测分析 [379/401]: 31#01495
2025-08-18 11:36:57,607 - INFO - 回测分析 [380/401]: 31#01383
2025-08-18 11:36:57,610 - INFO - 回测分析 [381/401]: 31#06633
2025-08-18 11:36:57,613 - INFO - 回测分析 [382/401]: 31#02416
2025-08-18 11:36:57,616 - INFO - 回测分析 [383/401]: 31#01161
2025-08-18 11:36:57,619 - INFO - 回测分析 [384/401]: 31#01638
2025-08-18 11:36:57,623 - INFO - 回测分析 [385/401]: 31#01971
2025-08-18 11:36:57,626 - INFO - 回测分析 [386/401]: 31#01826
2025-08-18 11:36:57,629 - INFO - 回测分析 [387/401]: 31#01107
2025-08-18 11:36:57,632 - INFO - 回测分析 [388/401]: 31#03309
2025-08-18 11:36:57,636 - INFO - 回测分析 [389/401]: sz002340
2025-08-18 11:36:57,644 - INFO - 回测分析 [390/401]: 31#00483
2025-08-18 11:36:57,648 - INFO - 回测分析 [391/401]: sz002154
2025-08-18 11:36:57,652 - INFO - 回测分析 [392/401]: 31#03390
2025-08-18 11:36:57,655 - INFO - 回测分析 [393/401]: sh601868
2025-08-18 11:36:57,662 - INFO - 回测分析 [394/401]: 31#01498
2025-08-18 11:36:57,666 - INFO - 回测分析 [395/401]: 31#02623
2025-08-18 11:36:57,669 - INFO - 回测分析 [396/401]: 31#01343
2025-08-18 11:36:57,673 - INFO - 回测分析 [397/401]: 31#09929
2025-08-18 11:36:57,676 - INFO - 回测分析 [398/401]: sz000625
2025-08-18 11:36:57,680 - INFO - 回测分析 [399/401]: 31#01827
2025-08-18 11:36:57,683 - INFO - 回测分析 [400/401]: sh600724
2025-08-18 11:36:57,687 - INFO - 回测分析 [401/401]: 31#02422
2025-08-18 11:36:57,690 - INFO - 对历史筛选结果进行验证分析...
2025-08-18 11:36:57,690 - INFO - 开始验证 401 个历史信号的准确性
2025-08-18 11:36:57,690 - INFO - 验证进度 [1/401]: sh688172
2025-08-18 11:36:57,700 - INFO - 验证进度 [2/401]: sh601699
2025-08-18 11:36:57,710 - INFO - 验证进度 [3/401]: sh600123
2025-08-18 11:36:57,720 - INFO - 验证进度 [4/401]: sh688699
2025-08-18 11:36:57,737 - INFO - 验证进度 [5/401]: sh600238
2025-08-18 11:36:57,747 - INFO - 验证进度 [6/401]: sh603396
2025-08-18 11:36:57,758 - INFO - 验证进度 [7/401]: sh603658
2025-08-18 11:36:57,770 - INFO - 验证进度 [8/401]: sh603000
2025-08-18 11:36:57,781 - INFO - 验证进度 [9/401]: sh600976
2025-08-18 11:36:57,791 - INFO - 验证进度 [10/401]: sh688478
2025-08-18 11:36:57,803 - INFO - 验证进度 [11/401]: sh600971
2025-08-18 11:36:57,812 - INFO - 验证进度 [12/401]: sh600546
2025-08-18 11:36:57,823 - INFO - 验证进度 [13/401]: sh600702
2025-08-18 11:36:57,832 - INFO - 验证进度 [14/401]: sh603869
2025-08-18 11:36:57,842 - INFO - 验证进度 [15/401]: sh600348
2025-08-18 11:36:57,852 - INFO - 验证进度 [16/401]: sh600088
2025-08-18 11:36:57,861 - INFO - 验证进度 [17/401]: sh603230
2025-08-18 11:36:57,869 - INFO - 验证进度 [18/401]: sh600525
2025-08-18 11:36:57,879 - INFO - 验证进度 [19/401]: sh600266
2025-08-18 11:36:57,889 - INFO - 验证进度 [20/401]: sh601801
2025-08-18 11:36:57,898 - INFO - 验证进度 [21/401]: sh603107
2025-08-18 11:36:57,905 - INFO - 验证进度 [22/401]: sh601163
2025-08-18 11:36:57,914 - INFO - 验证进度 [23/401]: sh603721
2025-08-18 11:36:57,924 - INFO - 验证进度 [24/401]: sh601868
2025-08-18 11:36:57,932 - INFO - 验证进度 [25/401]: sh603273
2025-08-18 11:36:57,941 - INFO - 验证进度 [26/401]: sh688575
2025-08-18 11:36:57,953 - INFO - 验证进度 [27/401]: sh605089
2025-08-18 11:36:57,962 - INFO - 验证进度 [28/401]: sh603348
2025-08-18 11:36:57,972 - INFO - 验证进度 [29/401]: sh688283
2025-08-18 11:36:57,981 - INFO - 验证进度 [30/401]: sh600724
2025-08-18 11:36:57,990 - INFO - 验证进度 [31/401]: sh600199
2025-08-18 11:36:58,000 - INFO - 验证进度 [32/401]: sh605108
2025-08-18 11:36:58,010 - INFO - 验证进度 [33/401]: sh601666
2025-08-18 11:36:58,019 - INFO - 验证进度 [34/401]: sh600888
2025-08-18 11:36:58,028 - INFO - 验证进度 [35/401]: sh603153
2025-08-18 11:36:58,035 - INFO - 验证进度 [36/401]: sh600381
2025-08-18 11:36:58,045 - INFO - 验证进度 [37/401]: sh600637
2025-08-18 11:36:58,054 - INFO - 验证进度 [38/401]: sh688671
2025-08-18 11:36:58,066 - INFO - 验证进度 [39/401]: sz000516
2025-08-18 11:36:58,076 - INFO - 验证进度 [40/401]: sz300208
2025-08-18 11:36:58,102 - INFO - 验证进度 [41/401]: sz002154
2025-08-18 11:36:58,112 - INFO - 验证进度 [42/401]: sz000595
2025-08-18 11:36:58,121 - INFO - 验证进度 [43/401]: sz000629
2025-08-18 11:36:58,131 - INFO - 验证进度 [44/401]: sz002706
2025-08-18 11:36:58,141 - INFO - 验证进度 [45/401]: sz300268
2025-08-18 11:36:58,157 - INFO - 验证进度 [46/401]: sz001378
2025-08-18 11:36:58,164 - INFO - 验证进度 [47/401]: sz002603
2025-08-18 11:36:58,175 - INFO - 验证进度 [48/401]: sz000550
2025-08-18 11:36:58,185 - INFO - 验证进度 [49/401]: sz002047
2025-08-18 11:36:58,195 - INFO - 验证进度 [50/401]: sz002159
2025-08-18 11:36:58,204 - INFO - 验证进度 [51/401]: sz300904
2025-08-18 11:36:58,219 - INFO - 验证进度 [52/401]: sz000625
2025-08-18 11:36:58,230 - INFO - 验证进度 [53/401]: sz002234
2025-08-18 11:36:58,239 - INFO - 验证进度 [54/401]: sz002466
2025-08-18 11:36:58,249 - INFO - 验证进度 [55/401]: sz002041
2025-08-18 11:36:58,258 - INFO - 验证进度 [56/401]: sz000060
2025-08-18 11:36:58,268 - INFO - 验证进度 [57/401]: sz002340
2025-08-18 11:36:58,278 - INFO - 验证进度 [58/401]: sz002521
2025-08-18 11:36:58,287 - INFO - 验证进度 [59/401]: sz300316
2025-08-18 11:36:58,298 - INFO - 验证进度 [60/401]: sz002022
2025-08-18 11:36:58,308 - INFO - 验证进度 [61/401]: sz002531
2025-08-18 11:36:58,317 - INFO - 验证进度 [62/401]: sz300175
2025-08-18 11:36:58,335 - INFO - 验证进度 [63/401]: sz002176
2025-08-18 11:36:58,345 - INFO - 验证进度 [64/401]: sz000820
2025-08-18 11:36:58,354 - INFO - 验证进度 [65/401]: sz300595
2025-08-18 11:36:58,370 - INFO - 验证进度 [66/401]: sz000400
2025-08-18 11:36:58,379 - INFO - 验证进度 [67/401]: sz002737
2025-08-18 11:36:58,389 - INFO - 验证进度 [68/401]: sz002385
2025-08-18 11:36:58,398 - INFO - 验证进度 [69/401]: sz002876
2025-08-18 11:36:58,408 - INFO - 验证进度 [70/401]: sz000488
2025-08-18 11:36:58,417 - INFO - 验证进度 [71/401]: sz000998
2025-08-18 11:36:58,426 - INFO - 验证进度 [72/401]: sz001326
2025-08-18 11:36:58,433 - INFO - 验证进度 [73/401]: sz002030
2025-08-18 11:36:58,444 - INFO - 验证进度 [74/401]: sz002529
2025-08-18 11:36:58,455 - INFO - 验证进度 [75/401]: sz000521
2025-08-18 11:36:58,465 - INFO - 验证进度 [76/401]: 31#00663
2025-08-18 11:36:58,481 - INFO - 验证进度 [77/401]: 31#01198
2025-08-18 11:36:58,496 - INFO - 验证进度 [78/401]: 31#00954
2025-08-18 11:36:58,506 - INFO - 验证进度 [79/401]: 31#01143
2025-08-18 11:36:58,545 - INFO - 验证进度 [80/401]: 31#01622
2025-08-18 11:36:58,559 - INFO - 验证进度 [81/401]: 31#02416
2025-08-18 11:36:58,575 - INFO - 验证进度 [82/401]: 31#03363
2025-08-18 11:36:58,585 - INFO - 验证进度 [83/401]: 31#00126
2025-08-18 11:36:58,594 - INFO - 验证进度 [84/401]: 31#01223
2025-08-18 11:36:58,604 - INFO - 验证进度 [85/401]: 31#01490
2025-08-18 11:36:58,622 - INFO - 验证进度 [86/401]: 31#01243
2025-08-18 11:36:58,634 - INFO - 验证进度 [87/401]: 31#01569
2025-08-18 11:36:58,646 - INFO - 验证进度 [88/401]: 31#09608
2025-08-18 11:36:58,668 - INFO - 验证进度 [89/401]: 31#01983
2025-08-18 11:36:58,681 - INFO - 验证进度 [90/401]: 31#00738
2025-08-18 11:36:58,691 - INFO - 验证进度 [91/401]: 31#09938
2025-08-18 11:36:58,707 - INFO - 验证进度 [92/401]: 31#02066
2025-08-18 11:36:58,726 - INFO - 验证进度 [93/401]: 31#03616
2025-08-18 11:36:58,740 - INFO - 验证进度 [94/401]: 31#06899
2025-08-18 11:36:58,768 - INFO - 验证进度 [95/401]: 31#00110
2025-08-18 11:36:58,787 - INFO - 验证进度 [96/401]: 31#02223
2025-08-18 11:36:58,799 - INFO - 验证进度 [97/401]: 31#06878
2025-08-18 11:36:58,827 - INFO - 验证进度 [98/401]: 31#01968
2025-08-18 11:36:58,844 - INFO - 验证进度 [99/401]: 31#00361
2025-08-18 11:36:58,890 - INFO - 验证进度 [100/401]: 31#00333
2025-08-18 11:36:58,902 - INFO - 验证进度 [101/401]: 31#02442
2025-08-18 11:36:58,917 - INFO - 验证进度 [102/401]: 31#06918
2025-08-18 11:36:58,946 - INFO - 验证进度 [103/401]: 31#03836
2025-08-18 11:36:58,961 - INFO - 验证进度 [104/401]: 31#01653
2025-08-18 11:36:58,980 - INFO - 验证进度 [105/401]: 31#00488
2025-08-18 11:36:58,994 - INFO - 验证进度 [106/401]: 31#06812
2025-08-18 11:36:59,011 - INFO - 验证进度 [107/401]: 31#00253
2025-08-18 11:36:59,019 - INFO - 验证进度 [108/401]: 31#01183
2025-08-18 11:36:59,036 - INFO - 验证进度 [109/401]: 31#01246
2025-08-18 11:36:59,067 - INFO - 验证进度 [110/401]: 31#00574
2025-08-18 11:36:59,094 - INFO - 验证进度 [111/401]: 31#01489
2025-08-18 11:36:59,103 - INFO - 验证进度 [112/401]: 31#01532
2025-08-18 11:36:59,145 - INFO - 验证进度 [113/401]: 31#06900
2025-08-18 11:36:59,170 - INFO - 验证进度 [114/401]: 31#01845
2025-08-18 11:36:59,196 - INFO - 验证进度 [115/401]: 31#06999
2025-08-18 11:36:59,225 - INFO - 验证进度 [116/401]: 31#01410
2025-08-18 11:36:59,241 - INFO - 验证进度 [117/401]: 31#01638
2025-08-18 11:36:59,265 - INFO - 验证进度 [118/401]: 31#01871
2025-08-18 11:36:59,276 - INFO - 验证进度 [119/401]: 31#06689
2025-08-18 11:36:59,288 - INFO - 验证进度 [120/401]: 31#01849
2025-08-18 11:36:59,318 - INFO - 验证进度 [121/401]: 31#01583
2025-08-18 11:36:59,329 - INFO - 验证进度 [122/401]: 31#01927
2025-08-18 11:36:59,341 - INFO - 验证进度 [123/401]: 31#00007
2025-08-18 11:36:59,359 - INFO - 验证进度 [124/401]: 31#02459
2025-08-18 11:36:59,377 - INFO - 验证进度 [125/401]: 31#01360
2025-08-18 11:36:59,398 - INFO - 验证进度 [126/401]: 31#02078
2025-08-18 11:36:59,424 - INFO - 验证进度 [127/401]: 31#00822
2025-08-18 11:36:59,439 - INFO - 验证进度 [128/401]: 31#01495
2025-08-18 11:36:59,451 - INFO - 验证进度 [129/401]: 31#01771
2025-08-18 11:36:59,465 - INFO - 验证进度 [130/401]: 31#01817
2025-08-18 11:36:59,496 - INFO - 验证进度 [131/401]: 31#00567
2025-08-18 11:36:59,535 - INFO - 验证进度 [132/401]: 31#01870
2025-08-18 11:36:59,558 - INFO - 验证进度 [133/401]: 31#00159
2025-08-18 11:36:59,573 - INFO - 验证进度 [134/401]: 31#02226
2025-08-18 11:36:59,589 - INFO - 验证进度 [135/401]: 31#02361
2025-08-18 11:36:59,603 - INFO - 验证进度 [136/401]: 31#01156
2025-08-18 11:36:59,618 - INFO - 验证进度 [137/401]: 31#01667
2025-08-18 11:36:59,636 - INFO - 验证进度 [138/401]: 31#01975
2025-08-18 11:36:59,650 - INFO - 验证进度 [139/401]: 31#01953
2025-08-18 11:36:59,679 - INFO - 验证进度 [140/401]: 31#01699
2025-08-18 11:36:59,695 - INFO - 验证进度 [141/401]: 31#06606
2025-08-18 11:36:59,707 - INFO - 验证进度 [142/401]: 31#00733
2025-08-18 11:36:59,723 - INFO - 验证进度 [143/401]: 31#03683
2025-08-18 11:36:59,745 - INFO - 验证进度 [144/401]: 31#01560
2025-08-18 11:36:59,758 - INFO - 验证进度 [145/401]: 31#00951
2025-08-18 11:36:59,771 - INFO - 验证进度 [146/401]: 31#01645
2025-08-18 11:36:59,786 - INFO - 验证进度 [147/401]: 31#01542
2025-08-18 11:36:59,797 - INFO - 验证进度 [148/401]: 31#00102
2025-08-18 11:36:59,822 - INFO - 验证进度 [149/401]: 31#02480
2025-08-18 11:36:59,832 - INFO - 验证进度 [150/401]: 31#02486
2025-08-18 11:36:59,847 - INFO - 验证进度 [151/401]: 31#02181
2025-08-18 11:36:59,872 - INFO - 验证进度 [152/401]: 31#00750
2025-08-18 11:36:59,893 - INFO - 验证进度 [153/401]: 31#01351
2025-08-18 11:36:59,914 - INFO - 验证进度 [154/401]: 31#02422
2025-08-18 11:36:59,932 - INFO - 验证进度 [155/401]: 31#01996
2025-08-18 11:36:59,955 - INFO - 验证进度 [156/401]: 31#00606
2025-08-18 11:36:59,966 - INFO - 验证进度 [157/401]: 31#01971
2025-08-18 11:36:59,980 - INFO - 验证进度 [158/401]: 31#00174
2025-08-18 11:37:00,003 - INFO - 验证进度 [159/401]: 31#01498
2025-08-18 11:37:00,018 - INFO - 验证进度 [160/401]: 31#01250
2025-08-18 11:37:00,038 - INFO - 验证进度 [161/401]: 31#00442
2025-08-18 11:37:00,060 - INFO - 验证进度 [162/401]: 31#01121
2025-08-18 11:37:00,087 - INFO - 验证进度 [163/401]: 31#01206
2025-08-18 11:37:00,101 - INFO - 验证进度 [164/401]: 31#02448
2025-08-18 11:37:00,121 - INFO - 验证进度 [165/401]: 31#06190
2025-08-18 11:37:00,128 - INFO - 验证进度 [166/401]: 31#00459
2025-08-18 11:37:00,142 - INFO - 验证进度 [167/401]: 31#01222
2025-08-18 11:37:00,154 - INFO - 验证进度 [168/401]: 31#01323
2025-08-18 11:37:00,171 - INFO - 验证进度 [169/401]: 31#06909
2025-08-18 11:37:00,195 - INFO - 验证进度 [170/401]: 31#00587
2025-08-18 11:37:00,204 - INFO - 验证进度 [171/401]: 31#02420
2025-08-18 11:37:00,214 - INFO - 验证进度 [172/401]: 31#01575
2025-08-18 11:37:00,251 - INFO - 验证进度 [173/401]: 31#00266
2025-08-18 11:37:00,259 - INFO - 验证进度 [174/401]: 31#00970
2025-08-18 11:37:00,289 - INFO - 验证进度 [175/401]: 31#01909
2025-08-18 11:37:00,317 - INFO - 验证进度 [176/401]: 31#00810
2025-08-18 11:37:00,355 - INFO - 验证进度 [177/401]: 31#00214
2025-08-18 11:37:00,366 - INFO - 验证进度 [178/401]: 31#00607
2025-08-18 11:37:00,389 - INFO - 验证进度 [179/401]: 31#03662
2025-08-18 11:37:00,402 - INFO - 验证进度 [180/401]: 31#01319
2025-08-18 11:37:00,410 - INFO - 验证进度 [181/401]: 31#01955
2025-08-18 11:37:00,428 - INFO - 验证进度 [182/401]: 31#00759
2025-08-18 11:37:00,443 - INFO - 验证进度 [183/401]: 31#00542
2025-08-18 11:37:00,482 - INFO - 验证进度 [184/401]: 31#00674
2025-08-18 11:37:00,522 - INFO - 验证进度 [185/401]: 31#00195
2025-08-18 11:37:00,537 - INFO - 验证进度 [186/401]: 31#00830
2025-08-18 11:37:00,548 - INFO - 验证进度 [187/401]: 31#00351
2025-08-18 11:37:00,577 - INFO - 验证进度 [188/401]: 31#01224
2025-08-18 11:37:00,587 - INFO - 验证进度 [189/401]: 31#01161
2025-08-18 11:37:00,600 - INFO - 验证进度 [190/401]: 31#01189
2025-08-18 11:37:00,614 - INFO - 验证进度 [191/401]: 31#00852
2025-08-18 11:37:00,635 - INFO - 验证进度 [192/401]: 31#02680
2025-08-18 11:37:00,665 - INFO - 验证进度 [193/401]: 31#02168
2025-08-18 11:37:00,681 - INFO - 验证进度 [194/401]: 31#01376
2025-08-18 11:37:00,709 - INFO - 验证进度 [195/401]: 31#02002
2025-08-18 11:37:00,721 - INFO - 验证进度 [196/401]: 31#00018
2025-08-18 11:37:00,732 - INFO - 验证进度 [197/401]: 31#01185
2025-08-18 11:37:00,745 - INFO - 验证进度 [198/401]: 31#00311
2025-08-18 11:37:00,753 - INFO - 验证进度 [199/401]: 31#01563
2025-08-18 11:37:00,774 - INFO - 验证进度 [200/401]: 31#06958
2025-08-18 11:37:00,787 - INFO - 验证进度 [201/401]: 31#09963
2025-08-18 11:37:00,817 - INFO - 验证进度 [202/401]: 31#01987
2025-08-18 11:37:00,844 - INFO - 验证进度 [203/401]: 31#01727
2025-08-18 11:37:00,860 - INFO - 验证进度 [204/401]: 31#01004
2025-08-18 11:37:00,886 - INFO - 验证进度 [205/401]: 31#02008
2025-08-18 11:37:00,900 - INFO - 验证进度 [206/401]: 31#00765
2025-08-18 11:37:00,929 - INFO - 验证进度 [207/401]: 31#01255
2025-08-18 11:37:00,957 - INFO - 验证进度 [208/401]: 31#00724
2025-08-18 11:37:00,993 - INFO - 验证进度 [209/401]: 31#01463
2025-08-18 11:37:01,029 - INFO - 验证进度 [210/401]: 31#00802
2025-08-18 11:37:01,049 - INFO - 验证进度 [211/401]: 31#06939
2025-08-18 11:37:01,060 - INFO - 验证进度 [212/401]: 31#02623
2025-08-18 11:37:01,082 - INFO - 验证进度 [213/401]: 31#01416
2025-08-18 11:37:01,103 - INFO - 验证进度 [214/401]: 31#00122
2025-08-18 11:37:01,116 - INFO - 验证进度 [215/401]: 31#06163
2025-08-18 11:37:01,133 - INFO - 验证进度 [216/401]: 31#02019
2025-08-18 11:37:01,151 - INFO - 验证进度 [217/401]: 31#00030
2025-08-18 11:37:01,168 - INFO - 验证进度 [218/401]: 31#01153
2025-08-18 11:37:01,181 - INFO - 验证进度 [219/401]: 31#01922
2025-08-18 11:37:01,195 - INFO - 验证进度 [220/401]: 31#02370
2025-08-18 11:37:01,206 - INFO - 验证进度 [221/401]: 31#01543
2025-08-18 11:37:01,224 - INFO - 验证进度 [222/401]: 31#00401
2025-08-18 11:37:01,258 - INFO - 验证进度 [223/401]: 31#01402
2025-08-18 11:37:01,269 - INFO - 验证进度 [224/401]: 31#02258
2025-08-18 11:37:01,288 - INFO - 验证进度 [225/401]: 31#00979
2025-08-18 11:37:01,315 - INFO - 验证进度 [226/401]: 31#03390
2025-08-18 11:37:01,328 - INFO - 验证进度 [227/401]: 31#02127
2025-08-18 11:37:01,358 - INFO - 验证进度 [228/401]: 31#01668
2025-08-18 11:37:01,374 - INFO - 验证进度 [229/401]: 31#06966
2025-08-18 11:37:01,392 - INFO - 验证进度 [230/401]: 31#03628
2025-08-18 11:37:01,418 - INFO - 验证进度 [231/401]: 31#06610
2025-08-18 11:37:01,439 - INFO - 验证进度 [232/401]: 31#09983
2025-08-18 11:37:01,452 - INFO - 验证进度 [233/401]: 31#03718
2025-08-18 11:37:01,467 - INFO - 验证进度 [234/401]: 31#02122
2025-08-18 11:37:01,496 - INFO - 验证进度 [235/401]: 31#02101
2025-08-18 11:37:01,509 - INFO - 验证进度 [236/401]: 31#01317
2025-08-18 11:37:01,524 - INFO - 验证进度 [237/401]: 31#01163
2025-08-18 11:37:01,542 - INFO - 验证进度 [238/401]: 31#01847
2025-08-18 11:37:01,557 - INFO - 验证进度 [239/401]: 31#03913
2025-08-18 11:37:01,574 - INFO - 验证进度 [240/401]: 31#01034
2025-08-18 11:37:01,594 - INFO - 验证进度 [241/401]: 31#01170
2025-08-18 11:37:01,603 - INFO - 验证进度 [242/401]: 31#01812
2025-08-18 11:37:01,615 - INFO - 验证进度 [243/401]: 31#00438
2025-08-18 11:37:01,634 - INFO - 验证进度 [244/401]: 31#00431
2025-08-18 11:37:01,643 - INFO - 验证进度 [245/401]: 31#01701
2025-08-18 11:37:01,664 - INFO - 验证进度 [246/401]: 31#01429
2025-08-18 11:37:01,686 - INFO - 验证进度 [247/401]: 31#03300
2025-08-18 11:37:01,709 - INFO - 验证进度 [248/401]: 31#01895
2025-08-18 11:37:01,724 - INFO - 验证进度 [249/401]: 31#02399
2025-08-18 11:37:01,747 - INFO - 验证进度 [250/401]: 31#09857
2025-08-18 11:37:01,758 - INFO - 验证进度 [251/401]: 31#00929
2025-08-18 11:37:01,771 - INFO - 验证进度 [252/401]: 31#01343
2025-08-18 11:37:01,791 - INFO - 验证进度 [253/401]: 31#00831
2025-08-18 11:37:01,801 - INFO - 验证进度 [254/401]: 31#00410
2025-08-18 11:37:01,815 - INFO - 验证进度 [255/401]: 31#06158
2025-08-18 11:37:01,839 - INFO - 验证进度 [256/401]: 31#01332
2025-08-18 11:37:01,866 - INFO - 验证进度 [257/401]: 31#03389
2025-08-18 11:37:01,878 - INFO - 验证进度 [258/401]: 31#02222
2025-08-18 11:37:01,893 - INFO - 验证进度 [259/401]: 31#01765
2025-08-18 11:37:01,908 - INFO - 验证进度 [260/401]: 31#02415
2025-08-18 11:37:01,922 - INFO - 验证进度 [261/401]: 31#00034
2025-08-18 11:37:01,932 - INFO - 验证进度 [262/401]: 31#01271
2025-08-18 11:37:01,944 - INFO - 验证进度 [263/401]: 31#09686
2025-08-18 11:37:01,953 - INFO - 验证进度 [264/401]: 31#00082
2025-08-18 11:37:01,971 - INFO - 验证进度 [265/401]: 31#00593
2025-08-18 11:37:02,008 - INFO - 验证进度 [266/401]: 31#01597
2025-08-18 11:37:02,028 - INFO - 验证进度 [267/401]: 31#01231
2025-08-18 11:37:02,045 - INFO - 验证进度 [268/401]: 31#02110
2025-08-18 11:37:02,072 - INFO - 验证进度 [269/401]: 31#01029
2025-08-18 11:37:02,093 - INFO - 验证进度 [270/401]: 31#00009
2025-08-18 11:37:02,125 - INFO - 验证进度 [271/401]: 31#01650
2025-08-18 11:37:02,138 - INFO - 验证进度 [272/401]: 31#00251
2025-08-18 11:37:02,149 - INFO - 验证进度 [273/401]: 31#01733
2025-08-18 11:37:02,165 - INFO - 验证进度 [274/401]: 31#02325
2025-08-18 11:37:02,176 - INFO - 验证进度 [275/401]: 31#00483
2025-08-18 11:37:02,195 - INFO - 验证进度 [276/401]: 31#01865
2025-08-18 11:37:02,217 - INFO - 验证进度 [277/401]: 31#01058
2025-08-18 11:37:02,234 - INFO - 验证进度 [278/401]: 31#02708
2025-08-18 11:37:02,256 - INFO - 验证进度 [279/401]: 31#00543
2025-08-18 11:37:02,267 - INFO - 验证进度 [280/401]: 31#02482
2025-08-18 11:37:02,280 - INFO - 验证进度 [281/401]: 31#01245
2025-08-18 11:37:02,293 - INFO - 验证进度 [282/401]: 31#02427
2025-08-18 11:37:02,310 - INFO - 验证进度 [283/401]: 31#00685
2025-08-18 11:37:02,319 - INFO - 验证进度 [284/401]: 31#01897
2025-08-18 11:37:02,329 - INFO - 验证进度 [285/401]: 31#01204
2025-08-18 11:37:02,338 - INFO - 验证进度 [286/401]: 31#00974
2025-08-18 11:37:02,372 - INFO - 验证进度 [287/401]: 31#02215
2025-08-18 11:37:02,390 - INFO - 验证进度 [288/401]: 31#01826
2025-08-18 11:37:02,455 - INFO - 验证进度 [289/401]: 31#01967
2025-08-18 11:37:02,475 - INFO - 验证进度 [290/401]: 31#02017
2025-08-18 11:37:02,501 - INFO - 验证进度 [291/401]: 31#01002
2025-08-18 11:37:02,527 - INFO - 验证进度 [292/401]: 31#06893
2025-08-18 11:37:02,541 - INFO - 验证进度 [293/401]: 31#09929
2025-08-18 11:37:02,556 - INFO - 验证进度 [294/401]: 31#02182
2025-08-18 11:37:02,573 - INFO - 验证进度 [295/401]: 31#01719
2025-08-18 11:37:02,585 - INFO - 验证进度 [296/401]: 31#00389
2025-08-18 11:37:02,604 - INFO - 验证进度 [297/401]: 31#02270
2025-08-18 11:37:02,616 - INFO - 验证进度 [298/401]: 31#00118
2025-08-18 11:37:02,630 - INFO - 验证进度 [299/401]: 31#01832
2025-08-18 11:37:02,639 - INFO - 验证进度 [300/401]: 31#00550
2025-08-18 11:37:02,680 - INFO - 验证进度 [301/401]: 31#06988
2025-08-18 11:37:02,702 - INFO - 验证进度 [302/401]: 31#00079
2025-08-18 11:37:02,736 - INFO - 验证进度 [303/401]: 31#00693
2025-08-18 11:37:02,744 - INFO - 验证进度 [304/401]: 31#02231
2025-08-18 11:37:02,763 - INFO - 验证进度 [305/401]: 31#09916
2025-08-18 11:37:02,776 - INFO - 验证进度 [306/401]: 31#00199
2025-08-18 11:37:02,786 - INFO - 验证进度 [307/401]: 31#01598
2025-08-18 11:37:02,800 - INFO - 验证进度 [308/401]: 31#01846
2025-08-18 11:37:02,811 - INFO - 验证进度 [309/401]: 31#02193
2025-08-18 11:37:02,822 - INFO - 验证进度 [310/401]: 31#01708
2025-08-18 11:37:02,843 - INFO - 验证进度 [311/401]: 31#00726
2025-08-18 11:37:02,873 - INFO - 验证进度 [312/401]: 31#01757
2025-08-18 11:37:02,893 - INFO - 验证进度 [313/401]: 31#01244
2025-08-18 11:37:02,909 - INFO - 验证进度 [314/401]: 31#02147
2025-08-18 11:37:02,924 - INFO - 验证进度 [315/401]: 31#00302
2025-08-18 11:37:02,939 - INFO - 验证进度 [316/401]: 31#01281
2025-08-18 11:37:02,961 - INFO - 验证进度 [317/401]: 31#01960
2025-08-18 11:37:02,985 - INFO - 验证进度 [318/401]: 31#00983
2025-08-18 11:37:02,995 - INFO - 验证进度 [319/401]: 31#01028
2025-08-18 11:37:03,014 - INFO - 验证进度 [320/401]: 31#01793
2025-08-18 11:37:03,025 - INFO - 验证进度 [321/401]: 31#02383
2025-08-18 11:37:03,036 - INFO - 验证进度 [322/401]: 31#00589
2025-08-18 11:37:03,054 - INFO - 验证进度 [323/401]: 31#01362
2025-08-18 11:37:03,066 - INFO - 验证进度 [324/401]: 31#01107
2025-08-18 11:37:03,079 - INFO - 验证进度 [325/401]: 31#06830
2025-08-18 11:37:03,100 - INFO - 验证进度 [326/401]: 31#06199
2025-08-18 11:37:03,110 - INFO - 验证进度 [327/401]: 31#01750
2025-08-18 11:37:03,132 - INFO - 验证进度 [328/401]: 31#02385
2025-08-18 11:37:03,139 - INFO - 验证进度 [329/401]: 31#06119
2025-08-18 11:37:03,154 - INFO - 验证进度 [330/401]: 31#01417
2025-08-18 11:37:03,175 - INFO - 验证进度 [331/401]: 31#06633
2025-08-18 11:37:03,186 - INFO - 验证进度 [332/401]: 31#01936
2025-08-18 11:37:03,206 - INFO - 验证进度 [333/401]: 31#03680
2025-08-18 11:37:03,227 - INFO - 验证进度 [334/401]: 31#03333
2025-08-18 11:37:03,246 - INFO - 验证进度 [335/401]: 31#02199
2025-08-18 11:37:03,257 - INFO - 验证进度 [336/401]: 31#02436
2025-08-18 11:37:03,266 - INFO - 验证进度 [337/401]: 31#01201
2025-08-18 11:37:03,294 - INFO - 验证进度 [338/401]: 31#01399
2025-08-18 11:37:03,305 - INFO - 验证进度 [339/401]: 31#01348
2025-08-18 11:37:03,331 - INFO - 验证进度 [340/401]: 31#03773
2025-08-18 11:37:03,347 - INFO - 验证进度 [341/401]: 31#02501
2025-08-18 11:37:03,354 - INFO - 验证进度 [342/401]: 31#00310
2025-08-18 11:37:03,379 - INFO - 验证进度 [343/401]: 31#03603
2025-08-18 11:37:03,394 - INFO - 验证进度 [344/401]: 31#00947
2025-08-18 11:37:03,408 - INFO - 验证进度 [345/401]: 31#02237
2025-08-18 11:37:03,428 - INFO - 验证进度 [346/401]: 31#01408
2025-08-18 11:37:03,444 - INFO - 验证进度 [347/401]: 31#09977
2025-08-18 11:37:03,460 - INFO - 验证进度 [348/401]: 31#01082
2025-08-18 11:37:03,472 - INFO - 验证进度 [349/401]: 31#00368
2025-08-18 11:37:03,488 - INFO - 验证进度 [350/401]: 31#02000
2025-08-18 11:37:03,500 - INFO - 验证进度 [351/401]: 31#02098
2025-08-18 11:37:03,512 - INFO - 验证进度 [352/401]: 31#06063
2025-08-18 11:37:03,540 - INFO - 验证进度 [353/401]: 31#02135
2025-08-18 11:37:03,557 - INFO - 验证进度 [354/401]: 31#02060
2025-08-18 11:37:03,572 - INFO - 验证进度 [355/401]: 31#01383
2025-08-18 11:37:03,590 - INFO - 验证进度 [356/401]: 31#00171
2025-08-18 11:37:03,607 - INFO - 验证进度 [357/401]: 31#03878
2025-08-18 11:37:03,629 - INFO - 验证进度 [358/401]: 31#00186
2025-08-18 11:37:03,660 - INFO - 验证进度 [359/401]: 31#00286
2025-08-18 11:37:03,682 - INFO - 验证进度 [360/401]: 31#00150
2025-08-18 11:37:03,699 - INFO - 验证进度 [361/401]: 31#00812
2025-08-18 11:37:03,715 - INFO - 验证进度 [362/401]: 31#02028
2025-08-18 11:37:03,745 - INFO - 验证进度 [363/401]: 31#01790
2025-08-18 11:37:03,758 - INFO - 验证进度 [364/401]: 31#01652
2025-08-18 11:37:03,774 - INFO - 验证进度 [365/401]: 31#01566
2025-08-18 11:37:03,798 - INFO - 验证进度 [366/401]: 31#03798
2025-08-18 11:37:03,814 - INFO - 验证进度 [367/401]: 31#03650
2025-08-18 11:37:03,828 - INFO - 验证进度 [368/401]: 31#09982
2025-08-18 11:37:03,839 - INFO - 验证进度 [369/401]: 31#06033
2025-08-18 11:37:03,848 - INFO - 验证进度 [370/401]: 31#01894
2025-08-18 11:37:03,873 - INFO - 验证进度 [371/401]: 31#02798
2025-08-18 11:37:03,887 - INFO - 验证进度 [372/401]: 31#01843
2025-08-18 11:37:03,903 - INFO - 验证进度 [373/401]: 31#09918
2025-08-18 11:37:03,926 - INFO - 验证进度 [374/401]: 31#06698
2025-08-18 11:37:03,943 - INFO - 验证进度 [375/401]: 31#06968
2025-08-18 11:37:03,963 - INFO - 验证进度 [376/401]: 31#00242
2025-08-18 11:37:03,974 - INFO - 验证进度 [377/401]: 31#01978
2025-08-18 11:37:03,987 - INFO - 验证进度 [378/401]: 31#01284
2025-08-18 11:37:03,996 - INFO - 验证进度 [379/401]: 31#03309
2025-08-18 11:37:04,010 - INFO - 验证进度 [380/401]: 31#01959
2025-08-18 11:37:04,034 - INFO - 验证进度 [381/401]: 31#01608
2025-08-18 11:37:04,052 - INFO - 验证进度 [382/401]: 31#03997
2025-08-18 11:37:04,073 - INFO - 验证进度 [383/401]: 31#02289
2025-08-18 11:37:04,085 - INFO - 验证进度 [384/401]: 31#01105
2025-08-18 11:37:04,100 - INFO - 验证进度 [385/401]: 31#01703
2025-08-18 11:37:04,115 - INFO - 验证进度 [386/401]: 31#01965
2025-08-18 11:37:04,126 - INFO - 验证进度 [387/401]: 31#01655
2025-08-18 11:37:04,163 - INFO - 验证进度 [388/401]: 31#02120
2025-08-18 11:37:04,177 - INFO - 验证进度 [389/401]: 31#00894
2025-08-18 11:37:04,201 - INFO - 验证进度 [390/401]: 31#02439
2025-08-18 11:37:04,223 - INFO - 验证进度 [391/401]: 31#06108
2025-08-18 11:37:04,252 - INFO - 验证进度 [392/401]: 31#01827
2025-08-18 11:37:04,268 - INFO - 验证进度 [393/401]: 31#00191
2025-08-18 11:37:04,281 - INFO - 验证进度 [394/401]: 31#01663
2025-08-18 11:37:04,292 - INFO - 验证进度 [395/401]: 31#02175
2025-08-18 11:37:04,303 - INFO - 验证进度 [396/401]: 31#02153
2025-08-18 11:37:04,315 - INFO - 验证进度 [397/401]: 31#00936
2025-08-18 11:37:04,343 - INFO - 验证进度 [398/401]: 31#02187
2025-08-18 11:37:04,363 - INFO - 验证进度 [399/401]: 31#02003
2025-08-18 11:37:04,377 - INFO - 验证进度 [400/401]: 31#00599
2025-08-18 11:37:04,390 - INFO - 验证进度 [401/401]: 31#02372
2025-08-18 11:37:04,404 - INFO - 历史验证完成: 160/399 成功，成功率: 40.10%
2025-08-18 11:37:04,404 - INFO - 筛选完成，发现 401 个信号，耗时 19.86 秒
2025-08-18 11:37:04,405 - INFO - 配置保存成功
2025-08-18 11:37:04,405 - INFO - 禁用策略: 周线金叉+日线MA_v1.0
2025-08-18 11:37:04,405 - INFO - 禁用策略: 周线金叉+日线MA_v1.0
2025-08-18 11:37:04,405 - INFO - 禁用策略: WEEKLY_GOLDEN_CROSS_MA_v1.0
2025-08-18 11:37:04,430 - INFO - 配置保存成功
2025-08-18 11:37:04,430 - INFO - 禁用策略: MACD零轴启动_v1.0
2025-08-18 11:37:04,430 - INFO - 禁用策略: MACD零轴启动_v1.0
2025-08-18 11:37:04,430 - INFO - 禁用策略: MACD_ZERO_AXIS_v1.0
2025-08-18 11:37:04,430 - INFO - 配置保存成功
2025-08-18 11:37:04,430 - INFO - 禁用策略: 深渊筑底策略_v2.0
2025-08-18 11:37:04,430 - INFO - 禁用策略: 深渊筑底策略_v2.0
2025-08-18 11:37:04,430 - INFO - 禁用策略: ABYSS_BOTTOMING_v2.0
2025-08-18 11:37:04,431 - INFO - 配置保存成功
2025-08-18 11:37:04,431 - INFO - 禁用策略: 临界金叉_v1.0
2025-08-18 11:37:04,431 - INFO - 禁用策略: 临界金叉_v1.0
2025-08-18 11:37:04,431 - INFO - 禁用策略: PRE_CROSS_v1.0
2025-08-18 11:37:04,431 - INFO - 配置保存成功
2025-08-18 11:37:04,431 - INFO - 禁用策略: 三重金叉_v1.0
2025-08-18 11:37:04,431 - INFO - 禁用策略: 三重金叉_v1.0
2025-08-18 11:37:04,431 - INFO - 禁用策略: TRIPLE_CROSS_v1.0
2025-08-18 11:37:04,431 - INFO - 配置保存成功
2025-08-18 11:37:04,431 - INFO - 启用策略: 深渊筑底策略_v2.0
2025-08-18 11:37:04,431 - INFO - 启用策略: 深渊筑底策略_v2.0
2025-08-18 11:37:04,431 - INFO - 配置保存成功
2025-08-18 11:37:04,431 - INFO - 启用策略: 临界金叉_v1.0
2025-08-18 11:37:04,431 - INFO - 启用策略: 临界金叉_v1.0
2025-08-18 11:37:04,431 - INFO - 配置保存成功
2025-08-18 11:37:04,431 - INFO - 启用策略: 三重金叉_v1.0
2025-08-18 11:37:04,431 - INFO - 启用策略: 三重金叉_v1.0
2025-08-18 11:37:04,432 - INFO - 配置保存成功
2025-08-18 11:37:04,432 - INFO - 启用策略: MACD零轴启动_v1.0
2025-08-18 11:37:04,432 - INFO - 启用策略: MACD零轴启动_v1.0
2025-08-18 11:37:04,432 - INFO - 配置保存成功
2025-08-18 11:37:04,432 - INFO - 启用策略: 周线金叉+日线MA_v1.0
2025-08-18 11:37:04,432 - INFO - 启用策略: 周线金叉+日线MA_v1.0
2025-08-18 11:37:04,434 - INFO - 数据库初始化完成
2025-08-18 11:37:04,434 - INFO - 数据库初始化完成
2025-08-18 11:37:04,434 - INFO - 开始为核心观察池丰富数据
2025-08-18 11:37:04,435 - INFO - 处理进度 [1/2]: sh600036
2025-08-18 11:37:04,435 - INFO - 开始丰富数据: sh600036
2025-08-18 11:37:04,877 - WARNING - 获取 sh600036 龙虎榜数据失败: 'NoneType' object is not subscriptable
2025-08-18 11:37:11,666 - INFO - sh600036 发现分红送配数据
2025-08-18 11:37:11,666 - WARNING - 获取 sh600036 涨停原因失败: module 'craw.stock_limitup_reason' has no attribute 'get_limit_up_reason'
2025-08-18 11:37:11,673 - INFO - 股票 sh600036 画像数据已更新
2025-08-18 11:37:11,673 - INFO - 成功丰富 sh600036 数据，更新了 3 个字段
2025-08-18 11:37:11,674 - INFO - 处理进度 [2/2]: sz300290
2025-08-18 11:37:11,674 - INFO - 开始丰富数据: sz300290
2025-08-18 11:37:11,791 - WARNING - 获取 sz300290 龙虎榜数据失败: 'NoneType' object is not subscriptable
2025-08-18 11:39:35,735 - WARNING - 获取 sz300290 涨停原因失败: module 'craw.stock_limitup_reason' has no attribute 'get_limit_up_reason'
2025-08-18 11:39:35,767 - INFO - 股票 sz300290 画像数据已更新
2025-08-18 11:39:35,767 - INFO - 成功丰富 sz300290 数据，更新了 1 个字段
2025-08-18 11:39:35,767 - INFO - 数据丰富完成: 成功 2, 失败 0
2025-08-18 11:39:35,768 - INFO - 数据库初始化完成
2025-08-18 11:39:35,768 - INFO - 开始为核心观察池生成参数画像
2025-08-18 11:39:35,768 - INFO - 处理进度 [1/2]: sh600036
2025-08-18 11:39:35,768 - INFO - 开始为 sh600036 生成参数画像
2025-08-18 11:39:35,828 - ERROR - 验证参数时出错: calculate_rsi() got an unexpected keyword argument 'period'
2025-08-18 11:39:35,834 - INFO - 股票 sh600036 画像数据已更新
2025-08-18 11:39:35,835 - INFO - 成功为 sh600036 生成参数画像，验证分数: 0.000
2025-08-18 11:39:35,835 - INFO - 处理进度 [2/2]: sz300290
2025-08-18 11:39:35,835 - INFO - 开始为 sz300290 生成参数画像
2025-08-18 11:39:35,905 - ERROR - 验证参数时出错: calculate_rsi() got an unexpected keyword argument 'period'
2025-08-18 11:39:35,912 - INFO - 股票 sz300290 画像数据已更新
2025-08-18 11:39:35,913 - INFO - 成功为 sz300290 生成参数画像，验证分数: 0.000
2025-08-18 11:39:35,913 - INFO - 参数画像生成完成: 成功 2, 失败 0
