2025-08-19 19:03:29,406 - INFO - 加载配置文件: /home/hypnosis/data/git/quant_base/backend/strategies_config.json
2025-08-19 19:03:29,406 - INFO - 配置加载成功: 5 个策略
2025-08-19 19:03:29,406 - INFO - 配置管理器初始化完成，配置文件: /home/hypnosis/data/git/quant_base/config/unified_strategy_config.json
2025-08-19 19:03:29,421 - INFO - 通用筛选器初始化完成
2025-08-19 19:03:29,421 - INFO - ===== 开始执行通用股票筛选 =====
2025-08-19 19:03:29,429 - INFO - 共找到 11843 个股票文件
2025-08-19 19:03:29,429 - INFO - 启用的策略: ['深渊筑底策略_v2.0', '临界金叉_v1.0', '三重金叉_v1.0', 'MACD零轴启动_v1.0', '周线金叉+日线MA_v1.0']
2025-08-19 19:03:40,732 - INFO - 对 334 个信号结果进行回测摘要分析...
2025-08-19 19:03:40,732 - INFO - 回测分析 [1/334]: 31#00082
2025-08-19 19:03:40,740 - INFO - 回测分析 [2/334]: 31#00137
2025-08-19 19:03:40,744 - INFO - 回测分析 [3/334]: 31#00483
2025-08-19 19:03:40,747 - INFO - 回测分析 [4/334]: 31#02708
2025-08-19 19:03:40,751 - INFO - 回测分析 [5/334]: 31#01489
2025-08-19 19:03:40,754 - INFO - 回测分析 [6/334]: sz300193
2025-08-19 19:03:40,763 - INFO - 回测分析 [7/334]: sz300208
2025-08-19 19:03:40,767 - INFO - 回测分析 [8/334]: 31#02215
2025-08-19 19:03:40,770 - INFO - 回测分析 [9/334]: 31#00599
2025-08-19 19:03:40,772 - INFO - 回测分析 [10/334]: 31#03683
2025-08-19 19:03:40,775 - INFO - 回测分析 [11/334]: 31#02175
2025-08-19 19:03:40,778 - INFO - 回测分析 [12/334]: 31#00738
2025-08-19 19:03:40,781 - INFO - 回测分析 [13/334]: 31#01246
2025-08-19 19:03:40,784 - INFO - 回测分析 [14/334]: 31#00431
2025-08-19 19:03:40,788 - INFO - 回测分析 [15/334]: sz001300
2025-08-19 19:03:40,792 - INFO - 回测分析 [16/334]: 31#06939
2025-08-19 19:03:40,795 - INFO - 回测分析 [17/334]: sz003032
2025-08-19 19:03:40,799 - INFO - 回测分析 [18/334]: 31#02193
2025-08-19 19:03:40,802 - INFO - 回测分析 [19/334]: 31#02361
2025-08-19 19:03:40,805 - INFO - 回测分析 [20/334]: 31#00750
2025-08-19 19:03:40,809 - INFO - 回测分析 [21/334]: 31#03389
2025-08-19 19:03:40,812 - INFO - 回测分析 [22/334]: 31#00488
2025-08-19 19:03:40,816 - INFO - 回测分析 [23/334]: 31#01231
2025-08-19 19:03:40,819 - INFO - 回测分析 [24/334]: sz003004
2025-08-19 19:03:40,823 - INFO - 回测分析 [25/334]: 31#00302
2025-08-19 19:03:40,827 - INFO - 回测分析 [26/334]: 31#00550
2025-08-19 19:03:40,830 - INFO - 回测分析 [27/334]: 31#01204
2025-08-19 19:03:40,833 - INFO - 回测分析 [28/334]: 31#06199
2025-08-19 19:03:40,836 - INFO - 回测分析 [29/334]: 31#01820
2025-08-19 19:03:40,840 - INFO - 回测分析 [30/334]: 31#03650
2025-08-19 19:03:40,843 - INFO - 回测分析 [31/334]: 31#02516
2025-08-19 19:03:40,846 - INFO - 回测分析 [32/334]: 31#01189
2025-08-19 19:03:40,849 - INFO - 回测分析 [33/334]: 31#01765
2025-08-19 19:03:40,853 - INFO - 回测分析 [34/334]: 31#01490
2025-08-19 19:03:40,856 - INFO - 回测分析 [35/334]: 31#09977
2025-08-19 19:03:40,859 - INFO - 回测分析 [36/334]: 31#00997
2025-08-19 19:03:40,863 - INFO - 回测分析 [37/334]: 31#00827
2025-08-19 19:03:40,867 - INFO - 回测分析 [38/334]: 31#01817
2025-08-19 19:03:40,870 - INFO - 回测分析 [39/334]: 31#06830
2025-08-19 19:03:40,874 - INFO - 回测分析 [40/334]: 31#06913
2025-08-19 19:03:40,878 - INFO - 回测分析 [41/334]: 31#00410
2025-08-19 19:03:40,883 - INFO - 回测分析 [42/334]: 31#01849
2025-08-19 19:03:40,886 - INFO - 回测分析 [43/334]: 31#02237
2025-08-19 19:03:40,889 - INFO - 回测分析 [44/334]: 31#00918
2025-08-19 19:03:40,892 - INFO - 回测分析 [45/334]: sz002789
2025-08-19 19:03:40,897 - INFO - 回测分析 [46/334]: 31#00018
2025-08-19 19:03:40,900 - INFO - 回测分析 [47/334]: 31#01983
2025-08-19 19:03:40,903 - INFO - 回测分析 [48/334]: sz002531
2025-08-19 19:03:40,907 - INFO - 回测分析 [49/334]: 31#00110
2025-08-19 19:03:40,910 - INFO - 回测分析 [50/334]: sz300237
2025-08-19 19:03:40,919 - INFO - 回测分析 [51/334]: 31#00174
2025-08-19 19:03:40,921 - INFO - 回测分析 [52/334]: 31#00830
2025-08-19 19:03:40,925 - INFO - 回测分析 [53/334]: 31#02223
2025-08-19 19:03:40,928 - INFO - 回测分析 [54/334]: 31#01978
2025-08-19 19:03:40,932 - INFO - 回测分析 [55/334]: 31#01058
2025-08-19 19:03:40,935 - INFO - 回测分析 [56/334]: 31#03603
2025-08-19 19:03:40,938 - INFO - 回测分析 [57/334]: 31#00422
2025-08-19 19:03:40,942 - INFO - 回测分析 [58/334]: 31#01332
2025-08-19 19:03:40,945 - INFO - 回测分析 [59/334]: 31#01245
2025-08-19 19:03:40,948 - INFO - 回测分析 [60/334]: 31#00382
2025-08-19 19:03:40,952 - INFO - 回测分析 [61/334]: 31#02017
2025-08-19 19:03:40,955 - INFO - 回测分析 [62/334]: 31#01532
2025-08-19 19:03:40,958 - INFO - 回测分析 [63/334]: 31#06036
2025-08-19 19:03:40,962 - INFO - 回测分析 [64/334]: 31#03309
2025-08-19 19:03:40,966 - INFO - 回测分析 [65/334]: 31#01937
2025-08-19 19:03:40,969 - INFO - 回测分析 [66/334]: 31#01463
2025-08-19 19:03:40,973 - INFO - 回测分析 [67/334]: 31#01183
2025-08-19 19:03:40,976 - INFO - 回测分析 [68/334]: 31#02260
2025-08-19 19:03:40,980 - INFO - 回测分析 [69/334]: 31#01830
2025-08-19 19:03:40,983 - INFO - 回测分析 [70/334]: 31#00251
2025-08-19 19:03:41,002 - INFO - 回测分析 [71/334]: 31#01442
2025-08-19 19:03:41,006 - INFO - 回测分析 [72/334]: 31#01262
2025-08-19 19:03:41,010 - INFO - 回测分析 [73/334]: sh601811
2025-08-19 19:03:41,020 - INFO - 回测分析 [74/334]: 31#09998
2025-08-19 19:03:41,023 - INFO - 回测分析 [75/334]: 31#00286
2025-08-19 19:03:41,026 - INFO - 回测分析 [76/334]: sz002033
2025-08-19 19:03:41,034 - INFO - 回测分析 [77/334]: 31#01156
2025-08-19 19:03:41,037 - INFO - 回测分析 [78/334]: 31#06812
2025-08-19 19:03:41,041 - INFO - 回测分析 [79/334]: 31#01699
2025-08-19 19:03:41,043 - INFO - 回测分析 [80/334]: 31#00846
2025-08-19 19:03:41,046 - INFO - 回测分析 [81/334]: 31#01959
2025-08-19 19:03:41,049 - INFO - 回测分析 [82/334]: 31#02405
2025-08-19 19:03:41,052 - INFO - 回测分析 [83/334]: 31#01846
2025-08-19 19:03:41,056 - INFO - 回测分析 [84/334]: 31#01771
2025-08-19 19:03:41,062 - INFO - 回测分析 [85/334]: 31#01845
2025-08-19 19:03:41,066 - INFO - 回测分析 [86/334]: 31#01222
2025-08-19 19:03:41,070 - INFO - 回测分析 [87/334]: 31#01343
2025-08-19 19:03:41,076 - INFO - 回测分析 [88/334]: 31#01498
2025-08-19 19:03:41,080 - INFO - 回测分析 [89/334]: 31#02078
2025-08-19 19:03:41,084 - INFO - 回测分析 [90/334]: 31#01895
2025-08-19 19:03:41,087 - INFO - 回测分析 [91/334]: 31#00593
2025-08-19 19:03:41,090 - INFO - 回测分析 [92/334]: 31#02019
2025-08-19 19:03:41,093 - INFO - 回测分析 [93/334]: 31#01575
2025-08-19 19:03:41,097 - INFO - 回测分析 [94/334]: sz300268
2025-08-19 19:03:41,101 - INFO - 回测分析 [95/334]: 31#06063
2025-08-19 19:03:41,104 - INFO - 回测分析 [96/334]: 31#01383
2025-08-19 19:03:41,107 - INFO - 回测分析 [97/334]: 31#00587
2025-08-19 19:03:41,111 - INFO - 回测分析 [98/334]: 31#02098
2025-08-19 19:03:41,114 - INFO - 回测分析 [99/334]: 31#01987
2025-08-19 19:03:41,118 - INFO - 回测分析 [100/334]: sh600199
2025-08-19 19:03:41,123 - INFO - 回测分析 [101/334]: 31#09663
2025-08-19 19:03:41,126 - INFO - 回测分析 [102/334]: 31#03778
2025-08-19 19:03:41,129 - INFO - 回测分析 [103/334]: 31#03718
2025-08-19 19:03:41,132 - INFO - 回测分析 [104/334]: 31#03333
2025-08-19 19:03:41,135 - INFO - 回测分析 [105/334]: 31#01894
2025-08-19 19:03:41,138 - INFO - 回测分析 [106/334]: 31#01495
2025-08-19 19:03:41,142 - INFO - 回测分析 [107/334]: 31#00185
2025-08-19 19:03:41,145 - INFO - 回测分析 [108/334]: 31#01417
2025-08-19 19:03:41,148 - INFO - 回测分析 [109/334]: sz002526
2025-08-19 19:03:41,158 - INFO - 回测分析 [110/334]: 31#02168
2025-08-19 19:03:41,161 - INFO - 回测分析 [111/334]: 31#02135
2025-08-19 19:03:41,165 - INFO - 回测分析 [112/334]: sz002762
2025-08-19 19:03:41,170 - INFO - 回测分析 [113/334]: 31#06633
2025-08-19 19:03:41,173 - INFO - 回测分析 [114/334]: 31#01543
2025-08-19 19:03:41,176 - INFO - 回测分析 [115/334]: 31#01566
2025-08-19 19:03:41,179 - INFO - 回测分析 [116/334]: 31#02427
2025-08-19 19:03:41,182 - INFO - 回测分析 [117/334]: sz000410
2025-08-19 19:03:41,190 - INFO - 回测分析 [118/334]: 31#01660
2025-08-19 19:03:41,194 - INFO - 回测分析 [119/334]: 31#01408
2025-08-19 19:03:41,198 - INFO - 回测分析 [120/334]: 31#01410
2025-08-19 19:03:41,201 - INFO - 回测分析 [121/334]: 31#00765
2025-08-19 19:03:41,204 - INFO - 回测分析 [122/334]: sz002521
2025-08-19 19:03:41,209 - INFO - 回测分析 [123/334]: 31#01034
2025-08-19 19:03:41,212 - INFO - 回测分析 [124/334]: 31#02231
2025-08-19 19:03:41,216 - INFO - 回测分析 [125/334]: 31#00333
2025-08-19 19:03:41,219 - INFO - 回测分析 [126/334]: sh600546
2025-08-19 19:03:41,223 - INFO - 回测分析 [127/334]: 31#00171
2025-08-19 19:03:41,227 - INFO - 回测分析 [128/334]: sh603270
2025-08-19 19:03:41,232 - INFO - 回测分析 [129/334]: sz001378
2025-08-19 19:03:41,235 - INFO - 回测分析 [130/334]: 31#00603
2025-08-19 19:03:41,239 - INFO - 回测分析 [131/334]: sz000820
2025-08-19 19:03:41,244 - INFO - 回测分析 [132/334]: 31#01002
2025-08-19 19:03:41,247 - INFO - 回测分析 [133/334]: 31#02459
2025-08-19 19:03:41,250 - INFO - 回测分析 [134/334]: 31#01198
2025-08-19 19:03:41,253 - INFO - 回测分析 [135/334]: 31#03616
2025-08-19 19:03:41,256 - INFO - 回测分析 [136/334]: 31#00201
2025-08-19 19:03:41,259 - INFO - 回测分析 [137/334]: 31#02383
2025-08-19 19:03:41,263 - INFO - 回测分析 [138/334]: 31#01869
2025-08-19 19:03:41,267 - INFO - 回测分析 [139/334]: 31#00037
2025-08-19 19:03:41,270 - INFO - 回测分析 [140/334]: 31#00442
2025-08-19 19:03:41,273 - INFO - 回测分析 [141/334]: 31#02482
2025-08-19 19:03:41,275 - INFO - 回测分析 [142/334]: 31#01547
2025-08-19 19:03:41,278 - INFO - 回测分析 [143/334]: 31#00195
2025-08-19 19:03:41,282 - INFO - 回测分析 [144/334]: 31#00606
2025-08-19 19:03:41,286 - INFO - 回测分析 [145/334]: 31#06822
2025-08-19 19:03:41,289 - INFO - 回测分析 [146/334]: 31#00126
2025-08-19 19:03:41,292 - INFO - 回测分析 [147/334]: 31#00030
2025-08-19 19:03:41,296 - INFO - 回测分析 [148/334]: 31#01107
2025-08-19 19:03:41,299 - INFO - 回测分析 [149/334]: 31#06900
2025-08-19 19:03:41,302 - INFO - 回测分析 [150/334]: 31#01832
2025-08-19 19:03:41,305 - INFO - 回测分析 [151/334]: 31#00122
2025-08-19 19:03:41,309 - INFO - 回测分析 [152/334]: 31#01416
2025-08-19 19:03:41,312 - INFO - 回测分析 [153/334]: sz000736
2025-08-19 19:03:41,317 - INFO - 回测分析 [154/334]: 31#06190
2025-08-19 19:03:41,319 - INFO - 回测分析 [155/334]: 31#00810
2025-08-19 19:03:41,323 - INFO - 回测分析 [156/334]: sz000595
2025-08-19 19:03:41,328 - INFO - 回测分析 [157/334]: sh605577
2025-08-19 19:03:41,332 - INFO - 回测分析 [158/334]: 31#01597
2025-08-19 19:03:41,335 - INFO - 回测分析 [159/334]: 31#09869
2025-08-19 19:03:41,338 - INFO - 回测分析 [160/334]: 31#01701
2025-08-19 19:03:41,342 - INFO - 回测分析 [161/334]: 31#02101
2025-08-19 19:03:41,346 - INFO - 回测分析 [162/334]: 31#01703
2025-08-19 19:03:41,349 - INFO - 回测分析 [163/334]: 31#02372
2025-08-19 19:03:41,352 - INFO - 回测分析 [164/334]: 31#01360
2025-08-19 19:03:41,355 - INFO - 回测分析 [165/334]: 31#00852
2025-08-19 19:03:41,358 - INFO - 回测分析 [166/334]: 31#00150
2025-08-19 19:03:41,362 - INFO - 回测分析 [167/334]: 31#02127
2025-08-19 19:03:41,365 - INFO - 回测分析 [168/334]: 31#00007
2025-08-19 19:03:41,368 - INFO - 回测分析 [169/334]: 31#02486
2025-08-19 19:03:41,371 - INFO - 回测分析 [170/334]: 31#01708
2025-08-19 19:03:41,374 - INFO - 回测分析 [171/334]: 31#02212
2025-08-19 19:03:41,378 - INFO - 回测分析 [172/334]: 31#01143
2025-08-19 19:03:41,381 - INFO - 回测分析 [173/334]: 31#02370
2025-08-19 19:03:41,384 - INFO - 回测分析 [174/334]: 31#02222
2025-08-19 19:03:41,387 - INFO - 回测分析 [175/334]: 31#02187
2025-08-19 19:03:41,391 - INFO - 回测分析 [176/334]: 31#01897
2025-08-19 19:03:41,394 - INFO - 回测分析 [177/334]: 31#02521
2025-08-19 19:03:41,397 - INFO - 回测分析 [178/334]: 31#06988
2025-08-19 19:03:41,400 - INFO - 回测分析 [179/334]: 31#03773
2025-08-19 19:03:41,404 - INFO - 回测分析 [180/334]: 31#01727
2025-08-19 19:03:41,408 - INFO - 回测分析 [181/334]: 31#02060
2025-08-19 19:03:41,412 - INFO - 回测分析 [182/334]: 31#09929
2025-08-19 19:03:41,415 - INFO - 回测分析 [183/334]: 31#00812
2025-08-19 19:03:41,418 - INFO - 回测分析 [184/334]: sz300175
2025-08-19 19:03:41,423 - INFO - 回测分析 [185/334]: 31#00455
2025-08-19 19:03:41,427 - INFO - 回测分析 [186/334]: 31#06689
2025-08-19 19:03:41,429 - INFO - 回测分析 [187/334]: 31#00797
2025-08-19 19:03:41,432 - INFO - 回测分析 [188/334]: 31#00685
2025-08-19 19:03:41,435 - INFO - 回测分析 [189/334]: 31#01598
2025-08-19 19:03:41,439 - INFO - 回测分析 [190/334]: 31#02448
2025-08-19 19:03:41,442 - INFO - 回测分析 [191/334]: 31#01028
2025-08-19 19:03:41,446 - INFO - 回测分析 [192/334]: 31#01655
2025-08-19 19:03:41,449 - INFO - 回测分析 [193/334]: 31#01063
2025-08-19 19:03:41,453 - INFO - 回测分析 [194/334]: 31#06966
2025-08-19 19:03:41,456 - INFO - 回测分析 [195/334]: 31#01111
2025-08-19 19:03:41,459 - INFO - 回测分析 [196/334]: sh603366
2025-08-19 19:03:41,464 - INFO - 回测分析 [197/334]: 31#00438
2025-08-19 19:03:41,468 - INFO - 回测分析 [198/334]: sz002581
2025-08-19 19:03:41,472 - INFO - 回测分析 [199/334]: 31#03390
2025-08-19 19:03:41,476 - INFO - 回测分析 [200/334]: 31#00214
2025-08-19 19:03:41,480 - INFO - 回测分析 [201/334]: 31#00253
2025-08-19 19:03:41,482 - INFO - 回测分析 [202/334]: sh603721
2025-08-19 19:03:41,488 - INFO - 回测分析 [203/334]: sh603261
2025-08-19 19:03:41,492 - INFO - 回测分析 [204/334]: 31#00802
2025-08-19 19:03:41,495 - INFO - 回测分析 [205/334]: 31#01865
2025-08-19 19:03:41,499 - INFO - 回测分析 [206/334]: sz002529
2025-08-19 19:03:41,504 - INFO - 回测分析 [207/334]: 31#01004
2025-08-19 19:03:41,506 - INFO - 回测分析 [208/334]: 31#00389
2025-08-19 19:03:41,510 - INFO - 回测分析 [209/334]: 31#00191
2025-08-19 19:03:41,513 - INFO - 回测分析 [210/334]: 31#06999
2025-08-19 19:03:41,516 - INFO - 回测分析 [211/334]: 31#00079
2025-08-19 19:03:41,519 - INFO - 回测分析 [212/334]: 31#00271
2025-08-19 19:03:41,522 - INFO - 回测分析 [213/334]: 31#00093
2025-08-19 19:03:41,525 - INFO - 回测分析 [214/334]: 31#02139
2025-08-19 19:03:41,529 - INFO - 回测分析 [215/334]: 31#02199
2025-08-19 19:03:41,532 - INFO - 回测分析 [216/334]: 31#01284
2025-08-19 19:03:41,535 - INFO - 回测分析 [217/334]: 31#00873
2025-08-19 19:03:41,538 - INFO - 回测分析 [218/334]: 31#06958
2025-08-19 19:03:41,542 - INFO - 回测分析 [219/334]: 31#01082
2025-08-19 19:03:41,546 - INFO - 回测分析 [220/334]: 31#02000
2025-08-19 19:03:41,549 - INFO - 回测分析 [221/334]: 31#00567
2025-08-19 19:03:41,552 - INFO - 回测分析 [222/334]: 31#01348
2025-08-19 19:03:41,556 - INFO - 回测分析 [223/334]: 31#01560
2025-08-19 19:03:41,559 - INFO - 回测分析 [224/334]: 31#01429
2025-08-19 19:03:41,562 - INFO - 回测分析 [225/334]: 31#00726
2025-08-19 19:03:41,566 - INFO - 回测分析 [226/334]: 31#00102
2025-08-19 19:03:41,569 - INFO - 回测分析 [227/334]: 31#03628
2025-08-19 19:03:41,572 - INFO - 回测分析 [228/334]: 31#01351
2025-08-19 19:03:41,575 - INFO - 回测分析 [229/334]: 31#01719
2025-08-19 19:03:41,578 - INFO - 回测分析 [230/334]: 31#02340
2025-08-19 19:03:41,581 - INFO - 回测分析 [231/334]: 31#09916
2025-08-19 19:03:41,585 - INFO - 回测分析 [232/334]: 31#03336
2025-08-19 19:03:41,588 - INFO - 回测分析 [233/334]: 31#00310
2025-08-19 19:03:41,591 - INFO - 回测分析 [234/334]: 31#06698
2025-08-19 19:03:41,594 - INFO - 回测分析 [235/334]: 31#01707
2025-08-19 19:03:41,597 - INFO - 回测分析 [236/334]: 31#01029
2025-08-19 19:03:41,601 - INFO - 回测分析 [237/334]: sh603656
2025-08-19 19:03:41,608 - INFO - 回测分析 [238/334]: 31#03878
2025-08-19 19:03:41,612 - INFO - 回测分析 [239/334]: 31#00674
2025-08-19 19:03:41,615 - INFO - 回测分析 [240/334]: 31#06606
2025-08-19 19:03:41,618 - INFO - 回测分析 [241/334]: 31#02226
2025-08-19 19:03:41,621 - INFO - 回测分析 [242/334]: 31#01692
2025-08-19 19:03:41,625 - INFO - 回测分析 [243/334]: 31#02385
2025-08-19 19:03:41,628 - INFO - 回测分析 [244/334]: 31#09982
2025-08-19 19:03:41,631 - INFO - 回测分析 [245/334]: 31#01185
2025-08-19 19:03:41,634 - INFO - 回测分析 [246/334]: 31#01622
2025-08-19 19:03:41,637 - INFO - 回测分析 [247/334]: 31#01317
2025-08-19 19:03:41,640 - INFO - 回测分析 [248/334]: 31#00831
2025-08-19 19:03:41,644 - INFO - 回测分析 [249/334]: 31#01323
2025-08-19 19:03:41,648 - INFO - 回测分析 [250/334]: 31#01255
2025-08-19 19:03:41,651 - INFO - 回测分析 [251/334]: 31#02623
2025-08-19 19:03:41,655 - INFO - 回测分析 [252/334]: 31#01569
2025-08-19 19:03:41,658 - INFO - 回测分析 [253/334]: 31#01827
2025-08-19 19:03:41,661 - INFO - 回测分析 [254/334]: 31#01224
2025-08-19 19:03:41,665 - INFO - 回测分析 [255/334]: 31#06610
2025-08-19 19:03:41,668 - INFO - 回测分析 [256/334]: 31#01653
2025-08-19 19:03:41,671 - INFO - 回测分析 [257/334]: 31#00983
2025-08-19 19:03:41,674 - INFO - 回测分析 [258/334]: 31#06918
2025-08-19 19:03:41,678 - INFO - 回测分析 [259/334]: 31#01362
2025-08-19 19:03:41,680 - INFO - 回测分析 [260/334]: 31#00459
2025-08-19 19:03:41,684 - INFO - 回测分析 [261/334]: 31#01399
2025-08-19 19:03:41,687 - INFO - 回测分析 [262/334]: 31#06968
2025-08-19 19:03:41,691 - INFO - 回测分析 [263/334]: 31#00009
2025-08-19 19:03:41,694 - INFO - 回测分析 [264/334]: 31#01206
2025-08-19 19:03:41,698 - INFO - 回测分析 [265/334]: 31#00055
2025-08-19 19:03:41,701 - INFO - 回测分析 [266/334]: 31#01996
2025-08-19 19:03:41,705 - INFO - 回测分析 [267/334]: 31#03997
2025-08-19 19:03:41,708 - INFO - 回测分析 [268/334]: 31#03798
2025-08-19 19:03:41,711 - INFO - 回测分析 [269/334]: sz000518
2025-08-19 19:03:41,717 - INFO - 回测分析 [270/334]: 31#09963
2025-08-19 19:03:41,719 - INFO - 回测分析 [271/334]: 31#02258
2025-08-19 19:03:41,722 - INFO - 回测分析 [272/334]: 31#01163
2025-08-19 19:03:41,725 - INFO - 回测分析 [273/334]: 31#00542
2025-08-19 19:03:41,729 - INFO - 回测分析 [274/334]: 31#00663
2025-08-19 19:03:41,732 - INFO - 回测分析 [275/334]: 31#01739
2025-08-19 19:03:41,735 - INFO - 回测分析 [276/334]: 31#01652
2025-08-19 19:03:41,739 - INFO - 回测分析 [277/334]: 31#00589
2025-08-19 19:03:41,742 - INFO - 回测分析 [278/334]: 31#00118
2025-08-19 19:03:41,745 - INFO - 回测分析 [279/334]: 31#00361
2025-08-19 19:03:41,749 - INFO - 回测分析 [280/334]: sh600026
2025-08-19 19:03:41,753 - INFO - 回测分析 [281/334]: 31#02182
2025-08-19 19:03:41,757 - INFO - 回测分析 [282/334]: 31#01965
2025-08-19 19:03:41,759 - INFO - 回测分析 [283/334]: 31#01638
2025-08-19 19:03:41,763 - INFO - 回测分析 [284/334]: sh600054
2025-08-19 19:03:41,770 - INFO - 回测分析 [285/334]: 31#02416
2025-08-19 19:03:41,773 - INFO - 回测分析 [286/334]: 31#06108
2025-08-19 19:03:41,777 - INFO - 回测分析 [287/334]: 31#02439
2025-08-19 19:03:41,780 - INFO - 回测分析 [288/334]: 31#01218
2025-08-19 19:03:41,783 - INFO - 回测分析 [289/334]: 31#02436
2025-08-19 19:03:41,785 - INFO - 回测分析 [290/334]: 31#01922
2025-08-19 19:03:41,788 - INFO - 回测分析 [291/334]: 31#01542
2025-08-19 19:03:41,792 - INFO - 回测分析 [292/334]: 31#01854
2025-08-19 19:03:41,795 - INFO - 回测分析 [293/334]: 31#01271
2025-08-19 19:03:41,799 - INFO - 回测分析 [294/334]: 31#09938
2025-08-19 19:03:41,803 - INFO - 回测分析 [295/334]: 31#01406
2025-08-19 19:03:41,805 - INFO - 回测分析 [296/334]: 31#01960
2025-08-19 19:03:41,809 - INFO - 回测分析 [297/334]: sz002455
2025-08-19 19:03:41,814 - INFO - 回测分析 [298/334]: 31#03662
2025-08-19 19:03:41,817 - INFO - 回测分析 [299/334]: sh600123
2025-08-19 19:03:41,821 - INFO - 回测分析 [300/334]: 31#02153
2025-08-19 19:03:41,824 - INFO - 回测分析 [301/334]: 31#01733
2025-08-19 19:03:41,829 - INFO - 回测分析 [302/334]: sz002766
2025-08-19 19:03:41,837 - INFO - 回测分析 [303/334]: 31#02798
2025-08-19 19:03:41,841 - INFO - 回测分析 [304/334]: 31#09983
2025-08-19 19:03:41,844 - INFO - 回测分析 [305/334]: 31#01563
2025-08-19 19:03:41,848 - INFO - 回测分析 [306/334]: 31#00520
2025-08-19 19:03:41,852 - INFO - 回测分析 [307/334]: 31#01121
2025-08-19 19:03:41,856 - INFO - 回测分析 [308/334]: 31#06899
2025-08-19 19:03:41,859 - INFO - 回测分析 [309/334]: 31#09686
2025-08-19 19:03:41,862 - INFO - 回测分析 [310/334]: 31#06093
2025-08-19 19:03:41,866 - INFO - 回测分析 [311/334]: 31#00724
2025-08-19 19:03:41,869 - INFO - 回测分析 [312/334]: 31#06163
2025-08-19 19:03:41,872 - INFO - 回测分析 [313/334]: 31#06878
2025-08-19 19:03:41,875 - INFO - 回测分析 [314/334]: 31#02422
2025-08-19 19:03:41,879 - INFO - 回测分析 [315/334]: sz002630
2025-08-19 19:03:41,883 - INFO - 回测分析 [316/334]: sz300338
2025-08-19 19:03:41,887 - INFO - 回测分析 [317/334]: 31#03768
2025-08-19 19:03:41,891 - INFO - 回测分析 [318/334]: sh603348
2025-08-19 19:03:41,896 - INFO - 回测分析 [319/334]: 31#03913
2025-08-19 19:03:41,899 - INFO - 回测分析 [320/334]: 31#00034
2025-08-19 19:03:41,903 - INFO - 回测分析 [321/334]: 31#00368
2025-08-19 19:03:41,906 - INFO - 回测分析 [322/334]: 31#00822
2025-08-19 19:03:41,909 - INFO - 回测分析 [323/334]: 31#01975
2025-08-19 19:03:41,913 - INFO - 回测分析 [324/334]: 31#00733
2025-08-19 19:03:41,916 - INFO - 回测分析 [325/334]: 31#01909
2025-08-19 19:03:41,920 - INFO - 回测分析 [326/334]: 31#01971
2025-08-19 19:03:41,923 - INFO - 回测分析 [327/334]: 31#02147
2025-08-19 19:03:41,926 - INFO - 回测分析 [328/334]: 31#01936
2025-08-19 19:03:41,929 - INFO - 回测分析 [329/334]: 31#01472
2025-08-19 19:03:41,933 - INFO - 回测分析 [330/334]: 31#02180
2025-08-19 19:03:41,936 - INFO - 回测分析 [331/334]: 31#00936
2025-08-19 19:03:41,938 - INFO - 回测分析 [332/334]: 31#02399
2025-08-19 19:03:41,942 - INFO - 回测分析 [333/334]: 31#01650
2025-08-19 19:03:41,945 - INFO - 回测分析 [334/334]: 31#06833
2025-08-19 19:03:41,949 - INFO - 筛选完成，发现 334 个信号，耗时 12.53 秒
2025-08-19 19:03:41,977 - INFO - 结果已保存至: /home/hypnosis/data/git/quant_base/data/result/UNIVERSAL_SCREENING
