2025-08-19 11:07:48,925 - INFO - 加载配置文件: /home/hypnosis/data/quant_base/backend/strategies_config.json
2025-08-19 11:07:48,926 - INFO - 通用筛选器初始化完成
2025-08-19 11:07:48,926 - INFO - ===== 开始执行通用股票筛选 =====
2025-08-19 11:07:48,927 - INFO - 配置保存成功
2025-08-19 11:07:48,927 - INFO - 启用策略: MACD零轴启动_v1.0
2025-08-19 11:07:48,927 - INFO - 启用策略: MACD零轴启动_v1.0
2025-08-19 11:07:48,936 - INFO - 共找到 11839 个股票文件
2025-08-19 11:07:48,936 - INFO - 启用的策略: ['深渊筑底策略_v2.0', '临界金叉_v1.0', '三重金叉_v1.0', 'MACD零轴启动_v1.0', '周线金叉+日线MA_v1.0']
2025-08-19 11:08:00,175 - INFO - 对 339 个信号结果进行回测摘要分析...
2025-08-19 11:08:00,175 - INFO - 回测分析 [1/339]: 31#01362
2025-08-19 11:08:00,182 - INFO - 回测分析 [2/339]: sz002531
2025-08-19 11:08:00,188 - INFO - 回测分析 [3/339]: 31#01255
2025-08-19 11:08:00,191 - INFO - 回测分析 [4/339]: 31#00593
2025-08-19 11:08:00,194 - INFO - 回测分析 [5/339]: 31#01692
2025-08-19 11:08:00,198 - INFO - 回测分析 [6/339]: 31#03997
2025-08-19 11:08:00,201 - INFO - 回测分析 [7/339]: 31#01034
2025-08-19 11:08:00,204 - INFO - 回测分析 [8/339]: 31#01739
2025-08-19 11:08:00,208 - INFO - 回测分析 [9/339]: sh600546
2025-08-19 11:08:00,213 - INFO - 回测分析 [10/339]: 31#00422
2025-08-19 11:08:00,216 - INFO - 回测分析 [11/339]: 31#01937
2025-08-19 11:08:00,220 - INFO - 回测分析 [12/339]: 31#01701
2025-08-19 11:08:00,223 - INFO - 回测分析 [13/339]: 31#01638
2025-08-19 11:08:00,227 - INFO - 回测分析 [14/339]: 31#00802
2025-08-19 11:08:00,230 - INFO - 回测分析 [15/339]: 31#03309
2025-08-19 11:08:00,234 - INFO - 回测分析 [16/339]: 31#01416
2025-08-19 11:08:00,237 - INFO - 回测分析 [17/339]: 31#01262
2025-08-19 11:08:00,241 - INFO - 回测分析 [18/339]: 31#02436
2025-08-19 11:08:00,243 - INFO - 回测分析 [19/339]: 31#01790
2025-08-19 11:08:00,246 - INFO - 回测分析 [20/339]: 31#01569
2025-08-19 11:08:00,250 - INFO - 回测分析 [21/339]: 31#01846
2025-08-19 11:08:00,254 - INFO - 回测分析 [22/339]: 31#06988
2025-08-19 11:08:00,257 - INFO - 回测分析 [23/339]: 31#02127
2025-08-19 11:08:00,261 - INFO - 回测分析 [24/339]: 31#02019
2025-08-19 11:08:00,264 - INFO - 回测分析 [25/339]: 31#01895
2025-08-19 11:08:00,267 - INFO - 回测分析 [26/339]: sz002630
2025-08-19 11:08:00,272 - INFO - 回测分析 [27/339]: 31#01399
2025-08-19 11:08:00,278 - INFO - 回测分析 [28/339]: sz300175
2025-08-19 11:08:00,282 - INFO - 回测分析 [29/339]: 31#01987
2025-08-19 11:08:00,308 - INFO - 回测分析 [30/339]: 31#00302
2025-08-19 11:08:00,312 - INFO - 回测分析 [31/339]: 31#01652
2025-08-19 11:08:00,316 - INFO - 回测分析 [32/339]: 31#00052
2025-08-19 11:08:00,320 - INFO - 回测分析 [33/339]: 31#01498
2025-08-19 11:08:00,323 - INFO - 回测分析 [34/339]: sz002521
2025-08-19 11:08:00,328 - INFO - 回测分析 [35/339]: 31#02623
2025-08-19 11:08:00,332 - INFO - 回测分析 [36/339]: 31#09689
2025-08-19 11:08:00,334 - INFO - 回测分析 [37/339]: 31#01575
2025-08-19 11:08:00,338 - INFO - 回测分析 [38/339]: 31#01909
2025-08-19 11:08:00,341 - INFO - 回测分析 [39/339]: 31#01936
2025-08-19 11:08:00,345 - INFO - 回测分析 [40/339]: 31#00286
2025-08-19 11:08:00,348 - INFO - 回测分析 [41/339]: 31#01849
2025-08-19 11:08:00,352 - INFO - 回测分析 [42/339]: 31#01111
2025-08-19 11:08:00,354 - INFO - 回测分析 [43/339]: sz001378
2025-08-19 11:08:00,357 - INFO - 回测分析 [44/339]: 31#02258
2025-08-19 11:08:00,360 - INFO - 回测分析 [45/339]: 31#00382
2025-08-19 11:08:00,364 - INFO - 回测分析 [46/339]: 31#02175
2025-08-19 11:08:00,367 - INFO - 回测分析 [47/339]: 31#09686
2025-08-19 11:08:00,370 - INFO - 回测分析 [48/339]: 31#00253
2025-08-19 11:08:00,372 - INFO - 回测分析 [49/339]: 31#01953
2025-08-19 11:08:00,376 - INFO - 回测分析 [50/339]: 31#01854
2025-08-19 11:08:00,379 - INFO - 回测分析 [51/339]: 31#01002
2025-08-19 11:08:00,382 - INFO - 回测分析 [52/339]: 31#01598
2025-08-19 11:08:00,386 - INFO - 回测分析 [53/339]: 31#00126
2025-08-19 11:08:00,389 - INFO - 回测分析 [54/339]: 31#00122
2025-08-19 11:08:00,393 - INFO - 回测分析 [55/339]: 31#01472
2025-08-19 11:08:00,397 - INFO - 回测分析 [56/339]: 31#02223
2025-08-19 11:08:00,399 - INFO - 回测分析 [57/339]: 31#02222
2025-08-19 11:08:00,403 - INFO - 回测分析 [58/339]: 31#01894
2025-08-19 11:08:00,406 - INFO - 回测分析 [59/339]: sz300268
2025-08-19 11:08:00,410 - INFO - 回测分析 [60/339]: 31#00550
2025-08-19 11:08:00,413 - INFO - 回测分析 [61/339]: sz000420
2025-08-19 11:08:00,423 - INFO - 回测分析 [62/339]: 31#00186
2025-08-19 11:08:00,425 - INFO - 回测分析 [63/339]: 31#02482
2025-08-19 11:08:00,428 - INFO - 回测分析 [64/339]: 31#01771
2025-08-19 11:08:00,431 - INFO - 回测分析 [65/339]: 31#00750
2025-08-19 11:08:00,435 - INFO - 回测分析 [66/339]: 31#01185
2025-08-19 11:08:00,438 - INFO - 回测分析 [67/339]: 31#09916
2025-08-19 11:08:00,441 - INFO - 回测分析 [68/339]: 31#01922
2025-08-19 11:08:00,445 - INFO - 回测分析 [69/339]: 31#01765
2025-08-19 11:08:00,449 - INFO - 回测分析 [70/339]: 31#01463
2025-08-19 11:08:00,452 - INFO - 回测分析 [71/339]: 31#01959
2025-08-19 11:08:00,455 - INFO - 回测分析 [72/339]: 31#02153
2025-08-19 11:08:00,459 - INFO - 回测分析 [73/339]: 31#01417
2025-08-19 11:08:00,462 - INFO - 回测分析 [74/339]: 31#06833
2025-08-19 11:08:00,466 - INFO - 回测分析 [75/339]: sh603178
2025-08-19 11:08:00,471 - INFO - 回测分析 [76/339]: 31#00110
2025-08-19 11:08:00,474 - INFO - 回测分析 [77/339]: 31#06939
2025-08-19 11:08:00,477 - INFO - 回测分析 [78/339]: 31#01222
2025-08-19 11:08:00,481 - INFO - 回测分析 [79/339]: 31#02215
2025-08-19 11:08:00,485 - INFO - 回测分析 [80/339]: 31#01703
2025-08-19 11:08:00,488 - INFO - 回测分析 [81/339]: 31#00894
2025-08-19 11:08:00,492 - INFO - 回测分析 [82/339]: 31#02212
2025-08-19 11:08:00,496 - INFO - 回测分析 [83/339]: 31#02798
2025-08-19 11:08:00,500 - INFO - 回测分析 [84/339]: 31#06633
2025-08-19 11:08:00,503 - INFO - 回测分析 [85/339]: sh600199
2025-08-19 11:08:00,508 - INFO - 回测分析 [86/339]: 31#01204
2025-08-19 11:08:00,511 - INFO - 回测分析 [87/339]: sh603261
2025-08-19 11:08:00,515 - INFO - 回测分析 [88/339]: 31#01820
2025-08-19 11:08:00,519 - INFO - 回测分析 [89/339]: 31#02168
2025-08-19 11:08:00,523 - INFO - 回测分析 [90/339]: 31#00483
2025-08-19 11:08:00,527 - INFO - 回测分析 [91/339]: 31#01996
2025-08-19 11:08:00,531 - INFO - 回测分析 [92/339]: 31#02226
2025-08-19 11:08:00,534 - INFO - 回测分析 [93/339]: 31#01343
2025-08-19 11:08:00,538 - INFO - 回测分析 [94/339]: 31#01284
2025-08-19 11:08:00,541 - INFO - 回测分析 [95/339]: 31#01082
2025-08-19 11:08:00,544 - INFO - 回测分析 [96/339]: sz000595
2025-08-19 11:08:00,549 - INFO - 回测分析 [97/339]: sz000736
2025-08-19 11:08:00,554 - INFO - 回测分析 [98/339]: 31#06830
2025-08-19 11:08:00,558 - INFO - 回测分析 [99/339]: 31#02405
2025-08-19 11:08:00,561 - INFO - 回测分析 [100/339]: 31#00251
2025-08-19 11:08:00,564 - INFO - 回测分析 [101/339]: 31#01547
2025-08-19 11:08:00,567 - INFO - 回测分析 [102/339]: 31#01827
2025-08-19 11:08:00,570 - INFO - 回测分析 [103/339]: sz002762
2025-08-19 11:08:00,574 - INFO - 回测分析 [104/339]: 31#01660
2025-08-19 11:08:00,578 - INFO - 回测分析 [105/339]: 31#01978
2025-08-19 11:08:00,582 - INFO - 回测分析 [106/339]: 31#00195
2025-08-19 11:08:00,585 - INFO - 回测分析 [107/339]: 31#06913
2025-08-19 11:08:00,588 - INFO - 回测分析 [108/339]: 31#09963
2025-08-19 11:08:00,591 - INFO - 回测分析 [109/339]: 31#02427
2025-08-19 11:08:00,594 - INFO - 回测分析 [110/339]: 31#02448
2025-08-19 11:08:00,597 - INFO - 回测分析 [111/339]: 31#06812
2025-08-19 11:08:00,600 - INFO - 回测分析 [112/339]: 31#01163
2025-08-19 11:08:00,604 - INFO - 回测分析 [113/339]: 31#06093
2025-08-19 11:08:00,608 - INFO - 回测分析 [114/339]: 31#02486
2025-08-19 11:08:00,610 - INFO - 回测分析 [115/339]: 31#01029
2025-08-19 11:08:00,614 - INFO - 回测分析 [116/339]: 31#01008
2025-08-19 11:08:00,617 - INFO - 回测分析 [117/339]: 31#06610
2025-08-19 11:08:00,620 - INFO - 回测分析 [118/339]: 31#00174
2025-08-19 11:08:00,623 - INFO - 回测分析 [119/339]: 31#00102
2025-08-19 11:08:00,626 - INFO - 回测分析 [120/339]: 31#00726
2025-08-19 11:08:00,630 - INFO - 回测分析 [121/339]: 31#01542
2025-08-19 11:08:00,632 - INFO - 回测分析 [122/339]: 31#00018
2025-08-19 11:08:00,636 - INFO - 回测分析 [123/339]: sh605577
2025-08-19 11:08:00,640 - INFO - 回测分析 [124/339]: 31#02017
2025-08-19 11:08:00,643 - INFO - 回测分析 [125/339]: 31#06968
2025-08-19 11:08:00,647 - INFO - 回测分析 [126/339]: 31#01832
2025-08-19 11:08:00,649 - INFO - 回测分析 [127/339]: 31#06899
2025-08-19 11:08:00,652 - INFO - 回测分析 [128/339]: sh603721
2025-08-19 11:08:00,657 - INFO - 回测分析 [129/339]: sz002224
2025-08-19 11:08:00,666 - INFO - 回测分析 [130/339]: 31#00873
2025-08-19 11:08:00,670 - INFO - 回测分析 [131/339]: 31#01563
2025-08-19 11:08:00,674 - INFO - 回测分析 [132/339]: 31#00368
2025-08-19 11:08:00,677 - INFO - 回测分析 [133/339]: 31#00733
2025-08-19 11:08:00,680 - INFO - 回测分析 [134/339]: 31#06689
2025-08-19 11:08:00,683 - INFO - 回测分析 [135/339]: 31#02416
2025-08-19 11:08:00,685 - INFO - 回测分析 [136/339]: 31#06966
2025-08-19 11:08:00,688 - INFO - 回测分析 [137/339]: 31#01543
2025-08-19 11:08:00,691 - INFO - 回测分析 [138/339]: 31#06108
2025-08-19 11:08:00,694 - INFO - 回测分析 [139/339]: sz300338
2025-08-19 11:08:00,698 - INFO - 回测分析 [140/339]: 31#02120
2025-08-19 11:08:00,701 - INFO - 回测分析 [141/339]: 31#01143
2025-08-19 11:08:00,705 - INFO - 回测分析 [142/339]: 31#06199
2025-08-19 11:08:00,708 - INFO - 回测分析 [143/339]: 31#01865
2025-08-19 11:08:00,711 - INFO - 回测分析 [144/339]: 31#00333
2025-08-19 11:08:00,714 - INFO - 回测分析 [145/339]: 31#00765
2025-08-19 11:08:00,717 - INFO - 回测分析 [146/339]: 31#03389
2025-08-19 11:08:00,721 - INFO - 回测分析 [147/339]: 31#00812
2025-08-19 11:08:00,724 - INFO - 回测分析 [148/339]: 31#02147
2025-08-19 11:08:00,727 - INFO - 回测分析 [149/339]: 31#00520
2025-08-19 11:08:00,731 - INFO - 回测分析 [150/339]: 31#00214
2025-08-19 11:08:00,734 - INFO - 回测分析 [151/339]: 31#00030
2025-08-19 11:08:00,737 - INFO - 回测分析 [152/339]: sz300208
2025-08-19 11:08:00,741 - INFO - 回测分析 [153/339]: 31#00034
2025-08-19 11:08:00,744 - INFO - 回测分析 [154/339]: 31#01198
2025-08-19 11:08:00,748 - INFO - 回测分析 [155/339]: 31#00093
2025-08-19 11:08:00,750 - INFO - 回测分析 [156/339]: 31#02361
2025-08-19 11:08:00,753 - INFO - 回测分析 [157/339]: 31#02439
2025-08-19 11:08:00,756 - INFO - 回测分析 [158/339]: sz000518
2025-08-19 11:08:00,761 - INFO - 回测分析 [159/339]: 31#00079
2025-08-19 11:08:00,763 - INFO - 回测分析 [160/339]: 31#01699
2025-08-19 11:08:00,766 - INFO - 回测分析 [161/339]: 31#02325
2025-08-19 11:08:00,769 - INFO - 回测分析 [162/339]: 31#01408
2025-08-19 11:08:00,772 - INFO - 回测分析 [163/339]: 31#06918
2025-08-19 11:08:00,776 - INFO - 回测分析 [164/339]: 31#02383
2025-08-19 11:08:00,779 - INFO - 回测分析 [165/339]: 31#09977
2025-08-19 11:08:00,783 - INFO - 回测分析 [166/339]: 31#00929
2025-08-19 11:08:00,786 - INFO - 回测分析 [167/339]: 31#00171
2025-08-19 11:08:00,789 - INFO - 回测分析 [168/339]: 31#01442
2025-08-19 11:08:00,793 - INFO - 回测分析 [169/339]: 31#01189
2025-08-19 11:08:00,796 - INFO - 回测分析 [170/339]: 31#01406
2025-08-19 11:08:00,799 - INFO - 回测分析 [171/339]: 31#03683
2025-08-19 11:08:00,802 - INFO - 回测分析 [172/339]: 31#01348
2025-08-19 11:08:00,806 - INFO - 回测分析 [173/339]: 31#00936
2025-08-19 11:08:00,808 - INFO - 回测分析 [174/339]: 31#01655
2025-08-19 11:08:00,811 - INFO - 回测分析 [175/339]: 31#01955
2025-08-19 11:08:00,815 - INFO - 回测分析 [176/339]: 31#01489
2025-08-19 11:08:00,817 - INFO - 回测分析 [177/339]: 31#02098
2025-08-19 11:08:00,821 - INFO - 回测分析 [178/339]: 31#01161
2025-08-19 11:08:00,825 - INFO - 回测分析 [179/339]: 31#02399
2025-08-19 11:08:00,829 - INFO - 回测分析 [180/339]: 31#01733
2025-08-19 11:08:00,832 - INFO - 回测分析 [181/339]: 31#02182
2025-08-19 11:08:00,836 - INFO - 回测分析 [182/339]: 31#02187
2025-08-19 11:08:00,839 - INFO - 回测分析 [183/339]: 31#00007
2025-08-19 11:08:00,842 - INFO - 回测分析 [184/339]: 31#01622
2025-08-19 11:08:00,846 - INFO - 回测分析 [185/339]: 31#06190
2025-08-19 11:08:00,848 - INFO - 回测分析 [186/339]: 31#02422
2025-08-19 11:08:00,851 - INFO - 回测分析 [187/339]: 31#01566
2025-08-19 11:08:00,854 - INFO - 回测分析 [188/339]: 31#00438
2025-08-19 11:08:00,858 - INFO - 回测分析 [189/339]: 31#01206
2025-08-19 11:08:00,862 - INFO - 回测分析 [190/339]: sh605108
2025-08-19 11:08:00,865 - INFO - 回测分析 [191/339]: 31#01719
2025-08-19 11:08:00,868 - INFO - 回测分析 [192/339]: 31#00556
2025-08-19 11:08:00,872 - INFO - 回测分析 [193/339]: 31#09663
2025-08-19 11:08:00,874 - INFO - 回测分析 [194/339]: 31#01560
2025-08-19 11:08:00,878 - INFO - 回测分析 [195/339]: 31#06163
2025-08-19 11:08:00,880 - INFO - 回测分析 [196/339]: 31#00459
2025-08-19 11:08:00,884 - INFO - 回测分析 [197/339]: 31#06606
2025-08-19 11:08:00,887 - INFO - 回测分析 [198/339]: 31#01869
2025-08-19 11:08:00,890 - INFO - 回测分析 [199/339]: 31#00383
2025-08-19 11:08:00,894 - INFO - 回测分析 [200/339]: 31#00724
2025-08-19 11:08:00,897 - INFO - 回测分析 [201/339]: sh600810
2025-08-19 11:08:00,905 - INFO - 回测分析 [202/339]: 31#01960
2025-08-19 11:08:00,909 - INFO - 回测分析 [203/339]: 31#01845
2025-08-19 11:08:00,912 - INFO - 回测分析 [204/339]: 31#03650
2025-08-19 11:08:00,914 - INFO - 回测分析 [205/339]: 31#01897
2025-08-19 11:08:00,918 - INFO - 回测分析 [206/339]: 31#09983
2025-08-19 11:08:00,921 - INFO - 回测分析 [207/339]: 31#06036
2025-08-19 11:08:00,925 - INFO - 回测分析 [208/339]: 31#02231
2025-08-19 11:08:00,929 - INFO - 回测分析 [209/339]: 31#00822
2025-08-19 11:08:00,932 - INFO - 回测分析 [210/339]: sh600026
2025-08-19 11:08:00,937 - INFO - 回测分析 [211/339]: 31#03603
2025-08-19 11:08:00,941 - INFO - 回测分析 [212/339]: 31#06999
2025-08-19 11:08:00,944 - INFO - 回测分析 [213/339]: 31#02180
2025-08-19 11:08:00,947 - INFO - 回测分析 [214/339]: 31#00810
2025-08-19 11:08:00,951 - INFO - 回测分析 [215/339]: 31#03390
2025-08-19 11:08:00,954 - INFO - 回测分析 [216/339]: 31#03913
2025-08-19 11:08:00,958 - INFO - 回测分析 [217/339]: 31#01983
2025-08-19 11:08:00,961 - INFO - 回测分析 [218/339]: 31#01495
2025-08-19 11:08:00,964 - INFO - 回测分析 [219/339]: 31#01597
2025-08-19 11:08:00,967 - INFO - 回测分析 [220/339]: sz003032
2025-08-19 11:08:00,971 - INFO - 回测分析 [221/339]: 31#00685
2025-08-19 11:08:00,974 - INFO - 回测分析 [222/339]: 31#00037
2025-08-19 11:08:00,978 - INFO - 回测分析 [223/339]: 31#00599
2025-08-19 11:08:00,980 - INFO - 回测分析 [224/339]: 31#02521
2025-08-19 11:08:00,983 - INFO - 回测分析 [225/339]: 31#01830
2025-08-19 11:08:00,987 - INFO - 回测分析 [226/339]: 31#02199
2025-08-19 11:08:00,990 - INFO - 回测分析 [227/339]: 31#09857
2025-08-19 11:08:00,994 - INFO - 回测分析 [228/339]: 31#01650
2025-08-19 11:08:00,997 - INFO - 回测分析 [229/339]: 31#01028
2025-08-19 11:08:01,000 - INFO - 回测分析 [230/339]: 31#02459
2025-08-19 11:08:01,003 - INFO - 回测分析 [231/339]: 31#00118
2025-08-19 11:08:01,006 - INFO - 回测分析 [232/339]: 31#06698
2025-08-19 11:08:01,009 - INFO - 回测分析 [233/339]: 31#00410
2025-08-19 11:08:01,013 - INFO - 回测分析 [234/339]: 31#01708
2025-08-19 11:08:01,016 - INFO - 回测分析 [235/339]: 31#00191
2025-08-19 11:08:01,019 - INFO - 回测分析 [236/339]: 31#00827
2025-08-19 11:08:01,023 - INFO - 回测分析 [237/339]: 31#02193
2025-08-19 11:08:01,026 - INFO - 回测分析 [238/339]: 31#03363
2025-08-19 11:08:01,028 - INFO - 回测分析 [239/339]: 31#03718
2025-08-19 11:08:01,032 - INFO - 回测分析 [240/339]: 31#00137
2025-08-19 11:08:01,035 - INFO - 回测分析 [241/339]: 31#01645
2025-08-19 11:08:01,039 - INFO - 回测分析 [242/339]: 31#00830
2025-08-19 11:08:01,043 - INFO - 回测分析 [243/339]: sz002581
2025-08-19 11:08:01,047 - INFO - 回测分析 [244/339]: sz002455
2025-08-19 11:08:01,052 - INFO - 回测分析 [245/339]: 31#03662
2025-08-19 11:08:01,055 - INFO - 回测分析 [246/339]: 31#01121
2025-08-19 11:08:01,059 - INFO - 回测分析 [247/339]: 31#01332
2025-08-19 11:08:01,063 - INFO - 回测分析 [248/339]: 31#01429
2025-08-19 11:08:01,066 - INFO - 回测分析 [249/339]: 31#00997
2025-08-19 11:08:01,070 - INFO - 回测分析 [250/339]: 31#06958
2025-08-19 11:08:01,073 - INFO - 回测分析 [251/339]: 31#00831
2025-08-19 11:08:01,077 - INFO - 回测分析 [252/339]: 31#00606
2025-08-19 11:08:01,080 - INFO - 回测分析 [253/339]: 31#00201
2025-08-19 11:08:01,084 - INFO - 回测分析 [254/339]: 31#00442
2025-08-19 11:08:01,086 - INFO - 回测分析 [255/339]: 31#01156
2025-08-19 11:08:01,089 - INFO - 回测分析 [256/339]: 31#02260
2025-08-19 11:08:01,092 - INFO - 回测分析 [257/339]: 31#00162
2025-08-19 11:08:01,095 - INFO - 回测分析 [258/339]: 31#02370
2025-08-19 11:08:01,098 - INFO - 回测分析 [259/339]: sz000521
2025-08-19 11:08:01,103 - INFO - 回测分析 [260/339]: 31#00185
2025-08-19 11:08:01,106 - INFO - 回测分析 [261/339]: 31#00603
2025-08-19 11:08:01,110 - INFO - 回测分析 [262/339]: 31#01727
2025-08-19 11:08:01,114 - INFO - 回测分析 [263/339]: 31#03798
2025-08-19 11:08:01,118 - INFO - 回测分析 [264/339]: 31#03300
2025-08-19 11:08:01,122 - INFO - 回测分析 [265/339]: 31#09929
2025-08-19 11:08:01,126 - INFO - 回测分析 [266/339]: 31#00589
2025-08-19 11:08:01,129 - INFO - 回测分析 [267/339]: sh600702
2025-08-19 11:08:01,133 - INFO - 回测分析 [268/339]: 31#01323
2025-08-19 11:08:01,137 - INFO - 回测分析 [269/339]: 31#00663
2025-08-19 11:08:01,140 - INFO - 回测分析 [270/339]: 31#09982
2025-08-19 11:08:01,143 - INFO - 回测分析 [271/339]: 31#06878
2025-08-19 11:08:01,147 - INFO - 回测分析 [272/339]: sz001300
2025-08-19 11:08:01,150 - INFO - 回测分析 [273/339]: 31#01532
2025-08-19 11:08:01,154 - INFO - 回测分析 [274/339]: 31#03333
2025-08-19 11:08:01,156 - INFO - 回测分析 [275/339]: 31#01707
2025-08-19 11:08:01,159 - INFO - 回测分析 [276/339]: 31#09998
2025-08-19 11:08:01,162 - INFO - 回测分析 [277/339]: 31#01975
2025-08-19 11:08:01,165 - INFO - 回测分析 [278/339]: 31#00431
2025-08-19 11:08:01,169 - INFO - 回测分析 [279/339]: sh603366
2025-08-19 11:08:01,174 - INFO - 回测分析 [280/339]: 31#01231
2025-08-19 11:08:01,176 - INFO - 回测分析 [281/339]: 31#00542
2025-08-19 11:08:01,180 - INFO - 回测分析 [282/339]: sh688526
2025-08-19 11:08:01,186 - INFO - 回测分析 [283/339]: 31#01271
2025-08-19 11:08:01,190 - INFO - 回测分析 [284/339]: 31#06677
2025-08-19 11:08:01,194 - INFO - 回测分析 [285/339]: 31#01410
2025-08-19 11:08:01,197 - INFO - 回测分析 [286/339]: 31#01360
2025-08-19 11:08:01,200 - INFO - 回测分析 [287/339]: sz003004
2025-08-19 11:08:01,205 - INFO - 回测分析 [288/339]: 31#02708
2025-08-19 11:08:01,208 - INFO - 回测分析 [289/339]: 31#01351
2025-08-19 11:08:01,211 - INFO - 回测分析 [290/339]: 31#00082
2025-08-19 11:08:01,215 - INFO - 回测分析 [291/339]: 31#00852
2025-08-19 11:08:01,218 - INFO - 回测分析 [292/339]: 31#03773
2025-08-19 11:08:01,222 - INFO - 回测分析 [293/339]: sh603348
2025-08-19 11:08:01,227 - INFO - 回测分析 [294/339]: 31#09869
2025-08-19 11:08:01,230 - INFO - 回测分析 [295/339]: sz002789
2025-08-19 11:08:01,235 - INFO - 回测分析 [296/339]: sh600123
2025-08-19 11:08:01,238 - INFO - 回测分析 [297/339]: 31#01004
2025-08-19 11:08:01,241 - INFO - 回测分析 [298/339]: sh603609
2025-08-19 11:08:01,249 - INFO - 回测分析 [299/339]: 31#00720
2025-08-19 11:08:01,252 - INFO - 回测分析 [300/339]: 31#01817
2025-08-19 11:08:01,256 - INFO - 回测分析 [301/339]: 31#02340
2025-08-19 11:08:01,259 - INFO - 回测分析 [302/339]: 31#02078
2025-08-19 11:08:01,263 - INFO - 回测分析 [303/339]: 31#01490
2025-08-19 11:08:01,266 - INFO - 回测分析 [304/339]: 31#00310
2025-08-19 11:08:01,269 - INFO - 回测分析 [305/339]: 31#00738
2025-08-19 11:08:01,272 - INFO - 回测分析 [306/339]: 31#00834
2025-08-19 11:08:01,274 - INFO - 回测分析 [307/339]: 31#09938
2025-08-19 11:08:01,278 - INFO - 回测分析 [308/339]: 31#01246
2025-08-19 11:08:01,281 - INFO - 回测分析 [309/339]: 31#02135
2025-08-19 11:08:01,284 - INFO - 回测分析 [310/339]: 31#02101
2025-08-19 11:08:01,288 - INFO - 回测分析 [311/339]: sh600054
2025-08-19 11:08:01,296 - INFO - 回测分析 [312/339]: 31#01971
2025-08-19 11:08:01,299 - INFO - 回测分析 [313/339]: 31#01245
2025-08-19 11:08:01,302 - INFO - 回测分析 [314/339]: 31#01107
2025-08-19 11:08:01,305 - INFO - 回测分析 [315/339]: 31#02060
2025-08-19 11:08:01,308 - INFO - 回测分析 [316/339]: 31#06900
2025-08-19 11:08:01,312 - INFO - 回测分析 [317/339]: 31#00674
2025-08-19 11:08:01,315 - INFO - 回测分析 [318/339]: 31#01224
2025-08-19 11:08:01,318 - INFO - 回测分析 [319/339]: 31#02372
2025-08-19 11:08:01,321 - INFO - 回测分析 [320/339]: 31#00361
2025-08-19 11:08:01,324 - INFO - 回测分析 [321/339]: 31#01183
2025-08-19 11:08:01,328 - INFO - 回测分析 [322/339]: 31#02385
2025-08-19 11:08:01,331 - INFO - 回测分析 [323/339]: sz002529
2025-08-19 11:08:01,336 - INFO - 回测分析 [324/339]: 31#01058
2025-08-19 11:08:01,339 - INFO - 回测分析 [325/339]: 31#03616
2025-08-19 11:08:01,342 - INFO - 回测分析 [326/339]: 31#00389
2025-08-19 11:08:01,346 - INFO - 回测分析 [327/339]: 31#00587
2025-08-19 11:08:01,349 - INFO - 回测分析 [328/339]: 31#01965
2025-08-19 11:08:01,352 - INFO - 回测分析 [329/339]: sz000820
2025-08-19 11:08:01,356 - INFO - 回测分析 [330/339]: 31#00009
2025-08-19 11:08:01,360 - INFO - 回测分析 [331/339]: 31#01383
2025-08-19 11:08:01,363 - INFO - 回测分析 [332/339]: 31#03336
2025-08-19 11:08:01,367 - INFO - 回测分析 [333/339]: 31#03628
2025-08-19 11:08:01,369 - INFO - 回测分析 [334/339]: 31#00488
2025-08-19 11:08:01,373 - INFO - 回测分析 [335/339]: 31#01317
2025-08-19 11:08:01,376 - INFO - 回测分析 [336/339]: 31#06063
2025-08-19 11:08:01,380 - INFO - 回测分析 [337/339]: 31#00918
2025-08-19 11:08:01,383 - INFO - 回测分析 [338/339]: sz001358
2025-08-19 11:08:01,386 - INFO - 回测分析 [339/339]: 31#02237
2025-08-19 11:08:01,389 - INFO - 筛选完成，发现 339 个信号，耗时 12.46 秒
2025-08-19 11:08:01,389 - INFO - 配置保存成功
2025-08-19 11:08:01,389 - INFO - 禁用策略: 周线金叉+日线MA_v1.0
2025-08-19 11:08:01,389 - INFO - 禁用策略: 周线金叉+日线MA_v1.0
2025-08-19 11:08:01,389 - INFO - 禁用策略: WEEKLY_GOLDEN_CROSS_MA_v1.0
2025-08-19 11:08:01,397 - INFO - 配置保存成功
2025-08-19 11:08:01,397 - INFO - 禁用策略: MACD零轴启动_v1.0
2025-08-19 11:08:01,397 - INFO - 禁用策略: MACD零轴启动_v1.0
2025-08-19 11:08:01,397 - INFO - 禁用策略: MACD_ZERO_AXIS_v1.0
2025-08-19 11:08:01,397 - INFO - 配置保存成功
2025-08-19 11:08:01,397 - INFO - 禁用策略: 深渊筑底策略_v2.0
2025-08-19 11:08:01,397 - INFO - 禁用策略: 深渊筑底策略_v2.0
2025-08-19 11:08:01,397 - INFO - 禁用策略: ABYSS_BOTTOMING_v2.0
2025-08-19 11:08:01,397 - INFO - 配置保存成功
2025-08-19 11:08:01,397 - INFO - 禁用策略: 临界金叉_v1.0
2025-08-19 11:08:01,397 - INFO - 禁用策略: 临界金叉_v1.0
2025-08-19 11:08:01,397 - INFO - 禁用策略: PRE_CROSS_v1.0
2025-08-19 11:08:01,397 - INFO - 配置保存成功
2025-08-19 11:08:01,397 - INFO - 禁用策略: 三重金叉_v1.0
2025-08-19 11:08:01,397 - INFO - 禁用策略: 三重金叉_v1.0
2025-08-19 11:08:01,397 - INFO - 禁用策略: TRIPLE_CROSS_v1.0
2025-08-19 11:08:01,397 - INFO - 配置保存成功
2025-08-19 11:08:01,397 - INFO - 启用策略: 深渊筑底策略_v2.0
2025-08-19 11:08:01,397 - INFO - 启用策略: 深渊筑底策略_v2.0
2025-08-19 11:08:01,397 - INFO - 配置保存成功
2025-08-19 11:08:01,397 - INFO - 启用策略: 临界金叉_v1.0
2025-08-19 11:08:01,397 - INFO - 启用策略: 临界金叉_v1.0
2025-08-19 11:08:01,398 - INFO - 配置保存成功
2025-08-19 11:08:01,398 - INFO - 启用策略: 三重金叉_v1.0
2025-08-19 11:08:01,398 - INFO - 启用策略: 三重金叉_v1.0
2025-08-19 11:08:01,398 - INFO - 配置保存成功
2025-08-19 11:08:01,398 - INFO - 启用策略: MACD零轴启动_v1.0
2025-08-19 11:08:01,398 - INFO - 启用策略: MACD零轴启动_v1.0
2025-08-19 11:08:01,398 - INFO - 配置保存成功
2025-08-19 11:08:01,398 - INFO - 启用策略: 周线金叉+日线MA_v1.0
2025-08-19 11:08:01,398 - INFO - 启用策略: 周线金叉+日线MA_v1.0
2025-08-19 11:08:01,399 - ERROR - 为策略 MACD零轴启动_v1.0 获取股票列表失败: 'StrategyResult' object has no attribute 'stock_name'
2025-08-19 11:08:01,400 - INFO - 127.0.0.1 - - [19/Aug/2025 11:08:01] "[35m[1mGET /api/strategies/MACD零轴启动_v1.0/stocks HTTP/1.1[0m" 500 -
2025-08-19 11:08:01,405 - INFO - 127.0.0.1 - - [19/Aug/2025 11:08:01] "[36mGET /api/signals_summary?strategy=MACD_ZERO_AXIS HTTP/1.1[0m" 304 -
2025-08-19 11:08:28,655 - INFO - 统一分析请求: sh600678, 策略: MACD零轴启动_v1.0
2025-08-19 11:08:28,655 - WARNING - 策略映射失败，使用原名: MACD零轴启动_v1.0
2025-08-19 11:08:32,595 - INFO - 数据库初始化完成
2025-08-19 11:08:32,596 - INFO - 统一分析成功: sh600678, 缓存状态: False
2025-08-19 11:08:32,612 - INFO - 127.0.0.1 - - [19/Aug/2025 11:08:32] "GET /api/unified_analysis/sh600678?strategy=MACD零轴启动_v1.0 HTTP/1.1" 200 -
2025-08-19 11:36:54,047 - INFO - 127.0.0.1 - - [19/Aug/2025 11:36:54] "[36mGET / HTTP/1.1[0m" 304 -
2025-08-19 11:36:54,055 - INFO - 127.0.0.1 - - [19/Aug/2025 11:36:54] "[36mGET /js/strategy-config.js HTTP/1.1[0m" 304 -
2025-08-19 11:36:54,055 - INFO - 127.0.0.1 - - [19/Aug/2025 11:36:54] "[36mGET /js/app.js HTTP/1.1[0m" 304 -
2025-08-19 11:36:54,079 - INFO - 127.0.0.1 - - [19/Aug/2025 11:36:54] "GET /api/config/unified HTTP/1.1" 200 -
2025-08-19 11:36:54,086 - INFO - 127.0.0.1 - - [19/Aug/2025 11:36:54] "GET /api/deep_scan_results HTTP/1.1" 200 -
2025-08-19 11:37:02,477 - INFO - 加载配置文件: /home/hypnosis/data/quant_base/backend/strategies_config.json
2025-08-19 11:37:02,478 - INFO - 通用筛选器初始化完成
2025-08-19 11:37:02,478 - INFO - ===== 开始执行通用股票筛选 =====
2025-08-19 11:37:02,478 - INFO - 配置保存成功
2025-08-19 11:37:02,478 - INFO - 启用策略: MACD零轴启动_v1.0
2025-08-19 11:37:02,478 - INFO - 启用策略: MACD零轴启动_v1.0
2025-08-19 11:37:02,487 - INFO - 共找到 11839 个股票文件
2025-08-19 11:37:02,487 - INFO - 启用的策略: ['深渊筑底策略_v2.0', '临界金叉_v1.0', '三重金叉_v1.0', 'MACD零轴启动_v1.0', '周线金叉+日线MA_v1.0']
2025-08-19 11:37:13,717 - INFO - 对 339 个信号结果进行回测摘要分析...
2025-08-19 11:37:13,717 - INFO - 回测分析 [1/339]: 31#01362
2025-08-19 11:37:13,721 - INFO - 回测分析 [2/339]: sz002531
2025-08-19 11:37:13,727 - INFO - 回测分析 [3/339]: 31#01255
2025-08-19 11:37:13,730 - INFO - 回测分析 [4/339]: 31#00593
2025-08-19 11:37:13,733 - INFO - 回测分析 [5/339]: 31#01692
2025-08-19 11:37:13,736 - INFO - 回测分析 [6/339]: 31#03997
2025-08-19 11:37:13,739 - INFO - 回测分析 [7/339]: 31#01034
2025-08-19 11:37:13,743 - INFO - 回测分析 [8/339]: 31#01739
2025-08-19 11:37:13,746 - INFO - 回测分析 [9/339]: sh600546
2025-08-19 11:37:13,751 - INFO - 回测分析 [10/339]: 31#00422
2025-08-19 11:37:13,754 - INFO - 回测分析 [11/339]: 31#01937
2025-08-19 11:37:13,758 - INFO - 回测分析 [12/339]: 31#01701
2025-08-19 11:37:13,762 - INFO - 回测分析 [13/339]: 31#01638
2025-08-19 11:37:13,765 - INFO - 回测分析 [14/339]: 31#00802
2025-08-19 11:37:13,768 - INFO - 回测分析 [15/339]: 31#03309
2025-08-19 11:37:13,772 - INFO - 回测分析 [16/339]: 31#01416
2025-08-19 11:37:13,776 - INFO - 回测分析 [17/339]: 31#01262
2025-08-19 11:37:13,779 - INFO - 回测分析 [18/339]: 31#02436
2025-08-19 11:37:13,782 - INFO - 回测分析 [19/339]: 31#01790
2025-08-19 11:37:13,784 - INFO - 回测分析 [20/339]: 31#01569
2025-08-19 11:37:13,788 - INFO - 回测分析 [21/339]: 31#01846
2025-08-19 11:37:13,792 - INFO - 回测分析 [22/339]: 31#06988
2025-08-19 11:37:13,796 - INFO - 回测分析 [23/339]: 31#02127
2025-08-19 11:37:13,799 - INFO - 回测分析 [24/339]: 31#02019
2025-08-19 11:37:13,803 - INFO - 回测分析 [25/339]: 31#01895
2025-08-19 11:37:13,806 - INFO - 回测分析 [26/339]: sz002630
2025-08-19 11:37:13,811 - INFO - 回测分析 [27/339]: 31#01399
2025-08-19 11:37:13,814 - INFO - 回测分析 [28/339]: sz300175
2025-08-19 11:37:13,819 - INFO - 回测分析 [29/339]: 31#01987
2025-08-19 11:37:13,822 - INFO - 回测分析 [30/339]: 31#00302
2025-08-19 11:37:13,826 - INFO - 回测分析 [31/339]: 31#01652
2025-08-19 11:37:13,830 - INFO - 回测分析 [32/339]: 31#00052
2025-08-19 11:37:13,834 - INFO - 回测分析 [33/339]: 31#01498
2025-08-19 11:37:13,838 - INFO - 回测分析 [34/339]: sz002521
2025-08-19 11:37:13,842 - INFO - 回测分析 [35/339]: 31#02623
2025-08-19 11:37:13,846 - INFO - 回测分析 [36/339]: 31#09689
2025-08-19 11:37:13,848 - INFO - 回测分析 [37/339]: 31#01575
2025-08-19 11:37:13,852 - INFO - 回测分析 [38/339]: 31#01909
2025-08-19 11:37:13,855 - INFO - 回测分析 [39/339]: 31#01936
2025-08-19 11:37:13,859 - INFO - 回测分析 [40/339]: 31#00286
2025-08-19 11:37:13,862 - INFO - 回测分析 [41/339]: 31#01849
2025-08-19 11:37:13,866 - INFO - 回测分析 [42/339]: 31#01111
2025-08-19 11:37:13,868 - INFO - 回测分析 [43/339]: sz001378
2025-08-19 11:37:13,871 - INFO - 回测分析 [44/339]: 31#02258
2025-08-19 11:37:13,874 - INFO - 回测分析 [45/339]: 31#00382
2025-08-19 11:37:13,878 - INFO - 回测分析 [46/339]: 31#02175
2025-08-19 11:37:13,881 - INFO - 回测分析 [47/339]: 31#09686
2025-08-19 11:37:13,884 - INFO - 回测分析 [48/339]: 31#00253
2025-08-19 11:37:13,886 - INFO - 回测分析 [49/339]: 31#01953
2025-08-19 11:37:13,890 - INFO - 回测分析 [50/339]: 31#01854
2025-08-19 11:37:13,893 - INFO - 回测分析 [51/339]: 31#01002
2025-08-19 11:37:13,897 - INFO - 回测分析 [52/339]: 31#01598
2025-08-19 11:37:13,900 - INFO - 回测分析 [53/339]: 31#00126
2025-08-19 11:37:13,904 - INFO - 回测分析 [54/339]: 31#00122
2025-08-19 11:37:13,907 - INFO - 回测分析 [55/339]: 31#01472
2025-08-19 11:37:13,911 - INFO - 回测分析 [56/339]: 31#02223
2025-08-19 11:37:13,914 - INFO - 回测分析 [57/339]: 31#02222
2025-08-19 11:37:13,917 - INFO - 回测分析 [58/339]: 31#01894
2025-08-19 11:37:13,920 - INFO - 回测分析 [59/339]: sz300268
2025-08-19 11:37:13,924 - INFO - 回测分析 [60/339]: 31#00550
2025-08-19 11:37:13,927 - INFO - 回测分析 [61/339]: sz000420
2025-08-19 11:37:13,936 - INFO - 回测分析 [62/339]: 31#00186
2025-08-19 11:37:13,939 - INFO - 回测分析 [63/339]: 31#02482
2025-08-19 11:37:13,942 - INFO - 回测分析 [64/339]: 31#01771
2025-08-19 11:37:13,945 - INFO - 回测分析 [65/339]: 31#00750
2025-08-19 11:37:13,949 - INFO - 回测分析 [66/339]: 31#01185
2025-08-19 11:37:13,952 - INFO - 回测分析 [67/339]: 31#09916
2025-08-19 11:37:13,955 - INFO - 回测分析 [68/339]: 31#01922
2025-08-19 11:37:13,959 - INFO - 回测分析 [69/339]: 31#01765
2025-08-19 11:37:13,962 - INFO - 回测分析 [70/339]: 31#01463
2025-08-19 11:37:13,966 - INFO - 回测分析 [71/339]: 31#01959
2025-08-19 11:37:13,969 - INFO - 回测分析 [72/339]: 31#02153
2025-08-19 11:37:13,973 - INFO - 回测分析 [73/339]: 31#01417
2025-08-19 11:37:13,976 - INFO - 回测分析 [74/339]: 31#06833
2025-08-19 11:37:13,980 - INFO - 回测分析 [75/339]: sh603178
2025-08-19 11:37:13,985 - INFO - 回测分析 [76/339]: 31#00110
2025-08-19 11:37:13,988 - INFO - 回测分析 [77/339]: 31#06939
2025-08-19 11:37:13,992 - INFO - 回测分析 [78/339]: 31#01222
2025-08-19 11:37:13,996 - INFO - 回测分析 [79/339]: 31#02215
2025-08-19 11:37:13,999 - INFO - 回测分析 [80/339]: 31#01703
2025-08-19 11:37:14,002 - INFO - 回测分析 [81/339]: 31#00894
2025-08-19 11:37:14,006 - INFO - 回测分析 [82/339]: 31#02212
2025-08-19 11:37:14,010 - INFO - 回测分析 [83/339]: 31#02798
2025-08-19 11:37:14,014 - INFO - 回测分析 [84/339]: 31#06633
2025-08-19 11:37:14,017 - INFO - 回测分析 [85/339]: sh600199
2025-08-19 11:37:14,022 - INFO - 回测分析 [86/339]: 31#01204
2025-08-19 11:37:14,025 - INFO - 回测分析 [87/339]: sh603261
2025-08-19 11:37:14,029 - INFO - 回测分析 [88/339]: 31#01820
2025-08-19 11:37:14,033 - INFO - 回测分析 [89/339]: 31#02168
2025-08-19 11:37:14,037 - INFO - 回测分析 [90/339]: 31#00483
2025-08-19 11:37:14,041 - INFO - 回测分析 [91/339]: 31#01996
2025-08-19 11:37:14,045 - INFO - 回测分析 [92/339]: 31#02226
2025-08-19 11:37:14,048 - INFO - 回测分析 [93/339]: 31#01343
2025-08-19 11:37:14,052 - INFO - 回测分析 [94/339]: 31#01284
2025-08-19 11:37:14,055 - INFO - 回测分析 [95/339]: 31#01082
2025-08-19 11:37:14,059 - INFO - 回测分析 [96/339]: sz000595
2025-08-19 11:37:14,064 - INFO - 回测分析 [97/339]: sz000736
2025-08-19 11:37:14,069 - INFO - 回测分析 [98/339]: 31#06830
2025-08-19 11:37:14,073 - INFO - 回测分析 [99/339]: 31#02405
2025-08-19 11:37:14,079 - INFO - 回测分析 [100/339]: 31#00251
2025-08-19 11:37:14,082 - INFO - 回测分析 [101/339]: 31#01547
2025-08-19 11:37:14,085 - INFO - 回测分析 [102/339]: 31#01827
2025-08-19 11:37:14,088 - INFO - 回测分析 [103/339]: sz002762
2025-08-19 11:37:14,093 - INFO - 回测分析 [104/339]: 31#01660
2025-08-19 11:37:14,096 - INFO - 回测分析 [105/339]: 31#01978
2025-08-19 11:37:14,100 - INFO - 回测分析 [106/339]: 31#00195
2025-08-19 11:37:14,104 - INFO - 回测分析 [107/339]: 31#06913
2025-08-19 11:37:14,107 - INFO - 回测分析 [108/339]: 31#09963
2025-08-19 11:37:14,110 - INFO - 回测分析 [109/339]: 31#02427
2025-08-19 11:37:14,112 - INFO - 回测分析 [110/339]: 31#02448
2025-08-19 11:37:14,116 - INFO - 回测分析 [111/339]: 31#06812
2025-08-19 11:37:14,119 - INFO - 回测分析 [112/339]: 31#01163
2025-08-19 11:37:14,122 - INFO - 回测分析 [113/339]: 31#06093
2025-08-19 11:37:14,126 - INFO - 回测分析 [114/339]: 31#02486
2025-08-19 11:37:14,129 - INFO - 回测分析 [115/339]: 31#01029
2025-08-19 11:37:14,133 - INFO - 回测分析 [116/339]: 31#01008
2025-08-19 11:37:14,136 - INFO - 回测分析 [117/339]: 31#06610
2025-08-19 11:37:14,139 - INFO - 回测分析 [118/339]: 31#00174
2025-08-19 11:37:14,142 - INFO - 回测分析 [119/339]: 31#00102
2025-08-19 11:37:14,145 - INFO - 回测分析 [120/339]: 31#00726
2025-08-19 11:37:14,149 - INFO - 回测分析 [121/339]: 31#01542
2025-08-19 11:37:14,151 - INFO - 回测分析 [122/339]: 31#00018
2025-08-19 11:37:14,155 - INFO - 回测分析 [123/339]: sh605577
2025-08-19 11:37:14,160 - INFO - 回测分析 [124/339]: 31#02017
2025-08-19 11:37:14,162 - INFO - 回测分析 [125/339]: 31#06968
2025-08-19 11:37:14,166 - INFO - 回测分析 [126/339]: 31#01832
2025-08-19 11:37:14,169 - INFO - 回测分析 [127/339]: 31#06899
2025-08-19 11:37:14,172 - INFO - 回测分析 [128/339]: sh603721
2025-08-19 11:37:14,177 - INFO - 回测分析 [129/339]: sz002224
2025-08-19 11:37:14,186 - INFO - 回测分析 [130/339]: 31#00873
2025-08-19 11:37:14,190 - INFO - 回测分析 [131/339]: 31#01563
2025-08-19 11:37:14,194 - INFO - 回测分析 [132/339]: 31#00368
2025-08-19 11:37:14,196 - INFO - 回测分析 [133/339]: 31#00733
2025-08-19 11:37:14,200 - INFO - 回测分析 [134/339]: 31#06689
2025-08-19 11:37:14,203 - INFO - 回测分析 [135/339]: 31#02416
2025-08-19 11:37:14,205 - INFO - 回测分析 [136/339]: 31#06966
2025-08-19 11:37:14,209 - INFO - 回测分析 [137/339]: 31#01543
2025-08-19 11:37:14,212 - INFO - 回测分析 [138/339]: 31#06108
2025-08-19 11:37:14,215 - INFO - 回测分析 [139/339]: sz300338
2025-08-19 11:37:14,219 - INFO - 回测分析 [140/339]: 31#02120
2025-08-19 11:37:14,223 - INFO - 回测分析 [141/339]: 31#01143
2025-08-19 11:37:14,226 - INFO - 回测分析 [142/339]: 31#06199
2025-08-19 11:37:14,229 - INFO - 回测分析 [143/339]: 31#01865
2025-08-19 11:37:14,233 - INFO - 回测分析 [144/339]: 31#00333
2025-08-19 11:37:14,236 - INFO - 回测分析 [145/339]: 31#00765
2025-08-19 11:37:14,239 - INFO - 回测分析 [146/339]: 31#03389
2025-08-19 11:37:14,243 - INFO - 回测分析 [147/339]: 31#00812
2025-08-19 11:37:14,246 - INFO - 回测分析 [148/339]: 31#02147
2025-08-19 11:37:14,249 - INFO - 回测分析 [149/339]: 31#00520
2025-08-19 11:37:14,253 - INFO - 回测分析 [150/339]: 31#00214
2025-08-19 11:37:14,257 - INFO - 回测分析 [151/339]: 31#00030
2025-08-19 11:37:14,260 - INFO - 回测分析 [152/339]: sz300208
2025-08-19 11:37:14,264 - INFO - 回测分析 [153/339]: 31#00034
2025-08-19 11:37:14,267 - INFO - 回测分析 [154/339]: 31#01198
2025-08-19 11:37:14,271 - INFO - 回测分析 [155/339]: 31#00093
2025-08-19 11:37:14,273 - INFO - 回测分析 [156/339]: 31#02361
2025-08-19 11:37:14,276 - INFO - 回测分析 [157/339]: 31#02439
2025-08-19 11:37:14,279 - INFO - 回测分析 [158/339]: sz000518
2025-08-19 11:37:14,284 - INFO - 回测分析 [159/339]: 31#00079
2025-08-19 11:37:14,286 - INFO - 回测分析 [160/339]: 31#01699
2025-08-19 11:37:14,289 - INFO - 回测分析 [161/339]: 31#02325
2025-08-19 11:37:14,292 - INFO - 回测分析 [162/339]: 31#01408
2025-08-19 11:37:14,295 - INFO - 回测分析 [163/339]: 31#06918
2025-08-19 11:37:14,299 - INFO - 回测分析 [164/339]: 31#02383
2025-08-19 11:37:14,303 - INFO - 回测分析 [165/339]: 31#09977
2025-08-19 11:37:14,306 - INFO - 回测分析 [166/339]: 31#00929
2025-08-19 11:37:14,309 - INFO - 回测分析 [167/339]: 31#00171
2025-08-19 11:37:14,313 - INFO - 回测分析 [168/339]: 31#01442
2025-08-19 11:37:14,316 - INFO - 回测分析 [169/339]: 31#01189
2025-08-19 11:37:14,319 - INFO - 回测分析 [170/339]: 31#01406
2025-08-19 11:37:14,322 - INFO - 回测分析 [171/339]: 31#03683
2025-08-19 11:37:14,326 - INFO - 回测分析 [172/339]: 31#01348
2025-08-19 11:37:14,329 - INFO - 回测分析 [173/339]: 31#00936
2025-08-19 11:37:14,332 - INFO - 回测分析 [174/339]: 31#01655
2025-08-19 11:37:14,335 - INFO - 回测分析 [175/339]: 31#01955
2025-08-19 11:37:14,338 - INFO - 回测分析 [176/339]: 31#01489
2025-08-19 11:37:14,341 - INFO - 回测分析 [177/339]: 31#02098
2025-08-19 11:37:14,345 - INFO - 回测分析 [178/339]: 31#01161
2025-08-19 11:37:14,348 - INFO - 回测分析 [179/339]: 31#02399
2025-08-19 11:37:14,352 - INFO - 回测分析 [180/339]: 31#01733
2025-08-19 11:37:14,356 - INFO - 回测分析 [181/339]: 31#02182
2025-08-19 11:37:14,359 - INFO - 回测分析 [182/339]: 31#02187
2025-08-19 11:37:14,362 - INFO - 回测分析 [183/339]: 31#00007
2025-08-19 11:37:14,365 - INFO - 回测分析 [184/339]: 31#01622
2025-08-19 11:37:14,369 - INFO - 回测分析 [185/339]: 31#06190
2025-08-19 11:37:14,372 - INFO - 回测分析 [186/339]: 31#02422
2025-08-19 11:37:14,374 - INFO - 回测分析 [187/339]: 31#01566
2025-08-19 11:37:14,378 - INFO - 回测分析 [188/339]: 31#00438
2025-08-19 11:37:14,382 - INFO - 回测分析 [189/339]: 31#01206
2025-08-19 11:37:14,385 - INFO - 回测分析 [190/339]: sh605108
2025-08-19 11:37:14,390 - INFO - 回测分析 [191/339]: 31#01719
2025-08-19 11:37:14,393 - INFO - 回测分析 [192/339]: 31#00556
2025-08-19 11:37:14,396 - INFO - 回测分析 [193/339]: 31#09663
2025-08-19 11:37:14,399 - INFO - 回测分析 [194/339]: 31#01560
2025-08-19 11:37:14,402 - INFO - 回测分析 [195/339]: 31#06163
2025-08-19 11:37:14,404 - INFO - 回测分析 [196/339]: 31#00459
2025-08-19 11:37:14,408 - INFO - 回测分析 [197/339]: 31#06606
2025-08-19 11:37:14,411 - INFO - 回测分析 [198/339]: 31#01869
2025-08-19 11:37:14,415 - INFO - 回测分析 [199/339]: 31#00383
2025-08-19 11:37:14,418 - INFO - 回测分析 [200/339]: 31#00724
2025-08-19 11:37:14,421 - INFO - 回测分析 [201/339]: sh600810
2025-08-19 11:37:14,429 - INFO - 回测分析 [202/339]: 31#01960
2025-08-19 11:37:14,433 - INFO - 回测分析 [203/339]: 31#01845
2025-08-19 11:37:14,436 - INFO - 回测分析 [204/339]: 31#03650
2025-08-19 11:37:14,439 - INFO - 回测分析 [205/339]: 31#01897
2025-08-19 11:37:14,442 - INFO - 回测分析 [206/339]: 31#09983
2025-08-19 11:37:14,446 - INFO - 回测分析 [207/339]: 31#06036
2025-08-19 11:37:14,449 - INFO - 回测分析 [208/339]: 31#02231
2025-08-19 11:37:14,453 - INFO - 回测分析 [209/339]: 31#00822
2025-08-19 11:37:14,456 - INFO - 回测分析 [210/339]: sh600026
2025-08-19 11:37:14,461 - INFO - 回测分析 [211/339]: 31#03603
2025-08-19 11:37:14,465 - INFO - 回测分析 [212/339]: 31#06999
2025-08-19 11:37:14,468 - INFO - 回测分析 [213/339]: 31#02180
2025-08-19 11:37:14,471 - INFO - 回测分析 [214/339]: 31#00810
2025-08-19 11:37:14,475 - INFO - 回测分析 [215/339]: 31#03390
2025-08-19 11:37:14,478 - INFO - 回测分析 [216/339]: 31#03913
2025-08-19 11:37:14,482 - INFO - 回测分析 [217/339]: 31#01983
2025-08-19 11:37:14,484 - INFO - 回测分析 [218/339]: 31#01495
2025-08-19 11:37:14,488 - INFO - 回测分析 [219/339]: 31#01597
2025-08-19 11:37:14,491 - INFO - 回测分析 [220/339]: sz003032
2025-08-19 11:37:14,495 - INFO - 回测分析 [221/339]: 31#00685
2025-08-19 11:37:14,498 - INFO - 回测分析 [222/339]: 31#00037
2025-08-19 11:37:14,501 - INFO - 回测分析 [223/339]: 31#00599
2025-08-19 11:37:14,504 - INFO - 回测分析 [224/339]: 31#02521
2025-08-19 11:37:14,507 - INFO - 回测分析 [225/339]: 31#01830
2025-08-19 11:37:14,510 - INFO - 回测分析 [226/339]: 31#02199
2025-08-19 11:37:14,514 - INFO - 回测分析 [227/339]: 31#09857
2025-08-19 11:37:14,517 - INFO - 回测分析 [228/339]: 31#01650
2025-08-19 11:37:14,520 - INFO - 回测分析 [229/339]: 31#01028
2025-08-19 11:37:14,524 - INFO - 回测分析 [230/339]: 31#02459
2025-08-19 11:37:14,527 - INFO - 回测分析 [231/339]: 31#00118
2025-08-19 11:37:14,529 - INFO - 回测分析 [232/339]: 31#06698
2025-08-19 11:37:14,532 - INFO - 回测分析 [233/339]: 31#00410
2025-08-19 11:37:14,536 - INFO - 回测分析 [234/339]: 31#01708
2025-08-19 11:37:14,539 - INFO - 回测分析 [235/339]: 31#00191
2025-08-19 11:37:14,542 - INFO - 回测分析 [236/339]: 31#00827
2025-08-19 11:37:14,546 - INFO - 回测分析 [237/339]: 31#02193
2025-08-19 11:37:14,549 - INFO - 回测分析 [238/339]: 31#03363
2025-08-19 11:37:14,551 - INFO - 回测分析 [239/339]: 31#03718
2025-08-19 11:37:14,555 - INFO - 回测分析 [240/339]: 31#00137
2025-08-19 11:37:14,558 - INFO - 回测分析 [241/339]: 31#01645
2025-08-19 11:37:14,562 - INFO - 回测分析 [242/339]: 31#00830
2025-08-19 11:37:14,565 - INFO - 回测分析 [243/339]: sz002581
2025-08-19 11:37:14,570 - INFO - 回测分析 [244/339]: sz002455
2025-08-19 11:37:14,575 - INFO - 回测分析 [245/339]: 31#03662
2025-08-19 11:37:14,578 - INFO - 回测分析 [246/339]: 31#01121
2025-08-19 11:37:14,582 - INFO - 回测分析 [247/339]: 31#01332
2025-08-19 11:37:14,585 - INFO - 回测分析 [248/339]: 31#01429
2025-08-19 11:37:14,589 - INFO - 回测分析 [249/339]: 31#00997
2025-08-19 11:37:14,592 - INFO - 回测分析 [250/339]: 31#06958
2025-08-19 11:37:14,596 - INFO - 回测分析 [251/339]: 31#00831
2025-08-19 11:37:14,599 - INFO - 回测分析 [252/339]: 31#00606
2025-08-19 11:37:14,603 - INFO - 回测分析 [253/339]: 31#00201
2025-08-19 11:37:14,606 - INFO - 回测分析 [254/339]: 31#00442
2025-08-19 11:37:14,609 - INFO - 回测分析 [255/339]: 31#01156
2025-08-19 11:37:14,612 - INFO - 回测分析 [256/339]: 31#02260
2025-08-19 11:37:14,615 - INFO - 回测分析 [257/339]: 31#00162
2025-08-19 11:37:14,618 - INFO - 回测分析 [258/339]: 31#02370
2025-08-19 11:37:14,620 - INFO - 回测分析 [259/339]: sz000521
2025-08-19 11:37:14,625 - INFO - 回测分析 [260/339]: 31#00185
2025-08-19 11:37:14,628 - INFO - 回测分析 [261/339]: 31#00603
2025-08-19 11:37:14,632 - INFO - 回测分析 [262/339]: 31#01727
2025-08-19 11:37:14,636 - INFO - 回测分析 [263/339]: 31#03798
2025-08-19 11:37:14,640 - INFO - 回测分析 [264/339]: 31#03300
2025-08-19 11:37:14,644 - INFO - 回测分析 [265/339]: 31#09929
2025-08-19 11:37:14,647 - INFO - 回测分析 [266/339]: 31#00589
2025-08-19 11:37:14,650 - INFO - 回测分析 [267/339]: sh600702
2025-08-19 11:37:14,655 - INFO - 回测分析 [268/339]: 31#01323
2025-08-19 11:37:14,658 - INFO - 回测分析 [269/339]: 31#00663
2025-08-19 11:37:14,662 - INFO - 回测分析 [270/339]: 31#09982
2025-08-19 11:37:14,665 - INFO - 回测分析 [271/339]: 31#06878
2025-08-19 11:37:14,668 - INFO - 回测分析 [272/339]: sz001300
2025-08-19 11:37:14,672 - INFO - 回测分析 [273/339]: 31#01532
2025-08-19 11:37:14,675 - INFO - 回测分析 [274/339]: 31#03333
2025-08-19 11:37:14,678 - INFO - 回测分析 [275/339]: 31#01707
2025-08-19 11:37:14,681 - INFO - 回测分析 [276/339]: 31#09998
2025-08-19 11:37:14,684 - INFO - 回测分析 [277/339]: 31#01975
2025-08-19 11:37:14,687 - INFO - 回测分析 [278/339]: 31#00431
2025-08-19 11:37:14,691 - INFO - 回测分析 [279/339]: sh603366
2025-08-19 11:37:14,695 - INFO - 回测分析 [280/339]: 31#01231
2025-08-19 11:37:14,698 - INFO - 回测分析 [281/339]: 31#00542
2025-08-19 11:37:14,701 - INFO - 回测分析 [282/339]: sh688526
2025-08-19 11:37:14,708 - INFO - 回测分析 [283/339]: 31#01271
2025-08-19 11:37:14,712 - INFO - 回测分析 [284/339]: 31#06677
2025-08-19 11:37:14,715 - INFO - 回测分析 [285/339]: 31#01410
2025-08-19 11:37:14,719 - INFO - 回测分析 [286/339]: 31#01360
2025-08-19 11:37:14,722 - INFO - 回测分析 [287/339]: sz003004
2025-08-19 11:37:14,726 - INFO - 回测分析 [288/339]: 31#02708
2025-08-19 11:37:14,730 - INFO - 回测分析 [289/339]: 31#01351
2025-08-19 11:37:14,733 - INFO - 回测分析 [290/339]: 31#00082
2025-08-19 11:37:14,737 - INFO - 回测分析 [291/339]: 31#00852
2025-08-19 11:37:14,740 - INFO - 回测分析 [292/339]: 31#03773
2025-08-19 11:37:14,744 - INFO - 回测分析 [293/339]: sh603348
2025-08-19 11:37:14,748 - INFO - 回测分析 [294/339]: 31#09869
2025-08-19 11:37:14,752 - INFO - 回测分析 [295/339]: sz002789
2025-08-19 11:37:14,756 - INFO - 回测分析 [296/339]: sh600123
2025-08-19 11:37:14,760 - INFO - 回测分析 [297/339]: 31#01004
2025-08-19 11:37:14,763 - INFO - 回测分析 [298/339]: sh603609
2025-08-19 11:37:14,771 - INFO - 回测分析 [299/339]: 31#00720
2025-08-19 11:37:14,774 - INFO - 回测分析 [300/339]: 31#01817
2025-08-19 11:37:14,778 - INFO - 回测分析 [301/339]: 31#02340
2025-08-19 11:37:14,781 - INFO - 回测分析 [302/339]: 31#02078
2025-08-19 11:37:14,784 - INFO - 回测分析 [303/339]: 31#01490
2025-08-19 11:37:14,788 - INFO - 回测分析 [304/339]: 31#00310
2025-08-19 11:37:14,791 - INFO - 回测分析 [305/339]: 31#00738
2025-08-19 11:37:14,794 - INFO - 回测分析 [306/339]: 31#00834
2025-08-19 11:37:14,796 - INFO - 回测分析 [307/339]: 31#09938
2025-08-19 11:37:14,800 - INFO - 回测分析 [308/339]: 31#01246
2025-08-19 11:37:14,803 - INFO - 回测分析 [309/339]: 31#02135
2025-08-19 11:37:14,806 - INFO - 回测分析 [310/339]: 31#02101
2025-08-19 11:37:14,810 - INFO - 回测分析 [311/339]: sh600054
2025-08-19 11:37:14,817 - INFO - 回测分析 [312/339]: 31#01971
2025-08-19 11:37:14,821 - INFO - 回测分析 [313/339]: 31#01245
2025-08-19 11:37:14,824 - INFO - 回测分析 [314/339]: 31#01107
2025-08-19 11:37:14,827 - INFO - 回测分析 [315/339]: 31#02060
2025-08-19 11:37:14,830 - INFO - 回测分析 [316/339]: 31#06900
2025-08-19 11:37:14,833 - INFO - 回测分析 [317/339]: 31#00674
2025-08-19 11:37:14,836 - INFO - 回测分析 [318/339]: 31#01224
2025-08-19 11:37:14,840 - INFO - 回测分析 [319/339]: 31#02372
2025-08-19 11:37:14,843 - INFO - 回测分析 [320/339]: 31#00361
2025-08-19 11:37:14,846 - INFO - 回测分析 [321/339]: 31#01183
2025-08-19 11:37:14,850 - INFO - 回测分析 [322/339]: 31#02385
2025-08-19 11:37:14,853 - INFO - 回测分析 [323/339]: sz002529
2025-08-19 11:37:14,858 - INFO - 回测分析 [324/339]: 31#01058
2025-08-19 11:37:14,861 - INFO - 回测分析 [325/339]: 31#03616
2025-08-19 11:37:14,864 - INFO - 回测分析 [326/339]: 31#00389
2025-08-19 11:37:14,868 - INFO - 回测分析 [327/339]: 31#00587
2025-08-19 11:37:14,871 - INFO - 回测分析 [328/339]: 31#01965
2025-08-19 11:37:14,874 - INFO - 回测分析 [329/339]: sz000820
2025-08-19 11:37:14,878 - INFO - 回测分析 [330/339]: 31#00009
2025-08-19 11:37:14,882 - INFO - 回测分析 [331/339]: 31#01383
2025-08-19 11:37:14,885 - INFO - 回测分析 [332/339]: 31#03336
2025-08-19 11:37:14,888 - INFO - 回测分析 [333/339]: 31#03628
2025-08-19 11:37:14,891 - INFO - 回测分析 [334/339]: 31#00488
2025-08-19 11:37:14,895 - INFO - 回测分析 [335/339]: 31#01317
2025-08-19 11:37:14,898 - INFO - 回测分析 [336/339]: 31#06063
2025-08-19 11:37:14,902 - INFO - 回测分析 [337/339]: 31#00918
2025-08-19 11:37:14,905 - INFO - 回测分析 [338/339]: sz001358
2025-08-19 11:37:14,908 - INFO - 回测分析 [339/339]: 31#02237
2025-08-19 11:37:14,911 - INFO - 筛选完成，发现 339 个信号，耗时 12.43 秒
2025-08-19 11:37:14,911 - INFO - 配置保存成功
2025-08-19 11:37:14,911 - INFO - 禁用策略: 周线金叉+日线MA_v1.0
2025-08-19 11:37:14,911 - INFO - 禁用策略: 周线金叉+日线MA_v1.0
2025-08-19 11:37:14,911 - INFO - 禁用策略: WEEKLY_GOLDEN_CROSS_MA_v1.0
2025-08-19 11:37:14,919 - INFO - 配置保存成功
2025-08-19 11:37:14,919 - INFO - 禁用策略: MACD零轴启动_v1.0
2025-08-19 11:37:14,919 - INFO - 禁用策略: MACD零轴启动_v1.0
2025-08-19 11:37:14,919 - INFO - 禁用策略: MACD_ZERO_AXIS_v1.0
2025-08-19 11:37:14,919 - INFO - 配置保存成功
2025-08-19 11:37:14,919 - INFO - 禁用策略: 深渊筑底策略_v2.0
2025-08-19 11:37:14,919 - INFO - 禁用策略: 深渊筑底策略_v2.0
2025-08-19 11:37:14,919 - INFO - 禁用策略: ABYSS_BOTTOMING_v2.0
2025-08-19 11:37:14,919 - INFO - 配置保存成功
2025-08-19 11:37:14,919 - INFO - 禁用策略: 临界金叉_v1.0
2025-08-19 11:37:14,919 - INFO - 禁用策略: 临界金叉_v1.0
2025-08-19 11:37:14,919 - INFO - 禁用策略: PRE_CROSS_v1.0
2025-08-19 11:37:14,919 - INFO - 配置保存成功
2025-08-19 11:37:14,919 - INFO - 禁用策略: 三重金叉_v1.0
2025-08-19 11:37:14,919 - INFO - 禁用策略: 三重金叉_v1.0
2025-08-19 11:37:14,919 - INFO - 禁用策略: TRIPLE_CROSS_v1.0
2025-08-19 11:37:14,919 - INFO - 配置保存成功
2025-08-19 11:37:14,919 - INFO - 启用策略: 深渊筑底策略_v2.0
2025-08-19 11:37:14,919 - INFO - 启用策略: 深渊筑底策略_v2.0
2025-08-19 11:37:14,919 - INFO - 配置保存成功
2025-08-19 11:37:14,919 - INFO - 启用策略: 临界金叉_v1.0
2025-08-19 11:37:14,919 - INFO - 启用策略: 临界金叉_v1.0
2025-08-19 11:37:14,920 - INFO - 配置保存成功
2025-08-19 11:37:14,920 - INFO - 启用策略: 三重金叉_v1.0
2025-08-19 11:37:14,920 - INFO - 启用策略: 三重金叉_v1.0
2025-08-19 11:37:14,920 - INFO - 配置保存成功
2025-08-19 11:37:14,920 - INFO - 启用策略: MACD零轴启动_v1.0
2025-08-19 11:37:14,920 - INFO - 启用策略: MACD零轴启动_v1.0
2025-08-19 11:37:14,920 - INFO - 配置保存成功
2025-08-19 11:37:14,920 - INFO - 启用策略: 周线金叉+日线MA_v1.0
2025-08-19 11:37:14,920 - INFO - 启用策略: 周线金叉+日线MA_v1.0
2025-08-19 11:37:14,922 - ERROR - 为策略 MACD零轴启动_v1.0 获取股票列表失败: 'StrategyResult' object has no attribute 'stock_name'
2025-08-19 11:37:14,922 - INFO - 127.0.0.1 - - [19/Aug/2025 11:37:14] "[35m[1mGET /api/strategies/MACD零轴启动_v1.0/stocks HTTP/1.1[0m" 500 -
2025-08-19 11:37:14,926 - INFO - 127.0.0.1 - - [19/Aug/2025 11:37:14] "[36mGET /api/signals_summary?strategy=MACD_ZERO_AXIS HTTP/1.1[0m" 304 -
2025-08-19 11:37:20,825 - INFO - 统一分析请求: sh600665, 策略: MACD零轴启动_v1.0
2025-08-19 11:37:20,825 - WARNING - 策略映射失败，使用原名: MACD零轴启动_v1.0
2025-08-19 11:37:24,809 - INFO - 数据库初始化完成
2025-08-19 11:37:24,809 - INFO - 统一分析成功: sh600665, 缓存状态: False
2025-08-19 11:37:24,826 - INFO - 127.0.0.1 - - [19/Aug/2025 11:37:24] "GET /api/unified_analysis/sh600665?strategy=MACD零轴启动_v1.0 HTTP/1.1" 200 -
2025-08-19 11:37:35,498 - INFO - 统一分析请求: sh603926, 策略: MACD零轴启动_v1.0
2025-08-19 11:37:35,498 - WARNING - 策略映射失败，使用原名: MACD零轴启动_v1.0
2025-08-19 11:37:39,389 - INFO - 数据库初始化完成
2025-08-19 11:37:39,389 - INFO - 统一分析成功: sh603926, 缓存状态: False
2025-08-19 11:37:39,407 - INFO - 127.0.0.1 - - [19/Aug/2025 11:37:39] "GET /api/unified_analysis/sh603926?strategy=MACD零轴启动_v1.0 HTTP/1.1" 200 -
2025-08-19 11:39:02,799 - INFO - 加载配置文件: /home/hypnosis/data/quant_base/backend/strategies_config.json
2025-08-19 11:39:02,800 - INFO - 通用筛选器初始化完成
2025-08-19 11:39:02,800 - INFO - ===== 开始执行通用股票筛选 =====
2025-08-19 11:39:02,800 - INFO - 配置保存成功
2025-08-19 11:39:02,801 - INFO - 启用策略: 深渊筑底策略_v2.0
2025-08-19 11:39:02,801 - INFO - 启用策略: 深渊筑底策略_v2.0
2025-08-19 11:39:02,809 - INFO - 共找到 11839 个股票文件
2025-08-19 11:39:02,809 - INFO - 启用的策略: ['深渊筑底策略_v2.0', '临界金叉_v1.0', '三重金叉_v1.0', 'MACD零轴启动_v1.0', '周线金叉+日线MA_v1.0']
2025-08-19 11:39:13,832 - INFO - 对 339 个信号结果进行回测摘要分析...
2025-08-19 11:39:13,832 - INFO - 回测分析 [1/339]: 31#01362
2025-08-19 11:39:13,837 - INFO - 回测分析 [2/339]: sz002531
2025-08-19 11:39:13,843 - INFO - 回测分析 [3/339]: 31#01255
2025-08-19 11:39:13,846 - INFO - 回测分析 [4/339]: 31#00593
2025-08-19 11:39:13,849 - INFO - 回测分析 [5/339]: 31#01692
2025-08-19 11:39:13,853 - INFO - 回测分析 [6/339]: 31#03997
2025-08-19 11:39:13,856 - INFO - 回测分析 [7/339]: 31#01034
2025-08-19 11:39:13,859 - INFO - 回测分析 [8/339]: 31#01739
2025-08-19 11:39:13,862 - INFO - 回测分析 [9/339]: sh600546
2025-08-19 11:39:13,867 - INFO - 回测分析 [10/339]: 31#00422
2025-08-19 11:39:13,870 - INFO - 回测分析 [11/339]: 31#01937
2025-08-19 11:39:13,874 - INFO - 回测分析 [12/339]: 31#01701
2025-08-19 11:39:13,877 - INFO - 回测分析 [13/339]: 31#01638
2025-08-19 11:39:13,881 - INFO - 回测分析 [14/339]: 31#00802
2025-08-19 11:39:13,884 - INFO - 回测分析 [15/339]: 31#03309
2025-08-19 11:39:13,888 - INFO - 回测分析 [16/339]: 31#01416
2025-08-19 11:39:13,891 - INFO - 回测分析 [17/339]: 31#01262
2025-08-19 11:39:13,894 - INFO - 回测分析 [18/339]: 31#02436
2025-08-19 11:39:13,897 - INFO - 回测分析 [19/339]: 31#01790
2025-08-19 11:39:13,899 - INFO - 回测分析 [20/339]: 31#01569
2025-08-19 11:39:13,903 - INFO - 回测分析 [21/339]: 31#01846
2025-08-19 11:39:13,907 - INFO - 回测分析 [22/339]: 31#06988
2025-08-19 11:39:13,911 - INFO - 回测分析 [23/339]: 31#02127
2025-08-19 11:39:13,914 - INFO - 回测分析 [24/339]: 31#02019
2025-08-19 11:39:13,917 - INFO - 回测分析 [25/339]: 31#01895
2025-08-19 11:39:13,920 - INFO - 回测分析 [26/339]: sz002630
2025-08-19 11:39:13,925 - INFO - 回测分析 [27/339]: 31#01399
2025-08-19 11:39:13,928 - INFO - 回测分析 [28/339]: sz300175
2025-08-19 11:39:13,933 - INFO - 回测分析 [29/339]: 31#01987
2025-08-19 11:39:13,937 - INFO - 回测分析 [30/339]: 31#00302
2025-08-19 11:39:13,940 - INFO - 回测分析 [31/339]: 31#01652
2025-08-19 11:39:13,944 - INFO - 回测分析 [32/339]: 31#00052
2025-08-19 11:39:13,948 - INFO - 回测分析 [33/339]: 31#01498
2025-08-19 11:39:13,951 - INFO - 回测分析 [34/339]: sz002521
2025-08-19 11:39:13,956 - INFO - 回测分析 [35/339]: 31#02623
2025-08-19 11:39:13,959 - INFO - 回测分析 [36/339]: 31#09689
2025-08-19 11:39:13,962 - INFO - 回测分析 [37/339]: 31#01575
2025-08-19 11:39:13,965 - INFO - 回测分析 [38/339]: 31#01909
2025-08-19 11:39:13,968 - INFO - 回测分析 [39/339]: 31#01936
2025-08-19 11:39:13,972 - INFO - 回测分析 [40/339]: 31#00286
2025-08-19 11:39:13,975 - INFO - 回测分析 [41/339]: 31#01849
2025-08-19 11:39:13,979 - INFO - 回测分析 [42/339]: 31#01111
2025-08-19 11:39:13,981 - INFO - 回测分析 [43/339]: sz001378
2025-08-19 11:39:13,984 - INFO - 回测分析 [44/339]: 31#02258
2025-08-19 11:39:13,987 - INFO - 回测分析 [45/339]: 31#00382
2025-08-19 11:39:13,991 - INFO - 回测分析 [46/339]: 31#02175
2025-08-19 11:39:13,994 - INFO - 回测分析 [47/339]: 31#09686
2025-08-19 11:39:13,996 - INFO - 回测分析 [48/339]: 31#00253
2025-08-19 11:39:13,999 - INFO - 回测分析 [49/339]: 31#01953
2025-08-19 11:39:14,002 - INFO - 回测分析 [50/339]: 31#01854
2025-08-19 11:39:14,006 - INFO - 回测分析 [51/339]: 31#01002
2025-08-19 11:39:14,009 - INFO - 回测分析 [52/339]: 31#01598
2025-08-19 11:39:14,012 - INFO - 回测分析 [53/339]: 31#00126
2025-08-19 11:39:14,016 - INFO - 回测分析 [54/339]: 31#00122
2025-08-19 11:39:14,019 - INFO - 回测分析 [55/339]: 31#01472
2025-08-19 11:39:14,023 - INFO - 回测分析 [56/339]: 31#02223
2025-08-19 11:39:14,026 - INFO - 回测分析 [57/339]: 31#02222
2025-08-19 11:39:14,029 - INFO - 回测分析 [58/339]: 31#01894
2025-08-19 11:39:14,032 - INFO - 回测分析 [59/339]: sz300268
2025-08-19 11:39:14,036 - INFO - 回测分析 [60/339]: 31#00550
2025-08-19 11:39:14,039 - INFO - 回测分析 [61/339]: sz000420
2025-08-19 11:39:14,049 - INFO - 回测分析 [62/339]: 31#00186
2025-08-19 11:39:14,053 - INFO - 回测分析 [63/339]: 31#02482
2025-08-19 11:39:14,055 - INFO - 回测分析 [64/339]: 31#01771
2025-08-19 11:39:14,059 - INFO - 回测分析 [65/339]: 31#00750
2025-08-19 11:39:14,064 - INFO - 回测分析 [66/339]: 31#01185
2025-08-19 11:39:14,067 - INFO - 回测分析 [67/339]: 31#09916
2025-08-19 11:39:14,071 - INFO - 回测分析 [68/339]: 31#01922
2025-08-19 11:39:14,075 - INFO - 回测分析 [69/339]: 31#01765
2025-08-19 11:39:14,080 - INFO - 回测分析 [70/339]: 31#01463
2025-08-19 11:39:14,084 - INFO - 回测分析 [71/339]: 31#01959
2025-08-19 11:39:14,088 - INFO - 回测分析 [72/339]: 31#02153
2025-08-19 11:39:14,092 - INFO - 回测分析 [73/339]: 31#01417
2025-08-19 11:39:14,095 - INFO - 回测分析 [74/339]: 31#06833
2025-08-19 11:39:14,100 - INFO - 回测分析 [75/339]: sh603178
2025-08-19 11:39:14,105 - INFO - 回测分析 [76/339]: 31#00110
2025-08-19 11:39:14,108 - INFO - 回测分析 [77/339]: 31#06939
2025-08-19 11:39:14,112 - INFO - 回测分析 [78/339]: 31#01222
2025-08-19 11:39:14,117 - INFO - 回测分析 [79/339]: 31#02215
2025-08-19 11:39:14,121 - INFO - 回测分析 [80/339]: 31#01703
2025-08-19 11:39:14,125 - INFO - 回测分析 [81/339]: 31#00894
2025-08-19 11:39:14,129 - INFO - 回测分析 [82/339]: 31#02212
2025-08-19 11:39:14,133 - INFO - 回测分析 [83/339]: 31#02798
2025-08-19 11:39:14,137 - INFO - 回测分析 [84/339]: 31#06633
2025-08-19 11:39:14,141 - INFO - 回测分析 [85/339]: sh600199
2025-08-19 11:39:14,146 - INFO - 回测分析 [86/339]: 31#01204
2025-08-19 11:39:14,149 - INFO - 回测分析 [87/339]: sh603261
2025-08-19 11:39:14,153 - INFO - 回测分析 [88/339]: 31#01820
2025-08-19 11:39:14,158 - INFO - 回测分析 [89/339]: 31#02168
2025-08-19 11:39:14,162 - INFO - 回测分析 [90/339]: 31#00483
2025-08-19 11:39:14,165 - INFO - 回测分析 [91/339]: 31#01996
2025-08-19 11:39:14,169 - INFO - 回测分析 [92/339]: 31#02226
2025-08-19 11:39:14,172 - INFO - 回测分析 [93/339]: 31#01343
2025-08-19 11:39:14,176 - INFO - 回测分析 [94/339]: 31#01284
2025-08-19 11:39:14,178 - INFO - 回测分析 [95/339]: 31#01082
2025-08-19 11:39:14,182 - INFO - 回测分析 [96/339]: sz000595
2025-08-19 11:39:14,187 - INFO - 回测分析 [97/339]: sz000736
2025-08-19 11:39:14,191 - INFO - 回测分析 [98/339]: 31#06830
2025-08-19 11:39:14,195 - INFO - 回测分析 [99/339]: 31#02405
2025-08-19 11:39:14,198 - INFO - 回测分析 [100/339]: 31#00251
2025-08-19 11:39:14,201 - INFO - 回测分析 [101/339]: 31#01547
2025-08-19 11:39:14,204 - INFO - 回测分析 [102/339]: 31#01827
2025-08-19 11:39:14,207 - INFO - 回测分析 [103/339]: sz002762
2025-08-19 11:39:14,211 - INFO - 回测分析 [104/339]: 31#01660
2025-08-19 11:39:14,215 - INFO - 回测分析 [105/339]: 31#01978
2025-08-19 11:39:14,219 - INFO - 回测分析 [106/339]: 31#00195
2025-08-19 11:39:14,222 - INFO - 回测分析 [107/339]: 31#06913
2025-08-19 11:39:14,225 - INFO - 回测分析 [108/339]: 31#09963
2025-08-19 11:39:14,228 - INFO - 回测分析 [109/339]: 31#02427
2025-08-19 11:39:14,231 - INFO - 回测分析 [110/339]: 31#02448
2025-08-19 11:39:14,234 - INFO - 回测分析 [111/339]: 31#06812
2025-08-19 11:39:14,238 - INFO - 回测分析 [112/339]: 31#01163
2025-08-19 11:39:14,241 - INFO - 回测分析 [113/339]: 31#06093
2025-08-19 11:39:14,245 - INFO - 回测分析 [114/339]: 31#02486
2025-08-19 11:39:14,247 - INFO - 回测分析 [115/339]: 31#01029
2025-08-19 11:39:14,251 - INFO - 回测分析 [116/339]: 31#01008
2025-08-19 11:39:14,255 - INFO - 回测分析 [117/339]: 31#06610
2025-08-19 11:39:14,258 - INFO - 回测分析 [118/339]: 31#00174
2025-08-19 11:39:14,260 - INFO - 回测分析 [119/339]: 31#00102
2025-08-19 11:39:14,264 - INFO - 回测分析 [120/339]: 31#00726
2025-08-19 11:39:14,267 - INFO - 回测分析 [121/339]: 31#01542
2025-08-19 11:39:14,270 - INFO - 回测分析 [122/339]: 31#00018
2025-08-19 11:39:14,273 - INFO - 回测分析 [123/339]: sh605577
2025-08-19 11:39:14,277 - INFO - 回测分析 [124/339]: 31#02017
2025-08-19 11:39:14,280 - INFO - 回测分析 [125/339]: 31#06968
2025-08-19 11:39:14,284 - INFO - 回测分析 [126/339]: 31#01832
2025-08-19 11:39:14,287 - INFO - 回测分析 [127/339]: 31#06899
2025-08-19 11:39:14,290 - INFO - 回测分析 [128/339]: sh603721
2025-08-19 11:39:14,294 - INFO - 回测分析 [129/339]: sz002224
2025-08-19 11:39:14,303 - INFO - 回测分析 [130/339]: 31#00873
2025-08-19 11:39:14,307 - INFO - 回测分析 [131/339]: 31#01563
2025-08-19 11:39:14,311 - INFO - 回测分析 [132/339]: 31#00368
2025-08-19 11:39:14,314 - INFO - 回测分析 [133/339]: 31#00733
2025-08-19 11:39:14,317 - INFO - 回测分析 [134/339]: 31#06689
2025-08-19 11:39:14,320 - INFO - 回测分析 [135/339]: 31#02416
2025-08-19 11:39:14,322 - INFO - 回测分析 [136/339]: 31#06966
2025-08-19 11:39:14,325 - INFO - 回测分析 [137/339]: 31#01543
2025-08-19 11:39:14,328 - INFO - 回测分析 [138/339]: 31#06108
2025-08-19 11:39:14,331 - INFO - 回测分析 [139/339]: sz300338
2025-08-19 11:39:14,335 - INFO - 回测分析 [140/339]: 31#02120
2025-08-19 11:39:14,338 - INFO - 回测分析 [141/339]: 31#01143
2025-08-19 11:39:14,342 - INFO - 回测分析 [142/339]: 31#06199
2025-08-19 11:39:14,345 - INFO - 回测分析 [143/339]: 31#01865
2025-08-19 11:39:14,349 - INFO - 回测分析 [144/339]: 31#00333
2025-08-19 11:39:14,352 - INFO - 回测分析 [145/339]: 31#00765
2025-08-19 11:39:14,355 - INFO - 回测分析 [146/339]: 31#03389
2025-08-19 11:39:14,358 - INFO - 回测分析 [147/339]: 31#00812
2025-08-19 11:39:14,361 - INFO - 回测分析 [148/339]: 31#02147
2025-08-19 11:39:14,364 - INFO - 回测分析 [149/339]: 31#00520
2025-08-19 11:39:14,368 - INFO - 回测分析 [150/339]: 31#00214
2025-08-19 11:39:14,371 - INFO - 回测分析 [151/339]: 31#00030
2025-08-19 11:39:14,374 - INFO - 回测分析 [152/339]: sz300208
2025-08-19 11:39:14,378 - INFO - 回测分析 [153/339]: 31#00034
2025-08-19 11:39:14,382 - INFO - 回测分析 [154/339]: 31#01198
2025-08-19 11:39:14,385 - INFO - 回测分析 [155/339]: 31#00093
2025-08-19 11:39:14,388 - INFO - 回测分析 [156/339]: 31#02361
2025-08-19 11:39:14,390 - INFO - 回测分析 [157/339]: 31#02439
2025-08-19 11:39:14,393 - INFO - 回测分析 [158/339]: sz000518
2025-08-19 11:39:14,398 - INFO - 回测分析 [159/339]: 31#00079
2025-08-19 11:39:14,400 - INFO - 回测分析 [160/339]: 31#01699
2025-08-19 11:39:14,403 - INFO - 回测分析 [161/339]: 31#02325
2025-08-19 11:39:14,406 - INFO - 回测分析 [162/339]: 31#01408
2025-08-19 11:39:14,410 - INFO - 回测分析 [163/339]: 31#06918
2025-08-19 11:39:14,414 - INFO - 回测分析 [164/339]: 31#02383
2025-08-19 11:39:14,417 - INFO - 回测分析 [165/339]: 31#09977
2025-08-19 11:39:14,421 - INFO - 回测分析 [166/339]: 31#00929
2025-08-19 11:39:14,424 - INFO - 回测分析 [167/339]: 31#00171
2025-08-19 11:39:14,427 - INFO - 回测分析 [168/339]: 31#01442
2025-08-19 11:39:14,431 - INFO - 回测分析 [169/339]: 31#01189
2025-08-19 11:39:14,434 - INFO - 回测分析 [170/339]: 31#01406
2025-08-19 11:39:14,437 - INFO - 回测分析 [171/339]: 31#03683
2025-08-19 11:39:14,441 - INFO - 回测分析 [172/339]: 31#01348
2025-08-19 11:39:14,444 - INFO - 回测分析 [173/339]: 31#00936
2025-08-19 11:39:14,447 - INFO - 回测分析 [174/339]: 31#01655
2025-08-19 11:39:14,450 - INFO - 回测分析 [175/339]: 31#01955
2025-08-19 11:39:14,453 - INFO - 回测分析 [176/339]: 31#01489
2025-08-19 11:39:14,456 - INFO - 回测分析 [177/339]: 31#02098
2025-08-19 11:39:14,460 - INFO - 回测分析 [178/339]: 31#01161
2025-08-19 11:39:14,464 - INFO - 回测分析 [179/339]: 31#02399
2025-08-19 11:39:14,468 - INFO - 回测分析 [180/339]: 31#01733
2025-08-19 11:39:14,471 - INFO - 回测分析 [181/339]: 31#02182
2025-08-19 11:39:14,475 - INFO - 回测分析 [182/339]: 31#02187
2025-08-19 11:39:14,478 - INFO - 回测分析 [183/339]: 31#00007
2025-08-19 11:39:14,481 - INFO - 回测分析 [184/339]: 31#01622
2025-08-19 11:39:14,485 - INFO - 回测分析 [185/339]: 31#06190
2025-08-19 11:39:14,488 - INFO - 回测分析 [186/339]: 31#02422
2025-08-19 11:39:14,490 - INFO - 回测分析 [187/339]: 31#01566
2025-08-19 11:39:14,494 - INFO - 回测分析 [188/339]: 31#00438
2025-08-19 11:39:14,498 - INFO - 回测分析 [189/339]: 31#01206
2025-08-19 11:39:14,501 - INFO - 回测分析 [190/339]: sh605108
2025-08-19 11:39:14,505 - INFO - 回测分析 [191/339]: 31#01719
2025-08-19 11:39:14,508 - INFO - 回测分析 [192/339]: 31#00556
2025-08-19 11:39:14,511 - INFO - 回测分析 [193/339]: 31#09663
2025-08-19 11:39:14,514 - INFO - 回测分析 [194/339]: 31#01560
2025-08-19 11:39:14,517 - INFO - 回测分析 [195/339]: 31#06163
2025-08-19 11:39:14,520 - INFO - 回测分析 [196/339]: 31#00459
2025-08-19 11:39:14,524 - INFO - 回测分析 [197/339]: 31#06606
2025-08-19 11:39:14,527 - INFO - 回测分析 [198/339]: 31#01869
2025-08-19 11:39:14,530 - INFO - 回测分析 [199/339]: 31#00383
2025-08-19 11:39:14,534 - INFO - 回测分析 [200/339]: 31#00724
2025-08-19 11:39:14,537 - INFO - 回测分析 [201/339]: sh600810
2025-08-19 11:39:14,545 - INFO - 回测分析 [202/339]: 31#01960
2025-08-19 11:39:14,549 - INFO - 回测分析 [203/339]: 31#01845
2025-08-19 11:39:14,552 - INFO - 回测分析 [204/339]: 31#03650
2025-08-19 11:39:14,555 - INFO - 回测分析 [205/339]: 31#01897
2025-08-19 11:39:14,558 - INFO - 回测分析 [206/339]: 31#09983
2025-08-19 11:39:14,562 - INFO - 回测分析 [207/339]: 31#06036
2025-08-19 11:39:14,565 - INFO - 回测分析 [208/339]: 31#02231
2025-08-19 11:39:14,569 - INFO - 回测分析 [209/339]: 31#00822
2025-08-19 11:39:14,572 - INFO - 回测分析 [210/339]: sh600026
2025-08-19 11:39:14,577 - INFO - 回测分析 [211/339]: 31#03603
2025-08-19 11:39:14,581 - INFO - 回测分析 [212/339]: 31#06999
2025-08-19 11:39:14,584 - INFO - 回测分析 [213/339]: 31#02180
2025-08-19 11:39:14,587 - INFO - 回测分析 [214/339]: 31#00810
2025-08-19 11:39:14,591 - INFO - 回测分析 [215/339]: 31#03390
2025-08-19 11:39:14,594 - INFO - 回测分析 [216/339]: 31#03913
2025-08-19 11:39:14,598 - INFO - 回测分析 [217/339]: 31#01983
2025-08-19 11:39:14,600 - INFO - 回测分析 [218/339]: 31#01495
2025-08-19 11:39:14,604 - INFO - 回测分析 [219/339]: 31#01597
2025-08-19 11:39:14,607 - INFO - 回测分析 [220/339]: sz003032
2025-08-19 11:39:14,611 - INFO - 回测分析 [221/339]: 31#00685
2025-08-19 11:39:14,614 - INFO - 回测分析 [222/339]: 31#00037
2025-08-19 11:39:14,618 - INFO - 回测分析 [223/339]: 31#00599
2025-08-19 11:39:14,620 - INFO - 回测分析 [224/339]: 31#02521
2025-08-19 11:39:14,623 - INFO - 回测分析 [225/339]: 31#01830
2025-08-19 11:39:14,627 - INFO - 回测分析 [226/339]: 31#02199
2025-08-19 11:39:14,630 - INFO - 回测分析 [227/339]: 31#09857
2025-08-19 11:39:14,633 - INFO - 回测分析 [228/339]: 31#01650
2025-08-19 11:39:14,637 - INFO - 回测分析 [229/339]: 31#01028
2025-08-19 11:39:14,640 - INFO - 回测分析 [230/339]: 31#02459
2025-08-19 11:39:14,643 - INFO - 回测分析 [231/339]: 31#00118
2025-08-19 11:39:14,646 - INFO - 回测分析 [232/339]: 31#06698
2025-08-19 11:39:14,649 - INFO - 回测分析 [233/339]: 31#00410
2025-08-19 11:39:14,652 - INFO - 回测分析 [234/339]: 31#01708
2025-08-19 11:39:14,656 - INFO - 回测分析 [235/339]: 31#00191
2025-08-19 11:39:14,659 - INFO - 回测分析 [236/339]: 31#00827
2025-08-19 11:39:14,663 - INFO - 回测分析 [237/339]: 31#02193
2025-08-19 11:39:14,666 - INFO - 回测分析 [238/339]: 31#03363
2025-08-19 11:39:14,668 - INFO - 回测分析 [239/339]: 31#03718
2025-08-19 11:39:14,672 - INFO - 回测分析 [240/339]: 31#00137
2025-08-19 11:39:14,675 - INFO - 回测分析 [241/339]: 31#01645
2025-08-19 11:39:14,679 - INFO - 回测分析 [242/339]: 31#00830
2025-08-19 11:39:14,683 - INFO - 回测分析 [243/339]: sz002581
2025-08-19 11:39:14,687 - INFO - 回测分析 [244/339]: sz002455
2025-08-19 11:39:14,692 - INFO - 回测分析 [245/339]: 31#03662
2025-08-19 11:39:14,696 - INFO - 回测分析 [246/339]: 31#01121
2025-08-19 11:39:14,699 - INFO - 回测分析 [247/339]: 31#01332
2025-08-19 11:39:14,703 - INFO - 回测分析 [248/339]: 31#01429
2025-08-19 11:39:14,707 - INFO - 回测分析 [249/339]: 31#00997
2025-08-19 11:39:14,710 - INFO - 回测分析 [250/339]: 31#06958
2025-08-19 11:39:14,714 - INFO - 回测分析 [251/339]: 31#00831
2025-08-19 11:39:14,717 - INFO - 回测分析 [252/339]: 31#00606
2025-08-19 11:39:14,721 - INFO - 回测分析 [253/339]: 31#00201
2025-08-19 11:39:14,724 - INFO - 回测分析 [254/339]: 31#00442
2025-08-19 11:39:14,727 - INFO - 回测分析 [255/339]: 31#01156
2025-08-19 11:39:14,730 - INFO - 回测分析 [256/339]: 31#02260
2025-08-19 11:39:14,733 - INFO - 回测分析 [257/339]: 31#00162
2025-08-19 11:39:14,737 - INFO - 回测分析 [258/339]: 31#02370
2025-08-19 11:39:14,740 - INFO - 回测分析 [259/339]: sz000521
2025-08-19 11:39:14,745 - INFO - 回测分析 [260/339]: 31#00185
2025-08-19 11:39:14,749 - INFO - 回测分析 [261/339]: 31#00603
2025-08-19 11:39:14,752 - INFO - 回测分析 [262/339]: 31#01727
2025-08-19 11:39:14,756 - INFO - 回测分析 [263/339]: 31#03798
2025-08-19 11:39:14,760 - INFO - 回测分析 [264/339]: 31#03300
2025-08-19 11:39:14,764 - INFO - 回测分析 [265/339]: 31#09929
2025-08-19 11:39:14,767 - INFO - 回测分析 [266/339]: 31#00589
2025-08-19 11:39:14,771 - INFO - 回测分析 [267/339]: sh600702
2025-08-19 11:39:14,775 - INFO - 回测分析 [268/339]: 31#01323
2025-08-19 11:39:14,779 - INFO - 回测分析 [269/339]: 31#00663
2025-08-19 11:39:14,783 - INFO - 回测分析 [270/339]: 31#09982
2025-08-19 11:39:14,786 - INFO - 回测分析 [271/339]: 31#06878
2025-08-19 11:39:14,789 - INFO - 回测分析 [272/339]: sz001300
2025-08-19 11:39:14,793 - INFO - 回测分析 [273/339]: 31#01532
2025-08-19 11:39:14,796 - INFO - 回测分析 [274/339]: 31#03333
2025-08-19 11:39:14,799 - INFO - 回测分析 [275/339]: 31#01707
2025-08-19 11:39:14,802 - INFO - 回测分析 [276/339]: 31#09998
2025-08-19 11:39:14,805 - INFO - 回测分析 [277/339]: 31#01975
2025-08-19 11:39:14,808 - INFO - 回测分析 [278/339]: 31#00431
2025-08-19 11:39:14,812 - INFO - 回测分析 [279/339]: sh603366
2025-08-19 11:39:14,817 - INFO - 回测分析 [280/339]: 31#01231
2025-08-19 11:39:14,819 - INFO - 回测分析 [281/339]: 31#00542
2025-08-19 11:39:14,823 - INFO - 回测分析 [282/339]: sh688526
2025-08-19 11:39:14,830 - INFO - 回测分析 [283/339]: 31#01271
2025-08-19 11:39:14,833 - INFO - 回测分析 [284/339]: 31#06677
2025-08-19 11:39:14,837 - INFO - 回测分析 [285/339]: 31#01410
2025-08-19 11:39:14,841 - INFO - 回测分析 [286/339]: 31#01360
2025-08-19 11:39:14,844 - INFO - 回测分析 [287/339]: sz003004
2025-08-19 11:39:14,848 - INFO - 回测分析 [288/339]: 31#02708
2025-08-19 11:39:14,852 - INFO - 回测分析 [289/339]: 31#01351
2025-08-19 11:39:14,855 - INFO - 回测分析 [290/339]: 31#00082
2025-08-19 11:39:14,859 - INFO - 回测分析 [291/339]: 31#00852
2025-08-19 11:39:14,862 - INFO - 回测分析 [292/339]: 31#03773
2025-08-19 11:39:14,866 - INFO - 回测分析 [293/339]: sh603348
2025-08-19 11:39:14,871 - INFO - 回测分析 [294/339]: 31#09869
2025-08-19 11:39:14,874 - INFO - 回测分析 [295/339]: sz002789
2025-08-19 11:39:14,879 - INFO - 回测分析 [296/339]: sh600123
2025-08-19 11:39:14,883 - INFO - 回测分析 [297/339]: 31#01004
2025-08-19 11:39:14,886 - INFO - 回测分析 [298/339]: sh603609
2025-08-19 11:39:14,893 - INFO - 回测分析 [299/339]: 31#00720
2025-08-19 11:39:14,897 - INFO - 回测分析 [300/339]: 31#01817
2025-08-19 11:39:14,900 - INFO - 回测分析 [301/339]: 31#02340
2025-08-19 11:39:14,904 - INFO - 回测分析 [302/339]: 31#02078
2025-08-19 11:39:14,907 - INFO - 回测分析 [303/339]: 31#01490
2025-08-19 11:39:14,911 - INFO - 回测分析 [304/339]: 31#00310
2025-08-19 11:39:14,914 - INFO - 回测分析 [305/339]: 31#00738
2025-08-19 11:39:14,917 - INFO - 回测分析 [306/339]: 31#00834
2025-08-19 11:39:14,920 - INFO - 回测分析 [307/339]: 31#09938
2025-08-19 11:39:14,923 - INFO - 回测分析 [308/339]: 31#01246
2025-08-19 11:39:14,926 - INFO - 回测分析 [309/339]: 31#02135
2025-08-19 11:39:14,929 - INFO - 回测分析 [310/339]: 31#02101
2025-08-19 11:39:14,933 - INFO - 回测分析 [311/339]: sh600054
2025-08-19 11:39:14,941 - INFO - 回测分析 [312/339]: 31#01971
2025-08-19 11:39:14,944 - INFO - 回测分析 [313/339]: 31#01245
2025-08-19 11:39:14,948 - INFO - 回测分析 [314/339]: 31#01107
2025-08-19 11:39:14,951 - INFO - 回测分析 [315/339]: 31#02060
2025-08-19 11:39:14,954 - INFO - 回测分析 [316/339]: 31#06900
2025-08-19 11:39:14,957 - INFO - 回测分析 [317/339]: 31#00674
2025-08-19 11:39:14,961 - INFO - 回测分析 [318/339]: 31#01224
2025-08-19 11:39:14,964 - INFO - 回测分析 [319/339]: 31#02372
2025-08-19 11:39:14,967 - INFO - 回测分析 [320/339]: 31#00361
2025-08-19 11:39:14,971 - INFO - 回测分析 [321/339]: 31#01183
2025-08-19 11:39:14,974 - INFO - 回测分析 [322/339]: 31#02385
2025-08-19 11:39:14,977 - INFO - 回测分析 [323/339]: sz002529
2025-08-19 11:39:14,982 - INFO - 回测分析 [324/339]: 31#01058
2025-08-19 11:39:14,987 - INFO - 回测分析 [325/339]: 31#03616
2025-08-19 11:39:14,990 - INFO - 回测分析 [326/339]: 31#00389
2025-08-19 11:39:14,993 - INFO - 回测分析 [327/339]: 31#00587
2025-08-19 11:39:14,996 - INFO - 回测分析 [328/339]: 31#01965
2025-08-19 11:39:14,999 - INFO - 回测分析 [329/339]: sz000820
2025-08-19 11:39:15,004 - INFO - 回测分析 [330/339]: 31#00009
2025-08-19 11:39:15,007 - INFO - 回测分析 [331/339]: 31#01383
2025-08-19 11:39:15,010 - INFO - 回测分析 [332/339]: 31#03336
2025-08-19 11:39:15,014 - INFO - 回测分析 [333/339]: 31#03628
2025-08-19 11:39:15,016 - INFO - 回测分析 [334/339]: 31#00488
2025-08-19 11:39:15,020 - INFO - 回测分析 [335/339]: 31#01317
2025-08-19 11:39:15,023 - INFO - 回测分析 [336/339]: 31#06063
2025-08-19 11:39:15,027 - INFO - 回测分析 [337/339]: 31#00918
2025-08-19 11:39:15,030 - INFO - 回测分析 [338/339]: sz001358
2025-08-19 11:39:15,033 - INFO - 回测分析 [339/339]: 31#02237
2025-08-19 11:39:15,036 - INFO - 筛选完成，发现 339 个信号，耗时 12.24 秒
2025-08-19 11:39:15,037 - INFO - 配置保存成功
2025-08-19 11:39:15,037 - INFO - 禁用策略: 周线金叉+日线MA_v1.0
2025-08-19 11:39:15,037 - INFO - 禁用策略: 周线金叉+日线MA_v1.0
2025-08-19 11:39:15,037 - INFO - 禁用策略: WEEKLY_GOLDEN_CROSS_MA_v1.0
2025-08-19 11:39:15,062 - INFO - 配置保存成功
2025-08-19 11:39:15,062 - INFO - 禁用策略: MACD零轴启动_v1.0
2025-08-19 11:39:15,062 - INFO - 禁用策略: MACD零轴启动_v1.0
2025-08-19 11:39:15,062 - INFO - 禁用策略: MACD_ZERO_AXIS_v1.0
2025-08-19 11:39:15,062 - INFO - 配置保存成功
2025-08-19 11:39:15,062 - INFO - 禁用策略: 深渊筑底策略_v2.0
2025-08-19 11:39:15,062 - INFO - 禁用策略: 深渊筑底策略_v2.0
2025-08-19 11:39:15,062 - INFO - 禁用策略: ABYSS_BOTTOMING_v2.0
2025-08-19 11:39:15,063 - INFO - 配置保存成功
2025-08-19 11:39:15,063 - INFO - 禁用策略: 临界金叉_v1.0
2025-08-19 11:39:15,063 - INFO - 禁用策略: 临界金叉_v1.0
2025-08-19 11:39:15,063 - INFO - 禁用策略: PRE_CROSS_v1.0
2025-08-19 11:39:15,063 - INFO - 配置保存成功
2025-08-19 11:39:15,063 - INFO - 禁用策略: 三重金叉_v1.0
2025-08-19 11:39:15,063 - INFO - 禁用策略: 三重金叉_v1.0
2025-08-19 11:39:15,063 - INFO - 禁用策略: TRIPLE_CROSS_v1.0
2025-08-19 11:39:15,063 - INFO - 配置保存成功
2025-08-19 11:39:15,063 - INFO - 启用策略: 深渊筑底策略_v2.0
2025-08-19 11:39:15,063 - INFO - 启用策略: 深渊筑底策略_v2.0
2025-08-19 11:39:15,063 - INFO - 配置保存成功
2025-08-19 11:39:15,063 - INFO - 启用策略: 临界金叉_v1.0
2025-08-19 11:39:15,063 - INFO - 启用策略: 临界金叉_v1.0
2025-08-19 11:39:15,064 - INFO - 配置保存成功
2025-08-19 11:39:15,064 - INFO - 启用策略: 三重金叉_v1.0
2025-08-19 11:39:15,064 - INFO - 启用策略: 三重金叉_v1.0
2025-08-19 11:39:15,064 - INFO - 配置保存成功
2025-08-19 11:39:15,064 - INFO - 启用策略: MACD零轴启动_v1.0
2025-08-19 11:39:15,064 - INFO - 启用策略: MACD零轴启动_v1.0
2025-08-19 11:39:15,064 - INFO - 配置保存成功
2025-08-19 11:39:15,064 - INFO - 启用策略: 周线金叉+日线MA_v1.0
2025-08-19 11:39:15,064 - INFO - 启用策略: 周线金叉+日线MA_v1.0
2025-08-19 11:39:15,066 - ERROR - 为策略 深渊筑底策略_v2.0 获取股票列表失败: 'StrategyResult' object has no attribute 'stock_name'
2025-08-19 11:39:15,066 - INFO - 127.0.0.1 - - [19/Aug/2025 11:39:15] "[35m[1mGET /api/strategies/深渊筑底策略_v2.0/stocks HTTP/1.1[0m" 500 -
2025-08-19 11:39:15,070 - INFO - 127.0.0.1 - - [19/Aug/2025 11:39:15] "[36mGET /api/signals_summary?strategy=ABYSS_BOTTOMING HTTP/1.1[0m" 304 -
2025-08-19 11:39:54,521 - INFO - 统一分析请求: sh603369, 策略: 深渊筑底策略_v2.0
2025-08-19 11:39:54,521 - WARNING - 策略映射失败，使用原名: 深渊筑底策略_v2.0
2025-08-19 11:39:58,446 - INFO - 数据库初始化完成
2025-08-19 11:39:58,447 - INFO - 统一分析成功: sh603369, 缓存状态: False
2025-08-19 11:39:58,463 - INFO - 127.0.0.1 - - [19/Aug/2025 11:39:58] "GET /api/unified_analysis/sh603369?strategy=深渊筑底策略_v2.0 HTTP/1.1" 200 -
2025-08-19 11:43:50,853 - INFO -  * Detected change in '/home/hypnosis/data/quant_base/backend/app.py', reloading
