2025-08-25 14:02:08,899 - INFO - 加载配置文件: /home/hypnosis/data/git/quant_base/backend/strategies_config.json
2025-08-25 14:02:08,901 - INFO - 通用筛选器初始化完成
2025-08-25 14:02:08,901 - INFO - ===== 开始执行通用股票筛选 =====
2025-08-25 14:02:08,901 - INFO - 配置保存成功
2025-08-25 14:02:08,901 - INFO - 启用策略: MACD零轴启动_v1.0
2025-08-25 14:02:08,901 - INFO - 启用策略: MACD零轴启动_v1.0
2025-08-25 14:02:08,910 - INFO - 共找到 11848 个股票文件
2025-08-25 14:02:08,910 - INFO - 启用的策略: ['深渊筑底策略_v2.0', '临界金叉_v1.0', '三重金叉_v1.0', 'MACD零轴启动_v1.0', '周线金叉+日线MA_v1.0', '价值反转策略（最终版）_v1.0', '反转做多策略（优化版）_v1.0', '年度见底机会策略_v1.0', '强势股MA13回调策略_v1.0', '长周期横盘突破策略_v1.0']
2025-08-25 14:02:19,496 - INFO - 对 47 个信号结果进行回测摘要分析...
2025-08-25 14:02:19,497 - INFO - 回测分析 [1/41]: sz000595
2025-08-25 14:02:19,507 - INFO - 回测分析 [2/41]: sh603721
2025-08-25 14:02:19,514 - INFO - 回测分析 [3/41]: sz300175
2025-08-25 14:02:19,519 - INFO - 回测分析 [4/41]: sh603348
2025-08-25 14:02:19,524 - INFO - 回测分析 [5/41]: sz000518
2025-08-25 14:02:19,529 - INFO - 回测分析 [6/41]: sh605577
2025-08-25 14:02:19,533 - INFO - 回测分析 [7/41]: sz000627
2025-08-25 14:02:19,536 - INFO - 回测分析 [8/41]: sz001378
2025-08-25 14:02:19,540 - INFO - 回测分析 [9/41]: sz003032
2025-08-25 14:02:19,544 - INFO - 回测分析 [10/41]: sz300268
2025-08-25 14:02:19,548 - INFO - 回测分析 [11/41]: sh688141
2025-08-25 14:02:19,550 - INFO - 回测分析 [12/41]: sz002290
2025-08-25 14:02:19,553 - INFO - 回测分析 [13/41]: sz002627
2025-08-25 14:02:19,563 - INFO - 回测分析 [14/41]: sz002581
2025-08-25 14:02:19,590 - INFO - 回测分析 [15/41]: sz000820
2025-08-25 14:02:19,595 - INFO - 回测分析 [16/41]: sz002529
2025-08-25 14:02:19,600 - INFO - 回测分析 [17/41]: sz002563
2025-08-25 14:02:19,608 - INFO - 回测分析 [18/41]: sz002455
2025-08-25 14:02:19,613 - INFO - 回测分析 [19/41]: sh600123
2025-08-25 14:02:19,616 - INFO - 回测分析 [20/41]: sh600199
2025-08-25 14:02:19,621 - INFO - 回测分析 [21/41]: sh600546
2025-08-25 14:02:19,626 - INFO - 回测分析 [22/41]: sz000736
2025-08-25 14:02:19,631 - INFO - 回测分析 [23/41]: sz002766
2025-08-25 14:02:19,639 - INFO - 回测分析 [24/41]: sz002541
2025-08-25 14:02:19,643 - INFO - 回测分析 [25/41]: sz001323
2025-08-25 14:02:19,645 - INFO - 回测分析 [26/41]: bj430476
2025-08-25 14:02:19,648 - INFO - 回测分析 [27/41]: sh603111
2025-08-25 14:02:19,656 - INFO - 回测分析 [28/41]: sh603004
2025-08-25 14:02:19,660 - INFO - 回测分析 [29/41]: sz002892
2025-08-25 14:02:19,666 - INFO - 回测分析 [30/41]: sz002762
2025-08-25 14:02:19,671 - INFO - 回测分析 [31/41]: bj836699
2025-08-25 14:02:19,673 - INFO - 回测分析 [32/41]: sh688522
2025-08-25 14:02:19,675 - INFO - 回测分析 [33/41]: sz002039
2025-08-25 14:02:19,679 - INFO - 回测分析 [34/41]: sz002526
2025-08-25 14:02:19,687 - INFO - 回测分析 [35/41]: sz002531
2025-08-25 14:02:19,692 - INFO - 回测分析 [36/41]: sz300859
2025-08-25 14:02:19,695 - INFO - 回测分析 [37/41]: sz002479
2025-08-25 14:02:19,704 - INFO - 回测分析 [38/41]: sh603261
2025-08-25 14:02:19,708 - INFO - 回测分析 [39/41]: sz000651
2025-08-25 14:02:19,711 - INFO - 回测分析 [40/41]: sz300208
2025-08-25 14:02:19,715 - INFO - 回测分析 [41/41]: sz002789
2025-08-25 14:02:19,720 - INFO - 筛选完成，发现 47 个信号，耗时 10.82 秒
2025-08-25 14:02:19,720 - INFO - 配置保存成功
2025-08-25 14:02:19,720 - INFO - 禁用策略: 强势股MA13回调策略_v1.0
2025-08-25 14:02:19,720 - INFO - 禁用策略: 强势股MA13回调策略_v1.0
2025-08-25 14:02:19,720 - INFO - 禁用策略: STRONG_STOCK_MA13_PULLBACK_v1.0
2025-08-25 14:02:19,728 - INFO - 配置保存成功
2025-08-25 14:02:19,728 - INFO - 禁用策略: 周线金叉+日线MA_v1.0
2025-08-25 14:02:19,728 - INFO - 禁用策略: 周线金叉+日线MA_v1.0
2025-08-25 14:02:19,728 - INFO - 禁用策略: WEEKLY_GOLDEN_CROSS_MA_v1.0
2025-08-25 14:02:19,728 - INFO - 配置保存成功
2025-08-25 14:02:19,728 - INFO - 禁用策略: 年度见底机会策略_v1.0
2025-08-25 14:02:19,728 - INFO - 禁用策略: 年度见底机会策略_v1.0
2025-08-25 14:02:19,728 - INFO - 禁用策略: ANNUAL_BOTTOM_OPPORTUNITY_v1.0
2025-08-25 14:02:19,729 - INFO - 配置保存成功
2025-08-25 14:02:19,729 - INFO - 禁用策略: MACD零轴启动_v1.0
2025-08-25 14:02:19,729 - INFO - 禁用策略: MACD零轴启动_v1.0
2025-08-25 14:02:19,729 - INFO - 禁用策略: MACD_ZERO_AXIS_v1.0
2025-08-25 14:02:19,729 - INFO - 配置保存成功
2025-08-25 14:02:19,729 - INFO - 禁用策略: 价值反转策略（最终版）_v1.0
2025-08-25 14:02:19,729 - INFO - 禁用策略: 价值反转策略（最终版）_v1.0
2025-08-25 14:02:19,729 - INFO - 配置保存成功
2025-08-25 14:02:19,729 - INFO - 禁用策略: 长周期横盘突破策略_v1.0
2025-08-25 14:02:19,729 - INFO - 禁用策略: 长周期横盘突破策略_v1.0
2025-08-25 14:02:19,729 - INFO - 禁用策略: LONG_TERM_CONSOLIDATION_BREAKOUT_v1.0
2025-08-25 14:02:19,730 - INFO - 配置保存成功
2025-08-25 14:02:19,730 - INFO - 禁用策略: 深渊筑底策略_v2.0
2025-08-25 14:02:19,730 - INFO - 禁用策略: 深渊筑底策略_v2.0
2025-08-25 14:02:19,730 - INFO - 禁用策略: ABYSS_BOTTOMING_v2.0
2025-08-25 14:02:19,730 - INFO - 配置保存成功
2025-08-25 14:02:19,730 - INFO - 禁用策略: 临界金叉_v1.0
2025-08-25 14:02:19,730 - INFO - 禁用策略: 临界金叉_v1.0
2025-08-25 14:02:19,730 - INFO - 禁用策略: PRE_CROSS_v1.0
2025-08-25 14:02:19,730 - INFO - 配置保存成功
2025-08-25 14:02:19,730 - INFO - 禁用策略: 反转做多策略（优化版）_v1.0
2025-08-25 14:02:19,730 - INFO - 禁用策略: 反转做多策略（优化版）_v1.0
2025-08-25 14:02:19,730 - INFO - 配置保存成功
2025-08-25 14:02:19,730 - INFO - 禁用策略: 三重金叉_v1.0
2025-08-25 14:02:19,730 - INFO - 禁用策略: 三重金叉_v1.0
2025-08-25 14:02:19,730 - INFO - 禁用策略: TRIPLE_CROSS_v1.0
2025-08-25 14:02:19,731 - INFO - 配置保存成功
2025-08-25 14:02:19,731 - INFO - 启用策略: 深渊筑底策略_v2.0
2025-08-25 14:02:19,731 - INFO - 启用策略: 深渊筑底策略_v2.0
2025-08-25 14:02:19,731 - INFO - 配置保存成功
2025-08-25 14:02:19,731 - INFO - 启用策略: 临界金叉_v1.0
2025-08-25 14:02:19,731 - INFO - 启用策略: 临界金叉_v1.0
2025-08-25 14:02:19,731 - INFO - 配置保存成功
2025-08-25 14:02:19,731 - INFO - 启用策略: 三重金叉_v1.0
2025-08-25 14:02:19,731 - INFO - 启用策略: 三重金叉_v1.0
2025-08-25 14:02:19,731 - INFO - 配置保存成功
2025-08-25 14:02:19,731 - INFO - 启用策略: MACD零轴启动_v1.0
2025-08-25 14:02:19,731 - INFO - 启用策略: MACD零轴启动_v1.0
2025-08-25 14:02:19,732 - INFO - 配置保存成功
2025-08-25 14:02:19,732 - INFO - 启用策略: 周线金叉+日线MA_v1.0
2025-08-25 14:02:19,732 - INFO - 启用策略: 周线金叉+日线MA_v1.0
2025-08-25 14:02:19,732 - INFO - 配置保存成功
2025-08-25 14:02:19,732 - INFO - 启用策略: 价值反转策略（最终版）_v1.0
2025-08-25 14:02:19,732 - INFO - 启用策略: 价值反转策略（最终版）_v1.0
2025-08-25 14:02:19,732 - INFO - 配置保存成功
2025-08-25 14:02:19,732 - INFO - 启用策略: 反转做多策略（优化版）_v1.0
2025-08-25 14:02:19,732 - INFO - 启用策略: 反转做多策略（优化版）_v1.0
2025-08-25 14:02:19,732 - INFO - 配置保存成功
2025-08-25 14:02:19,732 - INFO - 启用策略: 年度见底机会策略_v1.0
2025-08-25 14:02:19,732 - INFO - 启用策略: 年度见底机会策略_v1.0
2025-08-25 14:02:19,733 - INFO - 配置保存成功
2025-08-25 14:02:19,733 - INFO - 启用策略: 强势股MA13回调策略_v1.0
2025-08-25 14:02:19,733 - INFO - 启用策略: 强势股MA13回调策略_v1.0
2025-08-25 14:02:19,733 - INFO - 配置保存成功
2025-08-25 14:02:19,733 - INFO - 启用策略: 长周期横盘突破策略_v1.0
2025-08-25 14:02:19,733 - INFO - 启用策略: 长周期横盘突破策略_v1.0
2025-08-25 14:02:37,165 - INFO - 172.27.28.139 - - [25/Aug/2025 14:02:37] "GET /api/strategies/MACD零轴启动_v1.0/stocks HTTP/1.1" 200 -
2025-08-25 14:02:44,478 - INFO - 加载配置文件: /home/hypnosis/data/git/quant_base/backend/strategies_config.json
2025-08-25 14:02:44,479 - INFO - 通用筛选器初始化完成
2025-08-25 14:02:44,479 - INFO - ===== 开始执行通用股票筛选 =====
2025-08-25 14:02:44,480 - INFO - 配置保存成功
2025-08-25 14:02:44,480 - INFO - 启用策略: 三重金叉_v1.0
2025-08-25 14:02:44,480 - INFO - 启用策略: 三重金叉_v1.0
2025-08-25 14:02:44,489 - INFO - 共找到 11848 个股票文件
2025-08-25 14:02:44,489 - INFO - 启用的策略: ['深渊筑底策略_v2.0', '临界金叉_v1.0', '三重金叉_v1.0', 'MACD零轴启动_v1.0', '周线金叉+日线MA_v1.0', '价值反转策略（最终版）_v1.0', '反转做多策略（优化版）_v1.0', '年度见底机会策略_v1.0', '强势股MA13回调策略_v1.0', '长周期横盘突破策略_v1.0']
2025-08-25 14:02:54,890 - INFO - 对 47 个信号结果进行回测摘要分析...
2025-08-25 14:02:54,890 - INFO - 回测分析 [1/41]: sz000595
2025-08-25 14:02:54,897 - INFO - 回测分析 [2/41]: sh603721
2025-08-25 14:02:54,902 - INFO - 回测分析 [3/41]: sz300175
2025-08-25 14:02:54,907 - INFO - 回测分析 [4/41]: sh603348
2025-08-25 14:02:54,912 - INFO - 回测分析 [5/41]: sz000518
2025-08-25 14:02:54,917 - INFO - 回测分析 [6/41]: sh605577
2025-08-25 14:02:54,921 - INFO - 回测分析 [7/41]: sz000627
2025-08-25 14:02:54,924 - INFO - 回测分析 [8/41]: sz001378
2025-08-25 14:02:54,927 - INFO - 回测分析 [9/41]: sz003032
2025-08-25 14:02:54,932 - INFO - 回测分析 [10/41]: sz300268
2025-08-25 14:02:54,935 - INFO - 回测分析 [11/41]: sh688141
2025-08-25 14:02:54,937 - INFO - 回测分析 [12/41]: sz002290
2025-08-25 14:02:54,941 - INFO - 回测分析 [13/41]: sz002627
2025-08-25 14:02:54,950 - INFO - 回测分析 [14/41]: sz002581
2025-08-25 14:02:54,955 - INFO - 回测分析 [15/41]: sz000820
2025-08-25 14:02:54,959 - INFO - 回测分析 [16/41]: sz002529
2025-08-25 14:02:54,964 - INFO - 回测分析 [17/41]: sz002563
2025-08-25 14:02:54,972 - INFO - 回测分析 [18/41]: sz002455
2025-08-25 14:02:54,977 - INFO - 回测分析 [19/41]: sh600123
2025-08-25 14:02:54,981 - INFO - 回测分析 [20/41]: sh600199
2025-08-25 14:02:54,985 - INFO - 回测分析 [21/41]: sh600546
2025-08-25 14:02:54,990 - INFO - 回测分析 [22/41]: sz000736
2025-08-25 14:02:55,021 - INFO - 回测分析 [23/41]: sz002766
2025-08-25 14:02:55,031 - INFO - 回测分析 [24/41]: sz002541
2025-08-25 14:02:55,034 - INFO - 回测分析 [25/41]: sz001323
2025-08-25 14:02:55,037 - INFO - 回测分析 [26/41]: bj430476
2025-08-25 14:02:55,040 - INFO - 回测分析 [27/41]: sh603111
2025-08-25 14:02:55,048 - INFO - 回测分析 [28/41]: sh603004
2025-08-25 14:02:55,051 - INFO - 回测分析 [29/41]: sz002892
2025-08-25 14:02:55,059 - INFO - 回测分析 [30/41]: sz002762
2025-08-25 14:02:55,063 - INFO - 回测分析 [31/41]: bj836699
2025-08-25 14:02:55,065 - INFO - 回测分析 [32/41]: sh688522
2025-08-25 14:02:55,067 - INFO - 回测分析 [33/41]: sz002039
2025-08-25 14:02:55,071 - INFO - 回测分析 [34/41]: sz002526
2025-08-25 14:02:55,080 - INFO - 回测分析 [35/41]: sz002531
2025-08-25 14:02:55,084 - INFO - 回测分析 [36/41]: sz300859
2025-08-25 14:02:55,087 - INFO - 回测分析 [37/41]: sz002479
2025-08-25 14:02:55,097 - INFO - 回测分析 [38/41]: sh603261
2025-08-25 14:02:55,101 - INFO - 回测分析 [39/41]: sz000651
2025-08-25 14:02:55,104 - INFO - 回测分析 [40/41]: sz300208
2025-08-25 14:02:55,108 - INFO - 回测分析 [41/41]: sz002789
2025-08-25 14:02:55,113 - INFO - 筛选完成，发现 47 个信号，耗时 10.63 秒
2025-08-25 14:02:55,113 - INFO - 配置保存成功
2025-08-25 14:02:55,113 - INFO - 禁用策略: 强势股MA13回调策略_v1.0
2025-08-25 14:02:55,113 - INFO - 禁用策略: 强势股MA13回调策略_v1.0
2025-08-25 14:02:55,113 - INFO - 禁用策略: STRONG_STOCK_MA13_PULLBACK_v1.0
2025-08-25 14:02:55,121 - INFO - 配置保存成功
2025-08-25 14:02:55,121 - INFO - 禁用策略: 周线金叉+日线MA_v1.0
2025-08-25 14:02:55,121 - INFO - 禁用策略: 周线金叉+日线MA_v1.0
2025-08-25 14:02:55,121 - INFO - 禁用策略: WEEKLY_GOLDEN_CROSS_MA_v1.0
2025-08-25 14:02:55,122 - INFO - 配置保存成功
2025-08-25 14:02:55,122 - INFO - 禁用策略: 年度见底机会策略_v1.0
2025-08-25 14:02:55,122 - INFO - 禁用策略: 年度见底机会策略_v1.0
2025-08-25 14:02:55,122 - INFO - 禁用策略: ANNUAL_BOTTOM_OPPORTUNITY_v1.0
2025-08-25 14:02:55,122 - INFO - 配置保存成功
2025-08-25 14:02:55,122 - INFO - 禁用策略: MACD零轴启动_v1.0
2025-08-25 14:02:55,122 - INFO - 禁用策略: MACD零轴启动_v1.0
2025-08-25 14:02:55,122 - INFO - 禁用策略: MACD_ZERO_AXIS_v1.0
2025-08-25 14:02:55,123 - INFO - 配置保存成功
2025-08-25 14:02:55,123 - INFO - 禁用策略: 价值反转策略（最终版）_v1.0
2025-08-25 14:02:55,123 - INFO - 禁用策略: 价值反转策略（最终版）_v1.0
2025-08-25 14:02:55,123 - INFO - 配置保存成功
2025-08-25 14:02:55,123 - INFO - 禁用策略: 长周期横盘突破策略_v1.0
2025-08-25 14:02:55,123 - INFO - 禁用策略: 长周期横盘突破策略_v1.0
2025-08-25 14:02:55,123 - INFO - 禁用策略: LONG_TERM_CONSOLIDATION_BREAKOUT_v1.0
2025-08-25 14:02:55,123 - INFO - 配置保存成功
2025-08-25 14:02:55,123 - INFO - 禁用策略: 深渊筑底策略_v2.0
2025-08-25 14:02:55,123 - INFO - 禁用策略: 深渊筑底策略_v2.0
2025-08-25 14:02:55,123 - INFO - 禁用策略: ABYSS_BOTTOMING_v2.0
2025-08-25 14:02:55,124 - INFO - 配置保存成功
2025-08-25 14:02:55,124 - INFO - 禁用策略: 临界金叉_v1.0
2025-08-25 14:02:55,124 - INFO - 禁用策略: 临界金叉_v1.0
2025-08-25 14:02:55,124 - INFO - 禁用策略: PRE_CROSS_v1.0
2025-08-25 14:02:55,124 - INFO - 配置保存成功
2025-08-25 14:02:55,124 - INFO - 禁用策略: 反转做多策略（优化版）_v1.0
2025-08-25 14:02:55,124 - INFO - 禁用策略: 反转做多策略（优化版）_v1.0
2025-08-25 14:02:55,124 - INFO - 配置保存成功
2025-08-25 14:02:55,124 - INFO - 禁用策略: 三重金叉_v1.0
2025-08-25 14:02:55,124 - INFO - 禁用策略: 三重金叉_v1.0
2025-08-25 14:02:55,124 - INFO - 禁用策略: TRIPLE_CROSS_v1.0
2025-08-25 14:02:55,124 - INFO - 配置保存成功
2025-08-25 14:02:55,124 - INFO - 启用策略: 深渊筑底策略_v2.0
2025-08-25 14:02:55,124 - INFO - 启用策略: 深渊筑底策略_v2.0
2025-08-25 14:02:55,125 - INFO - 配置保存成功
2025-08-25 14:02:55,125 - INFO - 启用策略: 临界金叉_v1.0
2025-08-25 14:02:55,125 - INFO - 启用策略: 临界金叉_v1.0
2025-08-25 14:02:55,125 - INFO - 配置保存成功
2025-08-25 14:02:55,125 - INFO - 启用策略: 三重金叉_v1.0
2025-08-25 14:02:55,125 - INFO - 启用策略: 三重金叉_v1.0
2025-08-25 14:02:55,125 - INFO - 配置保存成功
2025-08-25 14:02:55,125 - INFO - 启用策略: MACD零轴启动_v1.0
2025-08-25 14:02:55,125 - INFO - 启用策略: MACD零轴启动_v1.0
2025-08-25 14:02:55,125 - INFO - 配置保存成功
2025-08-25 14:02:55,125 - INFO - 启用策略: 周线金叉+日线MA_v1.0
2025-08-25 14:02:55,125 - INFO - 启用策略: 周线金叉+日线MA_v1.0
2025-08-25 14:02:55,126 - INFO - 配置保存成功
2025-08-25 14:02:55,126 - INFO - 启用策略: 价值反转策略（最终版）_v1.0
2025-08-25 14:02:55,126 - INFO - 启用策略: 价值反转策略（最终版）_v1.0
2025-08-25 14:02:55,126 - INFO - 配置保存成功
2025-08-25 14:02:55,126 - INFO - 启用策略: 反转做多策略（优化版）_v1.0
2025-08-25 14:02:55,126 - INFO - 启用策略: 反转做多策略（优化版）_v1.0
2025-08-25 14:02:55,126 - INFO - 配置保存成功
2025-08-25 14:02:55,126 - INFO - 启用策略: 年度见底机会策略_v1.0
2025-08-25 14:02:55,126 - INFO - 启用策略: 年度见底机会策略_v1.0
2025-08-25 14:02:55,126 - INFO - 配置保存成功
2025-08-25 14:02:55,126 - INFO - 启用策略: 强势股MA13回调策略_v1.0
2025-08-25 14:02:55,126 - INFO - 启用策略: 强势股MA13回调策略_v1.0
2025-08-25 14:02:55,127 - INFO - 配置保存成功
2025-08-25 14:02:55,127 - INFO - 启用策略: 长周期横盘突破策略_v1.0
2025-08-25 14:02:55,127 - INFO - 启用策略: 长周期横盘突破策略_v1.0
2025-08-25 14:03:15,646 - INFO - 172.27.28.139 - - [25/Aug/2025 14:03:15] "GET /api/strategies/三重金叉_v1.0/stocks HTTP/1.1" 200 -
2025-08-25 14:03:27,310 - INFO -  * Detected change in '/home/hypnosis/data/git/quant_base/backend/app.py', reloading
