2025-08-25 14:06:21,925 - INFO - 加载配置文件: /home/hypnosis/data/git/quant_base/backend/strategies_config.json
2025-08-25 14:06:21,926 - INFO - 通用筛选器初始化完成
2025-08-25 14:06:21,926 - INFO - ===== 开始执行通用股票筛选 =====
2025-08-25 14:06:21,927 - INFO - 配置保存成功
2025-08-25 14:06:21,927 - INFO - 启用策略: 三重金叉_v1.0
2025-08-25 14:06:21,927 - INFO - 启用策略: 三重金叉_v1.0
2025-08-25 14:06:21,935 - INFO - 共找到 11848 个股票文件
2025-08-25 14:06:21,935 - INFO - 启用的策略: ['深渊筑底策略_v2.0', '临界金叉_v1.0', '三重金叉_v1.0', 'MACD零轴启动_v1.0', '周线金叉+日线MA_v1.0', '价值反转策略（最终版）_v1.0', '反转做多策略（优化版）_v1.0', '年度见底机会策略_v1.0', '强势股MA13回调策略_v1.0', '长周期横盘突破策略_v1.0']
2025-08-25 14:06:32,212 - INFO - 对 47 个信号结果进行回测摘要分析...
2025-08-25 14:06:32,212 - INFO - 回测分析 [1/41]: sz002039
2025-08-25 14:06:32,220 - INFO - 回测分析 [2/41]: bj836699
2025-08-25 14:06:32,222 - INFO - 回测分析 [3/41]: sz002479
2025-08-25 14:06:32,236 - INFO - 回测分析 [4/41]: sz000595
2025-08-25 14:06:32,241 - INFO - 回测分析 [5/41]: sz002627
2025-08-25 14:06:32,250 - INFO - 回测分析 [6/41]: sh605577
2025-08-25 14:06:32,255 - INFO - 回测分析 [7/41]: sz002766
2025-08-25 14:06:32,263 - INFO - 回测分析 [8/41]: sz300859
2025-08-25 14:06:32,266 - INFO - 回测分析 [9/41]: sz000736
2025-08-25 14:06:32,270 - INFO - 回测分析 [10/41]: sz300175
2025-08-25 14:06:32,275 - INFO - 回测分析 [11/41]: sh600546
2025-08-25 14:06:32,279 - INFO - 回测分析 [12/41]: sh688522
2025-08-25 14:06:32,282 - INFO - 回测分析 [13/41]: sh603261
2025-08-25 14:06:32,285 - INFO - 回测分析 [14/41]: sz300208
2025-08-25 14:06:32,289 - INFO - 回测分析 [15/41]: sh600123
2025-08-25 14:06:32,293 - INFO - 回测分析 [16/41]: sz300268
2025-08-25 14:06:32,296 - INFO - 回测分析 [17/41]: sz000627
2025-08-25 14:06:32,321 - INFO - 回测分析 [18/41]: sz003032
2025-08-25 14:06:32,325 - INFO - 回测分析 [19/41]: sz002529
2025-08-25 14:06:32,330 - INFO - 回测分析 [20/41]: sz002526
2025-08-25 14:06:32,339 - INFO - 回测分析 [21/41]: sh603004
2025-08-25 14:06:32,342 - INFO - 回测分析 [22/41]: sz002563
2025-08-25 14:06:32,350 - INFO - 回测分析 [23/41]: sz001323
2025-08-25 14:06:32,352 - INFO - 回测分析 [24/41]: sz000820
2025-08-25 14:06:32,357 - INFO - 回测分析 [25/41]: sz000651
2025-08-25 14:06:32,360 - INFO - 回测分析 [26/41]: sh688141
2025-08-25 14:06:32,362 - INFO - 回测分析 [27/41]: sz002455
2025-08-25 14:06:32,367 - INFO - 回测分析 [28/41]: sz002290
2025-08-25 14:06:32,370 - INFO - 回测分析 [29/41]: sh600199
2025-08-25 14:06:32,375 - INFO - 回测分析 [30/41]: sz001378
2025-08-25 14:06:32,378 - INFO - 回测分析 [31/41]: sh603111
2025-08-25 14:06:32,386 - INFO - 回测分析 [32/41]: sz002892
2025-08-25 14:06:32,393 - INFO - 回测分析 [33/41]: bj430476
2025-08-25 14:06:32,396 - INFO - 回测分析 [34/41]: sz002581
2025-08-25 14:06:32,400 - INFO - 回测分析 [35/41]: sz002541
2025-08-25 14:06:32,403 - INFO - 回测分析 [36/41]: sz002762
2025-08-25 14:06:32,408 - INFO - 回测分析 [37/41]: sh603348
2025-08-25 14:06:32,413 - INFO - 回测分析 [38/41]: sh603721
2025-08-25 14:06:32,418 - INFO - 回测分析 [39/41]: sz002531
2025-08-25 14:06:32,423 - INFO - 回测分析 [40/41]: sz000518
2025-08-25 14:06:32,428 - INFO - 回测分析 [41/41]: sz002789
2025-08-25 14:06:32,433 - INFO - 筛选完成，发现 47 个信号，耗时 10.51 秒
2025-08-25 14:06:32,433 - INFO - 配置保存成功
2025-08-25 14:06:32,434 - INFO - 禁用策略: 强势股MA13回调策略_v1.0
2025-08-25 14:06:32,434 - INFO - 禁用策略: 强势股MA13回调策略_v1.0
2025-08-25 14:06:32,434 - INFO - 禁用策略: STRONG_STOCK_MA13_PULLBACK_v1.0
2025-08-25 14:06:32,441 - INFO - 配置保存成功
2025-08-25 14:06:32,441 - INFO - 禁用策略: 周线金叉+日线MA_v1.0
2025-08-25 14:06:32,441 - INFO - 禁用策略: 周线金叉+日线MA_v1.0
2025-08-25 14:06:32,441 - INFO - 禁用策略: WEEKLY_GOLDEN_CROSS_MA_v1.0
2025-08-25 14:06:32,441 - INFO - 配置保存成功
2025-08-25 14:06:32,441 - INFO - 禁用策略: 年度见底机会策略_v1.0
2025-08-25 14:06:32,441 - INFO - 禁用策略: 年度见底机会策略_v1.0
2025-08-25 14:06:32,441 - INFO - 禁用策略: ANNUAL_BOTTOM_OPPORTUNITY_v1.0
2025-08-25 14:06:32,441 - INFO - 配置保存成功
2025-08-25 14:06:32,441 - INFO - 禁用策略: MACD零轴启动_v1.0
2025-08-25 14:06:32,441 - INFO - 禁用策略: MACD零轴启动_v1.0
2025-08-25 14:06:32,441 - INFO - 禁用策略: MACD_ZERO_AXIS_v1.0
2025-08-25 14:06:32,442 - INFO - 配置保存成功
2025-08-25 14:06:32,442 - INFO - 禁用策略: 价值反转策略（最终版）_v1.0
2025-08-25 14:06:32,442 - INFO - 禁用策略: 价值反转策略（最终版）_v1.0
2025-08-25 14:06:32,442 - INFO - 配置保存成功
2025-08-25 14:06:32,442 - INFO - 禁用策略: 长周期横盘突破策略_v1.0
2025-08-25 14:06:32,442 - INFO - 禁用策略: 长周期横盘突破策略_v1.0
2025-08-25 14:06:32,442 - INFO - 禁用策略: LONG_TERM_CONSOLIDATION_BREAKOUT_v1.0
2025-08-25 14:06:32,442 - INFO - 配置保存成功
2025-08-25 14:06:32,442 - INFO - 禁用策略: 深渊筑底策略_v2.0
2025-08-25 14:06:32,442 - INFO - 禁用策略: 深渊筑底策略_v2.0
2025-08-25 14:06:32,442 - INFO - 禁用策略: ABYSS_BOTTOMING_v2.0
2025-08-25 14:06:32,442 - INFO - 配置保存成功
2025-08-25 14:06:32,442 - INFO - 禁用策略: 临界金叉_v1.0
2025-08-25 14:06:32,442 - INFO - 禁用策略: 临界金叉_v1.0
2025-08-25 14:06:32,442 - INFO - 禁用策略: PRE_CROSS_v1.0
2025-08-25 14:06:32,443 - INFO - 配置保存成功
2025-08-25 14:06:32,443 - INFO - 禁用策略: 反转做多策略（优化版）_v1.0
2025-08-25 14:06:32,443 - INFO - 禁用策略: 反转做多策略（优化版）_v1.0
2025-08-25 14:06:32,443 - INFO - 配置保存成功
2025-08-25 14:06:32,443 - INFO - 禁用策略: 三重金叉_v1.0
2025-08-25 14:06:32,443 - INFO - 禁用策略: 三重金叉_v1.0
2025-08-25 14:06:32,443 - INFO - 禁用策略: TRIPLE_CROSS_v1.0
2025-08-25 14:06:32,443 - INFO - 配置保存成功
2025-08-25 14:06:32,443 - INFO - 启用策略: 深渊筑底策略_v2.0
2025-08-25 14:06:32,443 - INFO - 启用策略: 深渊筑底策略_v2.0
2025-08-25 14:06:32,443 - INFO - 配置保存成功
2025-08-25 14:06:32,443 - INFO - 启用策略: 临界金叉_v1.0
2025-08-25 14:06:32,443 - INFO - 启用策略: 临界金叉_v1.0
2025-08-25 14:06:32,444 - INFO - 配置保存成功
2025-08-25 14:06:32,444 - INFO - 启用策略: 三重金叉_v1.0
2025-08-25 14:06:32,444 - INFO - 启用策略: 三重金叉_v1.0
2025-08-25 14:06:32,444 - INFO - 配置保存成功
2025-08-25 14:06:32,444 - INFO - 启用策略: MACD零轴启动_v1.0
2025-08-25 14:06:32,444 - INFO - 启用策略: MACD零轴启动_v1.0
2025-08-25 14:06:32,444 - INFO - 配置保存成功
2025-08-25 14:06:32,444 - INFO - 启用策略: 周线金叉+日线MA_v1.0
2025-08-25 14:06:32,444 - INFO - 启用策略: 周线金叉+日线MA_v1.0
2025-08-25 14:06:32,444 - INFO - 配置保存成功
2025-08-25 14:06:32,444 - INFO - 启用策略: 价值反转策略（最终版）_v1.0
2025-08-25 14:06:32,444 - INFO - 启用策略: 价值反转策略（最终版）_v1.0
2025-08-25 14:06:32,445 - INFO - 配置保存成功
2025-08-25 14:06:32,445 - INFO - 启用策略: 反转做多策略（优化版）_v1.0
2025-08-25 14:06:32,445 - INFO - 启用策略: 反转做多策略（优化版）_v1.0
2025-08-25 14:06:32,445 - INFO - 配置保存成功
2025-08-25 14:06:32,445 - INFO - 启用策略: 年度见底机会策略_v1.0
2025-08-25 14:06:32,445 - INFO - 启用策略: 年度见底机会策略_v1.0
2025-08-25 14:06:32,445 - INFO - 配置保存成功
2025-08-25 14:06:32,445 - INFO - 启用策略: 强势股MA13回调策略_v1.0
2025-08-25 14:06:32,445 - INFO - 启用策略: 强势股MA13回调策略_v1.0
2025-08-25 14:06:32,445 - INFO - 配置保存成功
2025-08-25 14:06:32,445 - INFO - 启用策略: 长周期横盘突破策略_v1.0
2025-08-25 14:06:32,445 - INFO - 启用策略: 长周期横盘突破策略_v1.0
2025-08-25 14:06:50,875 - INFO - 172.27.28.139 - - [25/Aug/2025 14:06:50] "GET /api/strategies/三重金叉_v1.0/stocks HTTP/1.1" 200 -
2025-08-25 14:06:58,583 - INFO - 加载配置文件: /home/hypnosis/data/git/quant_base/backend/strategies_config.json
2025-08-25 14:06:58,584 - INFO - 通用筛选器初始化完成
2025-08-25 14:06:58,584 - INFO - ===== 开始执行通用股票筛选 =====
2025-08-25 14:06:58,585 - INFO - 配置保存成功
2025-08-25 14:06:58,585 - INFO - 启用策略: 临界金叉_v1.0
2025-08-25 14:06:58,585 - INFO - 启用策略: 临界金叉_v1.0
2025-08-25 14:06:58,593 - INFO - 共找到 11848 个股票文件
2025-08-25 14:06:58,593 - INFO - 启用的策略: ['深渊筑底策略_v2.0', '临界金叉_v1.0', '三重金叉_v1.0', 'MACD零轴启动_v1.0', '周线金叉+日线MA_v1.0', '价值反转策略（最终版）_v1.0', '反转做多策略（优化版）_v1.0', '年度见底机会策略_v1.0', '强势股MA13回调策略_v1.0', '长周期横盘突破策略_v1.0']
2025-08-25 14:07:08,567 - INFO - 对 47 个信号结果进行回测摘要分析...
2025-08-25 14:07:08,567 - INFO - 回测分析 [1/41]: sz002039
2025-08-25 14:07:08,573 - INFO - 回测分析 [2/41]: bj836699
2025-08-25 14:07:08,575 - INFO - 回测分析 [3/41]: sz002479
2025-08-25 14:07:08,585 - INFO - 回测分析 [4/41]: sz000595
2025-08-25 14:07:08,590 - INFO - 回测分析 [5/41]: sz002627
2025-08-25 14:07:08,598 - INFO - 回测分析 [6/41]: sh605577
2025-08-25 14:07:08,602 - INFO - 回测分析 [7/41]: sz002766
2025-08-25 14:07:08,611 - INFO - 回测分析 [8/41]: sz300859
2025-08-25 14:07:08,613 - INFO - 回测分析 [9/41]: sz000736
2025-08-25 14:07:08,618 - INFO - 回测分析 [10/41]: sz300175
2025-08-25 14:07:08,623 - INFO - 回测分析 [11/41]: sh600546
2025-08-25 14:07:08,627 - INFO - 回测分析 [12/41]: sh688522
2025-08-25 14:07:08,629 - INFO - 回测分析 [13/41]: sh603261
2025-08-25 14:07:08,633 - INFO - 回测分析 [14/41]: sz300208
2025-08-25 14:07:08,637 - INFO - 回测分析 [15/41]: sh600123
2025-08-25 14:07:08,640 - INFO - 回测分析 [16/41]: sz300268
2025-08-25 14:07:08,644 - INFO - 回测分析 [17/41]: sz000627
2025-08-25 14:07:08,647 - INFO - 回测分析 [18/41]: sz003032
2025-08-25 14:07:08,652 - INFO - 回测分析 [19/41]: sz002529
2025-08-25 14:07:08,656 - INFO - 回测分析 [20/41]: sz002526
2025-08-25 14:07:08,665 - INFO - 回测分析 [21/41]: sh603004
2025-08-25 14:07:08,668 - INFO - 回测分析 [22/41]: sz002563
2025-08-25 14:07:08,676 - INFO - 回测分析 [23/41]: sz001323
2025-08-25 14:07:08,678 - INFO - 回测分析 [24/41]: sz000820
2025-08-25 14:07:08,683 - INFO - 回测分析 [25/41]: sz000651
2025-08-25 14:07:08,686 - INFO - 回测分析 [26/41]: sh688141
2025-08-25 14:07:08,688 - INFO - 回测分析 [27/41]: sz002455
2025-08-25 14:07:08,716 - INFO - 回测分析 [28/41]: sz002290
2025-08-25 14:07:08,720 - INFO - 回测分析 [29/41]: sh600199
2025-08-25 14:07:08,725 - INFO - 回测分析 [30/41]: sz001378
2025-08-25 14:07:08,729 - INFO - 回测分析 [31/41]: sh603111
2025-08-25 14:07:08,739 - INFO - 回测分析 [32/41]: sz002892
2025-08-25 14:07:08,746 - INFO - 回测分析 [33/41]: bj430476
2025-08-25 14:07:08,749 - INFO - 回测分析 [34/41]: sz002581
2025-08-25 14:07:08,754 - INFO - 回测分析 [35/41]: sz002541
2025-08-25 14:07:08,758 - INFO - 回测分析 [36/41]: sz002762
2025-08-25 14:07:08,763 - INFO - 回测分析 [37/41]: sh603348
2025-08-25 14:07:08,768 - INFO - 回测分析 [38/41]: sh603721
2025-08-25 14:07:08,773 - INFO - 回测分析 [39/41]: sz002531
2025-08-25 14:07:08,777 - INFO - 回测分析 [40/41]: sz000518
2025-08-25 14:07:08,782 - INFO - 回测分析 [41/41]: sz002789
2025-08-25 14:07:08,787 - INFO - 筛选完成，发现 47 个信号，耗时 10.20 秒
2025-08-25 14:07:08,788 - INFO - 配置保存成功
2025-08-25 14:07:08,788 - INFO - 禁用策略: 强势股MA13回调策略_v1.0
2025-08-25 14:07:08,788 - INFO - 禁用策略: 强势股MA13回调策略_v1.0
2025-08-25 14:07:08,788 - INFO - 禁用策略: STRONG_STOCK_MA13_PULLBACK_v1.0
2025-08-25 14:07:08,813 - INFO - 配置保存成功
2025-08-25 14:07:08,814 - INFO - 禁用策略: 周线金叉+日线MA_v1.0
2025-08-25 14:07:08,814 - INFO - 禁用策略: 周线金叉+日线MA_v1.0
2025-08-25 14:07:08,814 - INFO - 禁用策略: WEEKLY_GOLDEN_CROSS_MA_v1.0
2025-08-25 14:07:08,814 - INFO - 配置保存成功
2025-08-25 14:07:08,814 - INFO - 禁用策略: 年度见底机会策略_v1.0
2025-08-25 14:07:08,814 - INFO - 禁用策略: 年度见底机会策略_v1.0
2025-08-25 14:07:08,814 - INFO - 禁用策略: ANNUAL_BOTTOM_OPPORTUNITY_v1.0
2025-08-25 14:07:08,814 - INFO - 配置保存成功
2025-08-25 14:07:08,814 - INFO - 禁用策略: MACD零轴启动_v1.0
2025-08-25 14:07:08,814 - INFO - 禁用策略: MACD零轴启动_v1.0
2025-08-25 14:07:08,814 - INFO - 禁用策略: MACD_ZERO_AXIS_v1.0
2025-08-25 14:07:08,815 - INFO - 配置保存成功
2025-08-25 14:07:08,815 - INFO - 禁用策略: 价值反转策略（最终版）_v1.0
2025-08-25 14:07:08,815 - INFO - 禁用策略: 价值反转策略（最终版）_v1.0
2025-08-25 14:07:08,815 - INFO - 配置保存成功
2025-08-25 14:07:08,815 - INFO - 禁用策略: 长周期横盘突破策略_v1.0
2025-08-25 14:07:08,815 - INFO - 禁用策略: 长周期横盘突破策略_v1.0
2025-08-25 14:07:08,815 - INFO - 禁用策略: LONG_TERM_CONSOLIDATION_BREAKOUT_v1.0
2025-08-25 14:07:08,815 - INFO - 配置保存成功
2025-08-25 14:07:08,815 - INFO - 禁用策略: 深渊筑底策略_v2.0
2025-08-25 14:07:08,815 - INFO - 禁用策略: 深渊筑底策略_v2.0
2025-08-25 14:07:08,815 - INFO - 禁用策略: ABYSS_BOTTOMING_v2.0
2025-08-25 14:07:08,815 - INFO - 配置保存成功
2025-08-25 14:07:08,815 - INFO - 禁用策略: 临界金叉_v1.0
2025-08-25 14:07:08,815 - INFO - 禁用策略: 临界金叉_v1.0
2025-08-25 14:07:08,815 - INFO - 禁用策略: PRE_CROSS_v1.0
2025-08-25 14:07:08,816 - INFO - 配置保存成功
2025-08-25 14:07:08,816 - INFO - 禁用策略: 反转做多策略（优化版）_v1.0
2025-08-25 14:07:08,816 - INFO - 禁用策略: 反转做多策略（优化版）_v1.0
2025-08-25 14:07:08,816 - INFO - 配置保存成功
2025-08-25 14:07:08,816 - INFO - 禁用策略: 三重金叉_v1.0
2025-08-25 14:07:08,816 - INFO - 禁用策略: 三重金叉_v1.0
2025-08-25 14:07:08,816 - INFO - 禁用策略: TRIPLE_CROSS_v1.0
2025-08-25 14:07:08,816 - INFO - 配置保存成功
2025-08-25 14:07:08,816 - INFO - 启用策略: 深渊筑底策略_v2.0
2025-08-25 14:07:08,816 - INFO - 启用策略: 深渊筑底策略_v2.0
2025-08-25 14:07:08,816 - INFO - 配置保存成功
2025-08-25 14:07:08,816 - INFO - 启用策略: 临界金叉_v1.0
2025-08-25 14:07:08,817 - INFO - 启用策略: 临界金叉_v1.0
2025-08-25 14:07:08,817 - INFO - 配置保存成功
2025-08-25 14:07:08,817 - INFO - 启用策略: 三重金叉_v1.0
2025-08-25 14:07:08,817 - INFO - 启用策略: 三重金叉_v1.0
2025-08-25 14:07:08,817 - INFO - 配置保存成功
2025-08-25 14:07:08,817 - INFO - 启用策略: MACD零轴启动_v1.0
2025-08-25 14:07:08,817 - INFO - 启用策略: MACD零轴启动_v1.0
2025-08-25 14:07:08,817 - INFO - 配置保存成功
2025-08-25 14:07:08,817 - INFO - 启用策略: 周线金叉+日线MA_v1.0
2025-08-25 14:07:08,817 - INFO - 启用策略: 周线金叉+日线MA_v1.0
2025-08-25 14:07:08,817 - INFO - 配置保存成功
2025-08-25 14:07:08,817 - INFO - 启用策略: 价值反转策略（最终版）_v1.0
2025-08-25 14:07:08,817 - INFO - 启用策略: 价值反转策略（最终版）_v1.0
2025-08-25 14:07:08,818 - INFO - 配置保存成功
2025-08-25 14:07:08,818 - INFO - 启用策略: 反转做多策略（优化版）_v1.0
2025-08-25 14:07:08,818 - INFO - 启用策略: 反转做多策略（优化版）_v1.0
2025-08-25 14:07:08,818 - INFO - 配置保存成功
2025-08-25 14:07:08,818 - INFO - 启用策略: 年度见底机会策略_v1.0
2025-08-25 14:07:08,818 - INFO - 启用策略: 年度见底机会策略_v1.0
2025-08-25 14:07:08,818 - INFO - 配置保存成功
2025-08-25 14:07:08,818 - INFO - 启用策略: 强势股MA13回调策略_v1.0
2025-08-25 14:07:08,818 - INFO - 启用策略: 强势股MA13回调策略_v1.0
2025-08-25 14:07:08,818 - INFO - 配置保存成功
2025-08-25 14:07:08,818 - INFO - 启用策略: 长周期横盘突破策略_v1.0
2025-08-25 14:07:08,818 - INFO - 启用策略: 长周期横盘突破策略_v1.0
2025-08-25 14:07:30,761 - INFO - 172.27.28.139 - - [25/Aug/2025 14:07:30] "GET /api/strategies/临界金叉_v1.0/stocks HTTP/1.1" 200 -
2025-08-25 14:07:43,335 - INFO - 加载配置文件: /home/hypnosis/data/git/quant_base/backend/strategies_config.json
2025-08-25 14:07:43,336 - INFO - 通用筛选器初始化完成
2025-08-25 14:07:43,336 - INFO - ===== 开始执行通用股票筛选 =====
2025-08-25 14:07:43,337 - INFO - 配置保存成功
2025-08-25 14:07:43,337 - INFO - 启用策略: 反转做多策略（优化版）_v1.0
2025-08-25 14:07:43,337 - INFO - 启用策略: 反转做多策略（优化版）_v1.0
2025-08-25 14:07:43,346 - INFO - 共找到 11848 个股票文件
2025-08-25 14:07:43,346 - INFO - 启用的策略: ['深渊筑底策略_v2.0', '临界金叉_v1.0', '三重金叉_v1.0', 'MACD零轴启动_v1.0', '周线金叉+日线MA_v1.0', '价值反转策略（最终版）_v1.0', '反转做多策略（优化版）_v1.0', '年度见底机会策略_v1.0', '强势股MA13回调策略_v1.0', '长周期横盘突破策略_v1.0']
2025-08-25 14:07:53,611 - INFO - 对 47 个信号结果进行回测摘要分析...
2025-08-25 14:07:53,611 - INFO - 回测分析 [1/41]: sz002039
2025-08-25 14:07:53,617 - INFO - 回测分析 [2/41]: bj836699
2025-08-25 14:07:53,620 - INFO - 回测分析 [3/41]: sz002479
2025-08-25 14:07:53,629 - INFO - 回测分析 [4/41]: sz000595
2025-08-25 14:07:53,634 - INFO - 回测分析 [5/41]: sz002627
2025-08-25 14:07:53,643 - INFO - 回测分析 [6/41]: sh605577
2025-08-25 14:07:53,647 - INFO - 回测分析 [7/41]: sz002766
2025-08-25 14:07:53,655 - INFO - 回测分析 [8/41]: sz300859
2025-08-25 14:07:53,658 - INFO - 回测分析 [9/41]: sz000736
2025-08-25 14:07:53,663 - INFO - 回测分析 [10/41]: sz300175
2025-08-25 14:07:53,667 - INFO - 回测分析 [11/41]: sh600546
2025-08-25 14:07:53,672 - INFO - 回测分析 [12/41]: sh688522
2025-08-25 14:07:53,674 - INFO - 回测分析 [13/41]: sh603261
2025-08-25 14:07:53,678 - INFO - 回测分析 [14/41]: sz300208
2025-08-25 14:07:53,682 - INFO - 回测分析 [15/41]: sh600123
2025-08-25 14:07:53,685 - INFO - 回测分析 [16/41]: sz300268
2025-08-25 14:07:53,689 - INFO - 回测分析 [17/41]: sz000627
2025-08-25 14:07:53,692 - INFO - 回测分析 [18/41]: sz003032
2025-08-25 14:07:53,696 - INFO - 回测分析 [19/41]: sz002529
2025-08-25 14:07:53,701 - INFO - 回测分析 [20/41]: sz002526
2025-08-25 14:07:53,710 - INFO - 回测分析 [21/41]: sh603004
2025-08-25 14:07:53,713 - INFO - 回测分析 [22/41]: sz002563
2025-08-25 14:07:53,721 - INFO - 回测分析 [23/41]: sz001323
2025-08-25 14:07:53,723 - INFO - 回测分析 [24/41]: sz000820
2025-08-25 14:07:53,728 - INFO - 回测分析 [25/41]: sz000651
2025-08-25 14:07:53,731 - INFO - 回测分析 [26/41]: sh688141
2025-08-25 14:07:53,733 - INFO - 回测分析 [27/41]: sz002455
2025-08-25 14:07:53,738 - INFO - 回测分析 [28/41]: sz002290
2025-08-25 14:07:53,741 - INFO - 回测分析 [29/41]: sh600199
2025-08-25 14:07:53,746 - INFO - 回测分析 [30/41]: sz001378
2025-08-25 14:07:53,749 - INFO - 回测分析 [31/41]: sh603111
2025-08-25 14:07:53,757 - INFO - 回测分析 [32/41]: sz002892
2025-08-25 14:07:53,764 - INFO - 回测分析 [33/41]: bj430476
2025-08-25 14:07:53,767 - INFO - 回测分析 [34/41]: sz002581
2025-08-25 14:07:53,771 - INFO - 回测分析 [35/41]: sz002541
2025-08-25 14:07:53,775 - INFO - 回测分析 [36/41]: sz002762
2025-08-25 14:07:53,801 - INFO - 回测分析 [37/41]: sh603348
2025-08-25 14:07:53,806 - INFO - 回测分析 [38/41]: sh603721
2025-08-25 14:07:53,810 - INFO - 回测分析 [39/41]: sz002531
2025-08-25 14:07:53,815 - INFO - 回测分析 [40/41]: sz000518
2025-08-25 14:07:53,820 - INFO - 回测分析 [41/41]: sz002789
2025-08-25 14:07:53,824 - INFO - 筛选完成，发现 47 个信号，耗时 10.49 秒
2025-08-25 14:07:53,825 - INFO - 配置保存成功
2025-08-25 14:07:53,825 - INFO - 禁用策略: 强势股MA13回调策略_v1.0
2025-08-25 14:07:53,825 - INFO - 禁用策略: 强势股MA13回调策略_v1.0
2025-08-25 14:07:53,825 - INFO - 禁用策略: STRONG_STOCK_MA13_PULLBACK_v1.0
2025-08-25 14:07:53,850 - INFO - 配置保存成功
2025-08-25 14:07:53,851 - INFO - 禁用策略: 周线金叉+日线MA_v1.0
2025-08-25 14:07:53,851 - INFO - 禁用策略: 周线金叉+日线MA_v1.0
2025-08-25 14:07:53,851 - INFO - 禁用策略: WEEKLY_GOLDEN_CROSS_MA_v1.0
2025-08-25 14:07:53,851 - INFO - 配置保存成功
2025-08-25 14:07:53,851 - INFO - 禁用策略: 年度见底机会策略_v1.0
2025-08-25 14:07:53,851 - INFO - 禁用策略: 年度见底机会策略_v1.0
2025-08-25 14:07:53,851 - INFO - 禁用策略: ANNUAL_BOTTOM_OPPORTUNITY_v1.0
2025-08-25 14:07:53,851 - INFO - 配置保存成功
2025-08-25 14:07:53,851 - INFO - 禁用策略: MACD零轴启动_v1.0
2025-08-25 14:07:53,851 - INFO - 禁用策略: MACD零轴启动_v1.0
2025-08-25 14:07:53,851 - INFO - 禁用策略: MACD_ZERO_AXIS_v1.0
2025-08-25 14:07:53,852 - INFO - 配置保存成功
2025-08-25 14:07:53,852 - INFO - 禁用策略: 价值反转策略（最终版）_v1.0
2025-08-25 14:07:53,852 - INFO - 禁用策略: 价值反转策略（最终版）_v1.0
2025-08-25 14:07:53,852 - INFO - 配置保存成功
2025-08-25 14:07:53,852 - INFO - 禁用策略: 长周期横盘突破策略_v1.0
2025-08-25 14:07:53,852 - INFO - 禁用策略: 长周期横盘突破策略_v1.0
2025-08-25 14:07:53,852 - INFO - 禁用策略: LONG_TERM_CONSOLIDATION_BREAKOUT_v1.0
2025-08-25 14:07:53,852 - INFO - 配置保存成功
2025-08-25 14:07:53,852 - INFO - 禁用策略: 深渊筑底策略_v2.0
2025-08-25 14:07:53,852 - INFO - 禁用策略: 深渊筑底策略_v2.0
2025-08-25 14:07:53,852 - INFO - 禁用策略: ABYSS_BOTTOMING_v2.0
2025-08-25 14:07:53,852 - INFO - 配置保存成功
2025-08-25 14:07:53,852 - INFO - 禁用策略: 临界金叉_v1.0
2025-08-25 14:07:53,852 - INFO - 禁用策略: 临界金叉_v1.0
2025-08-25 14:07:53,852 - INFO - 禁用策略: PRE_CROSS_v1.0
2025-08-25 14:07:53,853 - INFO - 配置保存成功
2025-08-25 14:07:53,853 - INFO - 禁用策略: 反转做多策略（优化版）_v1.0
2025-08-25 14:07:53,853 - INFO - 禁用策略: 反转做多策略（优化版）_v1.0
2025-08-25 14:07:53,853 - INFO - 配置保存成功
2025-08-25 14:07:53,853 - INFO - 禁用策略: 三重金叉_v1.0
2025-08-25 14:07:53,853 - INFO - 禁用策略: 三重金叉_v1.0
2025-08-25 14:07:53,853 - INFO - 禁用策略: TRIPLE_CROSS_v1.0
2025-08-25 14:07:53,853 - INFO - 配置保存成功
2025-08-25 14:07:53,853 - INFO - 启用策略: 深渊筑底策略_v2.0
2025-08-25 14:07:53,853 - INFO - 启用策略: 深渊筑底策略_v2.0
2025-08-25 14:07:53,853 - INFO - 配置保存成功
2025-08-25 14:07:53,853 - INFO - 启用策略: 临界金叉_v1.0
2025-08-25 14:07:53,853 - INFO - 启用策略: 临界金叉_v1.0
2025-08-25 14:07:53,854 - INFO - 配置保存成功
2025-08-25 14:07:53,854 - INFO - 启用策略: 三重金叉_v1.0
2025-08-25 14:07:53,854 - INFO - 启用策略: 三重金叉_v1.0
2025-08-25 14:07:53,854 - INFO - 配置保存成功
2025-08-25 14:07:53,854 - INFO - 启用策略: MACD零轴启动_v1.0
2025-08-25 14:07:53,854 - INFO - 启用策略: MACD零轴启动_v1.0
2025-08-25 14:07:53,854 - INFO - 配置保存成功
2025-08-25 14:07:53,854 - INFO - 启用策略: 周线金叉+日线MA_v1.0
2025-08-25 14:07:53,854 - INFO - 启用策略: 周线金叉+日线MA_v1.0
2025-08-25 14:07:53,854 - INFO - 配置保存成功
2025-08-25 14:07:53,854 - INFO - 启用策略: 价值反转策略（最终版）_v1.0
2025-08-25 14:07:53,854 - INFO - 启用策略: 价值反转策略（最终版）_v1.0
2025-08-25 14:07:53,855 - INFO - 配置保存成功
2025-08-25 14:07:53,855 - INFO - 启用策略: 反转做多策略（优化版）_v1.0
2025-08-25 14:07:53,855 - INFO - 启用策略: 反转做多策略（优化版）_v1.0
2025-08-25 14:07:53,855 - INFO - 配置保存成功
2025-08-25 14:07:53,855 - INFO - 启用策略: 年度见底机会策略_v1.0
2025-08-25 14:07:53,855 - INFO - 启用策略: 年度见底机会策略_v1.0
2025-08-25 14:07:53,855 - INFO - 配置保存成功
2025-08-25 14:07:53,855 - INFO - 启用策略: 强势股MA13回调策略_v1.0
2025-08-25 14:07:53,855 - INFO - 启用策略: 强势股MA13回调策略_v1.0
2025-08-25 14:07:53,855 - INFO - 配置保存成功
2025-08-25 14:07:53,855 - INFO - 启用策略: 长周期横盘突破策略_v1.0
2025-08-25 14:07:53,855 - INFO - 启用策略: 长周期横盘突破策略_v1.0
2025-08-25 14:08:11,845 - INFO - 172.27.28.139 - - [25/Aug/2025 14:08:11] "GET /api/strategies/反转做多策略（优化版）_v1.0/stocks HTTP/1.1" 200 -
2025-08-25 14:08:17,791 - INFO - 加载配置文件: /home/hypnosis/data/git/quant_base/backend/strategies_config.json
2025-08-25 14:08:17,793 - INFO - 通用筛选器初始化完成
2025-08-25 14:08:17,793 - INFO - ===== 开始执行通用股票筛选 =====
2025-08-25 14:08:17,793 - INFO - 配置保存成功
2025-08-25 14:08:17,793 - INFO - 启用策略: 周线金叉+日线MA_v1.0
2025-08-25 14:08:17,793 - INFO - 启用策略: 周线金叉+日线MA_v1.0
2025-08-25 14:08:17,802 - INFO - 共找到 11848 个股票文件
2025-08-25 14:08:17,802 - INFO - 启用的策略: ['深渊筑底策略_v2.0', '临界金叉_v1.0', '三重金叉_v1.0', 'MACD零轴启动_v1.0', '周线金叉+日线MA_v1.0', '价值反转策略（最终版）_v1.0', '反转做多策略（优化版）_v1.0', '年度见底机会策略_v1.0', '强势股MA13回调策略_v1.0', '长周期横盘突破策略_v1.0']
2025-08-25 14:08:28,015 - INFO - 对 47 个信号结果进行回测摘要分析...
2025-08-25 14:08:28,015 - INFO - 回测分析 [1/41]: sz002039
2025-08-25 14:08:28,021 - INFO - 回测分析 [2/41]: bj836699
2025-08-25 14:08:28,024 - INFO - 回测分析 [3/41]: sz002479
2025-08-25 14:08:28,033 - INFO - 回测分析 [4/41]: sz000595
2025-08-25 14:08:28,038 - INFO - 回测分析 [5/41]: sz002627
2025-08-25 14:08:28,047 - INFO - 回测分析 [6/41]: sh605577
2025-08-25 14:08:28,051 - INFO - 回测分析 [7/41]: sz002766
2025-08-25 14:08:28,059 - INFO - 回测分析 [8/41]: sz300859
2025-08-25 14:08:28,061 - INFO - 回测分析 [9/41]: sz000736
2025-08-25 14:08:28,066 - INFO - 回测分析 [10/41]: sz300175
2025-08-25 14:08:28,071 - INFO - 回测分析 [11/41]: sh600546
2025-08-25 14:08:28,075 - INFO - 回测分析 [12/41]: sh688522
2025-08-25 14:08:28,077 - INFO - 回测分析 [13/41]: sh603261
2025-08-25 14:08:28,081 - INFO - 回测分析 [14/41]: sz300208
2025-08-25 14:08:28,085 - INFO - 回测分析 [15/41]: sh600123
2025-08-25 14:08:28,088 - INFO - 回测分析 [16/41]: sz300268
2025-08-25 14:08:28,092 - INFO - 回测分析 [17/41]: sz000627
2025-08-25 14:08:28,095 - INFO - 回测分析 [18/41]: sz003032
2025-08-25 14:08:28,099 - INFO - 回测分析 [19/41]: sz002529
2025-08-25 14:08:28,104 - INFO - 回测分析 [20/41]: sz002526
2025-08-25 14:08:28,113 - INFO - 回测分析 [21/41]: sh603004
2025-08-25 14:08:28,116 - INFO - 回测分析 [22/41]: sz002563
2025-08-25 14:08:28,123 - INFO - 回测分析 [23/41]: sz001323
2025-08-25 14:08:28,126 - INFO - 回测分析 [24/41]: sz000820
2025-08-25 14:08:28,130 - INFO - 回测分析 [25/41]: sz000651
2025-08-25 14:08:28,134 - INFO - 回测分析 [26/41]: sh688141
2025-08-25 14:08:28,136 - INFO - 回测分析 [27/41]: sz002455
2025-08-25 14:08:28,140 - INFO - 回测分析 [28/41]: sz002290
2025-08-25 14:08:28,144 - INFO - 回测分析 [29/41]: sh600199
2025-08-25 14:08:28,148 - INFO - 回测分析 [30/41]: sz001378
2025-08-25 14:08:28,151 - INFO - 回测分析 [31/41]: sh603111
2025-08-25 14:08:28,160 - INFO - 回测分析 [32/41]: sz002892
2025-08-25 14:08:28,166 - INFO - 回测分析 [33/41]: bj430476
2025-08-25 14:08:28,169 - INFO - 回测分析 [34/41]: sz002581
2025-08-25 14:08:28,173 - INFO - 回测分析 [35/41]: sz002541
2025-08-25 14:08:28,177 - INFO - 回测分析 [36/41]: sz002762
2025-08-25 14:08:28,181 - INFO - 回测分析 [37/41]: sh603348
2025-08-25 14:08:28,186 - INFO - 回测分析 [38/41]: sh603721
2025-08-25 14:08:28,190 - INFO - 回测分析 [39/41]: sz002531
2025-08-25 14:08:28,195 - INFO - 回测分析 [40/41]: sz000518
2025-08-25 14:08:28,200 - INFO - 回测分析 [41/41]: sz002789
2025-08-25 14:08:28,204 - INFO - 筛选完成，发现 47 个信号，耗时 10.41 秒
2025-08-25 14:08:28,205 - INFO - 配置保存成功
2025-08-25 14:08:28,205 - INFO - 禁用策略: 强势股MA13回调策略_v1.0
2025-08-25 14:08:28,205 - INFO - 禁用策略: 强势股MA13回调策略_v1.0
2025-08-25 14:08:28,205 - INFO - 禁用策略: STRONG_STOCK_MA13_PULLBACK_v1.0
2025-08-25 14:08:28,213 - INFO - 配置保存成功
2025-08-25 14:08:28,213 - INFO - 禁用策略: 周线金叉+日线MA_v1.0
2025-08-25 14:08:28,213 - INFO - 禁用策略: 周线金叉+日线MA_v1.0
2025-08-25 14:08:28,213 - INFO - 禁用策略: WEEKLY_GOLDEN_CROSS_MA_v1.0
2025-08-25 14:08:28,213 - INFO - 配置保存成功
2025-08-25 14:08:28,213 - INFO - 禁用策略: 年度见底机会策略_v1.0
2025-08-25 14:08:28,213 - INFO - 禁用策略: 年度见底机会策略_v1.0
2025-08-25 14:08:28,213 - INFO - 禁用策略: ANNUAL_BOTTOM_OPPORTUNITY_v1.0
2025-08-25 14:08:28,214 - INFO - 配置保存成功
2025-08-25 14:08:28,214 - INFO - 禁用策略: MACD零轴启动_v1.0
2025-08-25 14:08:28,214 - INFO - 禁用策略: MACD零轴启动_v1.0
2025-08-25 14:08:28,214 - INFO - 禁用策略: MACD_ZERO_AXIS_v1.0
2025-08-25 14:08:28,214 - INFO - 配置保存成功
2025-08-25 14:08:28,214 - INFO - 禁用策略: 价值反转策略（最终版）_v1.0
2025-08-25 14:08:28,214 - INFO - 禁用策略: 价值反转策略（最终版）_v1.0
2025-08-25 14:08:28,214 - INFO - 配置保存成功
2025-08-25 14:08:28,214 - INFO - 禁用策略: 长周期横盘突破策略_v1.0
2025-08-25 14:08:28,214 - INFO - 禁用策略: 长周期横盘突破策略_v1.0
2025-08-25 14:08:28,214 - INFO - 禁用策略: LONG_TERM_CONSOLIDATION_BREAKOUT_v1.0
2025-08-25 14:08:28,214 - INFO - 配置保存成功
2025-08-25 14:08:28,215 - INFO - 禁用策略: 深渊筑底策略_v2.0
2025-08-25 14:08:28,215 - INFO - 禁用策略: 深渊筑底策略_v2.0
2025-08-25 14:08:28,215 - INFO - 禁用策略: ABYSS_BOTTOMING_v2.0
2025-08-25 14:08:28,215 - INFO - 配置保存成功
2025-08-25 14:08:28,215 - INFO - 禁用策略: 临界金叉_v1.0
2025-08-25 14:08:28,215 - INFO - 禁用策略: 临界金叉_v1.0
2025-08-25 14:08:28,215 - INFO - 禁用策略: PRE_CROSS_v1.0
2025-08-25 14:08:28,215 - INFO - 配置保存成功
2025-08-25 14:08:28,215 - INFO - 禁用策略: 反转做多策略（优化版）_v1.0
2025-08-25 14:08:28,215 - INFO - 禁用策略: 反转做多策略（优化版）_v1.0
2025-08-25 14:08:28,215 - INFO - 配置保存成功
2025-08-25 14:08:28,215 - INFO - 禁用策略: 三重金叉_v1.0
2025-08-25 14:08:28,215 - INFO - 禁用策略: 三重金叉_v1.0
2025-08-25 14:08:28,215 - INFO - 禁用策略: TRIPLE_CROSS_v1.0
2025-08-25 14:08:28,216 - INFO - 配置保存成功
2025-08-25 14:08:28,216 - INFO - 启用策略: 深渊筑底策略_v2.0
2025-08-25 14:08:28,216 - INFO - 启用策略: 深渊筑底策略_v2.0
2025-08-25 14:08:28,216 - INFO - 配置保存成功
2025-08-25 14:08:28,216 - INFO - 启用策略: 临界金叉_v1.0
2025-08-25 14:08:28,216 - INFO - 启用策略: 临界金叉_v1.0
2025-08-25 14:08:28,216 - INFO - 配置保存成功
2025-08-25 14:08:28,216 - INFO - 启用策略: 三重金叉_v1.0
2025-08-25 14:08:28,216 - INFO - 启用策略: 三重金叉_v1.0
2025-08-25 14:08:28,216 - INFO - 配置保存成功
2025-08-25 14:08:28,216 - INFO - 启用策略: MACD零轴启动_v1.0
2025-08-25 14:08:28,216 - INFO - 启用策略: MACD零轴启动_v1.0
2025-08-25 14:08:28,216 - INFO - 配置保存成功
2025-08-25 14:08:28,217 - INFO - 启用策略: 周线金叉+日线MA_v1.0
2025-08-25 14:08:28,217 - INFO - 启用策略: 周线金叉+日线MA_v1.0
2025-08-25 14:08:28,217 - INFO - 配置保存成功
2025-08-25 14:08:28,217 - INFO - 启用策略: 价值反转策略（最终版）_v1.0
2025-08-25 14:08:28,217 - INFO - 启用策略: 价值反转策略（最终版）_v1.0
2025-08-25 14:08:28,217 - INFO - 配置保存成功
2025-08-25 14:08:28,217 - INFO - 启用策略: 反转做多策略（优化版）_v1.0
2025-08-25 14:08:28,217 - INFO - 启用策略: 反转做多策略（优化版）_v1.0
2025-08-25 14:08:28,217 - INFO - 配置保存成功
2025-08-25 14:08:28,217 - INFO - 启用策略: 年度见底机会策略_v1.0
2025-08-25 14:08:28,217 - INFO - 启用策略: 年度见底机会策略_v1.0
2025-08-25 14:08:28,217 - INFO - 配置保存成功
2025-08-25 14:08:28,217 - INFO - 启用策略: 强势股MA13回调策略_v1.0
2025-08-25 14:08:28,217 - INFO - 启用策略: 强势股MA13回调策略_v1.0
2025-08-25 14:08:28,218 - INFO - 配置保存成功
2025-08-25 14:08:28,218 - INFO - 启用策略: 长周期横盘突破策略_v1.0
2025-08-25 14:08:28,218 - INFO - 启用策略: 长周期横盘突破策略_v1.0
2025-08-25 14:08:48,129 - INFO - 172.27.28.139 - - [25/Aug/2025 14:08:48] "GET /api/strategies/周线金叉+日线MA_v1.0/stocks HTTP/1.1" 200 -
2025-08-25 14:09:34,886 - INFO - 加载配置文件: /home/hypnosis/data/git/quant_base/backend/strategies_config.json
2025-08-25 14:09:34,888 - INFO - 通用筛选器初始化完成
2025-08-25 14:09:34,888 - INFO - ===== 开始执行通用股票筛选 =====
2025-08-25 14:09:34,888 - INFO - 配置保存成功
2025-08-25 14:09:34,888 - INFO - 启用策略: 年度见底机会策略_v1.0
2025-08-25 14:09:34,888 - INFO - 启用策略: 年度见底机会策略_v1.0
2025-08-25 14:09:34,915 - INFO - 共找到 11848 个股票文件
2025-08-25 14:09:34,915 - INFO - 启用的策略: ['深渊筑底策略_v2.0', '临界金叉_v1.0', '三重金叉_v1.0', 'MACD零轴启动_v1.0', '周线金叉+日线MA_v1.0', '价值反转策略（最终版）_v1.0', '反转做多策略（优化版）_v1.0', '年度见底机会策略_v1.0', '强势股MA13回调策略_v1.0', '长周期横盘突破策略_v1.0']
2025-08-25 14:09:45,190 - INFO - 对 47 个信号结果进行回测摘要分析...
2025-08-25 14:09:45,190 - INFO - 回测分析 [1/41]: sz002039
2025-08-25 14:09:45,203 - INFO - 回测分析 [2/41]: bj836699
2025-08-25 14:09:45,205 - INFO - 回测分析 [3/41]: sz002479
2025-08-25 14:09:45,215 - INFO - 回测分析 [4/41]: sz000595
2025-08-25 14:09:45,220 - INFO - 回测分析 [5/41]: sz002627
2025-08-25 14:09:45,229 - INFO - 回测分析 [6/41]: sh605577
2025-08-25 14:09:45,233 - INFO - 回测分析 [7/41]: sz002766
2025-08-25 14:09:45,241 - INFO - 回测分析 [8/41]: sz300859
2025-08-25 14:09:45,244 - INFO - 回测分析 [9/41]: sz000736
2025-08-25 14:09:45,248 - INFO - 回测分析 [10/41]: sz300175
2025-08-25 14:09:45,253 - INFO - 回测分析 [11/41]: sh600546
2025-08-25 14:09:45,257 - INFO - 回测分析 [12/41]: sh688522
2025-08-25 14:09:45,260 - INFO - 回测分析 [13/41]: sh603261
2025-08-25 14:09:45,263 - INFO - 回测分析 [14/41]: sz300208
2025-08-25 14:09:45,267 - INFO - 回测分析 [15/41]: sh600123
2025-08-25 14:09:45,271 - INFO - 回测分析 [16/41]: sz300268
2025-08-25 14:09:45,274 - INFO - 回测分析 [17/41]: sz000627
2025-08-25 14:09:45,277 - INFO - 回测分析 [18/41]: sz003032
2025-08-25 14:09:45,282 - INFO - 回测分析 [19/41]: sz002529
2025-08-25 14:09:45,286 - INFO - 回测分析 [20/41]: sz002526
2025-08-25 14:09:45,295 - INFO - 回测分析 [21/41]: sh603004
2025-08-25 14:09:45,298 - INFO - 回测分析 [22/41]: sz002563
2025-08-25 14:09:45,306 - INFO - 回测分析 [23/41]: sz001323
2025-08-25 14:09:45,308 - INFO - 回测分析 [24/41]: sz000820
2025-08-25 14:09:45,313 - INFO - 回测分析 [25/41]: sz000651
2025-08-25 14:09:45,316 - INFO - 回测分析 [26/41]: sh688141
2025-08-25 14:09:45,318 - INFO - 回测分析 [27/41]: sz002455
2025-08-25 14:09:45,323 - INFO - 回测分析 [28/41]: sz002290
2025-08-25 14:09:45,326 - INFO - 回测分析 [29/41]: sh600199
2025-08-25 14:09:45,331 - INFO - 回测分析 [30/41]: sz001378
2025-08-25 14:09:45,334 - INFO - 回测分析 [31/41]: sh603111
2025-08-25 14:09:45,342 - INFO - 回测分析 [32/41]: sz002892
2025-08-25 14:09:45,349 - INFO - 回测分析 [33/41]: bj430476
2025-08-25 14:09:45,352 - INFO - 回测分析 [34/41]: sz002581
2025-08-25 14:09:45,356 - INFO - 回测分析 [35/41]: sz002541
2025-08-25 14:09:45,360 - INFO - 回测分析 [36/41]: sz002762
2025-08-25 14:09:45,364 - INFO - 回测分析 [37/41]: sh603348
2025-08-25 14:09:45,369 - INFO - 回测分析 [38/41]: sh603721
2025-08-25 14:09:45,373 - INFO - 回测分析 [39/41]: sz002531
2025-08-25 14:09:45,378 - INFO - 回测分析 [40/41]: sz000518
2025-08-25 14:09:45,383 - INFO - 回测分析 [41/41]: sz002789
2025-08-25 14:09:45,387 - INFO - 筛选完成，发现 47 个信号，耗时 10.50 秒
2025-08-25 14:09:45,388 - INFO - 配置保存成功
2025-08-25 14:09:45,388 - INFO - 禁用策略: 强势股MA13回调策略_v1.0
2025-08-25 14:09:45,388 - INFO - 禁用策略: 强势股MA13回调策略_v1.0
2025-08-25 14:09:45,388 - INFO - 禁用策略: STRONG_STOCK_MA13_PULLBACK_v1.0
2025-08-25 14:09:45,395 - INFO - 配置保存成功
2025-08-25 14:09:45,395 - INFO - 禁用策略: 周线金叉+日线MA_v1.0
2025-08-25 14:09:45,395 - INFO - 禁用策略: 周线金叉+日线MA_v1.0
2025-08-25 14:09:45,395 - INFO - 禁用策略: WEEKLY_GOLDEN_CROSS_MA_v1.0
2025-08-25 14:09:45,396 - INFO - 配置保存成功
2025-08-25 14:09:45,396 - INFO - 禁用策略: 年度见底机会策略_v1.0
2025-08-25 14:09:45,396 - INFO - 禁用策略: 年度见底机会策略_v1.0
2025-08-25 14:09:45,396 - INFO - 禁用策略: ANNUAL_BOTTOM_OPPORTUNITY_v1.0
2025-08-25 14:09:45,396 - INFO - 配置保存成功
2025-08-25 14:09:45,396 - INFO - 禁用策略: MACD零轴启动_v1.0
2025-08-25 14:09:45,396 - INFO - 禁用策略: MACD零轴启动_v1.0
2025-08-25 14:09:45,396 - INFO - 禁用策略: MACD_ZERO_AXIS_v1.0
2025-08-25 14:09:45,396 - INFO - 配置保存成功
2025-08-25 14:09:45,396 - INFO - 禁用策略: 价值反转策略（最终版）_v1.0
2025-08-25 14:09:45,396 - INFO - 禁用策略: 价值反转策略（最终版）_v1.0
2025-08-25 14:09:45,397 - INFO - 配置保存成功
2025-08-25 14:09:45,397 - INFO - 禁用策略: 长周期横盘突破策略_v1.0
2025-08-25 14:09:45,397 - INFO - 禁用策略: 长周期横盘突破策略_v1.0
2025-08-25 14:09:45,397 - INFO - 禁用策略: LONG_TERM_CONSOLIDATION_BREAKOUT_v1.0
2025-08-25 14:09:45,397 - INFO - 配置保存成功
2025-08-25 14:09:45,397 - INFO - 禁用策略: 深渊筑底策略_v2.0
2025-08-25 14:09:45,397 - INFO - 禁用策略: 深渊筑底策略_v2.0
2025-08-25 14:09:45,397 - INFO - 禁用策略: ABYSS_BOTTOMING_v2.0
2025-08-25 14:09:45,397 - INFO - 配置保存成功
2025-08-25 14:09:45,397 - INFO - 禁用策略: 临界金叉_v1.0
2025-08-25 14:09:45,397 - INFO - 禁用策略: 临界金叉_v1.0
2025-08-25 14:09:45,397 - INFO - 禁用策略: PRE_CROSS_v1.0
2025-08-25 14:09:45,397 - INFO - 配置保存成功
2025-08-25 14:09:45,397 - INFO - 禁用策略: 反转做多策略（优化版）_v1.0
2025-08-25 14:09:45,397 - INFO - 禁用策略: 反转做多策略（优化版）_v1.0
2025-08-25 14:09:45,398 - INFO - 配置保存成功
2025-08-25 14:09:45,398 - INFO - 禁用策略: 三重金叉_v1.0
2025-08-25 14:09:45,398 - INFO - 禁用策略: 三重金叉_v1.0
2025-08-25 14:09:45,398 - INFO - 禁用策略: TRIPLE_CROSS_v1.0
2025-08-25 14:09:45,398 - INFO - 配置保存成功
2025-08-25 14:09:45,398 - INFO - 启用策略: 深渊筑底策略_v2.0
2025-08-25 14:09:45,398 - INFO - 启用策略: 深渊筑底策略_v2.0
2025-08-25 14:09:45,398 - INFO - 配置保存成功
2025-08-25 14:09:45,398 - INFO - 启用策略: 临界金叉_v1.0
2025-08-25 14:09:45,398 - INFO - 启用策略: 临界金叉_v1.0
2025-08-25 14:09:45,398 - INFO - 配置保存成功
2025-08-25 14:09:45,398 - INFO - 启用策略: 三重金叉_v1.0
2025-08-25 14:09:45,398 - INFO - 启用策略: 三重金叉_v1.0
2025-08-25 14:09:45,399 - INFO - 配置保存成功
2025-08-25 14:09:45,399 - INFO - 启用策略: MACD零轴启动_v1.0
2025-08-25 14:09:45,399 - INFO - 启用策略: MACD零轴启动_v1.0
2025-08-25 14:09:45,399 - INFO - 配置保存成功
2025-08-25 14:09:45,399 - INFO - 启用策略: 周线金叉+日线MA_v1.0
2025-08-25 14:09:45,399 - INFO - 启用策略: 周线金叉+日线MA_v1.0
2025-08-25 14:09:45,399 - INFO - 配置保存成功
2025-08-25 14:09:45,399 - INFO - 启用策略: 价值反转策略（最终版）_v1.0
2025-08-25 14:09:45,399 - INFO - 启用策略: 价值反转策略（最终版）_v1.0
2025-08-25 14:09:45,399 - INFO - 配置保存成功
2025-08-25 14:09:45,399 - INFO - 启用策略: 反转做多策略（优化版）_v1.0
2025-08-25 14:09:45,399 - INFO - 启用策略: 反转做多策略（优化版）_v1.0
2025-08-25 14:09:45,400 - INFO - 配置保存成功
2025-08-25 14:09:45,400 - INFO - 启用策略: 年度见底机会策略_v1.0
2025-08-25 14:09:45,400 - INFO - 启用策略: 年度见底机会策略_v1.0
2025-08-25 14:09:45,400 - INFO - 配置保存成功
2025-08-25 14:09:45,400 - INFO - 启用策略: 强势股MA13回调策略_v1.0
2025-08-25 14:09:45,400 - INFO - 启用策略: 强势股MA13回调策略_v1.0
2025-08-25 14:09:45,400 - INFO - 配置保存成功
2025-08-25 14:09:45,400 - INFO - 启用策略: 长周期横盘突破策略_v1.0
2025-08-25 14:09:45,400 - INFO - 启用策略: 长周期横盘突破策略_v1.0
2025-08-25 14:10:06,530 - INFO - 172.27.28.139 - - [25/Aug/2025 14:10:06] "GET /api/strategies/年度见底机会策略_v1.0/stocks HTTP/1.1" 200 -
2025-08-25 14:10:17,354 - INFO - 加载配置文件: /home/hypnosis/data/git/quant_base/backend/strategies_config.json
2025-08-25 14:10:17,356 - INFO - 通用筛选器初始化完成
2025-08-25 14:10:17,356 - INFO - ===== 开始执行通用股票筛选 =====
2025-08-25 14:10:17,379 - INFO - 配置保存成功
2025-08-25 14:10:17,379 - INFO - 启用策略: 强势股MA13回调策略_v1.0
2025-08-25 14:10:17,379 - INFO - 启用策略: 强势股MA13回调策略_v1.0
2025-08-25 14:10:17,388 - INFO - 共找到 11848 个股票文件
2025-08-25 14:10:17,388 - INFO - 启用的策略: ['深渊筑底策略_v2.0', '临界金叉_v1.0', '三重金叉_v1.0', 'MACD零轴启动_v1.0', '周线金叉+日线MA_v1.0', '价值反转策略（最终版）_v1.0', '反转做多策略（优化版）_v1.0', '年度见底机会策略_v1.0', '强势股MA13回调策略_v1.0', '长周期横盘突破策略_v1.0']
2025-08-25 14:10:27,571 - INFO - 对 47 个信号结果进行回测摘要分析...
2025-08-25 14:10:27,571 - INFO - 回测分析 [1/41]: sz002039
2025-08-25 14:10:27,577 - INFO - 回测分析 [2/41]: bj836699
2025-08-25 14:10:27,580 - INFO - 回测分析 [3/41]: sz002479
2025-08-25 14:10:27,591 - INFO - 回测分析 [4/41]: sz000595
2025-08-25 14:10:27,597 - INFO - 回测分析 [5/41]: sz002627
2025-08-25 14:10:27,607 - INFO - 回测分析 [6/41]: sh605577
2025-08-25 14:10:27,611 - INFO - 回测分析 [7/41]: sz002766
2025-08-25 14:10:27,620 - INFO - 回测分析 [8/41]: sz300859
2025-08-25 14:10:27,623 - INFO - 回测分析 [9/41]: sz000736
2025-08-25 14:10:27,627 - INFO - 回测分析 [10/41]: sz300175
2025-08-25 14:10:27,632 - INFO - 回测分析 [11/41]: sh600546
2025-08-25 14:10:27,636 - INFO - 回测分析 [12/41]: sh688522
2025-08-25 14:10:27,639 - INFO - 回测分析 [13/41]: sh603261
2025-08-25 14:10:27,642 - INFO - 回测分析 [14/41]: sz300208
2025-08-25 14:10:27,646 - INFO - 回测分析 [15/41]: sh600123
2025-08-25 14:10:27,650 - INFO - 回测分析 [16/41]: sz300268
2025-08-25 14:10:27,653 - INFO - 回测分析 [17/41]: sz000627
2025-08-25 14:10:27,657 - INFO - 回测分析 [18/41]: sz003032
2025-08-25 14:10:27,661 - INFO - 回测分析 [19/41]: sz002529
2025-08-25 14:10:27,665 - INFO - 回测分析 [20/41]: sz002526
2025-08-25 14:10:27,674 - INFO - 回测分析 [21/41]: sh603004
2025-08-25 14:10:27,677 - INFO - 回测分析 [22/41]: sz002563
2025-08-25 14:10:27,685 - INFO - 回测分析 [23/41]: sz001323
2025-08-25 14:10:27,687 - INFO - 回测分析 [24/41]: sz000820
2025-08-25 14:10:27,692 - INFO - 回测分析 [25/41]: sz000651
2025-08-25 14:10:27,695 - INFO - 回测分析 [26/41]: sh688141
2025-08-25 14:10:27,697 - INFO - 回测分析 [27/41]: sz002455
2025-08-25 14:10:27,702 - INFO - 回测分析 [28/41]: sz002290
2025-08-25 14:10:27,705 - INFO - 回测分析 [29/41]: sh600199
2025-08-25 14:10:27,710 - INFO - 回测分析 [30/41]: sz001378
2025-08-25 14:10:27,713 - INFO - 回测分析 [31/41]: sh603111
2025-08-25 14:10:27,721 - INFO - 回测分析 [32/41]: sz002892
2025-08-25 14:10:27,728 - INFO - 回测分析 [33/41]: bj430476
2025-08-25 14:10:27,730 - INFO - 回测分析 [34/41]: sz002581
2025-08-25 14:10:27,735 - INFO - 回测分析 [35/41]: sz002541
2025-08-25 14:10:27,738 - INFO - 回测分析 [36/41]: sz002762
2025-08-25 14:10:27,743 - INFO - 回测分析 [37/41]: sh603348
2025-08-25 14:10:27,747 - INFO - 回测分析 [38/41]: sh603721
2025-08-25 14:10:27,752 - INFO - 回测分析 [39/41]: sz002531
2025-08-25 14:10:27,756 - INFO - 回测分析 [40/41]: sz000518
2025-08-25 14:10:27,761 - INFO - 回测分析 [41/41]: sz002789
2025-08-25 14:10:27,766 - INFO - 筛选完成，发现 47 个信号，耗时 10.41 秒
2025-08-25 14:10:27,766 - INFO - 配置保存成功
2025-08-25 14:10:27,766 - INFO - 禁用策略: 强势股MA13回调策略_v1.0
2025-08-25 14:10:27,766 - INFO - 禁用策略: 强势股MA13回调策略_v1.0
2025-08-25 14:10:27,766 - INFO - 禁用策略: STRONG_STOCK_MA13_PULLBACK_v1.0
2025-08-25 14:10:27,792 - INFO - 配置保存成功
2025-08-25 14:10:27,792 - INFO - 禁用策略: 周线金叉+日线MA_v1.0
2025-08-25 14:10:27,792 - INFO - 禁用策略: 周线金叉+日线MA_v1.0
2025-08-25 14:10:27,792 - INFO - 禁用策略: WEEKLY_GOLDEN_CROSS_MA_v1.0
2025-08-25 14:10:27,793 - INFO - 配置保存成功
2025-08-25 14:10:27,793 - INFO - 禁用策略: 年度见底机会策略_v1.0
2025-08-25 14:10:27,793 - INFO - 禁用策略: 年度见底机会策略_v1.0
2025-08-25 14:10:27,793 - INFO - 禁用策略: ANNUAL_BOTTOM_OPPORTUNITY_v1.0
2025-08-25 14:10:27,793 - INFO - 配置保存成功
2025-08-25 14:10:27,793 - INFO - 禁用策略: MACD零轴启动_v1.0
2025-08-25 14:10:27,793 - INFO - 禁用策略: MACD零轴启动_v1.0
2025-08-25 14:10:27,793 - INFO - 禁用策略: MACD_ZERO_AXIS_v1.0
2025-08-25 14:10:27,793 - INFO - 配置保存成功
2025-08-25 14:10:27,793 - INFO - 禁用策略: 价值反转策略（最终版）_v1.0
2025-08-25 14:10:27,793 - INFO - 禁用策略: 价值反转策略（最终版）_v1.0
2025-08-25 14:10:27,793 - INFO - 配置保存成功
2025-08-25 14:10:27,793 - INFO - 禁用策略: 长周期横盘突破策略_v1.0
2025-08-25 14:10:27,793 - INFO - 禁用策略: 长周期横盘突破策略_v1.0
2025-08-25 14:10:27,793 - INFO - 禁用策略: LONG_TERM_CONSOLIDATION_BREAKOUT_v1.0
2025-08-25 14:10:27,794 - INFO - 配置保存成功
2025-08-25 14:10:27,794 - INFO - 禁用策略: 深渊筑底策略_v2.0
2025-08-25 14:10:27,794 - INFO - 禁用策略: 深渊筑底策略_v2.0
2025-08-25 14:10:27,794 - INFO - 禁用策略: ABYSS_BOTTOMING_v2.0
2025-08-25 14:10:27,794 - INFO - 配置保存成功
2025-08-25 14:10:27,794 - INFO - 禁用策略: 临界金叉_v1.0
2025-08-25 14:10:27,794 - INFO - 禁用策略: 临界金叉_v1.0
2025-08-25 14:10:27,794 - INFO - 禁用策略: PRE_CROSS_v1.0
2025-08-25 14:10:27,794 - INFO - 配置保存成功
2025-08-25 14:10:27,794 - INFO - 禁用策略: 反转做多策略（优化版）_v1.0
2025-08-25 14:10:27,794 - INFO - 禁用策略: 反转做多策略（优化版）_v1.0
2025-08-25 14:10:27,794 - INFO - 配置保存成功
2025-08-25 14:10:27,794 - INFO - 禁用策略: 三重金叉_v1.0
2025-08-25 14:10:27,794 - INFO - 禁用策略: 三重金叉_v1.0
2025-08-25 14:10:27,794 - INFO - 禁用策略: TRIPLE_CROSS_v1.0
2025-08-25 14:10:27,795 - INFO - 配置保存成功
2025-08-25 14:10:27,795 - INFO - 启用策略: 深渊筑底策略_v2.0
2025-08-25 14:10:27,795 - INFO - 启用策略: 深渊筑底策略_v2.0
2025-08-25 14:10:27,795 - INFO - 配置保存成功
2025-08-25 14:10:27,795 - INFO - 启用策略: 临界金叉_v1.0
2025-08-25 14:10:27,795 - INFO - 启用策略: 临界金叉_v1.0
2025-08-25 14:10:27,795 - INFO - 配置保存成功
2025-08-25 14:10:27,795 - INFO - 启用策略: 三重金叉_v1.0
2025-08-25 14:10:27,795 - INFO - 启用策略: 三重金叉_v1.0
2025-08-25 14:10:27,795 - INFO - 配置保存成功
2025-08-25 14:10:27,795 - INFO - 启用策略: MACD零轴启动_v1.0
2025-08-25 14:10:27,795 - INFO - 启用策略: MACD零轴启动_v1.0
2025-08-25 14:10:27,796 - INFO - 配置保存成功
2025-08-25 14:10:27,796 - INFO - 启用策略: 周线金叉+日线MA_v1.0
2025-08-25 14:10:27,796 - INFO - 启用策略: 周线金叉+日线MA_v1.0
2025-08-25 14:10:27,796 - INFO - 配置保存成功
2025-08-25 14:10:27,796 - INFO - 启用策略: 价值反转策略（最终版）_v1.0
2025-08-25 14:10:27,796 - INFO - 启用策略: 价值反转策略（最终版）_v1.0
2025-08-25 14:10:27,796 - INFO - 配置保存成功
2025-08-25 14:10:27,796 - INFO - 启用策略: 反转做多策略（优化版）_v1.0
2025-08-25 14:10:27,796 - INFO - 启用策略: 反转做多策略（优化版）_v1.0
2025-08-25 14:10:27,796 - INFO - 配置保存成功
2025-08-25 14:10:27,796 - INFO - 启用策略: 年度见底机会策略_v1.0
2025-08-25 14:10:27,796 - INFO - 启用策略: 年度见底机会策略_v1.0
2025-08-25 14:10:27,797 - INFO - 配置保存成功
2025-08-25 14:10:27,797 - INFO - 启用策略: 强势股MA13回调策略_v1.0
2025-08-25 14:10:27,797 - INFO - 启用策略: 强势股MA13回调策略_v1.0
2025-08-25 14:10:27,797 - INFO - 配置保存成功
2025-08-25 14:10:27,797 - INFO - 启用策略: 长周期横盘突破策略_v1.0
2025-08-25 14:10:27,797 - INFO - 启用策略: 长周期横盘突破策略_v1.0
2025-08-25 14:10:45,968 - INFO - 172.27.28.139 - - [25/Aug/2025 14:10:45] "GET /api/strategies/强势股MA13回调策略_v1.0/stocks HTTP/1.1" 200 -
2025-08-25 14:15:23,621 - INFO -  * Detected change in '/home/hypnosis/data/git/quant_base/backend/universal_screener.py', reloading
