2025-08-25 11:44:55,580 - INFO - 加载配置文件: /home/hypnosis/data/git/quant_base/backend/strategies_config.json
2025-08-25 11:44:55,587 - INFO - 配置加载成功: 10 个策略
2025-08-25 11:44:55,587 - INFO - 配置管理器初始化完成，配置文件: /home/hypnosis/data/git/quant_base/config/unified_strategy_config.json
2025-08-25 11:44:55,588 - ERROR - 配置缺少必要参数: macd
2025-08-25 11:44:55,588 - ERROR - 配置缺少必要参数: macd
2025-08-25 11:44:55,589 - ERROR - 配置缺少必要参数: macd
2025-08-25 11:44:55,589 - ERROR - 配置缺少必要参数: macd
2025-08-25 11:44:55,589 - INFO - 通用筛选器初始化完成
2025-08-25 11:44:55,589 - ERROR - 配置缺少必要参数: macd
2025-08-25 11:44:55,589 - ERROR - 获取策略信息失败 价值反转策略（最终版）_v1.0: 'divergence'
2025-08-25 11:44:55,589 - ERROR - 配置缺少必要参数: macd
2025-08-25 11:44:55,589 - ERROR - 获取策略信息失败 反转做多策略（优化版）_v1.0: 'divergence'
2025-08-25 11:44:55,590 - INFO - ===== 开始执行通用股票筛选 =====
2025-08-25 11:44:55,597 - INFO - 共找到 11848 个股票文件
2025-08-25 11:44:55,597 - INFO - 启用的策略: ['深渊筑底策略_v2.0', '临界金叉_v1.0', '三重金叉_v1.0', 'MACD零轴启动_v1.0', '周线金叉+日线MA_v1.0', '价值反转策略（最终版）_v1.0', '反转做多策略（优化版）_v1.0', '年度见底机会策略_v1.0', '强势股MA13回调策略_v1.0', '长周期横盘突破策略_v1.0']
2025-08-25 11:44:55,637 - ERROR - 配置缺少必要参数: macd
2025-08-25 11:44:55,638 - ERROR - 配置缺少必要参数: macd
2025-08-25 11:44:55,643 - ERROR - 配置缺少必要参数: macd
2025-08-25 11:44:55,643 - ERROR - 配置缺少必要参数: macd
2025-08-25 11:44:55,643 - ERROR - 配置缺少必要参数: macd
2025-08-25 11:44:55,643 - ERROR - 配置缺少必要参数: macd
2025-08-25 11:44:55,643 - ERROR - 配置缺少必要参数: macd
2025-08-25 11:44:55,643 - ERROR - 配置缺少必要参数: macd
2025-08-25 11:44:55,643 - ERROR - 配置缺少必要参数: macd
2025-08-25 11:44:55,644 - ERROR - 配置缺少必要参数: macd
2025-08-25 11:44:55,644 - ERROR - 配置缺少必要参数: macd
2025-08-25 11:44:55,644 - ERROR - 配置缺少必要参数: macd
2025-08-25 11:44:55,644 - ERROR - 配置缺少必要参数: macd
2025-08-25 11:44:55,644 - ERROR - 配置缺少必要参数: macd
2025-08-25 11:44:55,644 - ERROR - 配置缺少必要参数: macd
2025-08-25 11:44:55,644 - ERROR - 配置缺少必要参数: macd
2025-08-25 11:44:55,644 - ERROR - 配置缺少必要参数: macd
2025-08-25 11:44:55,644 - ERROR - 配置缺少必要参数: macd
2025-08-25 11:44:55,645 - ERROR - 配置缺少必要参数: macd
2025-08-25 11:44:55,645 - ERROR - 配置缺少必要参数: macd
2025-08-25 11:44:55,645 - ERROR - 配置缺少必要参数: macd
2025-08-25 11:44:55,645 - ERROR - 配置缺少必要参数: macd
2025-08-25 11:44:55,645 - ERROR - 配置缺少必要参数: macd
2025-08-25 11:44:55,645 - ERROR - 配置缺少必要参数: macd
2025-08-25 11:44:55,645 - ERROR - 配置缺少必要参数: macd
2025-08-25 11:44:55,646 - ERROR - 配置缺少必要参数: macd
2025-08-25 11:44:55,646 - ERROR - 配置缺少必要参数: macd
2025-08-25 11:44:55,646 - ERROR - 配置缺少必要参数: macd
2025-08-25 11:44:55,647 - ERROR - 配置缺少必要参数: macd
2025-08-25 11:44:55,647 - ERROR - 配置缺少必要参数: macd
2025-08-25 11:44:55,647 - ERROR - 配置缺少必要参数: macd
2025-08-25 11:44:55,647 - ERROR - 配置缺少必要参数: macd
2025-08-25 11:44:55,648 - ERROR - 配置缺少必要参数: macd
2025-08-25 11:44:55,648 - ERROR - 配置缺少必要参数: macd
2025-08-25 11:44:55,649 - ERROR - 配置缺少必要参数: macd
2025-08-25 11:44:55,650 - ERROR - 配置缺少必要参数: macd
2025-08-25 11:44:55,650 - ERROR - 配置缺少必要参数: macd
2025-08-25 11:44:55,650 - ERROR - 配置缺少必要参数: macd
2025-08-25 11:44:55,650 - ERROR - 配置缺少必要参数: macd
2025-08-25 11:44:55,650 - ERROR - 配置缺少必要参数: macd
2025-08-25 11:44:55,651 - ERROR - 配置缺少必要参数: macd
2025-08-25 11:44:55,651 - ERROR - 配置缺少必要参数: macd
2025-08-25 11:44:55,651 - ERROR - 配置缺少必要参数: macd
2025-08-25 11:44:55,651 - ERROR - 配置缺少必要参数: macd
2025-08-25 11:44:55,651 - ERROR - 配置缺少必要参数: macd
2025-08-25 11:44:55,652 - ERROR - 配置缺少必要参数: macd
2025-08-25 11:44:55,652 - ERROR - 配置缺少必要参数: macd
2025-08-25 11:44:55,652 - ERROR - 配置缺少必要参数: macd
2025-08-25 11:44:55,653 - ERROR - 配置缺少必要参数: macd
2025-08-25 11:44:55,653 - ERROR - 配置缺少必要参数: macd
2025-08-25 11:44:55,655 - ERROR - 配置缺少必要参数: macd
2025-08-25 11:44:55,656 - ERROR - 配置缺少必要参数: macd
2025-08-25 11:44:55,656 - ERROR - 配置缺少必要参数: macd
2025-08-25 11:44:55,657 - ERROR - 配置缺少必要参数: macd
2025-08-25 11:44:55,657 - ERROR - 配置缺少必要参数: macd
2025-08-25 11:44:55,658 - ERROR - 配置缺少必要参数: macd
2025-08-25 11:44:55,662 - ERROR - 配置缺少必要参数: macd
2025-08-25 11:44:55,663 - ERROR - 配置缺少必要参数: macd
2025-08-25 11:44:55,671 - ERROR - 配置缺少必要参数: macd
2025-08-25 11:44:55,673 - ERROR - 配置缺少必要参数: macd
2025-08-25 11:44:55,678 - ERROR - 配置缺少必要参数: macd
2025-08-25 11:44:55,679 - ERROR - 配置缺少必要参数: macd
2025-08-25 11:44:55,683 - ERROR - 配置缺少必要参数: macd
2025-08-25 11:44:55,684 - ERROR - 配置缺少必要参数: macd
2025-08-25 11:44:55,685 - ERROR - 配置缺少必要参数: macd
2025-08-25 11:44:55,686 - ERROR - 配置缺少必要参数: macd
2025-08-25 11:44:55,695 - ERROR - 配置缺少必要参数: macd
2025-08-25 11:44:55,695 - ERROR - 配置缺少必要参数: macd
2025-08-25 11:44:55,695 - ERROR - 配置缺少必要参数: macd
2025-08-25 11:44:55,695 - ERROR - 配置缺少必要参数: macd
2025-08-25 11:44:55,696 - ERROR - 配置缺少必要参数: macd
2025-08-25 11:44:55,696 - ERROR - 配置缺少必要参数: macd
2025-08-25 11:44:55,696 - ERROR - 配置缺少必要参数: macd
2025-08-25 11:44:55,696 - ERROR - 配置缺少必要参数: macd
2025-08-25 11:44:55,696 - ERROR - 配置缺少必要参数: macd
2025-08-25 11:44:55,696 - ERROR - 配置缺少必要参数: macd
2025-08-25 11:44:55,697 - ERROR - 配置缺少必要参数: macd
2025-08-25 11:44:55,697 - ERROR - 配置缺少必要参数: macd
2025-08-25 11:44:55,698 - ERROR - 配置缺少必要参数: macd
2025-08-25 11:44:55,698 - ERROR - 配置缺少必要参数: macd
2025-08-25 11:44:55,699 - ERROR - 配置缺少必要参数: macd
2025-08-25 11:44:55,699 - ERROR - 配置缺少必要参数: macd
2025-08-25 11:44:55,699 - ERROR - 配置缺少必要参数: macd
2025-08-25 11:44:55,699 - ERROR - 配置缺少必要参数: macd
2025-08-25 11:44:55,699 - ERROR - 配置缺少必要参数: macd
2025-08-25 11:44:55,699 - ERROR - 配置缺少必要参数: macd
2025-08-25 11:44:55,699 - ERROR - 配置缺少必要参数: macd
2025-08-25 11:44:55,700 - ERROR - 配置缺少必要参数: macd
2025-08-25 11:44:55,700 - ERROR - 配置缺少必要参数: macd
2025-08-25 11:44:55,700 - ERROR - 配置缺少必要参数: macd
2025-08-25 11:44:55,701 - ERROR - 配置缺少必要参数: macd
2025-08-25 11:44:55,701 - ERROR - 配置缺少必要参数: macd
2025-08-25 11:44:55,702 - ERROR - 配置缺少必要参数: macd
2025-08-25 11:44:55,702 - ERROR - 配置缺少必要参数: macd
2025-08-25 11:44:55,706 - ERROR - 配置缺少必要参数: macd
2025-08-25 11:44:55,707 - ERROR - 配置缺少必要参数: macd
2025-08-25 11:44:55,707 - ERROR - 配置缺少必要参数: macd
2025-08-25 11:44:55,708 - ERROR - 配置缺少必要参数: macd
2025-08-25 11:44:55,708 - ERROR - 配置缺少必要参数: macd
2025-08-25 11:44:55,709 - ERROR - 配置缺少必要参数: macd
2025-08-25 11:44:55,712 - ERROR - 配置缺少必要参数: macd
2025-08-25 11:44:55,713 - ERROR - 配置缺少必要参数: macd
2025-08-25 11:44:55,714 - ERROR - 配置缺少必要参数: macd
2025-08-25 11:44:55,715 - ERROR - 配置缺少必要参数: macd
2025-08-25 11:44:55,715 - ERROR - 配置缺少必要参数: macd
2025-08-25 11:44:55,715 - ERROR - 配置缺少必要参数: macd
2025-08-25 11:44:55,715 - ERROR - 配置缺少必要参数: macd
2025-08-25 11:44:55,716 - ERROR - 配置缺少必要参数: macd
2025-08-25 11:44:55,716 - ERROR - 配置缺少必要参数: macd
2025-08-25 11:44:55,716 - ERROR - 配置缺少必要参数: macd
2025-08-25 11:44:55,716 - ERROR - 配置缺少必要参数: macd
2025-08-25 11:44:55,716 - ERROR - 配置缺少必要参数: macd
2025-08-25 11:44:55,717 - ERROR - 配置缺少必要参数: macd
2025-08-25 11:44:55,717 - ERROR - 配置缺少必要参数: macd
2025-08-25 11:44:55,717 - ERROR - 配置缺少必要参数: macd
2025-08-25 11:44:55,718 - ERROR - 配置缺少必要参数: macd
2025-08-25 11:44:55,721 - ERROR - 配置缺少必要参数: macd
2025-08-25 11:44:55,722 - ERROR - 配置缺少必要参数: macd
2025-08-25 11:44:55,722 - ERROR - 配置缺少必要参数: macd
2025-08-25 11:44:55,722 - ERROR - 配置缺少必要参数: macd
2025-08-25 11:44:55,723 - ERROR - 配置缺少必要参数: macd
2025-08-25 11:44:55,723 - ERROR - 配置缺少必要参数: macd
2025-08-25 11:44:55,734 - ERROR - 配置缺少必要参数: macd
2025-08-25 11:44:55,735 - ERROR - 配置缺少必要参数: macd
2025-08-25 11:44:55,736 - ERROR - 配置缺少必要参数: macd
2025-08-25 11:44:55,736 - ERROR - 配置缺少必要参数: macd
2025-08-25 11:44:55,747 - ERROR - 配置缺少必要参数: macd
2025-08-25 11:44:55,747 - ERROR - 配置缺少必要参数: macd
2025-08-25 11:44:55,747 - ERROR - 配置缺少必要参数: macd
2025-08-25 11:44:55,748 - ERROR - 配置缺少必要参数: macd
2025-08-25 11:44:55,748 - ERROR - 配置缺少必要参数: macd
2025-08-25 11:44:55,748 - ERROR - 配置缺少必要参数: macd
2025-08-25 11:44:55,748 - ERROR - 配置缺少必要参数: macd
2025-08-25 11:44:55,748 - ERROR - 配置缺少必要参数: macd
2025-08-25 11:44:55,748 - ERROR - 配置缺少必要参数: macd
2025-08-25 11:44:55,749 - ERROR - 配置缺少必要参数: macd
2025-08-25 11:44:55,749 - ERROR - 配置缺少必要参数: macd
2025-08-25 11:44:55,750 - ERROR - 配置缺少必要参数: macd
2025-08-25 11:44:55,751 - ERROR - 配置缺少必要参数: macd
2025-08-25 11:44:55,751 - ERROR - 配置缺少必要参数: macd
2025-08-25 11:44:55,751 - ERROR - 配置缺少必要参数: macd
2025-08-25 11:44:55,751 - ERROR - 配置缺少必要参数: macd
2025-08-25 11:44:55,751 - ERROR - 配置缺少必要参数: macd
2025-08-25 11:44:55,752 - ERROR - 配置缺少必要参数: macd
2025-08-25 11:44:55,752 - ERROR - 配置缺少必要参数: macd
2025-08-25 11:44:55,752 - ERROR - 配置缺少必要参数: macd
2025-08-25 11:44:55,752 - ERROR - 配置缺少必要参数: macd
2025-08-25 11:44:55,752 - ERROR - 配置缺少必要参数: macd
2025-08-25 11:44:55,753 - ERROR - 配置缺少必要参数: macd
2025-08-25 11:44:55,753 - ERROR - 配置缺少必要参数: macd
2025-08-25 11:44:55,755 - ERROR - 配置缺少必要参数: macd
2025-08-25 11:44:55,756 - ERROR - 配置缺少必要参数: macd
2025-08-25 11:44:55,757 - ERROR - 配置缺少必要参数: macd
2025-08-25 11:44:55,758 - ERROR - 配置缺少必要参数: macd
2025-08-25 11:44:55,758 - ERROR - 配置缺少必要参数: macd
2025-08-25 11:44:55,759 - ERROR - 配置缺少必要参数: macd
2025-08-25 11:44:55,759 - ERROR - 配置缺少必要参数: macd
2025-08-25 11:44:55,759 - ERROR - 配置缺少必要参数: macd
2025-08-25 11:44:55,764 - ERROR - 配置缺少必要参数: macd
2025-08-25 11:44:55,764 - ERROR - 配置缺少必要参数: macd
2025-08-25 11:44:55,765 - ERROR - 配置缺少必要参数: macd
2025-08-25 11:44:55,765 - ERROR - 配置缺少必要参数: macd
2025-08-25 11:44:55,767 - ERROR - 配置缺少必要参数: macd
2025-08-25 11:44:55,768 - ERROR - 配置缺少必要参数: macd
2025-08-25 11:44:55,768 - ERROR - 配置缺少必要参数: macd
2025-08-25 11:44:55,769 - ERROR - 配置缺少必要参数: macd
2025-08-25 11:44:55,770 - ERROR - 配置缺少必要参数: macd
2025-08-25 11:44:55,770 - ERROR - 配置缺少必要参数: macd
2025-08-25 11:44:55,771 - ERROR - 配置缺少必要参数: macd
2025-08-25 11:44:55,771 - ERROR - 配置缺少必要参数: macd
2025-08-25 11:44:55,774 - ERROR - 配置缺少必要参数: macd
2025-08-25 11:44:55,774 - ERROR - 配置缺少必要参数: macd
2025-08-25 11:44:55,774 - ERROR - 配置缺少必要参数: macd
2025-08-25 11:44:55,775 - ERROR - 配置缺少必要参数: macd
2025-08-25 11:44:55,775 - ERROR - 配置缺少必要参数: macd
2025-08-25 11:44:55,775 - ERROR - 配置缺少必要参数: macd
2025-08-25 11:44:55,775 - ERROR - 配置缺少必要参数: macd
2025-08-25 11:44:55,776 - ERROR - 配置缺少必要参数: macd
2025-08-25 11:44:55,777 - ERROR - 配置缺少必要参数: macd
2025-08-25 11:44:55,778 - ERROR - 配置缺少必要参数: macd
2025-08-25 11:44:55,780 - ERROR - 配置缺少必要参数: macd
2025-08-25 11:44:55,781 - ERROR - 配置缺少必要参数: macd
2025-08-25 11:44:55,783 - ERROR - 配置缺少必要参数: macd
2025-08-25 11:44:55,784 - ERROR - 配置缺少必要参数: macd
2025-08-25 11:44:55,787 - ERROR - 配置缺少必要参数: macd
2025-08-25 11:44:55,788 - ERROR - 配置缺少必要参数: macd
2025-08-25 11:44:55,792 - ERROR - 配置缺少必要参数: macd
2025-08-25 11:44:55,792 - ERROR - 配置缺少必要参数: macd
2025-08-25 11:44:55,797 - ERROR - 配置缺少必要参数: macd
2025-08-25 11:44:55,798 - ERROR - 配置缺少必要参数: macd
2025-08-25 11:44:55,799 - ERROR - 配置缺少必要参数: macd
2025-08-25 11:44:55,799 - ERROR - 配置缺少必要参数: macd
2025-08-25 11:44:55,799 - ERROR - 配置缺少必要参数: macd
2025-08-25 11:44:55,800 - ERROR - 配置缺少必要参数: macd
2025-08-25 11:44:55,800 - ERROR - 配置缺少必要参数: macd
2025-08-25 11:44:55,800 - ERROR - 配置缺少必要参数: macd
2025-08-25 11:44:55,800 - ERROR - 配置缺少必要参数: macd
2025-08-25 11:44:55,801 - ERROR - 配置缺少必要参数: macd
2025-08-25 11:44:55,801 - ERROR - 配置缺少必要参数: macd
2025-08-25 11:44:55,803 - ERROR - 配置缺少必要参数: macd
2025-08-25 11:44:55,803 - ERROR - 配置缺少必要参数: macd
2025-08-25 11:44:55,803 - ERROR - 配置缺少必要参数: macd
2025-08-25 11:44:55,804 - ERROR - 配置缺少必要参数: macd
2025-08-25 11:44:55,804 - ERROR - 配置缺少必要参数: macd
2025-08-25 11:44:55,806 - ERROR - 配置缺少必要参数: macd
2025-08-25 11:44:55,806 - ERROR - 配置缺少必要参数: macd
2025-08-25 11:44:55,806 - ERROR - 配置缺少必要参数: macd
2025-08-25 11:44:55,807 - ERROR - 配置缺少必要参数: macd
2025-08-25 11:44:55,808 - ERROR - 配置缺少必要参数: macd
2025-08-25 11:44:55,808 - ERROR - 配置缺少必要参数: macd
2025-08-25 11:44:55,808 - ERROR - 配置缺少必要参数: macd
2025-08-25 11:44:55,809 - ERROR - 配置缺少必要参数: macd
2025-08-25 11:44:55,810 - ERROR - 配置缺少必要参数: macd
2025-08-25 11:44:55,811 - ERROR - 配置缺少必要参数: macd
2025-08-25 11:44:55,812 - ERROR - 配置缺少必要参数: macd
2025-08-25 11:44:55,813 - ERROR - 配置缺少必要参数: macd
2025-08-25 11:44:55,816 - ERROR - 配置缺少必要参数: macd
2025-08-25 11:44:55,817 - ERROR - 配置缺少必要参数: macd
2025-08-25 11:44:55,817 - ERROR - 配置缺少必要参数: macd
2025-08-25 11:44:55,817 - ERROR - 配置缺少必要参数: macd
2025-08-25 11:44:55,817 - ERROR - 配置缺少必要参数: macd
2025-08-25 11:44:55,818 - ERROR - 配置缺少必要参数: macd
2025-08-25 11:44:55,818 - ERROR - 配置缺少必要参数: macd
2025-08-25 11:44:55,819 - ERROR - 配置缺少必要参数: macd
2025-08-25 11:44:55,819 - ERROR - 配置缺少必要参数: macd
2025-08-25 11:44:55,820 - ERROR - 配置缺少必要参数: macd
2025-08-25 11:44:55,822 - ERROR - 配置缺少必要参数: macd
2025-08-25 11:44:55,822 - ERROR - 配置缺少必要参数: macd
2025-08-25 11:44:55,826 - ERROR - 配置缺少必要参数: macd
2025-08-25 11:44:55,827 - ERROR - 配置缺少必要参数: macd
2025-08-25 11:44:55,828 - ERROR - 配置缺少必要参数: macd
2025-08-25 11:44:55,828 - ERROR - 配置缺少必要参数: macd
2025-08-25 11:44:55,829 - ERROR - 配置缺少必要参数: macd
2025-08-25 11:44:55,829 - ERROR - 配置缺少必要参数: macd
2025-08-25 11:44:55,832 - ERROR - 配置缺少必要参数: macd
2025-08-25 11:44:55,833 - ERROR - 配置缺少必要参数: macd
2025-08-25 11:44:55,833 - ERROR - 配置缺少必要参数: macd
2025-08-25 11:44:55,833 - ERROR - 配置缺少必要参数: macd
2025-08-25 11:44:55,833 - ERROR - 配置缺少必要参数: macd
2025-08-25 11:44:55,834 - ERROR - 配置缺少必要参数: macd
2025-08-25 11:44:55,834 - ERROR - 配置缺少必要参数: macd
2025-08-25 11:44:55,836 - ERROR - 配置缺少必要参数: macd
2025-08-25 11:44:55,837 - ERROR - 配置缺少必要参数: macd
2025-08-25 11:44:55,837 - ERROR - 配置缺少必要参数: macd
2025-08-25 11:44:55,843 - ERROR - 配置缺少必要参数: macd
2025-08-25 11:44:55,843 - ERROR - 配置缺少必要参数: macd
2025-08-25 11:44:55,844 - ERROR - 配置缺少必要参数: macd
2025-08-25 11:44:55,844 - ERROR - 配置缺少必要参数: macd
2025-08-25 11:44:55,845 - ERROR - 配置缺少必要参数: macd
2025-08-25 11:44:55,846 - ERROR - 配置缺少必要参数: macd
2025-08-25 11:44:55,850 - ERROR - 配置缺少必要参数: macd
2025-08-25 11:44:55,850 - ERROR - 配置缺少必要参数: macd
2025-08-25 11:44:55,850 - ERROR - 配置缺少必要参数: macd
2025-08-25 11:44:55,850 - ERROR - 配置缺少必要参数: macd
2025-08-25 11:44:55,850 - ERROR - 配置缺少必要参数: macd
2025-08-25 11:44:55,851 - ERROR - 配置缺少必要参数: macd
2025-08-25 11:44:55,851 - ERROR - 配置缺少必要参数: macd
2025-08-25 11:44:55,851 - ERROR - 配置缺少必要参数: macd
2025-08-25 11:44:55,852 - ERROR - 配置缺少必要参数: macd
2025-08-25 11:44:55,853 - ERROR - 配置缺少必要参数: macd
2025-08-25 11:44:55,853 - ERROR - 配置缺少必要参数: macd
2025-08-25 11:44:55,853 - ERROR - 配置缺少必要参数: macd
2025-08-25 11:44:55,858 - ERROR - 配置缺少必要参数: macd
2025-08-25 11:44:55,859 - ERROR - 配置缺少必要参数: macd
2025-08-25 11:44:55,859 - ERROR - 配置缺少必要参数: macd
2025-08-25 11:44:55,859 - ERROR - 配置缺少必要参数: macd
2025-08-25 11:44:55,861 - ERROR - 配置缺少必要参数: macd
2025-08-25 11:44:55,861 - ERROR - 配置缺少必要参数: macd
2025-08-25 11:44:55,861 - ERROR - 配置缺少必要参数: macd
2025-08-25 11:44:55,861 - ERROR - 配置缺少必要参数: macd
2025-08-25 11:44:55,862 - ERROR - 配置缺少必要参数: macd
2025-08-25 11:44:55,862 - ERROR - 配置缺少必要参数: macd
2025-08-25 11:44:55,862 - ERROR - 配置缺少必要参数: macd
2025-08-25 11:44:55,862 - ERROR - 配置缺少必要参数: macd
2025-08-25 11:44:55,864 - ERROR - 配置缺少必要参数: macd
2025-08-25 11:44:55,865 - ERROR - 配置缺少必要参数: macd
