2025-08-25 14:05:15,441 - INFO - 加载配置文件: /home/hypnosis/data/git/quant_base/backend/strategies_config.json
2025-08-25 14:05:15,443 - INFO - 通用筛选器初始化完成
2025-08-25 14:05:15,443 - INFO - ===== 开始执行通用股票筛选 =====
2025-08-25 14:05:15,443 - INFO - 配置保存成功
2025-08-25 14:05:15,443 - INFO - 启用策略: 临界金叉_v1.0
2025-08-25 14:05:15,443 - INFO - 启用策略: 临界金叉_v1.0
2025-08-25 14:05:15,452 - INFO - 共找到 11848 个股票文件
2025-08-25 14:05:15,452 - INFO - 启用的策略: ['深渊筑底策略_v2.0', '临界金叉_v1.0', '三重金叉_v1.0', 'MACD零轴启动_v1.0', '周线金叉+日线MA_v1.0', '价值反转策略（最终版）_v1.0', '反转做多策略（优化版）_v1.0', '年度见底机会策略_v1.0', '强势股MA13回调策略_v1.0', '长周期横盘突破策略_v1.0']
2025-08-25 14:05:26,221 - INFO - 对 47 个信号结果进行回测摘要分析...
2025-08-25 14:05:26,222 - INFO - 回测分析 [1/41]: sh605577
2025-08-25 14:05:26,230 - INFO - 回测分析 [2/41]: sh600123
2025-08-25 14:05:26,235 - INFO - 回测分析 [3/41]: sz002563
2025-08-25 14:05:26,244 - INFO - 回测分析 [4/41]: sz300268
2025-08-25 14:05:26,248 - INFO - 回测分析 [5/41]: sz002526
2025-08-25 14:05:26,257 - INFO - 回测分析 [6/41]: sh600546
2025-08-25 14:05:26,262 - INFO - 回测分析 [7/41]: bj836699
2025-08-25 14:05:26,264 - INFO - 回测分析 [8/41]: sz002529
2025-08-25 14:05:26,269 - INFO - 回测分析 [9/41]: sh603111
2025-08-25 14:05:26,277 - INFO - 回测分析 [10/41]: sz002581
2025-08-25 14:05:26,282 - INFO - 回测分析 [11/41]: sz002627
2025-08-25 14:05:26,290 - INFO - 回测分析 [12/41]: sz002892
2025-08-25 14:05:26,297 - INFO - 回测分析 [13/41]: bj430476
2025-08-25 14:05:26,300 - INFO - 回测分析 [14/41]: sz000736
2025-08-25 14:05:26,304 - INFO - 回测分析 [15/41]: sz002039
2025-08-25 14:05:26,308 - INFO - 回测分析 [16/41]: sz300859
2025-08-25 14:05:26,334 - INFO - 回测分析 [17/41]: sz000651
2025-08-25 14:05:26,338 - INFO - 回测分析 [18/41]: sz000518
2025-08-25 14:05:26,343 - INFO - 回测分析 [19/41]: sh603004
2025-08-25 14:05:26,346 - INFO - 回测分析 [20/41]: sh600199
2025-08-25 14:05:26,351 - INFO - 回测分析 [21/41]: sz001323
2025-08-25 14:05:26,353 - INFO - 回测分析 [22/41]: sz002290
2025-08-25 14:05:26,356 - INFO - 回测分析 [23/41]: sz000595
2025-08-25 14:05:26,361 - INFO - 回测分析 [24/41]: sz002531
2025-08-25 14:05:26,366 - INFO - 回测分析 [25/41]: sz001378
2025-08-25 14:05:26,369 - INFO - 回测分析 [26/41]: sh688522
2025-08-25 14:05:26,371 - INFO - 回测分析 [27/41]: sz002541
2025-08-25 14:05:26,375 - INFO - 回测分析 [28/41]: sh688141
2025-08-25 14:05:26,377 - INFO - 回测分析 [29/41]: sh603721
2025-08-25 14:05:26,381 - INFO - 回测分析 [30/41]: sz300208
2025-08-25 14:05:26,385 - INFO - 回测分析 [31/41]: sz002762
2025-08-25 14:05:26,390 - INFO - 回测分析 [32/41]: sz002766
2025-08-25 14:05:26,398 - INFO - 回测分析 [33/41]: sz003032
2025-08-25 14:05:26,403 - INFO - 回测分析 [34/41]: sz002479
2025-08-25 14:05:26,412 - INFO - 回测分析 [35/41]: sh603348
2025-08-25 14:05:26,417 - INFO - 回测分析 [36/41]: sz000627
2025-08-25 14:05:26,420 - INFO - 回测分析 [37/41]: sz000820
2025-08-25 14:05:26,425 - INFO - 回测分析 [38/41]: sz002789
2025-08-25 14:05:26,429 - INFO - 回测分析 [39/41]: sz002455
2025-08-25 14:05:26,434 - INFO - 回测分析 [40/41]: sh603261
2025-08-25 14:05:26,438 - INFO - 回测分析 [41/41]: sz300175
2025-08-25 14:05:26,443 - INFO - 筛选完成，发现 47 个信号，耗时 11.00 秒
2025-08-25 14:05:26,443 - INFO - 配置保存成功
2025-08-25 14:05:26,443 - INFO - 禁用策略: 强势股MA13回调策略_v1.0
2025-08-25 14:05:26,443 - INFO - 禁用策略: 强势股MA13回调策略_v1.0
2025-08-25 14:05:26,443 - INFO - 禁用策略: STRONG_STOCK_MA13_PULLBACK_v1.0
2025-08-25 14:05:26,451 - INFO - 配置保存成功
2025-08-25 14:05:26,451 - INFO - 禁用策略: 周线金叉+日线MA_v1.0
2025-08-25 14:05:26,451 - INFO - 禁用策略: 周线金叉+日线MA_v1.0
2025-08-25 14:05:26,451 - INFO - 禁用策略: WEEKLY_GOLDEN_CROSS_MA_v1.0
2025-08-25 14:05:26,451 - INFO - 配置保存成功
2025-08-25 14:05:26,451 - INFO - 禁用策略: 年度见底机会策略_v1.0
2025-08-25 14:05:26,451 - INFO - 禁用策略: 年度见底机会策略_v1.0
2025-08-25 14:05:26,451 - INFO - 禁用策略: ANNUAL_BOTTOM_OPPORTUNITY_v1.0
2025-08-25 14:05:26,452 - INFO - 配置保存成功
2025-08-25 14:05:26,452 - INFO - 禁用策略: MACD零轴启动_v1.0
2025-08-25 14:05:26,452 - INFO - 禁用策略: MACD零轴启动_v1.0
2025-08-25 14:05:26,452 - INFO - 禁用策略: MACD_ZERO_AXIS_v1.0
2025-08-25 14:05:26,452 - INFO - 配置保存成功
2025-08-25 14:05:26,452 - INFO - 禁用策略: 价值反转策略（最终版）_v1.0
2025-08-25 14:05:26,452 - INFO - 禁用策略: 价值反转策略（最终版）_v1.0
2025-08-25 14:05:26,452 - INFO - 配置保存成功
2025-08-25 14:05:26,452 - INFO - 禁用策略: 长周期横盘突破策略_v1.0
2025-08-25 14:05:26,452 - INFO - 禁用策略: 长周期横盘突破策略_v1.0
2025-08-25 14:05:26,452 - INFO - 禁用策略: LONG_TERM_CONSOLIDATION_BREAKOUT_v1.0
2025-08-25 14:05:26,453 - INFO - 配置保存成功
2025-08-25 14:05:26,453 - INFO - 禁用策略: 深渊筑底策略_v2.0
2025-08-25 14:05:26,453 - INFO - 禁用策略: 深渊筑底策略_v2.0
2025-08-25 14:05:26,453 - INFO - 禁用策略: ABYSS_BOTTOMING_v2.0
2025-08-25 14:05:26,453 - INFO - 配置保存成功
2025-08-25 14:05:26,453 - INFO - 禁用策略: 临界金叉_v1.0
2025-08-25 14:05:26,453 - INFO - 禁用策略: 临界金叉_v1.0
2025-08-25 14:05:26,453 - INFO - 禁用策略: PRE_CROSS_v1.0
2025-08-25 14:05:26,453 - INFO - 配置保存成功
2025-08-25 14:05:26,453 - INFO - 禁用策略: 反转做多策略（优化版）_v1.0
2025-08-25 14:05:26,453 - INFO - 禁用策略: 反转做多策略（优化版）_v1.0
2025-08-25 14:05:26,453 - INFO - 配置保存成功
2025-08-25 14:05:26,453 - INFO - 禁用策略: 三重金叉_v1.0
2025-08-25 14:05:26,453 - INFO - 禁用策略: 三重金叉_v1.0
2025-08-25 14:05:26,453 - INFO - 禁用策略: TRIPLE_CROSS_v1.0
2025-08-25 14:05:26,454 - INFO - 配置保存成功
2025-08-25 14:05:26,454 - INFO - 启用策略: 深渊筑底策略_v2.0
2025-08-25 14:05:26,454 - INFO - 启用策略: 深渊筑底策略_v2.0
2025-08-25 14:05:26,454 - INFO - 配置保存成功
2025-08-25 14:05:26,454 - INFO - 启用策略: 临界金叉_v1.0
2025-08-25 14:05:26,454 - INFO - 启用策略: 临界金叉_v1.0
2025-08-25 14:05:26,454 - INFO - 配置保存成功
2025-08-25 14:05:26,454 - INFO - 启用策略: 三重金叉_v1.0
2025-08-25 14:05:26,454 - INFO - 启用策略: 三重金叉_v1.0
2025-08-25 14:05:26,454 - INFO - 配置保存成功
2025-08-25 14:05:26,454 - INFO - 启用策略: MACD零轴启动_v1.0
2025-08-25 14:05:26,454 - INFO - 启用策略: MACD零轴启动_v1.0
2025-08-25 14:05:26,455 - INFO - 配置保存成功
2025-08-25 14:05:26,455 - INFO - 启用策略: 周线金叉+日线MA_v1.0
2025-08-25 14:05:26,455 - INFO - 启用策略: 周线金叉+日线MA_v1.0
2025-08-25 14:05:26,455 - INFO - 配置保存成功
2025-08-25 14:05:26,455 - INFO - 启用策略: 价值反转策略（最终版）_v1.0
2025-08-25 14:05:26,455 - INFO - 启用策略: 价值反转策略（最终版）_v1.0
2025-08-25 14:05:26,455 - INFO - 配置保存成功
2025-08-25 14:05:26,455 - INFO - 启用策略: 反转做多策略（优化版）_v1.0
2025-08-25 14:05:26,455 - INFO - 启用策略: 反转做多策略（优化版）_v1.0
2025-08-25 14:05:26,455 - INFO - 配置保存成功
2025-08-25 14:05:26,455 - INFO - 启用策略: 年度见底机会策略_v1.0
2025-08-25 14:05:26,455 - INFO - 启用策略: 年度见底机会策略_v1.0
2025-08-25 14:05:26,456 - INFO - 配置保存成功
2025-08-25 14:05:26,456 - INFO - 启用策略: 强势股MA13回调策略_v1.0
2025-08-25 14:05:26,456 - INFO - 启用策略: 强势股MA13回调策略_v1.0
2025-08-25 14:05:26,456 - INFO - 配置保存成功
2025-08-25 14:05:26,456 - INFO - 启用策略: 长周期横盘突破策略_v1.0
2025-08-25 14:05:26,456 - INFO - 启用策略: 长周期横盘突破策略_v1.0
2025-08-25 14:05:32,775 - INFO -  * Detected change in '/home/hypnosis/data/git/quant_base/backend/app.py', reloading
