2025-08-25 14:16:02,334 - INFO - 加载配置文件: /home/hypnosis/data/git/quant_base/backend/strategies_config.json
2025-08-25 14:16:02,335 - INFO - 通用筛选器初始化完成
2025-08-25 14:16:02,335 - INFO - ===== 开始执行通用股票筛选 =====
2025-08-25 14:16:02,335 - INFO - 指定运行策略: ['MACD零轴启动_v1.0']
2025-08-25 14:16:02,343 - INFO - 共找到 11848 个股票文件
2025-08-25 14:16:07,286 - INFO - 筛选完成，发现 0 个信号，耗时 4.95 秒
2025-08-25 14:16:07,288 - INFO - 172.27.28.139 - - [25/Aug/2025 14:16:07] "GET /api/strategies/MACD零轴启动_v1.0/stocks HTTP/1.1" 200 -
2025-08-25 14:16:23,442 - INFO - 加载配置文件: /home/hypnosis/data/git/quant_base/backend/strategies_config.json
2025-08-25 14:16:23,444 - INFO - 通用筛选器初始化完成
2025-08-25 14:16:23,444 - INFO - ===== 开始执行通用股票筛选 =====
2025-08-25 14:16:23,444 - INFO - 指定运行策略: ['三重金叉_v1.0']
2025-08-25 14:16:23,452 - INFO - 共找到 11848 个股票文件
2025-08-25 14:16:28,620 - INFO - 筛选完成，发现 0 个信号，耗时 5.18 秒
2025-08-25 14:16:28,622 - INFO - 172.27.28.139 - - [25/Aug/2025 14:16:28] "GET /api/strategies/三重金叉_v1.0/stocks HTTP/1.1" 200 -
2025-08-25 14:16:36,162 - INFO - 加载配置文件: /home/hypnosis/data/git/quant_base/backend/strategies_config.json
2025-08-25 14:16:36,164 - INFO - 通用筛选器初始化完成
2025-08-25 14:16:36,164 - INFO - ===== 开始执行通用股票筛选 =====
2025-08-25 14:16:36,164 - INFO - 指定运行策略: ['临界金叉_v1.0']
2025-08-25 14:16:36,172 - INFO - 共找到 11848 个股票文件
2025-08-25 14:16:41,277 - INFO - 筛选完成，发现 0 个信号，耗时 5.11 秒
2025-08-25 14:16:41,279 - INFO - 172.27.28.139 - - [25/Aug/2025 14:16:41] "GET /api/strategies/临界金叉_v1.0/stocks HTTP/1.1" 200 -
2025-08-25 14:16:47,087 - INFO - 加载配置文件: /home/hypnosis/data/git/quant_base/backend/strategies_config.json
2025-08-25 14:16:47,089 - INFO - 通用筛选器初始化完成
2025-08-25 14:16:47,089 - INFO - ===== 开始执行通用股票筛选 =====
2025-08-25 14:16:47,089 - INFO - 指定运行策略: ['价值反转策略（最终版）_v1.0']
2025-08-25 14:16:47,097 - INFO - 共找到 11848 个股票文件
2025-08-25 14:16:52,468 - INFO - 对 8 个信号结果进行回测摘要分析...
2025-08-25 14:16:52,468 - INFO - 回测分析 [1/8]: sh688522
2025-08-25 14:16:52,474 - INFO - 回测分析 [2/8]: bj430476
2025-08-25 14:16:52,477 - INFO - 回测分析 [3/8]: bj836699
2025-08-25 14:16:52,479 - INFO - 回测分析 [4/8]: sz300859
2025-08-25 14:16:52,482 - INFO - 回测分析 [5/8]: sz001323
2025-08-25 14:16:52,484 - INFO - 回测分析 [6/8]: sz002541
2025-08-25 14:16:52,488 - INFO - 回测分析 [7/8]: sz000651
2025-08-25 14:16:52,491 - INFO - 回测分析 [8/8]: sh688141
2025-08-25 14:16:52,493 - INFO - 筛选完成，发现 8 个信号，耗时 5.40 秒
2025-08-25 14:16:54,296 - INFO - 172.27.28.139 - - [25/Aug/2025 14:16:54] "GET /api/strategies/价值反转策略（最终版）_v1.0/stocks HTTP/1.1" 200 -
2025-08-25 14:17:01,071 - INFO - 加载配置文件: /home/hypnosis/data/git/quant_base/backend/strategies_config.json
2025-08-25 14:17:01,073 - INFO - 通用筛选器初始化完成
2025-08-25 14:17:01,073 - INFO - ===== 开始执行通用股票筛选 =====
2025-08-25 14:17:01,073 - INFO - 指定运行策略: ['反转做多策略（优化版）_v1.0']
2025-08-25 14:17:01,082 - INFO - 共找到 11848 个股票文件
2025-08-25 14:17:05,848 - INFO - 对 9 个信号结果进行回测摘要分析...
2025-08-25 14:17:05,848 - INFO - 回测分析 [1/9]: sh688522
2025-08-25 14:17:05,853 - INFO - 回测分析 [2/9]: sz300859
2025-08-25 14:17:05,856 - INFO - 回测分析 [3/9]: sz002039
2025-08-25 14:17:05,860 - INFO - 回测分析 [4/9]: bj836699
2025-08-25 14:17:05,862 - INFO - 回测分析 [5/9]: sz000627
2025-08-25 14:17:05,865 - INFO - 回测分析 [6/9]: sz002290
2025-08-25 14:17:05,869 - INFO - 回测分析 [7/9]: sz002541
2025-08-25 14:17:05,873 - INFO - 回测分析 [8/9]: sz000651
2025-08-25 14:17:05,876 - INFO - 回测分析 [9/9]: sh688141
2025-08-25 14:17:05,878 - INFO - 筛选完成，发现 9 个信号，耗时 4.80 秒
2025-08-25 14:17:07,402 - INFO - 172.27.28.139 - - [25/Aug/2025 14:17:07] "GET /api/strategies/反转做多策略（优化版）_v1.0/stocks HTTP/1.1" 200 -
2025-08-25 14:17:14,640 - INFO - 加载配置文件: /home/hypnosis/data/git/quant_base/backend/strategies_config.json
2025-08-25 14:17:14,641 - INFO - 通用筛选器初始化完成
2025-08-25 14:17:14,641 - INFO - ===== 开始执行通用股票筛选 =====
2025-08-25 14:17:14,641 - INFO - 指定运行策略: ['周线金叉+日线MA_v1.0']
2025-08-25 14:17:14,649 - INFO - 共找到 11848 个股票文件
2025-08-25 14:17:20,622 - INFO - 对 7 个信号结果进行回测摘要分析...
2025-08-25 14:17:20,622 - INFO - 回测分析 [1/7]: sz002563
2025-08-25 14:17:20,633 - INFO - 回测分析 [2/7]: sz002526
2025-08-25 14:17:20,642 - INFO - 回测分析 [3/7]: sz002479
2025-08-25 14:17:20,651 - INFO - 回测分析 [4/7]: sz002627
2025-08-25 14:17:20,660 - INFO - 回测分析 [5/7]: sz002766
2025-08-25 14:17:20,668 - INFO - 回测分析 [6/7]: sz002892
2025-08-25 14:17:20,675 - INFO - 回测分析 [7/7]: sh603111
2025-08-25 14:17:20,683 - INFO - 筛选完成，发现 7 个信号，耗时 6.04 秒
2025-08-25 14:17:22,422 - INFO - 172.27.28.139 - - [25/Aug/2025 14:17:22] "GET /api/strategies/周线金叉+日线MA_v1.0/stocks HTTP/1.1" 200 -
2025-08-25 14:17:37,650 - INFO - 加载配置文件: /home/hypnosis/data/git/quant_base/backend/strategies_config.json
2025-08-25 14:17:37,652 - INFO - 通用筛选器初始化完成
2025-08-25 14:17:37,652 - INFO - ===== 开始执行通用股票筛选 =====
2025-08-25 14:17:37,652 - INFO - 指定运行策略: ['年度见底机会策略_v1.0']
2025-08-25 14:17:37,660 - INFO - 共找到 11848 个股票文件
2025-08-25 14:17:42,664 - INFO - 筛选完成，发现 0 个信号，耗时 5.01 秒
2025-08-25 14:17:42,666 - INFO - 172.27.28.139 - - [25/Aug/2025 14:17:42] "GET /api/strategies/年度见底机会策略_v1.0/stocks HTTP/1.1" 200 -
2025-08-25 14:17:48,564 - INFO - 加载配置文件: /home/hypnosis/data/git/quant_base/backend/strategies_config.json
2025-08-25 14:17:48,566 - INFO - 通用筛选器初始化完成
2025-08-25 14:17:48,566 - INFO - ===== 开始执行通用股票筛选 =====
2025-08-25 14:17:48,566 - INFO - 指定运行策略: ['强势股MA13回调策略_v1.0']
2025-08-25 14:17:48,574 - INFO - 共找到 11848 个股票文件
2025-08-25 14:17:53,706 - INFO - 筛选完成，发现 0 个信号，耗时 5.14 秒
2025-08-25 14:17:53,708 - INFO - 172.27.28.139 - - [25/Aug/2025 14:17:53] "GET /api/strategies/强势股MA13回调策略_v1.0/stocks HTTP/1.1" 200 -
2025-08-25 14:18:33,073 - INFO - 加载配置文件: /home/hypnosis/data/git/quant_base/backend/strategies_config.json
2025-08-25 14:18:33,075 - INFO - 通用筛选器初始化完成
2025-08-25 14:18:33,075 - INFO - ===== 开始执行通用股票筛选 =====
2025-08-25 14:18:33,075 - INFO - 指定运行策略: ['深渊筑底策略_v2.0']
2025-08-25 14:18:33,083 - INFO - 共找到 11848 个股票文件
2025-08-25 14:18:38,150 - INFO - 对 23 个信号结果进行回测摘要分析...
2025-08-25 14:18:38,150 - INFO - 回测分析 [1/23]: sh603004
2025-08-25 14:18:38,156 - INFO - 回测分析 [2/23]: sz002455
2025-08-25 14:18:38,161 - INFO - 回测分析 [3/23]: sz001378
2025-08-25 14:18:38,165 - INFO - 回测分析 [4/23]: sz002581
2025-08-25 14:18:38,169 - INFO - 回测分析 [5/23]: sz002762
2025-08-25 14:18:38,174 - INFO - 回测分析 [6/23]: sz002531
2025-08-25 14:18:38,179 - INFO - 回测分析 [7/23]: sz300208
2025-08-25 14:18:38,182 - INFO - 回测分析 [8/23]: sh600546
2025-08-25 14:18:38,187 - INFO - 回测分析 [9/23]: sz000736
2025-08-25 14:18:38,191 - INFO - 回测分析 [10/23]: sh603348
2025-08-25 14:18:38,196 - INFO - 回测分析 [11/23]: sh605577
2025-08-25 14:18:38,200 - INFO - 回测分析 [12/23]: sz002529
2025-08-25 14:18:38,205 - INFO - 回测分析 [13/23]: sz000595
2025-08-25 14:18:38,209 - INFO - 回测分析 [14/23]: sz003032
2025-08-25 14:18:38,213 - INFO - 回测分析 [15/23]: sh603721
2025-08-25 14:18:38,218 - INFO - 回测分析 [16/23]: sh600123
2025-08-25 14:18:38,222 - INFO - 回测分析 [17/23]: sz000820
2025-08-25 14:18:38,249 - INFO - 回测分析 [18/23]: sz002789
2025-08-25 14:18:38,253 - INFO - 回测分析 [19/23]: sh600199
2025-08-25 14:18:38,258 - INFO - 回测分析 [20/23]: sz000518
2025-08-25 14:18:38,263 - INFO - 回测分析 [21/23]: sz300175
2025-08-25 14:18:38,267 - INFO - 回测分析 [22/23]: sh603261
2025-08-25 14:18:38,271 - INFO - 回测分析 [23/23]: sz300268
2025-08-25 14:18:38,275 - INFO - 筛选完成，发现 23 个信号，耗时 5.20 秒
2025-08-25 14:18:45,286 - INFO - 加载配置文件: /home/hypnosis/data/git/quant_base/backend/strategies_config.json
2025-08-25 14:18:45,288 - INFO - 通用筛选器初始化完成
2025-08-25 14:18:45,288 - INFO - ===== 开始执行通用股票筛选 =====
2025-08-25 14:18:45,288 - INFO - 指定运行策略: ['长周期横盘突破策略_v1.0']
2025-08-25 14:18:45,296 - INFO - 共找到 11848 个股票文件
2025-08-25 14:18:45,783 - INFO - 172.27.28.139 - - [25/Aug/2025 14:18:45] "GET /api/strategies/深渊筑底策略_v2.0/stocks HTTP/1.1" 200 -
2025-08-25 14:18:50,335 - INFO - 筛选完成，发现 0 个信号，耗时 5.05 秒
2025-08-25 14:18:50,337 - INFO - 172.27.28.139 - - [25/Aug/2025 14:18:50] "GET /api/strategies/长周期横盘突破策略_v1.0/stocks HTTP/1.1" 200 -
