(venv) hypnosis@hypnosis-AI9:~/data/quant_base$ python demo_backend_step0.py 
🚀 后端Step0调整功能演示
本演示将展示新增的数据库扩展、数据丰富器、参数画像生成器和历史回测功能

============================================================
1. 演示数据库扩展功能
============================================================
2025-08-18 11:47:43,859 - INFO - 数据库初始化完成
2025-08-18 11:47:43,867 - INFO - 股票 sz300290 已添加到核心观察池
添加股票 sz300290: 成功
2025-08-18 11:47:43,873 - INFO - 股票 sh600036 已添加到核心观察池
添加股票 sh600036: 成功
观察池统计: {'total_stocks': 2, 'active_stocks': 2, 'avg_score': 0.7849999999999999, 'avg_credibility': 1.0, 'total_signals': 0, 'total_successes': 0, 'overall_win_rate': 0.0, 'grade_distribution': {'A': 1, 'B': 1}, 'recent_signals': 0, 'last_updated': '2025-08-18T11:47:43.873219'}

============================================================
2. 演示数据丰富器功能
============================================================
2025-08-18 11:47:43,873 - INFO - 数据库初始化完成
为 sz300290 丰富数据...
2025-08-18 11:47:43,873 - INFO - 开始丰富数据: sz300290
2025-08-18 11:48:52,434 - WARNING - 获取 sz300290 龙虎榜数据失败: 'NoneType' object is not subscriptable
2025-08-18 11:49:06,061 - WARNING - 获取 sz300290 涨停原因失败: module 'craw.stock_limitup_reason' has no attribute 'get_limit_up_reason'
2025-08-18 11:49:06,075 - INFO - 股票 sz300290 画像数据已更新
2025-08-18 11:49:06,075 - INFO - 成功丰富 sz300290 数据，更新了 1 个字段
丰富结果: 成功
数据丰富摘要: {'total_stocks': 2, 'enriched_stocks': 0, 'health_score_available': 0, 'lhb_data_available': 0, 'financial_data_available': 0, 'limit_up_reason_available': 0, 'avg_health_score': 0.0}

============================================================
3. 演示个股画像生成器功能
============================================================
2025-08-18 11:49:06,076 - INFO - 数据库初始化完成
为 sz300290 生成参数画像...
2025-08-18 11:49:06,076 - INFO - 开始为 sz300290 生成参数画像
2025-08-18 11:49:06,152 - ERROR - 验证参数时出错: calculate_rsi() got an unexpected keyword argument 'period'
2025-08-18 11:49:06,159 - INFO - 股票 sz300290 画像数据已更新
2025-08-18 11:49:06,159 - INFO - 成功为 sz300290 生成参数画像，验证分数: 0.000
画像生成结果: 成功
参数画像摘要: {'total_stocks': 2, 'profiled_stocks': 2, 'avg_validation_score': 0.0, 'optimization_methods': {'unknown': 2}, 'parameter_distributions': {}}

============================================================
4. 演示历史回测验证功能
============================================================
2025-08-18 11:49:06,159 - INFO - 加载配置文件: /home/hypnosis/data/quant_base/backend/strategies_config.json
2025-08-18 11:49:06,160 - INFO - 配置加载成功: 5 个策略
2025-08-18 11:49:06,160 - INFO - 配置管理器初始化完成，配置文件: /home/hypnosis/data/quant_base/config/unified_strategy_config.json
2025-08-18 11:49:06,161 - INFO - 通用筛选器初始化完成
使用历史日期进行筛选: 2025-07-19
2025-08-18 11:49:06,161 - INFO - ===== 开始执行通用股票筛选 =====
2025-08-18 11:49:06,161 - INFO - 启用策略: abyss_strategy
2025-08-18 11:49:06,170 - INFO - 共找到 11839 个股票文件
2025-08-18 11:49:06,170 - INFO - 启用的策略: ['深渊筑底策略_v2.0', '临界金叉_v1.0', '三重金叉_v1.0', 'MACD零轴启动_v1.0', '周线金叉+日线MA_v1.0']
2025-08-18 11:49:17,518 - INFO - 对 401 个信号结果进行回测摘要分析...
2025-08-18 11:49:17,518 - INFO - 回测分析 [1/401]: 31#00750
2025-08-18 11:49:17,526 - INFO - 回测分析 [2/401]: 31#01255
2025-08-18 11:49:17,555 - INFO - 回测分析 [3/401]: 31#01663
2025-08-18 11:49:17,558 - INFO - 回测分析 [4/401]: 31#01351
2025-08-18 11:49:17,562 - INFO - 回测分析 [5/401]: sz002047
2025-08-18 11:49:17,566 - INFO - 回测分析 [6/401]: 31#01105
2025-08-18 11:49:17,569 - INFO - 回测分析 [7/401]: 31#00894
2025-08-18 11:49:17,573 - INFO - 回测分析 [8/401]: sh600238
2025-08-18 11:49:17,577 - INFO - 回测分析 [9/401]: 31#06812
2025-08-18 11:49:17,580 - INFO - 回测分析 [10/401]: 31#06190
2025-08-18 11:49:17,583 - INFO - 回测分析 [11/401]: 31#02127
2025-08-18 11:49:17,587 - INFO - 回测分析 [12/401]: sh600724
2025-08-18 11:49:17,590 - INFO - 回测分析 [13/401]: sh600348
2025-08-18 11:49:17,594 - INFO - 回测分析 [14/401]: 31#01638
2025-08-18 11:49:17,598 - INFO - 回测分析 [15/401]: 31#01107
2025-08-18 11:49:17,601 - INFO - 回测分析 [16/401]: 31#02370
2025-08-18 11:49:17,604 - INFO - 回测分析 [17/401]: sz300904
2025-08-18 11:49:17,606 - INFO - 回测分析 [18/401]: 31#02372
2025-08-18 11:49:17,609 - INFO - 回测分析 [19/401]: sh600971
2025-08-18 11:49:17,613 - INFO - 回测分析 [20/401]: 31#01790
2025-08-18 11:49:17,616 - INFO - 回测分析 [21/401]: 31#01583
2025-08-18 11:49:17,619 - INFO - 回测分析 [22/401]: 31#01897
2025-08-18 11:49:17,622 - INFO - 回测分析 [23/401]: sz002876
2025-08-18 11:49:17,630 - INFO - 回测分析 [24/401]: 31#06899
2025-08-18 11:49:17,633 - INFO - 回测分析 [25/401]: 31#01204
2025-08-18 11:49:17,636 - INFO - 回测分析 [26/401]: 31#01667
2025-08-18 11:49:17,639 - INFO - 回测分析 [27/401]: 31#00543
2025-08-18 11:49:17,643 - INFO - 回测分析 [28/401]: sz002176
2025-08-18 11:49:17,647 - INFO - 回测分析 [29/401]: 31#00599
2025-08-18 11:49:17,649 - INFO - 回测分析 [30/401]: 31#01034
2025-08-18 11:49:17,653 - INFO - 回测分析 [31/401]: 31#06158
2025-08-18 11:49:17,657 - INFO - 回测分析 [32/401]: 31#02289
2025-08-18 11:49:17,662 - INFO - 回测分析 [33/401]: 31#00979
2025-08-18 11:49:17,665 - INFO - 回测分析 [34/401]: 31#02436
2025-08-18 11:49:17,668 - INFO - 回测分析 [35/401]: 31#03913
2025-08-18 11:49:17,672 - INFO - 回测分析 [36/401]: 31#02442
2025-08-18 11:49:17,675 - INFO - 回测分析 [37/401]: 31#01849
2025-08-18 11:49:17,678 - INFO - 回测分析 [38/401]: 31#02416
2025-08-18 11:49:17,681 - INFO - 回测分析 [39/401]: 31#06900
2025-08-18 11:49:17,684 - INFO - 回测分析 [40/401]: 31#01598
2025-08-18 11:49:17,688 - INFO - 回测分析 [41/401]: 31#06108
2025-08-18 11:49:17,691 - INFO - 回测分析 [42/401]: sz002159
2025-08-18 11:49:17,700 - INFO - 回测分析 [43/401]: 31#00606
2025-08-18 11:49:17,703 - INFO - 回测分析 [44/401]: sh688172
2025-08-18 11:49:17,706 - INFO - 回测分析 [45/401]: 31#01383
2025-08-18 11:49:17,709 - INFO - 回测分析 [46/401]: 31#01246
2025-08-18 11:49:17,712 - INFO - 回测分析 [47/401]: sz002041
2025-08-18 11:49:17,716 - INFO - 回测分析 [48/401]: 31#01865
2025-08-18 11:49:17,720 - INFO - 回测分析 [49/401]: 31#00034
2025-08-18 11:49:17,724 - INFO - 回测分析 [50/401]: sz000516
2025-08-18 11:49:17,728 - INFO - 回测分析 [51/401]: 31#00951
2025-08-18 11:49:17,734 - INFO - 回测分析 [52/401]: 31#01978
2025-08-18 11:49:17,738 - INFO - 回测分析 [53/401]: sh603153
2025-08-18 11:49:17,741 - INFO - 回测分析 [54/401]: 31#06606
2025-08-18 11:49:17,744 - INFO - 回测分析 [55/401]: sh601801
2025-08-18 11:49:17,752 - INFO - 回测分析 [56/401]: 31#01560
2025-08-18 11:49:17,755 - INFO - 回测分析 [57/401]: sh603000
2025-08-18 11:49:17,762 - INFO - 回测分析 [58/401]: sz000595
2025-08-18 11:49:17,767 - INFO - 回测分析 [59/401]: 31#02222
2025-08-18 11:49:17,770 - INFO - 回测分析 [60/401]: 31#00333
2025-08-18 11:49:17,774 - INFO - 回测分析 [61/401]: 31#02361
2025-08-18 11:49:17,776 - INFO - 回测分析 [62/401]: 31#00310
2025-08-18 11:49:17,779 - INFO - 回测分析 [63/401]: 31#02101
2025-08-18 11:49:17,783 - INFO - 回测分析 [64/401]: 31#03997
2025-08-18 11:49:17,786 - INFO - 回测分析 [65/401]: 31#01489
2025-08-18 11:49:17,789 - INFO - 回测分析 [66/401]: 31#09977
2025-08-18 11:49:17,792 - INFO - 回测分析 [67/401]: 31#06119
2025-08-18 11:49:17,795 - INFO - 回测分析 [68/401]: 31#02017
2025-08-18 11:49:17,798 - INFO - 回测分析 [69/401]: 31#03300
2025-08-18 11:49:17,801 - INFO - 回测分析 [70/401]: sh688478
2025-08-18 11:49:17,804 - INFO - 回测分析 [71/401]: sz000550
2025-08-18 11:49:17,808 - INFO - 回测分析 [72/401]: sz002531
2025-08-18 11:49:17,813 - INFO - 回测分析 [73/401]: 31#01909
2025-08-18 11:49:17,816 - INFO - 回测分析 [74/401]: 31#01812
2025-08-18 11:49:17,820 - INFO - 回测分析 [75/401]: 31#00593
2025-08-18 11:49:17,823 - INFO - 回测分析 [76/401]: sh603348
2025-08-18 11:49:17,827 - INFO - 回测分析 [77/401]: 31#01183
2025-08-18 11:49:17,831 - INFO - 回测分析 [78/401]: 31#01244
2025-08-18 11:49:17,834 - INFO - 回测分析 [79/401]: 31#06689
2025-08-18 11:49:17,837 - INFO - 回测分析 [80/401]: sh601666
2025-08-18 11:49:17,840 - INFO - 回测分析 [81/401]: 31#02399
2025-08-18 11:49:17,844 - INFO - 回测分析 [82/401]: sh605089
2025-08-18 11:49:17,847 - INFO - 回测分析 [83/401]: 31#00126
2025-08-18 11:49:17,851 - INFO - 回测分析 [84/401]: 31#01975
2025-08-18 11:49:17,854 - INFO - 回测分析 [85/401]: 31#01250
2025-08-18 11:49:17,858 - INFO - 回测分析 [86/401]: 31#02623
2025-08-18 11:49:17,861 - INFO - 回测分析 [87/401]: 31#00936
2025-08-18 11:49:17,864 - INFO - 回测分析 [88/401]: 31#01708
2025-08-18 11:49:17,867 - INFO - 回测分析 [89/401]: 31#01727
2025-08-18 11:49:17,871 - INFO - 回测分析 [90/401]: sz002154
2025-08-18 11:49:17,875 - INFO - 回测分析 [91/401]: sz002521
2025-08-18 11:49:17,879 - INFO - 回测分析 [92/401]: sh600123
2025-08-18 11:49:17,883 - INFO - 回测分析 [93/401]: 31#02708
2025-08-18 11:49:17,887 - INFO - 回测分析 [94/401]: 31#00079
2025-08-18 11:49:17,889 - INFO - 回测分析 [95/401]: 31#01490
2025-08-18 11:49:17,893 - INFO - 回测分析 [96/401]: 31#02482
2025-08-18 11:49:17,895 - INFO - 回测分析 [97/401]: 31#00759
2025-08-18 11:49:17,899 - INFO - 回测分析 [98/401]: 31#01960
2025-08-18 11:49:17,902 - INFO - 回测分析 [99/401]: 31#02066
2025-08-18 11:49:17,906 - INFO - 回测分析 [100/401]: 31#01224
2025-08-18 11:49:17,909 - INFO - 回测分析 [101/401]: 31#01399
2025-08-18 11:49:17,913 - INFO - 回测分析 [102/401]: 31#02182
2025-08-18 11:49:17,916 - INFO - 回测分析 [103/401]: 31#02798
2025-08-18 11:49:17,920 - INFO - 回测分析 [104/401]: 31#01650
2025-08-18 11:49:17,923 - INFO - 回测分析 [105/401]: 31#02187
2025-08-18 11:49:17,927 - INFO - 回测分析 [106/401]: 31#00738
2025-08-18 11:49:17,930 - INFO - 回测分析 [107/401]: 31#01004
2025-08-18 11:49:17,932 - INFO - 回测分析 [108/401]: 31#03628
2025-08-18 11:49:17,935 - INFO - 回测分析 [109/401]: sh603658
2025-08-18 11:49:17,939 - INFO - 回测分析 [110/401]: 31#06968
2025-08-18 11:49:17,942 - INFO - 回测分析 [111/401]: 31#02415
2025-08-18 11:49:17,945 - INFO - 回测分析 [112/401]: sz002603
2025-08-18 11:49:17,949 - INFO - 回测分析 [113/401]: 31#01668
2025-08-18 11:49:17,952 - INFO - 回测分析 [114/401]: 31#03680
2025-08-18 11:49:17,956 - INFO - 回测分析 [115/401]: 31#00726
2025-08-18 11:49:17,960 - INFO - 回测分析 [116/401]: 31#00361
2025-08-18 11:49:17,963 - INFO - 回测分析 [117/401]: 31#02459
2025-08-18 11:49:17,966 - INFO - 回测分析 [118/401]: 31#00311
2025-08-18 11:49:17,969 - INFO - 回测分析 [119/401]: 31#01655
2025-08-18 11:49:17,972 - INFO - 回测分析 [120/401]: 31#01416
2025-08-18 11:49:17,975 - INFO - 回测分析 [121/401]: 31#00191
2025-08-18 11:49:17,978 - INFO - 回测分析 [122/401]: sz300268
2025-08-18 11:49:17,982 - INFO - 回测分析 [123/401]: 31#02122
2025-08-18 11:49:17,985 - INFO - 回测分析 [124/401]: 31#02181
2025-08-18 11:49:17,989 - INFO - 回测分析 [125/401]: 31#00159
2025-08-18 11:49:17,992 - INFO - 回测分析 [126/401]: sh605108
2025-08-18 11:49:17,996 - INFO - 回测分析 [127/401]: 31#01185
2025-08-18 11:49:17,998 - INFO - 回测分析 [128/401]: 31#09983
2025-08-18 11:49:18,002 - INFO - 回测分析 [129/401]: 31#01323
2025-08-18 11:49:18,006 - INFO - 回测分析 [130/401]: 31#00018
2025-08-18 11:49:18,010 - INFO - 回测分析 [131/401]: 31#01201
2025-08-18 11:49:18,013 - INFO - 回测分析 [132/401]: 31#02439
2025-08-18 11:49:18,016 - INFO - 回测分析 [133/401]: 31#06698
2025-08-18 11:49:18,018 - INFO - 回测分析 [134/401]: 31#01360
2025-08-18 11:49:18,023 - INFO - 回测分析 [135/401]: 31#00401
2025-08-18 11:49:18,028 - INFO - 回测分析 [136/401]: 31#00802
2025-08-18 11:49:18,032 - INFO - 回测分析 [137/401]: 31#00567
2025-08-18 11:49:18,035 - INFO - 回测分析 [138/401]: 31#01996
2025-08-18 11:49:18,040 - INFO - 回测分析 [139/401]: 31#06958
2025-08-18 11:49:18,044 - INFO - 回测分析 [140/401]: 31#01332
2025-08-18 11:49:18,048 - INFO - 回测分析 [141/401]: 31#01362
2025-08-18 11:49:18,051 - INFO - 回测分析 [142/401]: sz000625
2025-08-18 11:49:18,056 - INFO - 回测分析 [143/401]: 31#00542
2025-08-18 11:49:18,059 - INFO - 回测分析 [144/401]: 31#00195
2025-08-18 11:49:18,063 - INFO - 回测分析 [145/401]: 31#01826
2025-08-18 11:49:18,065 - INFO - 回测分析 [146/401]: 31#00693
2025-08-18 11:49:18,068 - INFO - 回测分析 [147/401]: 31#03878
2025-08-18 11:49:18,072 - INFO - 回测分析 [148/401]: sz300208
2025-08-18 11:49:18,075 - INFO - 回测分析 [149/401]: 31#01189
2025-08-18 11:49:18,079 - INFO - 回测分析 [150/401]: 31#01971
2025-08-18 11:49:18,082 - INFO - 回测分析 [151/401]: 31#03390
2025-08-18 11:49:18,085 - INFO - 回测分析 [152/401]: 31#02427
2025-08-18 11:49:18,088 - INFO - 回测分析 [153/401]: 31#00007
2025-08-18 11:49:18,091 - INFO - 回测分析 [154/401]: sz002706
2025-08-18 11:49:18,099 - INFO - 回测分析 [155/401]: 31#09916
2025-08-18 11:49:18,103 - INFO - 回测分析 [156/401]: 31#02000
2025-08-18 11:49:18,106 - INFO - 回测分析 [157/401]: 31#01645
2025-08-18 11:49:18,110 - INFO - 回测分析 [158/401]: 31#01967
2025-08-18 11:49:18,114 - INFO - 回测分析 [159/401]: sz000400
2025-08-18 11:49:18,117 - INFO - 回测分析 [160/401]: 31#01498
2025-08-18 11:49:18,121 - INFO - 回测分析 [161/401]: 31#01817
2025-08-18 11:49:18,125 - INFO - 回测分析 [162/401]: 31#00674
2025-08-18 11:49:18,128 - INFO - 回测分析 [163/401]: 31#09857
2025-08-18 11:49:18,131 - INFO - 回测分析 [164/401]: sz000820
2025-08-18 11:49:18,136 - INFO - 回测分析 [165/401]: sh601868
2025-08-18 11:49:18,143 - INFO - 回测分析 [166/401]: 31#00663
2025-08-18 11:49:18,146 - INFO - 回测分析 [167/401]: 31#00431
2025-08-18 11:49:18,150 - INFO - 回测分析 [168/401]: 31#01895
2025-08-18 11:49:18,152 - INFO - 回测分析 [169/401]: 31#01156
2025-08-18 11:49:18,156 - INFO - 回测分析 [170/401]: 31#06939
2025-08-18 11:49:18,159 - INFO - 回测分析 [171/401]: 31#01161
2025-08-18 11:49:18,162 - INFO - 回测分析 [172/401]: 31#01965
2025-08-18 11:49:18,165 - INFO - 回测分析 [173/401]: 31#00831
2025-08-18 11:49:18,169 - INFO - 回测分析 [174/401]: 31#00459
2025-08-18 11:49:18,173 - INFO - 回测分析 [175/401]: 31#00607
2025-08-18 11:49:18,176 - INFO - 回测分析 [176/401]: 31#01223
2025-08-18 11:49:18,180 - INFO - 回测分析 [177/401]: 31#01987
2025-08-18 11:49:18,184 - INFO - 回测分析 [178/401]: 31#03363
2025-08-18 11:49:18,186 - INFO - 回测分析 [179/401]: 31#03616
2025-08-18 11:49:18,190 - INFO - 回测分析 [180/401]: 31#09918
2025-08-18 11:49:18,193 - INFO - 回测分析 [181/401]: sz001326
2025-08-18 11:49:18,195 - INFO - 回测分析 [182/401]: 31#06033
2025-08-18 11:49:18,199 - INFO - 回测分析 [183/401]: sh688575
2025-08-18 11:49:18,202 - INFO - 回测分析 [184/401]: sh600546
2025-08-18 11:49:18,207 - INFO - 回测分析 [185/401]: 31#00822
2025-08-18 11:49:18,211 - INFO - 回测分析 [186/401]: sz002022
2025-08-18 11:49:18,214 - INFO - 回测分析 [187/401]: 31#02060
2025-08-18 11:49:18,218 - INFO - 回测分析 [188/401]: sh603721
2025-08-18 11:49:18,223 - INFO - 回测分析 [189/401]: 31#06966
2025-08-18 11:49:18,225 - INFO - 回测分析 [190/401]: 31#01563
2025-08-18 11:49:18,229 - INFO - 回测分析 [191/401]: 31#01429
2025-08-18 11:49:18,232 - INFO - 回测分析 [192/401]: 31#02028
2025-08-18 11:49:18,235 - INFO - 回测分析 [193/401]: 31#02270
2025-08-18 11:49:18,238 - INFO - 回测分析 [194/401]: 31#03773
2025-08-18 11:49:18,242 - INFO - 回测分析 [195/401]: sz300175
2025-08-18 11:49:18,246 - INFO - 回测分析 [196/401]: 31#01317
2025-08-18 11:49:18,250 - INFO - 回测分析 [197/401]: 31#02078
2025-08-18 11:49:18,253 - INFO - 回测分析 [198/401]: 31#03389
2025-08-18 11:49:18,257 - INFO - 回测分析 [199/401]: 31#03333
2025-08-18 11:49:18,260 - INFO - 回测分析 [200/401]: 31#01002
2025-08-18 11:49:18,263 - INFO - 回测分析 [201/401]: 31#09982
2025-08-18 11:49:18,266 - INFO - 回测分析 [202/401]: 31#06878
2025-08-18 11:49:18,270 - INFO - 回测分析 [203/401]: 31#01847
2025-08-18 11:49:18,273 - INFO - 回测分析 [204/401]: 31#01936
2025-08-18 11:49:18,276 - INFO - 回测分析 [205/401]: 31#02325
2025-08-18 11:49:18,279 - INFO - 回测分析 [206/401]: sh603107
2025-08-18 11:49:18,282 - INFO - 回测分析 [207/401]: 31#02223
2025-08-18 11:49:18,285 - INFO - 回测分析 [208/401]: 31#00733
2025-08-18 11:49:18,288 - INFO - 回测分析 [209/401]: 31#02008
2025-08-18 11:49:18,292 - INFO - 回测分析 [210/401]: 31#01922
2025-08-18 11:49:18,295 - INFO - 回测分析 [211/401]: 31#02231
2025-08-18 11:49:18,298 - INFO - 回测分析 [212/401]: 31#03683
2025-08-18 11:49:18,302 - INFO - 回测分析 [213/401]: sz001378
2025-08-18 11:49:18,305 - INFO - 回测分析 [214/401]: sh600525
2025-08-18 11:49:18,309 - INFO - 回测分析 [215/401]: sh600199
2025-08-18 11:49:18,313 - INFO - 回测分析 [216/401]: 31#01402
2025-08-18 11:49:18,317 - INFO - 回测分析 [217/401]: 31#01566
2025-08-18 11:49:18,321 - INFO - 回测分析 [218/401]: 31#01198
2025-08-18 11:49:18,324 - INFO - 回测分析 [219/401]: 31#00286
2025-08-18 11:49:18,328 - INFO - 回测分析 [220/401]: 31#02385
2025-08-18 11:49:18,331 - INFO - 回测分析 [221/401]: 31#09963
2025-08-18 11:49:18,334 - INFO - 回测分析 [222/401]: 31#00186
2025-08-18 11:49:18,336 - INFO - 回测分析 [223/401]: 31#00765
2025-08-18 11:49:18,340 - INFO - 回测分析 [224/401]: 31#00983
2025-08-18 11:49:18,343 - INFO - 回测分析 [225/401]: 31#01983
2025-08-18 11:49:18,345 - INFO - 回测分析 [226/401]: 31#02486
2025-08-18 11:49:18,348 - INFO - 回测分析 [227/401]: 31#01757
2025-08-18 11:49:18,351 - INFO - 回测分析 [228/401]: 31#02680
2025-08-18 11:49:18,355 - INFO - 回测分析 [229/401]: 31#01953
2025-08-18 11:49:18,358 - INFO - 回测分析 [230/401]: 31#02168
2025-08-18 11:49:18,362 - INFO - 回测分析 [231/401]: sh600381
2025-08-18 11:49:18,366 - INFO - 回测分析 [232/401]: 31#06063
2025-08-18 11:49:18,369 - INFO - 回测分析 [233/401]: 31#09929
2025-08-18 11:49:18,373 - INFO - 回测分析 [234/401]: 31#00488
2025-08-18 11:49:18,377 - INFO - 回测分析 [235/401]: sz002030
2025-08-18 11:49:18,381 - INFO - 回测分析 [236/401]: sz002466
2025-08-18 11:49:18,385 - INFO - 回测分析 [237/401]: 31#03798
2025-08-18 11:49:18,389 - INFO - 回测分析 [238/401]: 31#01343
2025-08-18 11:49:18,393 - INFO - 回测分析 [239/401]: 31#00242
2025-08-18 11:49:18,397 - INFO - 回测分析 [240/401]: 31#06163
2025-08-18 11:49:18,400 - INFO - 回测分析 [241/401]: 31#00122
2025-08-18 11:49:18,403 - INFO - 回测分析 [242/401]: 31#01408
2025-08-18 11:49:18,407 - INFO - 回测分析 [243/401]: 31#00947
2025-08-18 11:49:18,411 - INFO - 回测分析 [244/401]: 31#01121
2025-08-18 11:49:18,414 - INFO - 回测分析 [245/401]: 31#01845
2025-08-18 11:49:18,418 - INFO - 回测分析 [246/401]: 31#06633
2025-08-18 11:49:18,421 - INFO - 回测分析 [247/401]: 31#00970
2025-08-18 11:49:18,425 - INFO - 回测分析 [248/401]: 31#01771
2025-08-18 11:49:18,428 - INFO - 回测分析 [249/401]: 31#09938
2025-08-18 11:49:18,431 - INFO - 回测分析 [250/401]: 31#01143
2025-08-18 11:49:18,435 - INFO - 回测分析 [251/401]: 31#00442
2025-08-18 11:49:18,438 - INFO - 回测分析 [252/401]: 31#00852
2025-08-18 11:49:18,441 - INFO - 回测分析 [253/401]: 31#00812
2025-08-18 11:49:18,444 - INFO - 回测分析 [254/401]: 31#02110
2025-08-18 11:49:18,448 - INFO - 回测分析 [255/401]: 31#01765
2025-08-18 11:49:18,452 - INFO - 回测分析 [256/401]: 31#03309
2025-08-18 11:49:18,456 - INFO - 回测分析 [257/401]: 31#01319
2025-08-18 11:49:18,462 - INFO - 回测分析 [258/401]: 31#01206
2025-08-18 11:49:18,466 - INFO - 回测分析 [259/401]: 31#06988
2025-08-18 11:49:18,469 - INFO - 回测分析 [260/401]: 31#02237
2025-08-18 11:49:18,473 - INFO - 回测分析 [261/401]: 31#01652
2025-08-18 11:49:18,476 - INFO - 回测分析 [262/401]: 31#02175
2025-08-18 11:49:18,479 - INFO - 回测分析 [263/401]: 31#03718
2025-08-18 11:49:18,483 - INFO - 回测分析 [264/401]: 31#02480
2025-08-18 11:49:18,486 - INFO - 回测分析 [265/401]: 31#01495
2025-08-18 11:49:18,489 - INFO - 回测分析 [266/401]: sh688671
2025-08-18 11:49:18,492 - INFO - 回测分析 [267/401]: 31#01058
2025-08-18 11:49:18,495 - INFO - 回测分析 [268/401]: 31#01153
2025-08-18 11:49:18,498 - INFO - 回测分析 [269/401]: 31#06893
2025-08-18 11:49:18,502 - INFO - 回测分析 [270/401]: 31#01222
2025-08-18 11:49:18,506 - INFO - 回测分析 [271/401]: 31#06199
2025-08-18 11:49:18,509 - INFO - 回测分析 [272/401]: 31#03662
2025-08-18 11:49:18,512 - INFO - 回测分析 [273/401]: 31#00954
2025-08-18 11:49:18,516 - INFO - 回测分析 [274/401]: 31#02420
2025-08-18 11:49:18,518 - INFO - 回测分析 [275/401]: sz002340
2025-08-18 11:49:18,527 - INFO - 回测分析 [276/401]: 31#01410
2025-08-18 11:49:18,531 - INFO - 回测分析 [277/401]: 31#02193
2025-08-18 11:49:18,534 - INFO - 回测分析 [278/401]: sh603273
2025-08-18 11:49:18,537 - INFO - 回测分析 [279/401]: 31#03650
2025-08-18 11:49:18,540 - INFO - 回测分析 [280/401]: 31#01701
2025-08-18 11:49:18,543 - INFO - 回测分析 [281/401]: 31#00974
2025-08-18 11:49:18,546 - INFO - 回测分析 [282/401]: 31#06999
2025-08-18 11:49:18,549 - INFO - 回测分析 [283/401]: 31#02448
2025-08-18 11:49:18,553 - INFO - 回测分析 [284/401]: 31#00929
2025-08-18 11:49:18,556 - INFO - 回测分析 [285/401]: 31#01284
2025-08-18 11:49:18,559 - INFO - 回测分析 [286/401]: 31#01750
2025-08-18 11:49:18,562 - INFO - 回测分析 [287/401]: 31#01463
2025-08-18 11:49:18,566 - INFO - 回测分析 [288/401]: 31#01608
2025-08-18 11:49:18,570 - INFO - 回测分析 [289/401]: 31#01927
2025-08-18 11:49:18,574 - INFO - 回测分析 [290/401]: 31#01281
2025-08-18 11:49:18,577 - INFO - 回测分析 [291/401]: 31#01575
2025-08-18 11:49:18,580 - INFO - 回测分析 [292/401]: sh688283
2025-08-18 11:49:18,583 - INFO - 回测分析 [293/401]: 31#00483
2025-08-18 11:49:18,587 - INFO - 回测分析 [294/401]: 31#00589
2025-08-18 11:49:18,590 - INFO - 回测分析 [295/401]: 31#01622
2025-08-18 11:49:18,593 - INFO - 回测分析 [296/401]: 31#00102
2025-08-18 11:49:18,597 - INFO - 回测分析 [297/401]: 31#01832
2025-08-18 11:49:18,600 - INFO - 回测分析 [298/401]: 31#00251
2025-08-18 11:49:18,603 - INFO - 回测分析 [299/401]: 31#00171
2025-08-18 11:49:18,607 - INFO - 回测分析 [300/401]: sz000488
2025-08-18 11:49:18,633 - INFO - 回测分析 [301/401]: sz002737
2025-08-18 11:49:18,637 - INFO - 回测分析 [302/401]: 31#01846
2025-08-18 11:49:18,640 - INFO - 回测分析 [303/401]: 31#06610
2025-08-18 11:49:18,643 - INFO - 回测分析 [304/401]: sh600702
2025-08-18 11:49:18,648 - INFO - 回测分析 [305/401]: 31#02002
2025-08-18 11:49:18,652 - INFO - 回测分析 [306/401]: 31#00410
2025-08-18 11:49:18,656 - INFO - 回测分析 [307/401]: 31#01082
2025-08-18 11:49:18,659 - INFO - 回测分析 [308/401]: sh600088
2025-08-18 11:49:18,663 - INFO - 回测分析 [309/401]: 31#02215
2025-08-18 11:49:18,666 - INFO - 回测分析 [310/401]: 31#02120
2025-08-18 11:49:18,669 - INFO - 回测分析 [311/401]: 31#00199
2025-08-18 11:49:18,673 - INFO - 回测分析 [312/401]: 31#01870
2025-08-18 11:49:18,677 - INFO - 回测分析 [313/401]: 31#00150
2025-08-18 11:49:18,680 - INFO - 回测分析 [314/401]: 31#01699
2025-08-18 11:49:18,683 - INFO - 回测分析 [315/401]: 31#02147
2025-08-18 11:49:18,686 - INFO - 回测分析 [316/401]: sh603869
2025-08-18 11:49:18,690 - INFO - 回测分析 [317/401]: sz000521
2025-08-18 11:49:18,695 - INFO - 回测分析 [318/401]: 31#00351
2025-08-18 11:49:18,698 - INFO - 回测分析 [319/401]: 31#01703
2025-08-18 11:49:18,701 - INFO - 回测分析 [320/401]: 31#01231
2025-08-18 11:49:18,704 - INFO - 回测分析 [321/401]: 31#01968
2025-08-18 11:49:18,707 - INFO - 回测分析 [322/401]: 31#00009
2025-08-18 11:49:18,710 - INFO - 回测分析 [323/401]: 31#01170
2025-08-18 11:49:18,713 - INFO - 回测分析 [324/401]: 31#01733
2025-08-18 11:49:18,717 - INFO - 回测分析 [325/401]: 31#00389
2025-08-18 11:49:18,721 - INFO - 回测分析 [326/401]: sz000060
2025-08-18 11:49:18,729 - INFO - 回测分析 [327/401]: 31#01894
2025-08-18 11:49:18,732 - INFO - 回测分析 [328/401]: 31#01543
2025-08-18 11:49:18,735 - INFO - 回测分析 [329/401]: 31#00550
2025-08-18 11:49:18,738 - INFO - 回测分析 [330/401]: 31#00685
2025-08-18 11:49:18,741 - INFO - 回测分析 [331/401]: sh688699
2025-08-18 11:49:18,744 - INFO - 回测分析 [332/401]: sz002529
2025-08-18 11:49:18,749 - INFO - 回测分析 [333/401]: 31#01163
2025-08-18 11:49:18,753 - INFO - 回测分析 [334/401]: sh600976
2025-08-18 11:49:18,756 - INFO - 回测分析 [335/401]: 31#00082
2025-08-18 11:49:18,760 - INFO - 回测分析 [336/401]: 31#02199
2025-08-18 11:49:18,764 - INFO - 回测分析 [337/401]: sh600637
2025-08-18 11:49:18,772 - INFO - 回测分析 [338/401]: 31#00587
2025-08-18 11:49:18,775 - INFO - 回测分析 [339/401]: 31#00030
2025-08-18 11:49:18,778 - INFO - 回测分析 [340/401]: 31#01719
2025-08-18 11:49:18,781 - INFO - 回测分析 [341/401]: 31#00214
2025-08-18 11:49:18,785 - INFO - 回测分析 [342/401]: 31#06909
2025-08-18 11:49:18,787 - INFO - 回测分析 [343/401]: 31#02019
2025-08-18 11:49:18,791 - INFO - 回测分析 [344/401]: 31#01959
2025-08-18 11:49:18,794 - INFO - 回测分析 [345/401]: 31#01827
2025-08-18 11:49:18,797 - INFO - 回测分析 [346/401]: 31#01417
2025-08-18 11:49:18,800 - INFO - 回测分析 [347/401]: sz300316
2025-08-18 11:49:18,804 - INFO - 回测分析 [348/401]: sz300595
2025-08-18 11:49:18,808 - INFO - 回测分析 [349/401]: 31#00253
2025-08-18 11:49:18,811 - INFO - 回测分析 [350/401]: 31#01793
2025-08-18 11:49:18,814 - INFO - 回测分析 [351/401]: 31#06830
2025-08-18 11:49:18,818 - INFO - 回测分析 [352/401]: 31#02226
2025-08-18 11:49:18,821 - INFO - 回测分析 [353/401]: sz000629
2025-08-18 11:49:18,830 - INFO - 回测分析 [354/401]: 31#01955
2025-08-18 11:49:18,833 - INFO - 回测分析 [355/401]: 31#01871
2025-08-18 11:49:18,837 - INFO - 回测分析 [356/401]: 31#02258
2025-08-18 11:49:18,839 - INFO - 回测分析 [357/401]: 31#01029
2025-08-18 11:49:18,843 - INFO - 回测分析 [358/401]: 31#01653
2025-08-18 11:49:18,846 - INFO - 回测分析 [359/401]: sh603396
2025-08-18 11:49:18,850 - INFO - 回测分析 [360/401]: 31#01376
2025-08-18 11:49:18,853 - INFO - 回测分析 [361/401]: 31#01569
2025-08-18 11:49:18,857 - INFO - 回测分析 [362/401]: 31#00724
2025-08-18 11:49:18,860 - INFO - 回测分析 [363/401]: 31#01271
2025-08-18 11:49:18,864 - INFO - 回测分析 [364/401]: 31#02422
2025-08-18 11:49:18,867 - INFO - 回测分析 [365/401]: 31#06918
2025-08-18 11:49:18,870 - INFO - 回测分析 [366/401]: 31#01542
2025-08-18 11:49:18,873 - INFO - 回测分析 [367/401]: 31#00118
2025-08-18 11:49:18,876 - INFO - 回测分析 [368/401]: 31#00830
2025-08-18 11:49:18,880 - INFO - 回测分析 [369/401]: 31#00174
2025-08-18 11:49:18,883 - INFO - 回测分析 [370/401]: 31#09686
2025-08-18 11:49:18,885 - INFO - 回测分析 [371/401]: 31#01245
2025-08-18 11:49:18,889 - INFO - 回测分析 [372/401]: 31#02003
2025-08-18 11:49:18,892 - INFO - 回测分析 [373/401]: sz002385
2025-08-18 11:49:18,896 - INFO - 回测分析 [374/401]: sz000998
2025-08-18 11:49:18,900 - INFO - 回测分析 [375/401]: 31#01028
2025-08-18 11:49:18,903 - INFO - 回测分析 [376/401]: 31#00302
2025-08-18 11:49:18,907 - INFO - 回测分析 [377/401]: 31#02501
2025-08-18 11:49:18,909 - INFO - 回测分析 [378/401]: sh601699
2025-08-18 11:49:18,913 - INFO - 回测分析 [379/401]: 31#03603
2025-08-18 11:49:18,917 - INFO - 回测分析 [380/401]: 31#00266
2025-08-18 11:49:18,919 - INFO - 回测分析 [381/401]: 31#00810
2025-08-18 11:49:18,923 - INFO - 回测分析 [382/401]: 31#00438
2025-08-18 11:49:18,927 - INFO - 回测分析 [383/401]: 31#02383
2025-08-18 11:49:18,930 - INFO - 回测分析 [384/401]: 31#02135
2025-08-18 11:49:18,934 - INFO - 回测分析 [385/401]: 31#09608
2025-08-18 11:49:18,937 - INFO - 回测分析 [386/401]: 31#03836
2025-08-18 11:49:18,941 - INFO - 回测分析 [387/401]: 31#02098
2025-08-18 11:49:18,944 - INFO - 回测分析 [388/401]: sh600888
2025-08-18 11:49:18,953 - INFO - 回测分析 [389/401]: 31#01243
2025-08-18 11:49:18,957 - INFO - 回测分析 [390/401]: 31#01348
2025-08-18 11:49:18,961 - INFO - 回测分析 [391/401]: 31#01843
2025-08-18 11:49:18,964 - INFO - 回测分析 [392/401]: sh600266
2025-08-18 11:49:18,973 - INFO - 回测分析 [393/401]: 31#01532
2025-08-18 11:49:18,976 - INFO - 回测分析 [394/401]: 31#02153
2025-08-18 11:49:18,979 - INFO - 回测分析 [395/401]: 31#00574
2025-08-18 11:49:18,982 - INFO - 回测分析 [396/401]: 31#00368
2025-08-18 11:49:18,985 - INFO - 回测分析 [397/401]: sz002234
2025-08-18 11:49:18,989 - INFO - 回测分析 [398/401]: 31#01597
2025-08-18 11:49:18,992 - INFO - 回测分析 [399/401]: sh601163
2025-08-18 11:49:19,000 - INFO - 回测分析 [400/401]: sh603230
2025-08-18 11:49:19,003 - INFO - 回测分析 [401/401]: 31#00110
2025-08-18 11:49:19,006 - INFO - 对历史筛选结果进行验证分析...
2025-08-18 11:49:19,006 - INFO - 开始验证 401 个历史信号的准确性
2025-08-18 11:49:19,006 - INFO - 验证进度 [1/401]: sh688172
2025-08-18 11:49:19,016 - INFO - 验证进度 [2/401]: sh601699
2025-08-18 11:49:19,026 - INFO - 验证进度 [3/401]: sh600123
2025-08-18 11:49:19,036 - INFO - 验证进度 [4/401]: sh688699
2025-08-18 11:49:19,053 - INFO - 验证进度 [5/401]: sh600238
2025-08-18 11:49:19,062 - INFO - 验证进度 [6/401]: sh603396
2025-08-18 11:49:19,072 - INFO - 验证进度 [7/401]: sh603658
2025-08-18 11:49:19,082 - INFO - 验证进度 [8/401]: sh603000
2025-08-18 11:49:19,091 - INFO - 验证进度 [9/401]: sh600976
2025-08-18 11:49:19,100 - INFO - 验证进度 [10/401]: sh688478
2025-08-18 11:49:19,112 - INFO - 验证进度 [11/401]: sh600971
2025-08-18 11:49:19,123 - INFO - 验证进度 [12/401]: sh600546
2025-08-18 11:49:19,134 - INFO - 验证进度 [13/401]: sh600702
2025-08-18 11:49:19,143 - INFO - 验证进度 [14/401]: sh603869
2025-08-18 11:49:19,152 - INFO - 验证进度 [15/401]: sh600348
2025-08-18 11:49:19,163 - INFO - 验证进度 [16/401]: sh600088
2025-08-18 11:49:19,174 - INFO - 验证进度 [17/401]: sh603230
2025-08-18 11:49:19,181 - INFO - 验证进度 [18/401]: sh600525
2025-08-18 11:49:19,191 - INFO - 验证进度 [19/401]: sh600266
2025-08-18 11:49:19,201 - INFO - 验证进度 [20/401]: sh601801
2025-08-18 11:49:19,211 - INFO - 验证进度 [21/401]: sh603107
2025-08-18 11:49:19,218 - INFO - 验证进度 [22/401]: sh601163
2025-08-18 11:49:19,227 - INFO - 验证进度 [23/401]: sh603721
2025-08-18 11:49:19,237 - INFO - 验证进度 [24/401]: sh601868
2025-08-18 11:49:19,246 - INFO - 验证进度 [25/401]: sh603273
2025-08-18 11:49:19,255 - INFO - 验证进度 [26/401]: sh688575
2025-08-18 11:49:19,267 - INFO - 验证进度 [27/401]: sh605089
2025-08-18 11:49:19,277 - INFO - 验证进度 [28/401]: sh603348
2025-08-18 11:49:19,286 - INFO - 验证进度 [29/401]: sh688283
2025-08-18 11:49:19,297 - INFO - 验证进度 [30/401]: sh600724
2025-08-18 11:49:19,309 - INFO - 验证进度 [31/401]: sh600199
2025-08-18 11:49:19,320 - INFO - 验证进度 [32/401]: sh605108
2025-08-18 11:49:19,331 - INFO - 验证进度 [33/401]: sh601666
2025-08-18 11:49:19,341 - INFO - 验证进度 [34/401]: sh600888
2025-08-18 11:49:19,351 - INFO - 验证进度 [35/401]: sh603153
2025-08-18 11:49:19,358 - INFO - 验证进度 [36/401]: sh600381
2025-08-18 11:49:19,368 - INFO - 验证进度 [37/401]: sh600637
2025-08-18 11:49:19,378 - INFO - 验证进度 [38/401]: sh688671
2025-08-18 11:49:19,390 - INFO - 验证进度 [39/401]: sz000516
2025-08-18 11:49:19,400 - INFO - 验证进度 [40/401]: sz300208
2025-08-18 11:49:19,427 - INFO - 验证进度 [41/401]: sz002154
2025-08-18 11:49:19,436 - INFO - 验证进度 [42/401]: sz000595
2025-08-18 11:49:19,445 - INFO - 验证进度 [43/401]: sz000629
2025-08-18 11:49:19,455 - INFO - 验证进度 [44/401]: sz002706
2025-08-18 11:49:19,465 - INFO - 验证进度 [45/401]: sz300268
2025-08-18 11:49:19,481 - INFO - 验证进度 [46/401]: sz001378
2025-08-18 11:49:19,488 - INFO - 验证进度 [47/401]: sz002603
2025-08-18 11:49:19,498 - INFO - 验证进度 [48/401]: sz000550
2025-08-18 11:49:19,509 - INFO - 验证进度 [49/401]: sz002047
2025-08-18 11:49:19,518 - INFO - 验证进度 [50/401]: sz002159
2025-08-18 11:49:19,528 - INFO - 验证进度 [51/401]: sz300904
2025-08-18 11:49:19,542 - INFO - 验证进度 [52/401]: sz000625
2025-08-18 11:49:19,553 - INFO - 验证进度 [53/401]: sz002234
2025-08-18 11:49:19,563 - INFO - 验证进度 [54/401]: sz002466
2025-08-18 11:49:19,573 - INFO - 验证进度 [55/401]: sz002041
2025-08-18 11:49:19,583 - INFO - 验证进度 [56/401]: sz000060
2025-08-18 11:49:19,592 - INFO - 验证进度 [57/401]: sz002340
2025-08-18 11:49:19,602 - INFO - 验证进度 [58/401]: sz002521
2025-08-18 11:49:19,611 - INFO - 验证进度 [59/401]: sz300316
2025-08-18 11:49:19,622 - INFO - 验证进度 [60/401]: sz002022
2025-08-18 11:49:19,632 - INFO - 验证进度 [61/401]: sz002531
2025-08-18 11:49:19,641 - INFO - 验证进度 [62/401]: sz300175
2025-08-18 11:49:19,659 - INFO - 验证进度 [63/401]: sz002176
2025-08-18 11:49:19,668 - INFO - 验证进度 [64/401]: sz000820
2025-08-18 11:49:19,678 - INFO - 验证进度 [65/401]: sz300595
2025-08-18 11:49:19,693 - INFO - 验证进度 [66/401]: sz000400
2025-08-18 11:49:19,702 - INFO - 验证进度 [67/401]: sz002737
2025-08-18 11:49:19,711 - INFO - 验证进度 [68/401]: sz002385
2025-08-18 11:49:19,721 - INFO - 验证进度 [69/401]: sz002876
2025-08-18 11:49:19,731 - INFO - 验证进度 [70/401]: sz000488
2025-08-18 11:49:19,740 - INFO - 验证进度 [71/401]: sz000998
2025-08-18 11:49:19,749 - INFO - 验证进度 [72/401]: sz001326
2025-08-18 11:49:19,757 - INFO - 验证进度 [73/401]: sz002030
2025-08-18 11:49:19,767 - INFO - 验证进度 [74/401]: sz002529
2025-08-18 11:49:19,777 - INFO - 验证进度 [75/401]: sz000521
2025-08-18 11:49:19,786 - INFO - 验证进度 [76/401]: 31#00663
2025-08-18 11:49:19,803 - INFO - 验证进度 [77/401]: 31#01198
2025-08-18 11:49:19,817 - INFO - 验证进度 [78/401]: 31#00954
2025-08-18 11:49:19,828 - INFO - 验证进度 [79/401]: 31#01143
2025-08-18 11:49:19,865 - INFO - 验证进度 [80/401]: 31#01622
2025-08-18 11:49:19,879 - INFO - 验证进度 [81/401]: 31#02416
2025-08-18 11:49:19,895 - INFO - 验证进度 [82/401]: 31#03363
2025-08-18 11:49:19,905 - INFO - 验证进度 [83/401]: 31#00126
2025-08-18 11:49:19,915 - INFO - 验证进度 [84/401]: 31#01223
2025-08-18 11:49:19,924 - INFO - 验证进度 [85/401]: 31#01490
2025-08-18 11:49:19,943 - INFO - 验证进度 [86/401]: 31#01243
2025-08-18 11:49:19,955 - INFO - 验证进度 [87/401]: 31#01569
2025-08-18 11:49:19,967 - INFO - 验证进度 [88/401]: 31#09608
2025-08-18 11:49:19,989 - INFO - 验证进度 [89/401]: 31#01983
2025-08-18 11:49:20,002 - INFO - 验证进度 [90/401]: 31#00738
2025-08-18 11:49:20,012 - INFO - 验证进度 [91/401]: 31#09938
2025-08-18 11:49:20,027 - INFO - 验证进度 [92/401]: 31#02066
2025-08-18 11:49:20,045 - INFO - 验证进度 [93/401]: 31#03616
2025-08-18 11:49:20,059 - INFO - 验证进度 [94/401]: 31#06899
2025-08-18 11:49:20,087 - INFO - 验证进度 [95/401]: 31#00110
2025-08-18 11:49:20,105 - INFO - 验证进度 [96/401]: 31#02223
2025-08-18 11:49:20,117 - INFO - 验证进度 [97/401]: 31#06878
2025-08-18 11:49:20,146 - INFO - 验证进度 [98/401]: 31#01968
2025-08-18 11:49:20,163 - INFO - 验证进度 [99/401]: 31#00361
2025-08-18 11:49:20,210 - INFO - 验证进度 [100/401]: 31#00333
2025-08-18 11:49:20,222 - INFO - 验证进度 [101/401]: 31#02442
2025-08-18 11:49:20,237 - INFO - 验证进度 [102/401]: 31#06918
2025-08-18 11:49:20,265 - INFO - 验证进度 [103/401]: 31#03836
2025-08-18 11:49:20,280 - INFO - 验证进度 [104/401]: 31#01653
2025-08-18 11:49:20,301 - INFO - 验证进度 [105/401]: 31#00488
2025-08-18 11:49:20,315 - INFO - 验证进度 [106/401]: 31#06812
2025-08-18 11:49:20,332 - INFO - 验证进度 [107/401]: 31#00253
2025-08-18 11:49:20,340 - INFO - 验证进度 [108/401]: 31#01183
2025-08-18 11:49:20,357 - INFO - 验证进度 [109/401]: 31#01246
2025-08-18 11:49:20,388 - INFO - 验证进度 [110/401]: 31#00574
2025-08-18 11:49:20,415 - INFO - 验证进度 [111/401]: 31#01489
2025-08-18 11:49:20,423 - INFO - 验证进度 [112/401]: 31#01532
2025-08-18 11:49:20,466 - INFO - 验证进度 [113/401]: 31#06900
2025-08-18 11:49:20,491 - INFO - 验证进度 [114/401]: 31#01845
2025-08-18 11:49:20,517 - INFO - 验证进度 [115/401]: 31#06999
2025-08-18 11:49:20,546 - INFO - 验证进度 [116/401]: 31#01410
2025-08-18 11:49:20,562 - INFO - 验证进度 [117/401]: 31#01638
2025-08-18 11:49:20,586 - INFO - 验证进度 [118/401]: 31#01871
2025-08-18 11:49:20,596 - INFO - 验证进度 [119/401]: 31#06689
2025-08-18 11:49:20,609 - INFO - 验证进度 [120/401]: 31#01849
2025-08-18 11:49:20,639 - INFO - 验证进度 [121/401]: 31#01583
2025-08-18 11:49:20,650 - INFO - 验证进度 [122/401]: 31#01927
2025-08-18 11:49:20,662 - INFO - 验证进度 [123/401]: 31#00007
2025-08-18 11:49:20,679 - INFO - 验证进度 [124/401]: 31#02459
2025-08-18 11:49:20,697 - INFO - 验证进度 [125/401]: 31#01360
2025-08-18 11:49:20,718 - INFO - 验证进度 [126/401]: 31#02078
2025-08-18 11:49:20,744 - INFO - 验证进度 [127/401]: 31#00822
2025-08-18 11:49:20,758 - INFO - 验证进度 [128/401]: 31#01495
2025-08-18 11:49:20,770 - INFO - 验证进度 [129/401]: 31#01771
2025-08-18 11:49:20,784 - INFO - 验证进度 [130/401]: 31#01817
2025-08-18 11:49:20,816 - INFO - 验证进度 [131/401]: 31#00567
2025-08-18 11:49:20,854 - INFO - 验证进度 [132/401]: 31#01870
2025-08-18 11:49:20,878 - INFO - 验证进度 [133/401]: 31#00159
2025-08-18 11:49:20,893 - INFO - 验证进度 [134/401]: 31#02226
2025-08-18 11:49:20,909 - INFO - 验证进度 [135/401]: 31#02361
2025-08-18 11:49:20,922 - INFO - 验证进度 [136/401]: 31#01156
2025-08-18 11:49:20,938 - INFO - 验证进度 [137/401]: 31#01667
2025-08-18 11:49:20,955 - INFO - 验证进度 [138/401]: 31#01975
2025-08-18 11:49:20,970 - INFO - 验证进度 [139/401]: 31#01953
2025-08-18 11:49:20,999 - INFO - 验证进度 [140/401]: 31#01699
2025-08-18 11:49:21,014 - INFO - 验证进度 [141/401]: 31#06606
2025-08-18 11:49:21,027 - INFO - 验证进度 [142/401]: 31#00733
2025-08-18 11:49:21,043 - INFO - 验证进度 [143/401]: 31#03683
2025-08-18 11:49:21,066 - INFO - 验证进度 [144/401]: 31#01560
2025-08-18 11:49:21,079 - INFO - 验证进度 [145/401]: 31#00951
2025-08-18 11:49:21,091 - INFO - 验证进度 [146/401]: 31#01645
2025-08-18 11:49:21,106 - INFO - 验证进度 [147/401]: 31#01542
2025-08-18 11:49:21,117 - INFO - 验证进度 [148/401]: 31#00102
2025-08-18 11:49:21,141 - INFO - 验证进度 [149/401]: 31#02480
2025-08-18 11:49:21,151 - INFO - 验证进度 [150/401]: 31#02486
2025-08-18 11:49:21,166 - INFO - 验证进度 [151/401]: 31#02181
2025-08-18 11:49:21,190 - INFO - 验证进度 [152/401]: 31#00750
2025-08-18 11:49:21,210 - INFO - 验证进度 [153/401]: 31#01351
2025-08-18 11:49:21,230 - INFO - 验证进度 [154/401]: 31#02422
2025-08-18 11:49:21,248 - INFO - 验证进度 [155/401]: 31#01996
2025-08-18 11:49:21,271 - INFO - 验证进度 [156/401]: 31#00606
2025-08-18 11:49:21,281 - INFO - 验证进度 [157/401]: 31#01971
2025-08-18 11:49:21,295 - INFO - 验证进度 [158/401]: 31#00174
2025-08-18 11:49:21,318 - INFO - 验证进度 [159/401]: 31#01498
2025-08-18 11:49:21,333 - INFO - 验证进度 [160/401]: 31#01250
2025-08-18 11:49:21,354 - INFO - 验证进度 [161/401]: 31#00442
2025-08-18 11:49:21,374 - INFO - 验证进度 [162/401]: 31#01121
2025-08-18 11:49:21,399 - INFO - 验证进度 [163/401]: 31#01206
2025-08-18 11:49:21,413 - INFO - 验证进度 [164/401]: 31#02448
2025-08-18 11:49:21,432 - INFO - 验证进度 [165/401]: 31#06190
2025-08-18 11:49:21,439 - INFO - 验证进度 [166/401]: 31#00459
2025-08-18 11:49:21,453 - INFO - 验证进度 [167/401]: 31#01222
2025-08-18 11:49:21,465 - INFO - 验证进度 [168/401]: 31#01323
2025-08-18 11:49:21,482 - INFO - 验证进度 [169/401]: 31#06909
2025-08-18 11:49:21,506 - INFO - 验证进度 [170/401]: 31#00587
2025-08-18 11:49:21,515 - INFO - 验证进度 [171/401]: 31#02420
2025-08-18 11:49:21,524 - INFO - 验证进度 [172/401]: 31#01575
2025-08-18 11:49:21,562 - INFO - 验证进度 [173/401]: 31#00266
2025-08-18 11:49:21,569 - INFO - 验证进度 [174/401]: 31#00970
2025-08-18 11:49:21,602 - INFO - 验证进度 [175/401]: 31#01909
2025-08-18 11:49:21,631 - INFO - 验证进度 [176/401]: 31#00810
2025-08-18 11:49:21,669 - INFO - 验证进度 [177/401]: 31#00214
2025-08-18 11:49:21,680 - INFO - 验证进度 [178/401]: 31#00607
2025-08-18 11:49:21,703 - INFO - 验证进度 [179/401]: 31#03662
2025-08-18 11:49:21,716 - INFO - 验证进度 [180/401]: 31#01319
2025-08-18 11:49:21,724 - INFO - 验证进度 [181/401]: 31#01955
2025-08-18 11:49:21,742 - INFO - 验证进度 [182/401]: 31#00759
2025-08-18 11:49:21,758 - INFO - 验证进度 [183/401]: 31#00542
2025-08-18 11:49:21,797 - INFO - 验证进度 [184/401]: 31#00674
2025-08-18 11:49:21,837 - INFO - 验证进度 [185/401]: 31#00195
2025-08-18 11:49:21,852 - INFO - 验证进度 [186/401]: 31#00830
2025-08-18 11:49:21,864 - INFO - 验证进度 [187/401]: 31#00351
2025-08-18 11:49:21,892 - INFO - 验证进度 [188/401]: 31#01224
2025-08-18 11:49:21,903 - INFO - 验证进度 [189/401]: 31#01161
2025-08-18 11:49:21,916 - INFO - 验证进度 [190/401]: 31#01189
2025-08-18 11:49:21,930 - INFO - 验证进度 [191/401]: 31#00852
2025-08-18 11:49:21,952 - INFO - 验证进度 [192/401]: 31#02680
2025-08-18 11:49:21,981 - INFO - 验证进度 [193/401]: 31#02168
2025-08-18 11:49:21,997 - INFO - 验证进度 [194/401]: 31#01376
2025-08-18 11:49:22,025 - INFO - 验证进度 [195/401]: 31#02002
2025-08-18 11:49:22,037 - INFO - 验证进度 [196/401]: 31#00018
2025-08-18 11:49:22,047 - INFO - 验证进度 [197/401]: 31#01185
2025-08-18 11:49:22,060 - INFO - 验证进度 [198/401]: 31#00311
2025-08-18 11:49:22,069 - INFO - 验证进度 [199/401]: 31#01563
2025-08-18 11:49:22,090 - INFO - 验证进度 [200/401]: 31#06958
2025-08-18 11:49:22,102 - INFO - 验证进度 [201/401]: 31#09963
2025-08-18 11:49:22,132 - INFO - 验证进度 [202/401]: 31#01987
2025-08-18 11:49:22,158 - INFO - 验证进度 [203/401]: 31#01727
2025-08-18 11:49:22,174 - INFO - 验证进度 [204/401]: 31#01004
2025-08-18 11:49:22,199 - INFO - 验证进度 [205/401]: 31#02008
2025-08-18 11:49:22,213 - INFO - 验证进度 [206/401]: 31#00765
2025-08-18 11:49:22,241 - INFO - 验证进度 [207/401]: 31#01255
2025-08-18 11:49:22,269 - INFO - 验证进度 [208/401]: 31#00724
2025-08-18 11:49:22,304 - INFO - 验证进度 [209/401]: 31#01463
2025-08-18 11:49:22,341 - INFO - 验证进度 [210/401]: 31#00802
2025-08-18 11:49:22,361 - INFO - 验证进度 [211/401]: 31#06939
2025-08-18 11:49:22,372 - INFO - 验证进度 [212/401]: 31#02623
2025-08-18 11:49:22,393 - INFO - 验证进度 [213/401]: 31#01416
2025-08-18 11:49:22,413 - INFO - 验证进度 [214/401]: 31#00122
2025-08-18 11:49:22,426 - INFO - 验证进度 [215/401]: 31#06163
2025-08-18 11:49:22,444 - INFO - 验证进度 [216/401]: 31#02019
2025-08-18 11:49:22,461 - INFO - 验证进度 [217/401]: 31#00030
2025-08-18 11:49:22,478 - INFO - 验证进度 [218/401]: 31#01153
2025-08-18 11:49:22,491 - INFO - 验证进度 [219/401]: 31#01922
2025-08-18 11:49:22,505 - INFO - 验证进度 [220/401]: 31#02370
2025-08-18 11:49:22,516 - INFO - 验证进度 [221/401]: 31#01543
2025-08-18 11:49:22,534 - INFO - 验证进度 [222/401]: 31#00401
2025-08-18 11:49:22,566 - INFO - 验证进度 [223/401]: 31#01402
2025-08-18 11:49:22,578 - INFO - 验证进度 [224/401]: 31#02258
2025-08-18 11:49:22,597 - INFO - 验证进度 [225/401]: 31#00979
2025-08-18 11:49:22,624 - INFO - 验证进度 [226/401]: 31#03390
2025-08-18 11:49:22,637 - INFO - 验证进度 [227/401]: 31#02127
2025-08-18 11:49:22,666 - INFO - 验证进度 [228/401]: 31#01668
2025-08-18 11:49:22,683 - INFO - 验证进度 [229/401]: 31#06966
2025-08-18 11:49:22,700 - INFO - 验证进度 [230/401]: 31#03628
2025-08-18 11:49:22,727 - INFO - 验证进度 [231/401]: 31#06610
2025-08-18 11:49:22,747 - INFO - 验证进度 [232/401]: 31#09983
2025-08-18 11:49:22,760 - INFO - 验证进度 [233/401]: 31#03718
2025-08-18 11:49:22,775 - INFO - 验证进度 [234/401]: 31#02122
2025-08-18 11:49:22,804 - INFO - 验证进度 [235/401]: 31#02101
2025-08-18 11:49:22,817 - INFO - 验证进度 [236/401]: 31#01317
2025-08-18 11:49:22,831 - INFO - 验证进度 [237/401]: 31#01163
2025-08-18 11:49:22,850 - INFO - 验证进度 [238/401]: 31#01847
2025-08-18 11:49:22,865 - INFO - 验证进度 [239/401]: 31#03913
2025-08-18 11:49:22,882 - INFO - 验证进度 [240/401]: 31#01034
2025-08-18 11:49:22,901 - INFO - 验证进度 [241/401]: 31#01170
2025-08-18 11:49:22,910 - INFO - 验证进度 [242/401]: 31#01812
2025-08-18 11:49:22,923 - INFO - 验证进度 [243/401]: 31#00438
2025-08-18 11:49:22,941 - INFO - 验证进度 [244/401]: 31#00431
2025-08-18 11:49:22,950 - INFO - 验证进度 [245/401]: 31#01701
2025-08-18 11:49:22,972 - INFO - 验证进度 [246/401]: 31#01429
2025-08-18 11:49:22,993 - INFO - 验证进度 [247/401]: 31#03300
2025-08-18 11:49:23,016 - INFO - 验证进度 [248/401]: 31#01895
2025-08-18 11:49:23,031 - INFO - 验证进度 [249/401]: 31#02399
2025-08-18 11:49:23,054 - INFO - 验证进度 [250/401]: 31#09857
2025-08-18 11:49:23,066 - INFO - 验证进度 [251/401]: 31#00929
2025-08-18 11:49:23,078 - INFO - 验证进度 [252/401]: 31#01343
2025-08-18 11:49:23,099 - INFO - 验证进度 [253/401]: 31#00831
2025-08-18 11:49:23,109 - INFO - 验证进度 [254/401]: 31#00410
2025-08-18 11:49:23,123 - INFO - 验证进度 [255/401]: 31#06158
2025-08-18 11:49:23,148 - INFO - 验证进度 [256/401]: 31#01332
2025-08-18 11:49:23,176 - INFO - 验证进度 [257/401]: 31#03389
2025-08-18 11:49:23,188 - INFO - 验证进度 [258/401]: 31#02222
2025-08-18 11:49:23,203 - INFO - 验证进度 [259/401]: 31#01765
2025-08-18 11:49:23,218 - INFO - 验证进度 [260/401]: 31#02415
2025-08-18 11:49:23,231 - INFO - 验证进度 [261/401]: 31#00034
2025-08-18 11:49:23,241 - INFO - 验证进度 [262/401]: 31#01271
2025-08-18 11:49:23,254 - INFO - 验证进度 [263/401]: 31#09686
2025-08-18 11:49:23,263 - INFO - 验证进度 [264/401]: 31#00082
2025-08-18 11:49:23,281 - INFO - 验证进度 [265/401]: 31#00593
2025-08-18 11:49:23,317 - INFO - 验证进度 [266/401]: 31#01597
2025-08-18 11:49:23,337 - INFO - 验证进度 [267/401]: 31#01231
2025-08-18 11:49:23,353 - INFO - 验证进度 [268/401]: 31#02110
2025-08-18 11:49:23,380 - INFO - 验证进度 [269/401]: 31#01029
2025-08-18 11:49:23,401 - INFO - 验证进度 [270/401]: 31#00009
2025-08-18 11:49:23,433 - INFO - 验证进度 [271/401]: 31#01650
2025-08-18 11:49:23,446 - INFO - 验证进度 [272/401]: 31#00251
2025-08-18 11:49:23,456 - INFO - 验证进度 [273/401]: 31#01733
2025-08-18 11:49:23,473 - INFO - 验证进度 [274/401]: 31#02325
2025-08-18 11:49:23,483 - INFO - 验证进度 [275/401]: 31#00483
2025-08-18 11:49:23,502 - INFO - 验证进度 [276/401]: 31#01865
2025-08-18 11:49:23,524 - INFO - 验证进度 [277/401]: 31#01058
2025-08-18 11:49:23,541 - INFO - 验证进度 [278/401]: 31#02708
2025-08-18 11:49:23,563 - INFO - 验证进度 [279/401]: 31#00543
2025-08-18 11:49:23,574 - INFO - 验证进度 [280/401]: 31#02482
2025-08-18 11:49:23,587 - INFO - 验证进度 [281/401]: 31#01245
2025-08-18 11:49:23,599 - INFO - 验证进度 [282/401]: 31#02427
2025-08-18 11:49:23,616 - INFO - 验证进度 [283/401]: 31#00685
2025-08-18 11:49:23,626 - INFO - 验证进度 [284/401]: 31#01897
2025-08-18 11:49:23,635 - INFO - 验证进度 [285/401]: 31#01204
2025-08-18 11:49:23,644 - INFO - 验证进度 [286/401]: 31#00974
2025-08-18 11:49:23,678 - INFO - 验证进度 [287/401]: 31#02215
2025-08-18 11:49:23,694 - INFO - 验证进度 [288/401]: 31#01826
2025-08-18 11:49:23,733 - INFO - 验证进度 [289/401]: 31#01967
2025-08-18 11:49:23,753 - INFO - 验证进度 [290/401]: 31#02017
2025-08-18 11:49:23,779 - INFO - 验证进度 [291/401]: 31#01002
2025-08-18 11:49:23,805 - INFO - 验证进度 [292/401]: 31#06893
2025-08-18 11:49:23,818 - INFO - 验证进度 [293/401]: 31#09929
2025-08-18 11:49:23,833 - INFO - 验证进度 [294/401]: 31#02182
2025-08-18 11:49:23,850 - INFO - 验证进度 [295/401]: 31#01719
2025-08-18 11:49:23,862 - INFO - 验证进度 [296/401]: 31#00389
2025-08-18 11:49:23,881 - INFO - 验证进度 [297/401]: 31#02270
2025-08-18 11:49:23,893 - INFO - 验证进度 [298/401]: 31#00118
2025-08-18 11:49:23,906 - INFO - 验证进度 [299/401]: 31#01832
2025-08-18 11:49:23,916 - INFO - 验证进度 [300/401]: 31#00550
2025-08-18 11:49:23,957 - INFO - 验证进度 [301/401]: 31#06988
2025-08-18 11:49:23,979 - INFO - 验证进度 [302/401]: 31#00079
2025-08-18 11:49:24,012 - INFO - 验证进度 [303/401]: 31#00693
2025-08-18 11:49:24,020 - INFO - 验证进度 [304/401]: 31#02231
2025-08-18 11:49:24,039 - INFO - 验证进度 [305/401]: 31#09916
2025-08-18 11:49:24,053 - INFO - 验证进度 [306/401]: 31#00199
2025-08-18 11:49:24,062 - INFO - 验证进度 [307/401]: 31#01598
2025-08-18 11:49:24,076 - INFO - 验证进度 [308/401]: 31#01846
2025-08-18 11:49:24,087 - INFO - 验证进度 [309/401]: 31#02193
2025-08-18 11:49:24,098 - INFO - 验证进度 [310/401]: 31#01708
2025-08-18 11:49:24,120 - INFO - 验证进度 [311/401]: 31#00726
2025-08-18 11:49:24,146 - INFO - 验证进度 [312/401]: 31#01757
2025-08-18 11:49:24,164 - INFO - 验证进度 [313/401]: 31#01244
2025-08-18 11:49:24,181 - INFO - 验证进度 [314/401]: 31#02147
2025-08-18 11:49:24,197 - INFO - 验证进度 [315/401]: 31#00302
2025-08-18 11:49:24,212 - INFO - 验证进度 [316/401]: 31#01281
2025-08-18 11:49:24,234 - INFO - 验证进度 [317/401]: 31#01960
2025-08-18 11:49:24,259 - INFO - 验证进度 [318/401]: 31#00983
2025-08-18 11:49:24,268 - INFO - 验证进度 [319/401]: 31#01028
2025-08-18 11:49:24,289 - INFO - 验证进度 [320/401]: 31#01793
2025-08-18 11:49:24,299 - INFO - 验证进度 [321/401]: 31#02383
2025-08-18 11:49:24,311 - INFO - 验证进度 [322/401]: 31#00589
2025-08-18 11:49:24,329 - INFO - 验证进度 [323/401]: 31#01362
2025-08-18 11:49:24,341 - INFO - 验证进度 [324/401]: 31#01107
2025-08-18 11:49:24,355 - INFO - 验证进度 [325/401]: 31#06830
2025-08-18 11:49:24,376 - INFO - 验证进度 [326/401]: 31#06199
2025-08-18 11:49:24,386 - INFO - 验证进度 [327/401]: 31#01750
2025-08-18 11:49:24,408 - INFO - 验证进度 [328/401]: 31#02385
2025-08-18 11:49:24,416 - INFO - 验证进度 [329/401]: 31#06119
2025-08-18 11:49:24,431 - INFO - 验证进度 [330/401]: 31#01417
2025-08-18 11:49:24,451 - INFO - 验证进度 [331/401]: 31#06633
2025-08-18 11:49:24,463 - INFO - 验证进度 [332/401]: 31#01936
2025-08-18 11:49:24,483 - INFO - 验证进度 [333/401]: 31#03680
2025-08-18 11:49:24,504 - INFO - 验证进度 [334/401]: 31#03333
2025-08-18 11:49:24,524 - INFO - 验证进度 [335/401]: 31#02199
2025-08-18 11:49:24,535 - INFO - 验证进度 [336/401]: 31#02436
2025-08-18 11:49:24,544 - INFO - 验证进度 [337/401]: 31#01201
2025-08-18 11:49:24,572 - INFO - 验证进度 [338/401]: 31#01399
2025-08-18 11:49:24,583 - INFO - 验证进度 [339/401]: 31#01348
2025-08-18 11:49:24,607 - INFO - 验证进度 [340/401]: 31#03773
2025-08-18 11:49:24,623 - INFO - 验证进度 [341/401]: 31#02501
2025-08-18 11:49:24,630 - INFO - 验证进度 [342/401]: 31#00310
2025-08-18 11:49:24,653 - INFO - 验证进度 [343/401]: 31#03603
2025-08-18 11:49:24,668 - INFO - 验证进度 [344/401]: 31#00947
2025-08-18 11:49:24,681 - INFO - 验证进度 [345/401]: 31#02237
2025-08-18 11:49:24,701 - INFO - 验证进度 [346/401]: 31#01408
2025-08-18 11:49:24,716 - INFO - 验证进度 [347/401]: 31#09977
2025-08-18 11:49:24,732 - INFO - 验证进度 [348/401]: 31#01082
2025-08-18 11:49:24,744 - INFO - 验证进度 [349/401]: 31#00368
2025-08-18 11:49:24,759 - INFO - 验证进度 [350/401]: 31#02000
2025-08-18 11:49:24,771 - INFO - 验证进度 [351/401]: 31#02098
2025-08-18 11:49:24,783 - INFO - 验证进度 [352/401]: 31#06063
2025-08-18 11:49:24,810 - INFO - 验证进度 [353/401]: 31#02135
2025-08-18 11:49:24,827 - INFO - 验证进度 [354/401]: 31#02060
2025-08-18 11:49:24,841 - INFO - 验证进度 [355/401]: 31#01383
2025-08-18 11:49:24,859 - INFO - 验证进度 [356/401]: 31#00171
2025-08-18 11:49:24,876 - INFO - 验证进度 [357/401]: 31#03878
2025-08-18 11:49:24,897 - INFO - 验证进度 [358/401]: 31#00186
2025-08-18 11:49:24,926 - INFO - 验证进度 [359/401]: 31#00286
2025-08-18 11:49:24,947 - INFO - 验证进度 [360/401]: 31#00150
2025-08-18 11:49:24,964 - INFO - 验证进度 [361/401]: 31#00812
2025-08-18 11:49:24,979 - INFO - 验证进度 [362/401]: 31#02028
2025-08-18 11:49:25,008 - INFO - 验证进度 [363/401]: 31#01790
2025-08-18 11:49:25,021 - INFO - 验证进度 [364/401]: 31#01652
2025-08-18 11:49:25,063 - INFO - 验证进度 [365/401]: 31#01566
2025-08-18 11:49:25,087 - INFO - 验证进度 [366/401]: 31#03798
2025-08-18 11:49:25,102 - INFO - 验证进度 [367/401]: 31#03650
2025-08-18 11:49:25,116 - INFO - 验证进度 [368/401]: 31#09982
2025-08-18 11:49:25,126 - INFO - 验证进度 [369/401]: 31#06033
2025-08-18 11:49:25,135 - INFO - 验证进度 [370/401]: 31#01894
2025-08-18 11:49:25,159 - INFO - 验证进度 [371/401]: 31#02798
2025-08-18 11:49:25,173 - INFO - 验证进度 [372/401]: 31#01843
2025-08-18 11:49:25,189 - INFO - 验证进度 [373/401]: 31#09918
2025-08-18 11:49:25,211 - INFO - 验证进度 [374/401]: 31#06698
2025-08-18 11:49:25,227 - INFO - 验证进度 [375/401]: 31#06968
2025-08-18 11:49:25,247 - INFO - 验证进度 [376/401]: 31#00242
2025-08-18 11:49:25,257 - INFO - 验证进度 [377/401]: 31#01978
2025-08-18 11:49:25,270 - INFO - 验证进度 [378/401]: 31#01284
2025-08-18 11:49:25,279 - INFO - 验证进度 [379/401]: 31#03309
2025-08-18 11:49:25,293 - INFO - 验证进度 [380/401]: 31#01959
2025-08-18 11:49:25,316 - INFO - 验证进度 [381/401]: 31#01608
2025-08-18 11:49:25,334 - INFO - 验证进度 [382/401]: 31#03997
2025-08-18 11:49:25,354 - INFO - 验证进度 [383/401]: 31#02289
2025-08-18 11:49:25,366 - INFO - 验证进度 [384/401]: 31#01105
2025-08-18 11:49:25,380 - INFO - 验证进度 [385/401]: 31#01703
2025-08-18 11:49:25,395 - INFO - 验证进度 [386/401]: 31#01965
2025-08-18 11:49:25,406 - INFO - 验证进度 [387/401]: 31#01655
2025-08-18 11:49:25,443 - INFO - 验证进度 [388/401]: 31#02120
2025-08-18 11:49:25,457 - INFO - 验证进度 [389/401]: 31#00894
2025-08-18 11:49:25,481 - INFO - 验证进度 [390/401]: 31#02439
2025-08-18 11:49:25,503 - INFO - 验证进度 [391/401]: 31#06108
2025-08-18 11:49:25,529 - INFO - 验证进度 [392/401]: 31#01827
2025-08-18 11:49:25,544 - INFO - 验证进度 [393/401]: 31#00191
2025-08-18 11:49:25,557 - INFO - 验证进度 [394/401]: 31#01663
2025-08-18 11:49:25,569 - INFO - 验证进度 [395/401]: 31#02175
2025-08-18 11:49:25,580 - INFO - 验证进度 [396/401]: 31#02153
2025-08-18 11:49:25,591 - INFO - 验证进度 [397/401]: 31#00936
2025-08-18 11:49:25,617 - INFO - 验证进度 [398/401]: 31#02187
2025-08-18 11:49:25,636 - INFO - 验证进度 [399/401]: 31#02003
2025-08-18 11:49:25,648 - INFO - 验证进度 [400/401]: 31#00599
2025-08-18 11:49:25,659 - INFO - 验证进度 [401/401]: 31#02372
2025-08-18 11:49:25,672 - INFO - 历史验证完成: 160/399 成功，成功率: 40.10%
2025-08-18 11:49:25,672 - INFO - 筛选完成，发现 401 个信号，耗时 19.51 秒
2025-08-18 11:49:25,673 - INFO - 配置保存成功
2025-08-18 11:49:25,673 - INFO - 禁用策略: 周线金叉+日线MA_v1.0
2025-08-18 11:49:25,673 - INFO - 禁用策略: 周线金叉+日线MA_v1.0
2025-08-18 11:49:25,673 - INFO - 禁用策略: WEEKLY_GOLDEN_CROSS_MA_v1.0
2025-08-18 11:49:25,680 - INFO - 配置保存成功
2025-08-18 11:49:25,680 - INFO - 禁用策略: MACD零轴启动_v1.0
2025-08-18 11:49:25,680 - INFO - 禁用策略: MACD零轴启动_v1.0
2025-08-18 11:49:25,680 - INFO - 禁用策略: MACD_ZERO_AXIS_v1.0
2025-08-18 11:49:25,680 - INFO - 配置保存成功
2025-08-18 11:49:25,680 - INFO - 禁用策略: 深渊筑底策略_v2.0
2025-08-18 11:49:25,680 - INFO - 禁用策略: 深渊筑底策略_v2.0
2025-08-18 11:49:25,680 - INFO - 禁用策略: ABYSS_BOTTOMING_v2.0
2025-08-18 11:49:25,680 - INFO - 配置保存成功
2025-08-18 11:49:25,681 - INFO - 禁用策略: 临界金叉_v1.0
2025-08-18 11:49:25,681 - INFO - 禁用策略: 临界金叉_v1.0
2025-08-18 11:49:25,681 - INFO - 禁用策略: PRE_CROSS_v1.0
2025-08-18 11:49:25,681 - INFO - 配置保存成功
2025-08-18 11:49:25,681 - INFO - 禁用策略: 三重金叉_v1.0
2025-08-18 11:49:25,681 - INFO - 禁用策略: 三重金叉_v1.0
2025-08-18 11:49:25,681 - INFO - 禁用策略: TRIPLE_CROSS_v1.0
2025-08-18 11:49:25,681 - INFO - 配置保存成功
2025-08-18 11:49:25,681 - INFO - 启用策略: 深渊筑底策略_v2.0
2025-08-18 11:49:25,681 - INFO - 启用策略: 深渊筑底策略_v2.0
2025-08-18 11:49:25,681 - INFO - 配置保存成功
2025-08-18 11:49:25,681 - INFO - 启用策略: 临界金叉_v1.0
2025-08-18 11:49:25,681 - INFO - 启用策略: 临界金叉_v1.0
2025-08-18 11:49:25,681 - INFO - 配置保存成功
2025-08-18 11:49:25,681 - INFO - 启用策略: 三重金叉_v1.0
2025-08-18 11:49:25,681 - INFO - 启用策略: 三重金叉_v1.0
2025-08-18 11:49:25,681 - INFO - 配置保存成功
2025-08-18 11:49:25,681 - INFO - 启用策略: MACD零轴启动_v1.0
2025-08-18 11:49:25,681 - INFO - 启用策略: MACD零轴启动_v1.0
2025-08-18 11:49:25,681 - INFO - 配置保存成功
2025-08-18 11:49:25,681 - INFO - 启用策略: 周线金叉+日线MA_v1.0
2025-08-18 11:49:25,681 - INFO - 启用策略: 周线金叉+日线MA_v1.0
历史筛选发现 401 个信号

信号 1: sh688172
  策略: 深渊筑底策略
  信号类型: BUY
  当时价格: 18.84
  验证成功: True
  最大收益: 0.08651804670912946
  最终收益: 0.06740976645435241

信号 2: sh601699
  策略: 深渊筑底策略
  信号类型: BUY
  当时价格: 10.89
  验证成功: True
  最大收益: 0.3498622589531679
  最终收益: 0.3039485766758493

信号 3: sh600123
  策略: 深渊筑底策略
  信号类型: BUY
  当时价格: 6.55
  验证成功: True
  最大收益: 0.09160305343511459
  最终收益: 0.04885496183206112

============================================================
5. 演示完整集成工作流
============================================================
2025-08-18 11:49:25,684 - INFO - 数据库初始化完成
2025-08-18 11:49:25,684 - INFO - 数据库初始化完成
运行数据丰富流程...
2025-08-18 11:49:25,684 - INFO - 开始为核心观察池丰富数据
2025-08-18 11:49:25,684 - INFO - 处理进度 [1/2]: sh600036
2025-08-18 11:49:25,684 - INFO - 开始丰富数据: sh600036
2025-08-18 11:49:25,861 - WARNING - 获取 sh600036 龙虎榜数据失败: 'NoneType' object is not subscriptable
2025-08-18 11:49:33,221 - INFO - sh600036 发现分红送配数据                                                                         
2025-08-18 11:49:33,221 - WARNING - 获取 sh600036 涨停原因失败: module 'craw.stock_limitup_reason' has no attribute 'get_limit_up_reason'
2025-08-18 11:49:33,255 - INFO - 股票 sh600036 画像数据已更新
2025-08-18 11:49:33,255 - INFO - 成功丰富 sh600036 数据，更新了 3 个字段
2025-08-18 11:49:33,255 - INFO - 处理进度 [2/2]: sz300290
2025-08-18 11:49:33,255 - INFO - 开始丰富数据: sz300290
2025-08-18 11:49:33,375 - WARNING - 获取 sz300290 龙虎榜数据失败: 'NoneType' object is not subscriptable
2025-08-18 11:49:36,180 - WARNING - 获取 sz300290 涨停原因失败: module 'craw.stock_limitup_reason' has no attribute 'get_limit_up_reason'
2025-08-18 11:49:36,194 - INFO - 股票 sz300290 画像数据已更新
2025-08-18 11:49:36,194 - INFO - 成功丰富 sz300290 数据，更新了 1 个字段
2025-08-18 11:49:36,195 - INFO - 数据丰富完成: 成功 2, 失败 0
数据丰富结果: {'success': 2, 'failed': 0, 'total': 2}
2025-08-18 11:49:36,195 - INFO - 数据库初始化完成
运行参数画像生成流程...
2025-08-18 11:49:36,196 - INFO - 开始为核心观察池生成参数画像
2025-08-18 11:49:36,196 - INFO - 处理进度 [1/2]: sh600036
2025-08-18 11:49:36,196 - INFO - 开始为 sh600036 生成参数画像
2025-08-18 11:49:36,256 - ERROR - 验证参数时出错: calculate_rsi() got an unexpected keyword argument 'period'
2025-08-18 11:49:36,262 - INFO - 股票 sh600036 画像数据已更新
2025-08-18 11:49:36,262 - INFO - 成功为 sh600036 生成参数画像，验证分数: 0.000
2025-08-18 11:49:36,262 - INFO - 处理进度 [2/2]: sz300290
2025-08-18 11:49:36,262 - INFO - 开始为 sz300290 生成参数画像
2025-08-18 11:49:36,335 - ERROR - 验证参数时出错: calculate_rsi() got an unexpected keyword argument 'period'
2025-08-18 11:49:36,342 - INFO - 股票 sz300290 画像数据已更新
2025-08-18 11:49:36,342 - INFO - 成功为 sz300290 生成参数画像，验证分数: 0.000
2025-08-18 11:49:36,342 - INFO - 参数画像生成完成: 成功 2, 失败 0
参数画像结果: {'success': 2, 'failed': 0, 'total': 2}

最终统计:
  观察池: {'total_stocks': 2, 'active_stocks': 2, 'avg_score': 0.7849999999999999, 'avg_credibility': 1.0, 'total_signals': 0, 'total_successes': 0, 'overall_win_rate': 0.0, 'grade_distribution': {'A': 1, 'B': 1}, 'recent_signals': 0, 'last_updated': '2025-08-18T11:49:36.343231'}
  数据丰富: {'total_stocks': 2, 'enriched_stocks': 0, 'health_score_available': 0, 'lhb_data_available': 0, 'financial_data_available': 0, 'limit_up_reason_available': 0, 'avg_health_score': 0.0}
  参数画像: {'total_stocks': 2, 'profiled_stocks': 2, 'avg_validation_score': 0.0, 'optimization_methods': {'unknown': 2}, 'parameter_distributions': {}}

============================================================
✅ 所有演示完成！
============================================================

主要新增功能:
1. ✅ 数据库结构扩展 - 支持健康分、龙虎榜、财务数据等字段
2. ✅ 数据丰富器 - 自动获取和整合多源数据
3. ✅ 个股画像生成器 - 为每只股票优化技术指标参数
4. ✅ 历史回测验证 - 支持历史日期筛选和结果验证
5. ✅ 集成工作流 - 各模块协同工作

📊 演示数据已保存到 demo_stock_pool.db
📝 详细日志已保存到 demo_backend_step0.log

是否清理演示文件? (y/N): n
演示文件已保留，您可以手动检查数据库内容
(venv) hypnosis@hypnosis-AI9:~/data/quant_base$ 
