2025-08-18 13:31:03,901 - __main__ - INFO - 运行增量更新模式
2025-08-18 13:31:03,901 - __main__ - INFO - ============================================================
2025-08-18 13:31:03,901 - __main__ - INFO - 开始批量个股画像生成
2025-08-18 13:31:03,901 - __main__ - INFO - ============================================================
2025-08-18 13:31:03,901 - stock_pool_manager - INFO - 数据库初始化完成
2025-08-18 13:31:03,901 - stock_pool_manager - INFO - 数据库初始化完成
2025-08-18 13:31:03,902 - stock_pool_manager - INFO - 数据库初始化完成
2025-08-18 13:31:03,902 - __main__ - INFO - 核心池股票总数: 46
2025-08-18 13:31:03,902 - __main__ - INFO - 需要处理的股票数量: 0
2025-08-18 13:31:03,902 - __main__ - INFO - ============================================================
2025-08-18 13:31:03,902 - __main__ - INFO - 批量个股画像生成完成
2025-08-18 13:31:03,902 - __main__ - INFO - ============================================================
2025-08-18 13:31:03,902 - __main__ - INFO - 处理时间: 0.0 秒
2025-08-18 13:31:03,902 - __main__ - INFO - 核心池总数: 46
2025-08-18 13:31:03,902 - __main__ - INFO - 处理股票数: 0
2025-08-18 13:31:03,902 - __main__ - INFO - 画像生成成功: 0
2025-08-18 13:31:03,902 - __main__ - INFO - 画像生成失败: 0
2025-08-18 13:31:03,902 - __main__ - INFO - 数据丰富成功: 0
2025-08-18 13:31:03,902 - __main__ - INFO - 数据丰富失败: 0
2025-08-18 13:31:03,902 - __main__ - INFO - 当前画像覆盖率: 46/46
2025-08-18 13:31:03,902 - __main__ - INFO - 平均验证分数: 0.000
2025-08-18 13:31:03,903 - __main__ - INFO - 数据丰富覆盖率: 0/46
2025-08-18 13:31:03,903 - __main__ - INFO - 平均健康分数: 0.000
2025-08-18 13:31:03,903 - __main__ - INFO - 所有股票处理成功
