2025-08-21 20:16:18,165 - INFO - ============================================================
2025-08-21 20:16:18,166 - INFO - 🚀 启动个股画像批量生成任务
2025-08-21 20:16:18,166 - INFO - ============================================================
2025-08-21 20:16:18,166 - INFO - 数据库初始化完成
2025-08-21 20:16:18,166 - INFO - 数据库初始化完成
2025-08-21 20:16:18,166 - INFO - 正在从文件系统获取全市场股票列表...
2025-08-21 20:16:18,169 - INFO - 发现 11574 只股票。
2025-08-21 20:16:18,169 - INFO - 开始为核心观察池生成参数画像 (多进程模式)
2025-08-21 20:16:18,203 - INFO - 数据库初始化完成
2025-08-21 20:16:18,203 - INFO - 数据库初始化完成
2025-08-21 20:16:18,206 - INFO - 数据库初始化完成
2025-08-21 20:16:18,206 - INFO - 数据库初始化完成
2025-08-21 20:16:18,211 - INFO - 数据库初始化完成
2025-08-21 20:16:18,211 - INFO - 数据库初始化完成
2025-08-21 20:16:18,211 - INFO - 数据库初始化完成
2025-08-21 20:16:18,211 - INFO - 数据库初始化完成
2025-08-21 20:16:18,211 - INFO - 数据库初始化完成
2025-08-21 20:16:18,218 - INFO - 数据库初始化完成
2025-08-21 20:16:18,218 - INFO - 数据库初始化完成
2025-08-21 20:16:18,218 - INFO - 数据库初始化完成
2025-08-21 20:16:18,218 - INFO - 数据库初始化完成
2025-08-21 20:16:18,218 - INFO - 数据库初始化完成
2025-08-21 20:16:18,218 - INFO - 数据库初始化完成
2025-08-21 20:16:18,218 - INFO - 数据库初始化完成
2025-08-21 20:16:18,218 - INFO - 数据库初始化完成
2025-08-21 20:16:18,219 - INFO - 数据库初始化完成
2025-08-21 20:16:18,219 - INFO - 数据库初始化完成
2025-08-21 20:16:18,219 - INFO - 数据库初始化完成
2025-08-21 20:16:18,219 - INFO - 数据库初始化完成
2025-08-21 20:16:18,219 - INFO - 数据库初始化完成
2025-08-21 20:16:18,220 - INFO - 数据库初始化完成
2025-08-21 20:16:18,220 - INFO - 数据库初始化完成
2025-08-21 20:16:18,220 - INFO - 数据库初始化完成
2025-08-21 20:16:18,220 - INFO - 数据库初始化完成
2025-08-21 20:16:18,220 - INFO - 数据库初始化完成
2025-08-21 20:16:18,220 - INFO - 数据库初始化完成
2025-08-21 20:16:18,220 - INFO - 数据库初始化完成
2025-08-21 20:16:18,220 - INFO - 数据库初始化完成
2025-08-21 20:16:18,220 - INFO - 数据库初始化完成
2025-08-21 20:16:18,220 - WARNING - sh688653 数据不足 (少于250天)，无法生成画像
2025-08-21 20:16:18,221 - INFO - 数据库初始化完成
2025-08-21 20:16:18,222 - WARNING - sh118052 数据不足 (少于250天)，无法生成画像
2025-08-21 20:16:18,223 - WARNING - sh118042 数据不足 (少于250天)，无法生成画像
2025-08-21 20:16:18,223 - INFO - 数据库初始化完成
2025-08-21 20:16:18,223 - INFO - 数据库初始化完成
2025-08-21 20:16:18,409 - INFO - 处理进度 [1/11574]: sh688653
2025-08-21 20:16:18,409 - INFO - 处理进度 [2/11574]: sh118052
2025-08-21 20:16:18,409 - INFO - 处理进度 [3/11574]: sh118042
2025-08-21 20:20:08,909 - INFO - 股票 sh600678 已自动添加到观察池
2025-08-21 20:20:08,941 - INFO - 股票 sh600678 画像数据已更新
2025-08-21 20:20:08,941 - INFO - 数据库初始化完成
2025-08-21 20:20:08,941 - INFO - 处理进度 [4/11574]: sh600678
2025-08-21 20:20:45,737 - INFO - 股票 sh601216 已自动添加到观察池
2025-08-21 20:20:45,771 - INFO - 股票 sh601216 画像数据已更新
2025-08-21 20:20:45,771 - INFO - 数据库初始化完成
2025-08-21 20:20:45,771 - INFO - 处理进度 [5/11574]: sh601216
2025-08-21 20:21:02,075 - INFO - 股票 sh603051 已自动添加到观察池
2025-08-21 20:21:02,106 - INFO - 股票 sh603051 画像数据已更新
2025-08-21 20:21:02,107 - INFO - 数据库初始化完成
2025-08-21 20:21:02,108 - INFO - 处理进度 [6/11574]: sh603051
2025-08-21 20:21:21,139 - INFO - 股票 sh688333 已自动添加到观察池
2025-08-21 20:21:21,170 - INFO - 股票 sh688333 画像数据已更新
2025-08-21 20:21:21,171 - INFO - 处理进度 [7/11574]: sh688333
2025-08-21 20:21:21,171 - INFO - 数据库初始化完成
2025-08-21 20:21:24,054 - INFO - 股票 sh511980 已自动添加到观察池
2025-08-21 20:21:24,066 - INFO - 股票 sh511980 画像数据已更新
2025-08-21 20:21:24,066 - INFO - 处理进度 [8/11574]: sh511980
2025-08-21 20:21:24,066 - INFO - 数据库初始化完成
2025-08-21 20:21:32,377 - INFO - 股票 sh881286 已自动添加到观察池
2025-08-21 20:21:32,391 - INFO - 股票 sh881286 画像数据已更新
2025-08-21 20:21:32,392 - INFO - 数据库初始化完成
2025-08-21 20:21:32,393 - INFO - 处理进度 [9/11574]: sh881286
2025-08-21 20:22:00,650 - INFO - 股票 sh600249 已自动添加到观察池
2025-08-21 20:22:00,664 - INFO - 股票 sh600249 画像数据已更新
2025-08-21 20:22:00,665 - INFO - 处理进度 [10/11574]: sh600249
2025-08-21 20:22:00,665 - INFO - 数据库初始化完成
2025-08-21 20:22:05,867 - INFO - 股票 sh880216 已自动添加到观察池
2025-08-21 20:22:05,875 - INFO - 股票 sh880216 画像数据已更新
2025-08-21 20:22:05,876 - INFO - 数据库初始化完成
2025-08-21 20:22:05,875 - INFO - 处理进度 [11/11574]: sh880216
2025-08-21 20:22:19,453 - INFO - 股票 sh603268 已自动添加到观察池
2025-08-21 20:22:19,485 - INFO - 股票 sh603268 画像数据已更新
2025-08-21 20:22:19,485 - INFO - 数据库初始化完成
2025-08-21 20:22:19,485 - INFO - 处理进度 [12/11574]: sh603268
2025-08-21 20:22:21,836 - INFO - 股票 sh881464 已自动添加到观察池
2025-08-21 20:22:21,850 - INFO - 股票 sh881464 画像数据已更新
2025-08-21 20:22:21,850 - INFO - 数据库初始化完成
2025-08-21 20:22:21,851 - INFO - 处理进度 [13/11574]: sh881464
2025-08-21 20:22:23,629 - INFO - 股票 sh603369 已自动添加到观察池
2025-08-21 20:22:23,644 - INFO - 股票 sh603369 画像数据已更新
2025-08-21 20:22:23,644 - INFO - 数据库初始化完成
2025-08-21 20:22:23,644 - INFO - 处理进度 [14/11574]: sh603369
2025-08-21 20:22:23,656 - WARNING - sh113676 数据不足 (少于250天)，无法生成画像
2025-08-21 20:22:23,656 - INFO - 处理进度 [15/11574]: sh113676
2025-08-21 20:22:23,657 - INFO - 数据库初始化完成
2025-08-21 20:22:44,304 - INFO - 股票 sh600307 已自动添加到观察池
2025-08-21 20:22:44,316 - INFO - 股票 sh600307 画像数据已更新
2025-08-21 20:22:44,317 - INFO - 处理进度 [16/11574]: sh600307
2025-08-21 20:22:44,317 - INFO - 数据库初始化完成
2025-08-21 20:22:58,401 - INFO - 股票 sh600833 已自动添加到观察池
2025-08-21 20:22:58,415 - INFO - 股票 sh600833 画像数据已更新
2025-08-21 20:22:58,415 - INFO - 数据库初始化完成
2025-08-21 20:22:58,418 - INFO - 处理进度 [17/11574]: sh600833
2025-08-21 20:23:13,240 - INFO - 股票 sh603985 已自动添加到观察池
2025-08-21 20:23:13,254 - INFO - 股票 sh603985 画像数据已更新
2025-08-21 20:23:13,255 - INFO - 处理进度 [18/11574]: sh603985
2025-08-21 20:23:13,255 - INFO - 数据库初始化完成
2025-08-21 20:23:52,625 - INFO - 股票 sh562520 已自动添加到观察池
2025-08-21 20:23:52,657 - INFO - 股票 sh562520 画像数据已更新
2025-08-21 20:23:52,658 - INFO - 处理进度 [19/11574]: sh562520
2025-08-21 20:23:52,658 - INFO - 数据库初始化完成
2025-08-21 20:23:52,668 - WARNING - sh563880 数据不足 (少于250天)，无法生成画像
2025-08-21 20:23:52,668 - INFO - 处理进度 [20/11574]: sh563880
2025-08-21 20:23:52,669 - INFO - 数据库初始化完成
2025-08-21 20:23:54,646 - INFO - 股票 sh880048 已自动添加到观察池
2025-08-21 20:23:54,660 - INFO - 股票 sh880048 画像数据已更新
2025-08-21 20:23:54,660 - INFO - 数据库初始化完成
2025-08-21 20:23:54,660 - INFO - 处理进度 [21/11574]: sh880048
2025-08-21 20:23:56,964 - INFO - 股票 sh603055 已自动添加到观察池
2025-08-21 20:23:56,995 - INFO - 股票 sh603055 画像数据已更新
2025-08-21 20:23:56,996 - INFO - 处理进度 [22/11574]: sh603055
2025-08-21 20:23:56,996 - INFO - 数据库初始化完成
2025-08-21 20:24:02,939 - INFO - 股票 sh881146 已自动添加到观察池
2025-08-21 20:24:02,970 - INFO - 股票 sh881146 画像数据已更新
2025-08-21 20:24:02,971 - INFO - 处理进度 [23/11574]: sh881146
2025-08-21 20:24:02,971 - INFO - 数据库初始化完成
2025-08-21 20:24:06,320 - INFO - 股票 sh880382 已自动添加到观察池
2025-08-21 20:24:06,332 - INFO - 股票 sh880382 画像数据已更新
2025-08-21 20:24:06,332 - INFO - 处理进度 [24/11574]: sh880382
2025-08-21 20:24:06,333 - INFO - 数据库初始化完成
2025-08-21 20:24:19,686 - INFO - 股票 sh600380 已自动添加到观察池
2025-08-21 20:24:19,700 - INFO - 股票 sh600380 画像数据已更新
2025-08-21 20:24:19,701 - INFO - 处理进度 [25/11574]: sh600380
2025-08-21 20:24:19,701 - INFO - 数据库初始化完成
2025-08-21 20:24:37,921 - INFO - 股票 sh515790 已自动添加到观察池
2025-08-21 20:24:37,935 - INFO - 股票 sh515790 画像数据已更新
2025-08-21 20:24:37,935 - INFO - 处理进度 [26/11574]: sh515790
2025-08-21 20:24:37,936 - INFO - 数据库初始化完成
2025-08-21 20:25:08,681 - INFO - 股票 sh601788 已自动添加到观察池
2025-08-21 20:25:08,694 - INFO - 股票 sh601788 画像数据已更新
2025-08-21 20:25:08,694 - INFO - 处理进度 [27/11574]: sh601788
2025-08-21 20:25:08,694 - INFO - 数据库初始化完成
2025-08-21 20:25:14,465 - INFO - 股票 sh881395 已自动添加到观察池
2025-08-21 20:25:14,472 - INFO - 股票 sh881395 画像数据已更新
2025-08-21 20:25:14,473 - INFO - 处理进度 [28/11574]: sh881395
2025-08-21 20:25:14,473 - INFO - 数据库初始化完成
2025-08-21 20:25:14,484 - WARNING - sh508086 数据不足 (少于250天)，无法生成画像
2025-08-21 20:25:14,484 - INFO - 数据库初始化完成
2025-08-21 20:25:14,485 - INFO - 处理进度 [29/11574]: sh508086
2025-08-21 20:25:15,950 - INFO - 股票 sh880596 已自动添加到观察池
2025-08-21 20:25:15,964 - INFO - 股票 sh880596 画像数据已更新
2025-08-21 20:25:15,965 - INFO - 数据库初始化完成
2025-08-21 20:25:15,965 - INFO - 处理进度 [30/11574]: sh880596
2025-08-21 20:25:20,908 - INFO - 股票 sh881273 已自动添加到观察池
2025-08-21 20:25:20,944 - INFO - 股票 sh881273 画像数据已更新
2025-08-21 20:25:20,945 - INFO - 数据库初始化完成
2025-08-21 20:25:20,946 - INFO - 处理进度 [31/11574]: sh881273
2025-08-21 20:25:20,955 - WARNING - sh880561 数据不足 (少于250天)，无法生成画像
2025-08-21 20:25:20,956 - INFO - 处理进度 [32/11574]: sh880561
2025-08-21 20:25:20,956 - INFO - 数据库初始化完成
2025-08-21 20:25:24,404 - INFO - 股票 sh501090 已自动添加到观察池
2025-08-21 20:25:24,418 - INFO - 股票 sh501090 画像数据已更新
2025-08-21 20:25:24,418 - INFO - 数据库初始化完成
2025-08-21 20:25:24,419 - INFO - 处理进度 [33/11574]: sh501090
2025-08-21 20:25:41,386 - INFO - 股票 sh688271 已自动添加到观察池
2025-08-21 20:25:41,417 - INFO - 股票 sh688271 画像数据已更新
2025-08-21 20:25:41,418 - INFO - 数据库初始化完成
2025-08-21 20:25:41,418 - INFO - 处理进度 [34/11574]: sh688271
2025-08-21 20:25:46,102 - INFO - 股票 sh511670 已自动添加到观察池
2025-08-21 20:25:46,114 - INFO - 股票 sh511670 画像数据已更新
2025-08-21 20:25:46,115 - INFO - 数据库初始化完成
2025-08-21 20:25:46,115 - INFO - 处理进度 [35/11574]: sh511670
2025-08-21 20:26:36,616 - INFO - 股票 sh601966 已自动添加到观察池
2025-08-21 20:26:36,630 - INFO - 股票 sh601966 画像数据已更新
2025-08-21 20:26:36,631 - INFO - 数据库初始化完成
2025-08-21 20:26:36,631 - INFO - 处理进度 [36/11574]: sh601966
2025-08-21 20:26:51,219 - WARNING - 差分进化优化失败，使用默认参数
2025-08-21 20:26:51,219 - ERROR - sh113593 参数优化失败，使用默认参数回退
2025-08-21 20:26:51,251 - INFO - 股票 sh113593 已自动添加到观察池
2025-08-21 20:26:51,265 - INFO - 股票 sh113593 画像数据已更新
2025-08-21 20:26:51,266 - INFO - 数据库初始化完成
2025-08-21 20:26:51,266 - INFO - 处理进度 [37/11574]: sh113593
2025-08-21 20:26:56,010 - WARNING - 差分进化优化失败，使用默认参数
2025-08-21 20:26:56,010 - ERROR - sh688501 参数优化失败，使用默认参数回退
2025-08-21 20:26:56,040 - INFO - 股票 sh688501 已自动添加到观察池
2025-08-21 20:26:56,052 - INFO - 股票 sh688501 画像数据已更新
2025-08-21 20:26:56,053 - INFO - 处理进度 [38/11574]: sh688501
2025-08-21 20:26:56,053 - INFO - 数据库初始化完成
2025-08-21 20:26:56,067 - INFO - 股票 sh603278 已自动添加到观察池
2025-08-21 20:26:56,072 - INFO - 股票 sh603278 画像数据已更新
2025-08-21 20:26:56,073 - INFO - 处理进度 [39/11574]: sh603278
2025-08-21 20:26:56,073 - INFO - 数据库初始化完成
2025-08-21 20:26:56,074 - WARNING - sh588130 数据不足 (少于250天)，无法生成画像
2025-08-21 20:26:56,075 - INFO - 处理进度 [40/11574]: sh588130
2025-08-21 20:26:56,075 - INFO - 数据库初始化完成
2025-08-21 20:27:22,099 - INFO - 股票 sh605222 已自动添加到观察池
2025-08-21 20:27:22,107 - INFO - 股票 sh605222 画像数据已更新
2025-08-21 20:27:22,108 - INFO - 数据库初始化完成
2025-08-21 20:27:22,108 - INFO - 处理进度 [41/11574]: sh605222
2025-08-21 20:27:22,281 - WARNING - 差分进化优化失败，使用默认参数
2025-08-21 20:27:22,281 - ERROR - sh605300 参数优化失败，使用默认参数回退
2025-08-21 20:27:22,312 - INFO - 股票 sh605300 已自动添加到观察池
2025-08-21 20:27:22,324 - INFO - 股票 sh605300 画像数据已更新
2025-08-21 20:27:22,325 - INFO - 数据库初始化完成
2025-08-21 20:27:22,325 - INFO - 处理进度 [42/11574]: sh605300
2025-08-21 20:27:26,247 - INFO - 股票 sh881003 已自动添加到观察池
2025-08-21 20:27:26,261 - INFO - 股票 sh881003 画像数据已更新
2025-08-21 20:27:26,262 - INFO - 数据库初始化完成
2025-08-21 20:27:26,264 - INFO - 处理进度 [43/11574]: sh881003
2025-08-21 20:27:31,675 - INFO - 股票 sh600108 已自动添加到观察池
2025-08-21 20:27:31,682 - INFO - 股票 sh600108 画像数据已更新
2025-08-21 20:27:31,682 - INFO - 处理进度 [44/11574]: sh600108
2025-08-21 20:27:31,682 - INFO - 数据库初始化完成
2025-08-21 20:28:18,639 - INFO - 股票 sh113641 已自动添加到观察池
2025-08-21 20:28:18,651 - INFO - 股票 sh113641 画像数据已更新
2025-08-21 20:28:18,651 - INFO - 处理进度 [45/11574]: sh113641
2025-08-21 20:28:18,652 - INFO - 数据库初始化完成
2025-08-21 20:28:40,165 - INFO - 股票 sh688395 已自动添加到观察池
2025-08-21 20:28:40,179 - INFO - 股票 sh688395 画像数据已更新
2025-08-21 20:28:40,180 - INFO - 处理进度 [46/11574]: sh688395
2025-08-21 20:28:40,180 - INFO - 数据库初始化完成
2025-08-21 20:29:05,562 - INFO - 股票 sh881044 已自动添加到观察池
2025-08-21 20:29:05,576 - INFO - 股票 sh881044 画像数据已更新
2025-08-21 20:29:05,577 - INFO - 处理进度 [47/11574]: sh881044
2025-08-21 20:29:05,577 - INFO - 数据库初始化完成
2025-08-21 20:29:29,530 - INFO - 股票 sh881145 已自动添加到观察池
2025-08-21 20:29:29,561 - INFO - 股票 sh881145 画像数据已更新
2025-08-21 20:29:29,562 - INFO - 处理进度 [48/11574]: sh881145
2025-08-21 20:29:29,562 - INFO - 数据库初始化完成
2025-08-21 20:29:47,656 - INFO - 股票 sh113616 已自动添加到观察池
2025-08-21 20:29:47,688 - INFO - 股票 sh113616 画像数据已更新
2025-08-21 20:29:47,688 - INFO - 处理进度 [49/11574]: sh113616
2025-08-21 20:29:47,689 - INFO - 数据库初始化完成
2025-08-21 20:29:58,625 - INFO - 股票 sh600665 已自动添加到观察池
2025-08-21 20:29:58,632 - INFO - 股票 sh600665 画像数据已更新
2025-08-21 20:29:58,632 - INFO - 处理进度 [50/11574]: sh600665
2025-08-21 20:29:58,633 - INFO - 数据库初始化完成
2025-08-21 20:30:00,204 - INFO - 股票 sh508066 已自动添加到观察池
2025-08-21 20:30:00,218 - INFO - 股票 sh508066 画像数据已更新
2025-08-21 20:30:00,218 - INFO - 处理进度 [51/11574]: sh508066
2025-08-21 20:30:00,218 - INFO - 数据库初始化完成
2025-08-21 20:30:11,584 - INFO - 股票 sh601101 已自动添加到观察池
2025-08-21 20:30:11,598 - INFO - 股票 sh601101 画像数据已更新
2025-08-21 20:30:11,599 - INFO - 处理进度 [52/11574]: sh601101
2025-08-21 20:30:11,599 - INFO - 数据库初始化完成
2025-08-21 20:30:40,724 - INFO - 股票 sh560990 已自动添加到观察池
2025-08-21 20:30:40,738 - INFO - 股票 sh560990 画像数据已更新
2025-08-21 20:30:40,739 - INFO - 数据库初始化完成
2025-08-21 20:30:40,739 - INFO - 处理进度 [53/11574]: sh560990
2025-08-21 20:31:02,860 - INFO - 股票 sh880826 已自动添加到观察池
2025-08-21 20:31:02,872 - INFO - 股票 sh880826 画像数据已更新
2025-08-21 20:31:02,872 - INFO - 处理进度 [54/11574]: sh880826
2025-08-21 20:31:02,872 - INFO - 数据库初始化完成
2025-08-21 20:31:09,328 - INFO - 股票 sh881309 已自动添加到观察池
2025-08-21 20:31:09,342 - INFO - 股票 sh881309 画像数据已更新
2025-08-21 20:31:09,343 - INFO - 数据库初始化完成
2025-08-21 20:31:09,343 - INFO - 处理进度 [55/11574]: sh881309
2025-08-21 20:31:12,551 - INFO - 股票 sh881331 已自动添加到观察池
2025-08-21 20:31:12,565 - INFO - 股票 sh881331 画像数据已更新
2025-08-21 20:31:12,565 - INFO - 数据库初始化完成
2025-08-21 20:31:12,566 - INFO - 处理进度 [56/11574]: sh881331
2025-08-21 20:31:18,322 - INFO - 股票 sh113577 已自动添加到观察池
2025-08-21 20:31:18,356 - INFO - 股票 sh113577 画像数据已更新
2025-08-21 20:31:18,356 - INFO - 处理进度 [57/11574]: sh113577
2025-08-21 20:31:18,357 - INFO - 数据库初始化完成
2025-08-21 20:31:43,881 - INFO - 股票 sh880647 已自动添加到观察池
2025-08-21 20:31:43,894 - INFO - 股票 sh880647 画像数据已更新
2025-08-21 20:31:43,895 - INFO - 处理进度 [58/11574]: sh880647
2025-08-21 20:31:43,895 - INFO - 数据库初始化完成
2025-08-21 20:31:43,907 - WARNING - sh508019 数据不足 (少于250天)，无法生成画像
2025-08-21 20:31:43,908 - INFO - 数据库初始化完成
2025-08-21 20:31:43,908 - INFO - 处理进度 [59/11574]: sh508019
2025-08-21 20:31:46,270 - WARNING - 差分进化优化失败，使用默认参数
2025-08-21 20:31:46,270 - ERROR - sh880957 参数优化失败，使用默认参数回退
2025-08-21 20:31:46,301 - INFO - 股票 sh880957 已自动添加到观察池
2025-08-21 20:31:46,333 - INFO - 股票 sh880957 画像数据已更新
2025-08-21 20:31:46,333 - INFO - 数据库初始化完成
2025-08-21 20:31:46,333 - INFO - 处理进度 [60/11574]: sh880957
2025-08-21 20:32:07,174 - INFO - 股票 sh881377 已自动添加到观察池
2025-08-21 20:32:07,206 - INFO - 股票 sh881377 画像数据已更新
2025-08-21 20:32:07,206 - INFO - 处理进度 [61/11574]: sh881377
2025-08-21 20:32:07,206 - INFO - 数据库初始化完成
2025-08-21 20:32:17,354 - INFO - 股票 sh603877 已自动添加到观察池
2025-08-21 20:32:17,386 - INFO - 股票 sh603877 画像数据已更新
2025-08-21 20:32:17,387 - INFO - 数据库初始化完成
2025-08-21 20:32:17,387 - INFO - 处理进度 [62/11574]: sh603877
2025-08-21 20:32:30,054 - INFO - 股票 sh603817 已自动添加到观察池
2025-08-21 20:32:30,087 - INFO - 股票 sh603817 画像数据已更新
2025-08-21 20:32:30,088 - INFO - 处理进度 [63/11574]: sh603817
2025-08-21 20:32:30,088 - INFO - 数据库初始化完成
2025-08-21 20:32:30,098 - WARNING - sh110098 数据不足 (少于250天)，无法生成画像
2025-08-21 20:32:30,099 - INFO - 数据库初始化完成
2025-08-21 20:32:30,099 - INFO - 处理进度 [64/11574]: sh110098
2025-08-21 20:32:32,566 - INFO - 股票 sh600305 已自动添加到观察池
2025-08-21 20:32:32,578 - INFO - 股票 sh600305 画像数据已更新
2025-08-21 20:32:32,578 - INFO - 数据库初始化完成
2025-08-21 20:32:32,578 - INFO - 处理进度 [65/11574]: sh600305
2025-08-21 20:32:39,997 - INFO - 股票 sh880223 已自动添加到观察池
2025-08-21 20:32:40,005 - INFO - 股票 sh880223 画像数据已更新
2025-08-21 20:32:40,005 - INFO - 数据库初始化完成
2025-08-21 20:32:40,006 - INFO - 处理进度 [66/11574]: sh880223
2025-08-21 20:32:55,303 - INFO - 股票 sh111004 已自动添加到观察池
2025-08-21 20:32:55,317 - INFO - 股票 sh111004 画像数据已更新
2025-08-21 20:32:55,318 - INFO - 处理进度 [67/11574]: sh111004
2025-08-21 20:32:55,318 - INFO - 数据库初始化完成
2025-08-21 20:32:55,320 - WARNING - sh508055 数据不足 (少于250天)，无法生成画像
2025-08-21 20:32:55,320 - INFO - 处理进度 [68/11574]: sh508055
2025-08-21 20:32:55,321 - INFO - 数据库初始化完成
2025-08-21 20:33:21,390 - INFO - 股票 sh600869 已自动添加到观察池
2025-08-21 20:33:21,396 - INFO - 股票 sh600869 画像数据已更新
2025-08-21 20:33:21,396 - INFO - 数据库初始化完成
2025-08-21 20:33:21,397 - INFO - 处理进度 [69/11574]: sh600869
2025-08-21 20:33:44,297 - INFO - 股票 sh880657 已自动添加到观察池
2025-08-21 20:33:44,310 - INFO - 股票 sh880657 画像数据已更新
2025-08-21 20:33:44,311 - INFO - 数据库初始化完成
2025-08-21 20:33:44,312 - INFO - 处理进度 [70/11574]: sh880657
2025-08-21 20:33:51,711 - INFO - 股票 sh601949 已自动添加到观察池
2025-08-21 20:33:51,725 - INFO - 股票 sh601949 画像数据已更新
2025-08-21 20:33:51,726 - INFO - 处理进度 [71/11574]: sh601949
2025-08-21 20:33:51,726 - INFO - 数据库初始化完成
2025-08-21 20:34:24,767 - INFO - 股票 sh501021 已自动添加到观察池
2025-08-21 20:34:24,781 - INFO - 股票 sh501021 画像数据已更新
2025-08-21 20:34:24,781 - INFO - 处理进度 [72/11574]: sh501021
2025-08-21 20:34:24,782 - INFO - 数据库初始化完成
2025-08-21 20:34:24,794 - WARNING - sh562380 数据不足 (少于250天)，无法生成画像
2025-08-21 20:34:24,794 - INFO - 处理进度 [73/11574]: sh562380
2025-08-21 20:34:24,795 - INFO - 数据库初始化完成
2025-08-21 20:34:29,780 - INFO - 数据库初始化完成
2025-08-21 20:34:29,780 - INFO - 数据库初始化完成
2025-08-21 20:34:29,780 - INFO - 数据库初始化完成
2025-08-21 20:34:29,780 - INFO - 数据库初始化完成
2025-08-21 20:34:29,781 - INFO - 数据库初始化完成
2025-08-21 20:34:29,781 - INFO - 数据库初始化完成
2025-08-21 20:34:29,781 - INFO - 数据库初始化完成
2025-08-21 20:34:29,781 - INFO - 数据库初始化完成
2025-08-21 20:34:29,781 - INFO - 数据库初始化完成
2025-08-21 20:34:29,781 - INFO - 数据库初始化完成
2025-08-21 20:34:29,781 - INFO - 数据库初始化完成
2025-08-21 20:34:29,781 - INFO - 数据库初始化完成
2025-08-21 20:34:29,781 - INFO - 数据库初始化完成
2025-08-21 20:34:29,781 - INFO - 数据库初始化完成
2025-08-21 20:34:29,781 - INFO - 数据库初始化完成
2025-08-21 20:34:29,781 - INFO - 数据库初始化完成
2025-08-21 20:34:29,785 - INFO - 数据库初始化完成
2025-08-21 20:34:29,788 - INFO - 数据库初始化完成
2025-08-21 20:34:29,788 - INFO - 数据库初始化完成
2025-08-21 20:34:29,788 - INFO - 数据库初始化完成
2025-08-21 20:34:29,788 - INFO - 数据库初始化完成
2025-08-21 20:34:29,788 - INFO - 数据库初始化完成
2025-08-21 20:34:29,789 - INFO - 数据库初始化完成
2025-08-21 20:34:29,789 - INFO - 数据库初始化完成
2025-08-21 20:34:29,789 - INFO - 数据库初始化完成
2025-08-21 20:34:29,789 - INFO - 数据库初始化完成
2025-08-21 20:34:29,789 - INFO - 数据库初始化完成
2025-08-21 20:34:29,789 - INFO - 数据库初始化完成
2025-08-21 20:34:29,789 - INFO - 数据库初始化完成
2025-08-21 20:34:29,789 - INFO - 数据库初始化完成
2025-08-21 20:34:29,789 - INFO - 数据库初始化完成
2025-08-21 20:34:29,808 - WARNING - sh603120 数据不足 (少于250天)，无法生成画像
2025-08-21 20:34:29,809 - INFO - 数据库初始化完成
2025-08-21 20:34:29,817 - WARNING - sh588230 数据不足 (少于250天)，无法生成画像
2025-08-21 20:34:29,817 - WARNING - sh562340 数据不足 (少于250天)，无法生成画像
2025-08-21 20:34:29,817 - WARNING - sh688548 数据不足 (少于250天)，无法生成画像
2025-08-21 20:34:29,817 - WARNING - sh603062 数据不足 (少于250天)，无法生成画像
2025-08-21 20:34:29,817 - WARNING - sh688334 数据不足 (少于250天)，无法生成画像
2025-08-21 20:34:29,817 - INFO - 数据库初始化完成
2025-08-21 20:34:29,818 - INFO - 数据库初始化完成
2025-08-21 20:34:29,818 - INFO - 数据库初始化完成
2025-08-21 20:34:29,818 - INFO - 数据库初始化完成
2025-08-21 20:34:29,818 - INFO - 数据库初始化完成
2025-08-21 20:34:29,818 - WARNING - sh880695 数据不足 (少于250天)，无法生成画像
2025-08-21 20:34:29,819 - INFO - 数据库初始化完成
2025-08-21 20:34:29,823 - WARNING - sh688695 数据不足 (少于250天)，无法生成画像
2025-08-21 20:34:29,824 - INFO - 数据库初始化完成
2025-08-21 20:34:29,827 - WARNING - sh520660 数据不足 (少于250天)，无法生成画像
2025-08-21 20:34:29,828 - INFO - 数据库初始化完成
2025-08-21 20:34:31,009 - INFO - 数据库初始化完成
2025-08-21 20:34:31,009 - INFO - 数据库初始化完成
2025-08-21 20:34:31,009 - INFO - 数据库初始化完成
2025-08-21 20:34:31,009 - INFO - 数据库初始化完成
2025-08-21 20:34:31,009 - INFO - 数据库初始化完成
2025-08-21 20:34:31,009 - INFO - 数据库初始化完成
2025-08-21 20:34:31,009 - INFO - 数据库初始化完成
2025-08-21 20:34:31,009 - INFO - 数据库初始化完成
2025-08-21 20:34:31,009 - INFO - 数据库初始化完成
2025-08-21 20:34:31,009 - INFO - 数据库初始化完成
2025-08-21 20:34:31,010 - INFO - 数据库初始化完成
2025-08-21 20:34:31,010 - INFO - 数据库初始化完成
2025-08-21 20:34:31,010 - INFO - 数据库初始化完成
2025-08-21 20:34:31,010 - INFO - 数据库初始化完成
2025-08-21 20:34:31,010 - INFO - 数据库初始化完成
2025-08-21 20:34:31,010 - INFO - 数据库初始化完成
2025-08-21 20:34:31,010 - INFO - 数据库初始化完成
2025-08-21 20:34:31,010 - INFO - 数据库初始化完成
2025-08-21 20:34:31,010 - INFO - 数据库初始化完成
2025-08-21 20:34:31,010 - INFO - 数据库初始化完成
2025-08-21 20:34:31,011 - INFO - 数据库初始化完成
2025-08-21 20:34:31,011 - INFO - 数据库初始化完成
2025-08-21 20:34:31,011 - INFO - 数据库初始化完成
2025-08-21 20:34:31,011 - INFO - 数据库初始化完成
2025-08-21 20:34:31,011 - INFO - 数据库初始化完成
2025-08-21 20:34:31,012 - INFO - 数据库初始化完成
2025-08-21 20:34:31,013 - INFO - 数据库初始化完成
2025-08-21 20:34:31,013 - INFO - 数据库初始化完成
2025-08-21 20:34:31,014 - INFO - 数据库初始化完成
2025-08-21 20:34:31,014 - INFO - 数据库初始化完成
2025-08-21 20:34:31,014 - INFO - 数据库初始化完成
2025-08-21 20:34:31,021 - WARNING - sh560300 数据不足 (少于250天)，无法生成画像
2025-08-21 20:34:31,022 - INFO - 数据库初始化完成
2025-08-21 20:34:31,024 - WARNING - sh880581 数据不足 (少于250天)，无法生成画像
2025-08-21 20:34:31,025 - INFO - 数据库初始化完成
2025-08-21 20:34:31,027 - WARNING - sh688545 数据不足 (少于250天)，无法生成画像
2025-08-21 20:34:31,028 - INFO - 数据库初始化完成
2025-08-21 20:34:31,032 - WARNING - sh688615 数据不足 (少于250天)，无法生成画像
2025-08-21 20:34:31,033 - INFO - 数据库初始化完成
2025-08-21 20:34:31,036 - WARNING - sh603276 数据不足 (少于250天)，无法生成画像
2025-08-21 20:34:31,037 - INFO - 数据库初始化完成
2025-08-21 20:34:31,649 - INFO - 数据库初始化完成
2025-08-21 20:34:31,649 - INFO - 数据库初始化完成
2025-08-21 20:34:31,649 - INFO - 数据库初始化完成
2025-08-21 20:34:31,649 - INFO - 数据库初始化完成
2025-08-21 20:34:31,649 - INFO - 数据库初始化完成
2025-08-21 20:34:31,649 - INFO - 数据库初始化完成
2025-08-21 20:34:31,649 - INFO - 数据库初始化完成
2025-08-21 20:34:31,649 - INFO - 数据库初始化完成
2025-08-21 20:34:31,649 - INFO - 数据库初始化完成
2025-08-21 20:34:31,649 - INFO - 数据库初始化完成
2025-08-21 20:34:31,649 - INFO - 数据库初始化完成
2025-08-21 20:34:31,649 - INFO - 数据库初始化完成
2025-08-21 20:34:31,649 - INFO - 数据库初始化完成
2025-08-21 20:34:31,650 - INFO - 数据库初始化完成
2025-08-21 20:34:31,650 - INFO - 数据库初始化完成
2025-08-21 20:34:31,650 - INFO - 数据库初始化完成
2025-08-21 20:34:31,650 - INFO - 数据库初始化完成
2025-08-21 20:34:31,650 - INFO - 数据库初始化完成
2025-08-21 20:34:31,650 - INFO - 数据库初始化完成
2025-08-21 20:34:31,650 - INFO - 数据库初始化完成
2025-08-21 20:34:31,651 - WARNING - sh588940 数据不足 (少于250天)，无法生成画像
2025-08-21 20:34:31,656 - WARNING - sh880665 数据不足 (少于250天)，无法生成画像
2025-08-21 20:34:31,657 - WARNING - sh588750 数据不足 (少于250天)，无法生成画像
2025-08-21 20:34:31,658 - INFO - 数据库初始化完成
2025-08-21 20:34:31,658 - INFO - 数据库初始化完成
2025-08-21 20:34:31,658 - INFO - 数据库初始化完成
2025-08-21 20:34:31,663 - WARNING - sh880077 数据不足 (少于250天)，无法生成画像
2025-08-21 20:34:31,670 - WARNING - sh113067 数据不足 (少于250天)，无法生成画像
2025-08-21 20:37:22,747 - INFO - 股票 sh880537 已自动添加到观察池
2025-08-21 20:37:22,760 - INFO - 股票 sh880537 画像数据已更新
2025-08-21 20:38:14,481 - INFO - 股票 sh881024 已自动添加到观察池
2025-08-21 20:38:14,495 - INFO - 股票 sh881024 画像数据已更新
2025-08-21 20:38:33,983 - INFO - 股票 sh688210 已自动添加到观察池
2025-08-21 20:38:33,998 - INFO - 股票 sh688210 画像数据已更新
2025-08-21 20:38:34,096 - INFO - 股票 sh600143 已自动添加到观察池
2025-08-21 20:38:34,103 - INFO - 股票 sh600143 画像数据已更新
2025-08-21 20:38:37,018 - INFO - 股票 sh688323 已自动添加到观察池
2025-08-21 20:38:37,050 - INFO - 股票 sh688323 画像数据已更新
2025-08-21 20:38:55,897 - INFO - 股票 sh601838 已自动添加到观察池
2025-08-21 20:38:55,911 - INFO - 股票 sh601838 画像数据已更新
2025-08-21 20:39:03,731 - INFO - 股票 sh688188 已自动添加到观察池
2025-08-21 20:39:03,745 - INFO - 股票 sh688188 画像数据已更新
2025-08-21 20:39:07,022 - INFO - 股票 sh603351 已自动添加到观察池
2025-08-21 20:39:07,037 - INFO - 股票 sh603351 画像数据已更新
2025-08-21 20:39:12,934 - INFO - 股票 sh600071 已自动添加到观察池
2025-08-21 20:39:12,948 - INFO - 股票 sh600071 画像数据已更新
2025-08-21 20:39:22,443 - INFO - 股票 sh118023 已自动添加到观察池
2025-08-21 20:39:22,475 - INFO - 股票 sh118023 画像数据已更新
2025-08-21 20:39:27,294 - INFO - 股票 sh512360 已自动添加到观察池
2025-08-21 20:39:27,308 - INFO - 股票 sh512360 画像数据已更新
2025-08-21 20:39:29,684 - INFO - 股票 sh603279 已自动添加到观察池
2025-08-21 20:39:29,715 - INFO - 股票 sh603279 画像数据已更新
2025-08-21 20:39:43,317 - INFO - 股票 sh605123 已自动添加到观察池
2025-08-21 20:39:43,328 - INFO - 股票 sh605123 画像数据已更新
2025-08-21 20:39:47,060 - INFO - 股票 sh501301 已自动添加到观察池
2025-08-21 20:39:47,075 - INFO - 股票 sh501301 画像数据已更新
2025-08-21 20:40:04,905 - INFO - 股票 sh688229 已自动添加到观察池
2025-08-21 20:40:04,919 - INFO - 股票 sh688229 画像数据已更新
2025-08-21 20:40:07,666 - INFO - 股票 sh601866 已自动添加到观察池
2025-08-21 20:40:07,680 - INFO - 股票 sh601866 画像数据已更新
2025-08-21 20:40:17,744 - INFO - 股票 sh881224 已自动添加到观察池
2025-08-21 20:40:17,775 - INFO - 股票 sh881224 画像数据已更新
2025-08-21 20:41:06,391 - INFO - 股票 sh881222 已自动添加到观察池
2025-08-21 20:41:06,405 - INFO - 股票 sh881222 画像数据已更新
