2025-08-21 20:42:37,738 - INFO - ============================================================
2025-08-21 20:42:37,738 - INFO - 🚀 启动个股画像批量生成任务
2025-08-21 20:42:37,738 - INFO - ============================================================
2025-08-21 20:42:37,738 - INFO - 数据库初始化完成
2025-08-21 20:42:37,738 - INFO - 数据库初始化完成
2025-08-21 20:42:37,739 - INFO - 正在从文件系统获取全市场股票列表...
2025-08-21 20:42:37,742 - INFO - 发现 11574 只股票。
2025-08-21 20:42:37,742 - INFO - 开始为核心观察池生成参数画像 (多进程模式)
2025-08-21 20:42:37,775 - INFO - 数据库初始化完成
2025-08-21 20:42:37,775 - INFO - 数据库初始化完成
2025-08-21 20:42:37,775 - INFO - 数据库初始化完成
2025-08-21 20:42:37,775 - INFO - 数据库初始化完成
2025-08-21 20:42:37,775 - INFO - 数据库初始化完成
2025-08-21 20:42:37,775 - INFO - 数据库初始化完成
2025-08-21 20:42:37,775 - INFO - 数据库初始化完成
2025-08-21 20:42:37,775 - INFO - 数据库初始化完成
2025-08-21 20:42:37,775 - INFO - 数据库初始化完成
2025-08-21 20:42:37,775 - INFO - 数据库初始化完成
2025-08-21 20:42:37,776 - INFO - 数据库初始化完成
2025-08-21 20:42:37,776 - INFO - 数据库初始化完成
2025-08-21 20:42:37,776 - INFO - 数据库初始化完成
2025-08-21 20:42:37,776 - INFO - 数据库初始化完成
2025-08-21 20:42:37,776 - INFO - 数据库初始化完成
2025-08-21 20:42:37,776 - INFO - 数据库初始化完成
2025-08-21 20:42:37,776 - INFO - 数据库初始化完成
2025-08-21 20:42:37,776 - INFO - 数据库初始化完成
2025-08-21 20:42:37,776 - INFO - 数据库初始化完成
2025-08-21 20:42:37,777 - INFO - 数据库初始化完成
2025-08-21 20:42:37,777 - INFO - 数据库初始化完成
2025-08-21 20:42:37,777 - INFO - 数据库初始化完成
2025-08-21 20:42:37,777 - INFO - 数据库初始化完成
2025-08-21 20:42:37,777 - INFO - 数据库初始化完成
2025-08-21 20:42:37,777 - INFO - 数据库初始化完成
2025-08-21 20:42:37,777 - INFO - 数据库初始化完成
2025-08-21 20:42:37,777 - INFO - 数据库初始化完成
2025-08-21 20:42:37,777 - INFO - 数据库初始化完成
2025-08-21 20:42:37,777 - INFO - 数据库初始化完成
2025-08-21 20:42:37,778 - INFO - 数据库初始化完成
2025-08-21 20:42:37,779 - INFO - 数据库初始化完成
2025-08-21 20:42:37,780 - WARNING - sh118052 数据不足 (少于250天)，无法生成画像
2025-08-21 20:42:37,781 - INFO - 数据库初始化完成
2025-08-21 20:42:37,792 - WARNING - sh118042 数据不足 (少于250天)，无法生成画像
2025-08-21 20:42:37,793 - INFO - 数据库初始化完成
2025-08-21 20:42:37,796 - WARNING - sh688653 数据不足 (少于250天)，无法生成画像
2025-08-21 20:42:37,797 - INFO - 数据库初始化完成
2025-08-21 20:42:37,985 - INFO - 处理进度 [1/11574]: sh118042
2025-08-21 20:42:37,986 - INFO - 处理进度 [2/11574]: sh118052
2025-08-21 20:42:37,986 - INFO - 处理进度 [3/11574]: sh688653
2025-08-21 20:43:05,857 - INFO - 数据库初始化完成
2025-08-21 20:43:05,857 - INFO - 数据库初始化完成
2025-08-21 20:43:05,857 - INFO - 数据库初始化完成
2025-08-21 20:43:05,857 - INFO - 数据库初始化完成
2025-08-21 20:43:05,857 - INFO - 数据库初始化完成
2025-08-21 20:43:05,857 - INFO - 数据库初始化完成
2025-08-21 20:43:05,857 - INFO - 数据库初始化完成
2025-08-21 20:43:05,857 - INFO - 数据库初始化完成
2025-08-21 20:43:05,857 - INFO - 数据库初始化完成
2025-08-21 20:43:05,857 - INFO - 数据库初始化完成
2025-08-21 20:43:05,857 - INFO - 数据库初始化完成
2025-08-21 20:43:05,857 - INFO - 数据库初始化完成
2025-08-21 20:43:05,857 - INFO - 数据库初始化完成
2025-08-21 20:43:05,857 - INFO - 数据库初始化完成
2025-08-21 20:43:05,857 - INFO - 数据库初始化完成
2025-08-21 20:43:05,857 - INFO - 数据库初始化完成
2025-08-21 20:43:05,862 - INFO - 数据库初始化完成
2025-08-21 20:43:05,865 - WARNING - sh563880 数据不足 (少于250天)，无法生成画像
2025-08-21 20:43:05,866 - WARNING - sh113676 数据不足 (少于250天)，无法生成画像
2025-08-21 20:43:05,871 - INFO - 数据库初始化完成
2025-08-21 20:43:05,871 - INFO - 数据库初始化完成
2025-08-21 20:43:05,872 - INFO - 数据库初始化完成
2025-08-21 20:43:05,872 - INFO - 数据库初始化完成
2025-08-21 20:43:05,872 - INFO - 数据库初始化完成
2025-08-21 20:43:05,872 - INFO - 数据库初始化完成
2025-08-21 20:43:05,872 - INFO - 数据库初始化完成
2025-08-21 20:43:05,872 - INFO - 数据库初始化完成
2025-08-21 20:43:05,872 - INFO - 数据库初始化完成
2025-08-21 20:43:05,872 - INFO - 数据库初始化完成
2025-08-21 20:43:05,872 - INFO - 数据库初始化完成
2025-08-21 20:43:05,872 - INFO - 数据库初始化完成
2025-08-21 20:43:05,873 - INFO - 数据库初始化完成
2025-08-21 20:43:05,873 - INFO - 数据库初始化完成
2025-08-21 20:43:05,873 - INFO - 数据库初始化完成
2025-08-21 20:43:05,873 - INFO - 数据库初始化完成
2025-08-21 20:43:05,882 - WARNING - sh880561 数据不足 (少于250天)，无法生成画像
2025-08-21 20:43:05,882 - WARNING - sh508086 数据不足 (少于250天)，无法生成画像
2025-08-21 20:43:05,883 - INFO - 数据库初始化完成
2025-08-21 20:43:05,885 - INFO - 数据库初始化完成
2025-08-21 20:43:06,929 - INFO - 数据库初始化完成
2025-08-21 20:43:06,929 - INFO - 数据库初始化完成
2025-08-21 20:43:06,929 - INFO - 数据库初始化完成
2025-08-21 20:43:06,929 - INFO - 数据库初始化完成
2025-08-21 20:43:06,929 - INFO - 数据库初始化完成
2025-08-21 20:43:06,929 - INFO - 数据库初始化完成
2025-08-21 20:43:06,929 - INFO - 数据库初始化完成
2025-08-21 20:43:06,929 - INFO - 数据库初始化完成
2025-08-21 20:43:06,929 - INFO - 数据库初始化完成
2025-08-21 20:43:06,929 - INFO - 数据库初始化完成
2025-08-21 20:43:06,929 - INFO - 数据库初始化完成
2025-08-21 20:43:06,929 - INFO - 数据库初始化完成
2025-08-21 20:43:06,929 - INFO - 数据库初始化完成
2025-08-21 20:43:06,929 - INFO - 数据库初始化完成
2025-08-21 20:43:06,929 - INFO - 数据库初始化完成
2025-08-21 20:43:06,929 - INFO - 数据库初始化完成
2025-08-21 20:43:06,929 - INFO - 数据库初始化完成
2025-08-21 20:43:06,929 - INFO - 数据库初始化完成
2025-08-21 20:43:06,929 - INFO - 数据库初始化完成
2025-08-21 20:43:06,929 - INFO - 数据库初始化完成
2025-08-21 20:43:06,930 - INFO - 数据库初始化完成
2025-08-21 20:43:06,930 - INFO - 数据库初始化完成
2025-08-21 20:43:06,930 - WARNING - sh588130 数据不足 (少于250天)，无法生成画像
2025-08-21 20:43:06,931 - INFO - 数据库初始化完成
2025-08-21 20:43:06,931 - INFO - 数据库初始化完成
2025-08-21 20:43:06,931 - INFO - 数据库初始化完成
2025-08-21 20:43:06,931 - INFO - 数据库初始化完成
2025-08-21 20:43:06,931 - INFO - 数据库初始化完成
2025-08-21 20:43:06,932 - INFO - 数据库初始化完成
2025-08-21 20:43:06,932 - INFO - 数据库初始化完成
2025-08-21 20:43:06,932 - INFO - 数据库初始化完成
2025-08-21 20:43:06,932 - INFO - 数据库初始化完成
2025-08-21 20:43:06,934 - WARNING - sh508055 数据不足 (少于250天)，无法生成画像
2025-08-21 20:43:06,934 - INFO - 数据库初始化完成
2025-08-21 20:43:06,935 - INFO - 数据库初始化完成
2025-08-21 20:43:06,941 - WARNING - sh508019 数据不足 (少于250天)，无法生成画像
2025-08-21 20:43:06,941 - INFO - 数据库初始化完成
2025-08-21 20:43:06,941 - WARNING - sh110098 数据不足 (少于250天)，无法生成画像
2025-08-21 20:43:06,942 - INFO - 数据库初始化完成
2025-08-21 20:43:06,953 - WARNING - sh562380 数据不足 (少于250天)，无法生成画像
2025-08-21 20:43:06,954 - INFO - 数据库初始化完成
2025-08-21 20:43:07,569 - INFO - 数据库初始化完成
2025-08-21 20:43:07,569 - INFO - 数据库初始化完成
2025-08-21 20:43:07,569 - INFO - 数据库初始化完成
2025-08-21 20:43:07,569 - INFO - 数据库初始化完成
2025-08-21 20:43:07,569 - INFO - 数据库初始化完成
2025-08-21 20:43:07,570 - INFO - 数据库初始化完成
2025-08-21 20:43:07,570 - INFO - 数据库初始化完成
2025-08-21 20:43:07,570 - INFO - 数据库初始化完成
2025-08-21 20:43:07,570 - INFO - 数据库初始化完成
2025-08-21 20:43:07,570 - INFO - 数据库初始化完成
2025-08-21 20:43:07,570 - INFO - 数据库初始化完成
2025-08-21 20:43:07,570 - INFO - 数据库初始化完成
2025-08-21 20:43:07,570 - INFO - 数据库初始化完成
2025-08-21 20:43:07,570 - INFO - 数据库初始化完成
2025-08-21 20:43:07,570 - INFO - 数据库初始化完成
2025-08-21 20:43:07,570 - INFO - 数据库初始化完成
2025-08-21 20:43:07,570 - INFO - 数据库初始化完成
2025-08-21 20:43:07,570 - INFO - 数据库初始化完成
2025-08-21 20:43:07,570 - INFO - 数据库初始化完成
2025-08-21 20:43:07,570 - INFO - 数据库初始化完成
2025-08-21 20:43:07,570 - INFO - 数据库初始化完成
2025-08-21 20:43:07,570 - INFO - 数据库初始化完成
2025-08-21 20:43:07,570 - INFO - 数据库初始化完成
2025-08-21 20:43:07,570 - INFO - 数据库初始化完成
2025-08-21 20:43:07,570 - INFO - 数据库初始化完成
2025-08-21 20:43:07,570 - INFO - 数据库初始化完成
2025-08-21 20:43:07,571 - INFO - 数据库初始化完成
2025-08-21 20:43:07,571 - INFO - 数据库初始化完成
2025-08-21 20:43:07,571 - INFO - 数据库初始化完成
2025-08-21 20:43:07,572 - WARNING - sh603120 数据不足 (少于250天)，无法生成画像
2025-08-21 20:43:07,580 - WARNING - sh588230 数据不足 (少于250天)，无法生成画像
2025-08-21 20:43:07,582 - WARNING - sh688548 数据不足 (少于250天)，无法生成画像
2025-08-21 20:43:07,582 - WARNING - sh562340 数据不足 (少于250天)，无法生成画像
2025-08-21 20:43:07,582 - WARNING - sh688695 数据不足 (少于250天)，无法生成画像
2025-08-21 20:43:07,582 - WARNING - sh603062 数据不足 (少于250天)，无法生成画像
2025-08-21 20:43:07,583 - WARNING - sh880695 数据不足 (少于250天)，无法生成画像
2025-08-21 20:43:07,583 - WARNING - sh688334 数据不足 (少于250天)，无法生成画像
2025-08-21 20:46:33,551 - INFO - 股票 sh605365 已自动添加到观察池
2025-08-21 20:46:33,564 - INFO - 股票 sh605365 画像数据已更新
2025-08-21 20:46:49,784 - INFO - 股票 sh688077 已自动添加到观察池
2025-08-21 20:46:49,815 - INFO - 股票 sh688077 画像数据已更新
2025-08-21 20:47:11,080 - INFO - 股票 sh113062 已自动添加到观察池
2025-08-21 20:47:11,092 - INFO - 股票 sh113062 画像数据已更新
2025-08-21 20:47:13,034 - INFO - 股票 sh605080 已自动添加到观察池
2025-08-21 20:47:13,048 - INFO - 股票 sh605080 画像数据已更新
2025-08-21 20:47:13,335 - INFO - 股票 sh600868 已自动添加到观察池
2025-08-21 20:47:13,349 - INFO - 股票 sh600868 画像数据已更新
2025-08-21 20:47:26,739 - INFO - 股票 sh688082 已自动添加到观察池
2025-08-21 20:47:26,746 - INFO - 股票 sh688082 画像数据已更新
2025-08-21 20:47:31,117 - INFO - 股票 sh880431 已自动添加到观察池
2025-08-21 20:47:31,148 - INFO - 股票 sh880431 画像数据已更新
2025-08-21 20:47:40,648 - INFO - 股票 sh688687 已自动添加到观察池
2025-08-21 20:47:40,660 - INFO - 股票 sh688687 画像数据已更新
2025-08-21 20:47:50,196 - INFO - 股票 sh688060 已自动添加到观察池
2025-08-21 20:47:50,227 - INFO - 股票 sh688060 画像数据已更新
2025-08-21 20:47:55,484 - INFO - 股票 sh881025 已自动添加到观察池
2025-08-21 20:47:55,496 - INFO - 股票 sh881025 画像数据已更新
2025-08-21 20:48:01,848 - INFO - 股票 sh881208 已自动添加到观察池
2025-08-21 20:48:01,880 - INFO - 股票 sh881208 画像数据已更新
2025-08-21 20:48:08,389 - INFO - 股票 sh603738 已自动添加到观察池
2025-08-21 20:48:08,402 - INFO - 股票 sh603738 画像数据已更新
2025-08-21 20:48:20,672 - INFO - 股票 sh603768 已自动添加到观察池
2025-08-21 20:48:20,686 - INFO - 股票 sh603768 画像数据已更新
2025-08-21 20:48:31,553 - INFO - 股票 sh881357 已自动添加到观察池
2025-08-21 20:48:31,587 - INFO - 股票 sh881357 画像数据已更新
2025-08-21 20:48:35,120 - INFO - 股票 sh603013 已自动添加到观察池
2025-08-21 20:48:35,151 - INFO - 股票 sh603013 画像数据已更新
2025-08-21 20:48:42,537 - INFO - 股票 sh603168 已自动添加到观察池
2025-08-21 20:48:42,570 - INFO - 股票 sh603168 画像数据已更新
2025-08-21 20:49:05,528 - INFO - 股票 sh601997 已自动添加到观察池
2025-08-21 20:49:05,561 - INFO - 股票 sh601997 画像数据已更新
2025-08-21 20:49:11,887 - INFO - 股票 sh603028 已自动添加到观察池
2025-08-21 20:49:11,901 - INFO - 股票 sh603028 画像数据已更新
2025-08-21 20:49:46,099 - INFO - 股票 sh603267 已自动添加到观察池
2025-08-21 20:49:46,131 - INFO - 股票 sh603267 画像数据已更新
2025-08-21 20:50:03,515 - INFO - 股票 sh603018 已自动添加到观察池
2025-08-21 20:50:03,529 - INFO - 股票 sh603018 画像数据已更新
2025-08-21 20:50:17,176 - WARNING - 差分进化优化失败，使用默认参数
2025-08-21 20:50:17,176 - ERROR - sh881042 参数优化失败，使用默认参数回退
2025-08-21 20:50:17,190 - INFO - 股票 sh881042 已自动添加到观察池
2025-08-21 20:50:17,197 - INFO - 股票 sh881042 画像数据已更新
