2025-08-21 20:05:58,289 - INFO - ============================================================
2025-08-21 20:05:58,289 - INFO - 🚀 启动个股画像批量生成任务
2025-08-21 20:05:58,289 - INFO - ============================================================
2025-08-21 20:05:58,290 - INFO - 数据库初始化完成
2025-08-21 20:05:58,290 - INFO - 数据库初始化完成
2025-08-21 20:05:58,290 - INFO - 正在从数据库获取核心观察池股票列表...
2025-08-21 20:05:58,290 - INFO - 核心池中有 3 只股票。
2025-08-21 20:05:58,290 - INFO - 开始为核心观察池生成参数画像 (多进程模式)
2025-08-21 20:05:58,323 - INFO - 数据库初始化完成
2025-08-21 20:05:58,323 - INFO - 数据库初始化完成
2025-08-21 20:05:58,324 - INFO - 数据库初始化完成
2025-08-21 20:09:20,035 - INFO - 股票 sz000001 画像数据已更新
2025-08-21 20:09:20,036 - INFO - 处理进度 [1/3]: sz000001
2025-08-21 20:09:24,994 - INFO - 股票 sz300290 画像数据已更新
2025-08-21 20:09:24,994 - INFO - 处理进度 [2/3]: sz300290
2025-08-21 20:09:41,606 - INFO - 股票 sh600006 画像数据已更新
2025-08-21 20:09:41,606 - INFO - 处理进度 [3/3]: sh600006
2025-08-21 20:09:41,617 - INFO - 参数画像生成完成: 成功 3, 失败 0
2025-08-21 20:09:41,617 - INFO - ============================================================
2025-08-21 20:09:41,617 - INFO - ✅ 批量生成任务完成
2025-08-21 20:09:41,617 - INFO - ============================================================
2025-08-21 20:09:41,617 - INFO - 总计处理: 3 只股票
2025-08-21 20:09:41,618 - INFO - 成功生成: 3 只
2025-08-21 20:09:41,618 - INFO - 生成失败: 0 只
2025-08-21 20:09:41,618 - INFO - 总耗时: 223.33 秒
2025-08-21 20:09:41,618 - INFO - ============================================================
